2015-03-12T16:18:18.252-0400: 0.428: Total time for which application threads were stopped: 0.0002380 seconds
2015-03-12T16:18:18.304-0400: 0.479: Total time for which application threads were stopped: 0.0001200 seconds
2015-03-12T16:18:19.304-0400: 1.480: Total time for which application threads were stopped: 0.0001720 seconds
2015-03-12T16:18:21.304-0400: 3.480: Total time for which application threads were stopped: 0.0002370 seconds
{Heap before GC invocations=0 (full 0):
 par new generation   total 109248K, used 87424K [0x00000000d5a00000, 0x00000000dda00000, 0x00000000dda00000)
  eden space 87424K, 100% used [0x00000000d5a00000, 0x00000000daf60000, 0x00000000daf60000)
  from space 21824K,   0% used [0x00000000daf60000, 0x00000000daf60000, 0x00000000dc4b0000)
  to   space 21824K,   0% used [0x00000000dc4b0000, 0x00000000dc4b0000, 0x00000000dda00000)
 concurrent mark-sweep generation total 393216K, used 0K [0x00000000dda00000, 0x00000000f5a00000, 0x00000000f5a00000)
 concurrent-mark-sweep perm gen total 21248K, used 18593K [0x00000000f5a00000, 0x00000000f6ec0000, 0x0000000100000000)
2015-03-12T16:18:21.739-0400: 3.914: [GC2015-03-12T16:18:21.739-0400: 3.914: [ParNew
Desired survivor size 20112992 bytes, new threshold 8 (max 8)
- age   1:   11680160 bytes,   11680160 total
: 87424K->11519K(109248K), 0.0206500 secs] 87424K->11519K(502464K), 0.0208270 secs] [Times: user=0.08 sys=0.01, real=0.02 secs] 
Heap after GC invocations=1 (full 0):
 par new generation   total 109248K, used 11519K [0x00000000d5a00000, 0x00000000dda00000, 0x00000000dda00000)
  eden space 87424K,   0% used [0x00000000d5a00000, 0x00000000d5a00000, 0x00000000daf60000)
  from space 21824K,  52% used [0x00000000dc4b0000, 0x00000000dcfefd38, 0x00000000dda00000)
  to   space 21824K,   0% used [0x00000000daf60000, 0x00000000daf60000, 0x00000000dc4b0000)
 concurrent mark-sweep generation total 393216K, used 0K [0x00000000dda00000, 0x00000000f5a00000, 0x00000000f5a00000)
 concurrent-mark-sweep perm gen total 21248K, used 18593K [0x00000000f5a00000, 0x00000000f6ec0000, 0x0000000100000000)
}
2015-03-12T16:18:21.760-0400: 3.935: Total time for which application threads were stopped: 0.0210850 seconds
2015-03-12T16:18:21.973-0400: 4.149: Total time for which application threads were stopped: 0.0004280 seconds
2015-03-12T16:18:22.237-0400: 4.412: Total time for which application threads were stopped: 0.0002590 seconds
2015-03-12T16:18:22.298-0400: 4.474: Total time for which application threads were stopped: 0.0001180 seconds
2015-03-12T16:18:22.446-0400: 4.622: Total time for which application threads were stopped: 0.0002410 seconds
2015-03-12T16:18:22.450-0400: 4.626: Total time for which application threads were stopped: 0.0001020 seconds
2015-03-12T16:18:22.489-0400: 4.665: Total time for which application threads were stopped: 0.0001420 seconds
2015-03-12T16:18:23.150-0400: 5.326: Total time for which application threads were stopped: 0.0003170 seconds
2015-03-12T16:18:23.196-0400: 5.371: Total time for which application threads were stopped: 0.0002280 seconds
2015-03-12T16:18:23.236-0400: 5.412: Total time for which application threads were stopped: 0.0006720 seconds
2015-03-12T16:18:23.344-0400: 5.520: Total time for which application threads were stopped: 0.0001820 seconds
2015-03-12T16:18:23.345-0400: 5.520: Total time for which application threads were stopped: 0.0001160 seconds
2015-03-12T16:18:29.346-0400: 11.521: Total time for which application threads were stopped: 0.0002140 seconds
2015-03-12T16:18:41.176-0400: 23.352: Total time for which application threads were stopped: 0.0002160 seconds
2015-03-12T16:18:41.177-0400: 23.353: Total time for which application threads were stopped: 0.0000660 seconds
2015-03-12T16:18:41.178-0400: 23.353: Total time for which application threads were stopped: 0.0000620 seconds
2015-03-12T16:18:41.184-0400: 23.360: Total time for which application threads were stopped: 0.0000530 seconds
2015-03-12T16:18:41.251-0400: 23.426: Total time for which application threads were stopped: 0.0001640 seconds
2015-03-12T16:18:41.252-0400: 23.427: Total time for which application threads were stopped: 0.0000790 seconds
2015-03-12T16:18:41.252-0400: 23.427: Total time for which application threads were stopped: 0.0000810 seconds
2015-03-12T16:18:41.252-0400: 23.427: Total time for which application threads were stopped: 0.0000560 seconds
2015-03-12T16:18:41.253-0400: 23.429: Total time for which application threads were stopped: 0.0000840 seconds
2015-03-12T16:18:41.253-0400: 23.429: Total time for which application threads were stopped: 0.0000560 seconds
2015-03-12T16:18:41.253-0400: 23.429: Total time for which application threads were stopped: 0.0000710 seconds
2015-03-12T16:18:41.328-0400: 23.504: Total time for which application threads were stopped: 0.0000780 seconds
2015-03-12T16:18:41.362-0400: 23.538: Total time for which application threads were stopped: 0.0000680 seconds
2015-03-12T16:18:41.363-0400: 23.539: Total time for which application threads were stopped: 0.0000580 seconds
2015-03-12T16:18:41.363-0400: 23.539: Total time for which application threads were stopped: 0.0000590 seconds
2015-03-12T16:18:41.391-0400: 23.567: Total time for which application threads were stopped: 0.0000840 seconds
2015-03-12T16:18:41.391-0400: 23.567: Total time for which application threads were stopped: 0.0001090 seconds
2015-03-12T16:18:41.394-0400: 23.570: Total time for which application threads were stopped: 0.0000650 seconds
2015-03-12T16:18:41.411-0400: 23.587: Total time for which application threads were stopped: 0.0001560 seconds
2015-03-12T16:18:41.425-0400: 23.601: Total time for which application threads were stopped: 0.0000780 seconds
2015-03-12T16:18:41.523-0400: 23.699: Total time for which application threads were stopped: 0.0001000 seconds
2015-03-12T16:18:41.640-0400: 23.816: Total time for which application threads were stopped: 0.0001110 seconds
2015-03-12T16:18:41.692-0400: 23.868: Total time for which application threads were stopped: 0.0001640 seconds
2015-03-12T16:18:41.724-0400: 23.899: Total time for which application threads were stopped: 0.0001150 seconds
2015-03-12T16:18:43.823-0400: 25.999: Total time for which application threads were stopped: 0.0002450 seconds
2015-03-12T16:18:43.823-0400: 25.999: Total time for which application threads were stopped: 0.0000880 seconds
2015-03-12T16:18:43.823-0400: 25.999: Total time for which application threads were stopped: 0.0000660 seconds
2015-03-12T16:18:43.824-0400: 26.000: Total time for which application threads were stopped: 0.0000800 seconds
2015-03-12T16:18:43.895-0400: 26.071: Total time for which application threads were stopped: 0.0001410 seconds
2015-03-12T16:18:43.899-0400: 26.075: Total time for which application threads were stopped: 0.0001200 seconds
2015-03-12T16:18:43.944-0400: 26.119: Total time for which application threads were stopped: 0.0001060 seconds
2015-03-12T16:18:44.011-0400: 26.187: Total time for which application threads were stopped: 0.0001090 seconds
2015-03-12T16:18:44.016-0400: 26.192: Total time for which application threads were stopped: 0.0000810 seconds
2015-03-12T16:18:44.016-0400: 26.192: Total time for which application threads were stopped: 0.0002190 seconds
2015-03-12T16:18:44.017-0400: 26.193: Total time for which application threads were stopped: 0.0001080 seconds
2015-03-12T16:18:44.018-0400: 26.193: Total time for which application threads were stopped: 0.0000700 seconds
2015-03-12T16:18:44.095-0400: 26.271: Total time for which application threads were stopped: 0.0001330 seconds
2015-03-12T16:18:44.098-0400: 26.274: Total time for which application threads were stopped: 0.0000900 seconds
2015-03-12T16:18:44.104-0400: 26.280: Total time for which application threads were stopped: 0.0001110 seconds
2015-03-12T16:18:44.221-0400: 26.397: Total time for which application threads were stopped: 0.0001440 seconds
2015-03-12T16:18:44.255-0400: 26.430: Total time for which application threads were stopped: 0.0001080 seconds
2015-03-12T16:18:44.286-0400: 26.462: Total time for which application threads were stopped: 0.0001260 seconds
2015-03-12T16:18:44.317-0400: 26.493: Total time for which application threads were stopped: 0.0000810 seconds
2015-03-12T16:18:44.320-0400: 26.496: Total time for which application threads were stopped: 0.0001450 seconds
2015-03-12T16:18:44.354-0400: 26.530: Total time for which application threads were stopped: 0.0002080 seconds
2015-03-12T16:18:44.536-0400: 26.711: Total time for which application threads were stopped: 0.0003060 seconds
2015-03-12T16:18:44.611-0400: 26.786: Total time for which application threads were stopped: 0.0003880 seconds
2015-03-12T16:18:44.639-0400: 26.815: Total time for which application threads were stopped: 0.0002200 seconds
2015-03-12T16:18:44.639-0400: 26.815: Total time for which application threads were stopped: 0.0001340 seconds
2015-03-12T16:18:44.640-0400: 26.815: Total time for which application threads were stopped: 0.0001560 seconds
2015-03-12T16:18:44.640-0400: 26.816: Total time for which application threads were stopped: 0.0001490 seconds
2015-03-12T16:18:44.640-0400: 26.816: Total time for which application threads were stopped: 0.0001690 seconds
2015-03-12T16:18:44.641-0400: 26.816: Total time for which application threads were stopped: 0.0001440 seconds
2015-03-12T16:18:44.641-0400: 26.816: Total time for which application threads were stopped: 0.0001740 seconds
2015-03-12T16:18:44.641-0400: 26.817: Total time for which application threads were stopped: 0.0001430 seconds
2015-03-12T16:18:44.642-0400: 26.817: Total time for which application threads were stopped: 0.0001710 seconds
2015-03-12T16:18:44.642-0400: 26.817: Total time for which application threads were stopped: 0.0001560 seconds
2015-03-12T16:18:44.642-0400: 26.818: Total time for which application threads were stopped: 0.0001640 seconds
2015-03-12T16:18:44.643-0400: 26.818: Total time for which application threads were stopped: 0.0003030 seconds
2015-03-12T16:18:44.643-0400: 26.818: Total time for which application threads were stopped: 0.0001610 seconds
2015-03-12T16:18:44.643-0400: 26.819: Total time for which application threads were stopped: 0.0001390 seconds
2015-03-12T16:18:44.644-0400: 26.819: Total time for which application threads were stopped: 0.0002640 seconds
2015-03-12T16:18:44.644-0400: 26.820: Total time for which application threads were stopped: 0.0001660 seconds
2015-03-12T16:18:44.645-0400: 26.820: Total time for which application threads were stopped: 0.0001810 seconds
2015-03-12T16:18:44.646-0400: 26.822: Total time for which application threads were stopped: 0.0012180 seconds
2015-03-12T16:18:44.678-0400: 26.853: Total time for which application threads were stopped: 0.0001630 seconds
2015-03-12T16:18:44.698-0400: 26.873: Total time for which application threads were stopped: 0.0003820 seconds
2015-03-12T16:18:44.698-0400: 26.874: Total time for which application threads were stopped: 0.0002800 seconds
2015-03-12T16:18:44.699-0400: 26.875: Total time for which application threads were stopped: 0.0002590 seconds
2015-03-12T16:18:44.699-0400: 26.875: Total time for which application threads were stopped: 0.0002820 seconds
2015-03-12T16:18:44.704-0400: 26.879: Total time for which application threads were stopped: 0.0002780 seconds
2015-03-12T16:18:44.708-0400: 26.884: Total time for which application threads were stopped: 0.0001370 seconds
2015-03-12T16:18:44.710-0400: 26.886: Total time for which application threads were stopped: 0.0001370 seconds
2015-03-12T16:18:44.870-0400: 27.046: Total time for which application threads were stopped: 0.0004210 seconds
2015-03-12T16:18:44.953-0400: 27.129: Total time for which application threads were stopped: 0.0001590 seconds
2015-03-12T16:18:45.020-0400: 27.195: Total time for which application threads were stopped: 0.0006050 seconds
2015-03-12T16:18:45.097-0400: 27.273: Total time for which application threads were stopped: 0.0001530 seconds
2015-03-12T16:18:45.162-0400: 27.337: Total time for which application threads were stopped: 0.0001940 seconds
2015-03-12T16:18:45.237-0400: 27.412: Total time for which application threads were stopped: 0.0001250 seconds
2015-03-12T16:18:45.314-0400: 27.489: Total time for which application threads were stopped: 0.0001620 seconds
2015-03-12T16:18:45.378-0400: 27.554: Total time for which application threads were stopped: 0.0002830 seconds
2015-03-12T16:18:45.453-0400: 27.629: Total time for which application threads were stopped: 0.0002390 seconds
2015-03-12T16:18:45.528-0400: 27.704: Total time for which application threads were stopped: 0.0001280 seconds
2015-03-12T16:18:45.565-0400: 27.740: Total time for which application threads were stopped: 0.0001750 seconds
2015-03-12T16:18:45.603-0400: 27.779: Total time for which application threads were stopped: 0.0001640 seconds
2015-03-12T16:18:45.655-0400: 27.831: Total time for which application threads were stopped: 0.0001470 seconds
2015-03-12T16:18:45.686-0400: 27.862: Total time for which application threads were stopped: 0.0001480 seconds
2015-03-12T16:18:45.720-0400: 27.896: Total time for which application threads were stopped: 0.0001440 seconds
2015-03-12T16:18:45.753-0400: 27.929: Total time for which application threads were stopped: 0.0001540 seconds
2015-03-12T16:18:45.789-0400: 27.964: Total time for which application threads were stopped: 0.0001690 seconds
2015-03-12T16:18:45.820-0400: 27.996: Total time for which application threads were stopped: 0.0001240 seconds
2015-03-12T16:18:45.853-0400: 28.029: Total time for which application threads were stopped: 0.0001460 seconds
2015-03-12T16:18:45.887-0400: 28.062: Total time for which application threads were stopped: 0.0002050 seconds
2015-03-12T16:18:45.912-0400: 28.087: Total time for which application threads were stopped: 0.0001230 seconds
2015-03-12T16:18:45.972-0400: 28.148: Total time for which application threads were stopped: 0.0002360 seconds
2015-03-12T16:18:45.976-0400: 28.152: Total time for which application threads were stopped: 0.0002770 seconds
2015-03-12T16:18:45.979-0400: 28.155: Total time for which application threads were stopped: 0.0002120 seconds
2015-03-12T16:18:45.994-0400: 28.169: Total time for which application threads were stopped: 0.0002690 seconds
2015-03-12T16:18:45.995-0400: 28.170: Total time for which application threads were stopped: 0.0001920 seconds
2015-03-12T16:18:46.019-0400: 28.194: Total time for which application threads were stopped: 0.0004030 seconds
2015-03-12T16:18:46.149-0400: 28.324: Total time for which application threads were stopped: 0.0003510 seconds
2015-03-12T16:18:46.151-0400: 28.326: Total time for which application threads were stopped: 0.0003020 seconds
{Heap before GC invocations=1 (full 0):
 par new generation   total 109248K, used 98943K [0x00000000d5a00000, 0x00000000dda00000, 0x00000000dda00000)
  eden space 87424K, 100% used [0x00000000d5a00000, 0x00000000daf60000, 0x00000000daf60000)
  from space 21824K,  52% used [0x00000000dc4b0000, 0x00000000dcfefd38, 0x00000000dda00000)
  to   space 21824K,   0% used [0x00000000daf60000, 0x00000000daf60000, 0x00000000dc4b0000)
 concurrent mark-sweep generation total 393216K, used 0K [0x00000000dda00000, 0x00000000f5a00000, 0x00000000f5a00000)
 concurrent-mark-sweep perm gen total 23936K, used 23743K [0x00000000f5a00000, 0x00000000f7160000, 0x0000000100000000)
2015-03-12T16:18:46.183-0400: 28.359: [GC2015-03-12T16:18:46.183-0400: 28.359: [ParNew
Desired survivor size 20112992 bytes, new threshold 8 (max 8)
- age   1:   11792696 bytes,   11792696 total
- age   2:    4411056 bytes,   16203752 total
: 98943K->18719K(109248K), 0.0303980 secs] 98943K->18719K(502464K), 0.0305420 secs] [Times: user=0.11 sys=0.00, real=0.03 secs] 
Heap after GC invocations=2 (full 0):
 par new generation   total 109248K, used 18719K [0x00000000d5a00000, 0x00000000dda00000, 0x00000000dda00000)
  eden space 87424K,   0% used [0x00000000d5a00000, 0x00000000d5a00000, 0x00000000daf60000)
  from space 21824K,  85% used [0x00000000daf60000, 0x00000000dc1a7d58, 0x00000000dc4b0000)
  to   space 21824K,   0% used [0x00000000dc4b0000, 0x00000000dc4b0000, 0x00000000dda00000)
 concurrent mark-sweep generation total 393216K, used 0K [0x00000000dda00000, 0x00000000f5a00000, 0x00000000f5a00000)
 concurrent-mark-sweep perm gen total 23936K, used 23743K [0x00000000f5a00000, 0x00000000f7160000, 0x0000000100000000)
}
2015-03-12T16:18:46.214-0400: 28.390: Total time for which application threads were stopped: 0.0310240 seconds
2015-03-12T16:18:46.215-0400: 28.390: Total time for which application threads were stopped: 0.0003000 seconds
2015-03-12T16:18:46.215-0400: 28.390: Total time for which application threads were stopped: 0.0001950 seconds
2015-03-12T16:18:46.215-0400: 28.391: Total time for which application threads were stopped: 0.0002480 seconds
2015-03-12T16:18:46.215-0400: 28.391: Total time for which application threads were stopped: 0.0001590 seconds
2015-03-12T16:18:46.216-0400: 28.391: Total time for which application threads were stopped: 0.0001470 seconds
2015-03-12T16:18:46.216-0400: 28.391: Total time for which application threads were stopped: 0.0001830 seconds
2015-03-12T16:18:46.216-0400: 28.392: Total time for which application threads were stopped: 0.0001580 seconds
2015-03-12T16:18:46.216-0400: 28.392: Total time for which application threads were stopped: 0.0001630 seconds
2015-03-12T16:18:46.216-0400: 28.392: Total time for which application threads were stopped: 0.0001450 seconds
2015-03-12T16:18:46.217-0400: 28.392: Total time for which application threads were stopped: 0.0001320 seconds
2015-03-12T16:18:46.217-0400: 28.392: Total time for which application threads were stopped: 0.0001470 seconds
2015-03-12T16:18:46.217-0400: 28.393: Total time for which application threads were stopped: 0.0001630 seconds
2015-03-12T16:18:46.217-0400: 28.393: Total time for which application threads were stopped: 0.0001310 seconds
2015-03-12T16:18:46.217-0400: 28.393: Total time for which application threads were stopped: 0.0001520 seconds
2015-03-12T16:18:46.218-0400: 28.393: Total time for which application threads were stopped: 0.0001250 seconds
2015-03-12T16:18:46.218-0400: 28.393: Total time for which application threads were stopped: 0.0001550 seconds
2015-03-12T16:18:46.218-0400: 28.394: Total time for which application threads were stopped: 0.0001070 seconds
2015-03-12T16:18:46.218-0400: 28.394: Total time for which application threads were stopped: 0.0001620 seconds
2015-03-12T16:18:46.219-0400: 28.394: Total time for which application threads were stopped: 0.0002710 seconds
2015-03-12T16:18:46.220-0400: 28.395: Total time for which application threads were stopped: 0.0008500 seconds
2015-03-12T16:18:46.220-0400: 28.396: Total time for which application threads were stopped: 0.0002360 seconds
2015-03-12T16:18:46.220-0400: 28.396: Total time for which application threads were stopped: 0.0001440 seconds
2015-03-12T16:18:46.221-0400: 28.396: Total time for which application threads were stopped: 0.0002420 seconds
2015-03-12T16:18:46.221-0400: 28.396: Total time for which application threads were stopped: 0.0001210 seconds
2015-03-12T16:18:46.221-0400: 28.397: Total time for which application threads were stopped: 0.0002600 seconds
2015-03-12T16:18:46.222-0400: 28.397: Total time for which application threads were stopped: 0.0001490 seconds
2015-03-12T16:18:46.222-0400: 28.397: Total time for which application threads were stopped: 0.0001490 seconds
2015-03-12T16:18:46.222-0400: 28.398: Total time for which application threads were stopped: 0.0001500 seconds
2015-03-12T16:18:46.222-0400: 28.398: Total time for which application threads were stopped: 0.0001470 seconds
2015-03-12T16:18:46.222-0400: 28.398: Total time for which application threads were stopped: 0.0001480 seconds
2015-03-12T16:18:46.223-0400: 28.398: Total time for which application threads were stopped: 0.0001410 seconds
2015-03-12T16:18:46.223-0400: 28.398: Total time for which application threads were stopped: 0.0001430 seconds
2015-03-12T16:18:46.223-0400: 28.398: Total time for which application threads were stopped: 0.0001400 seconds
2015-03-12T16:18:46.223-0400: 28.399: Total time for which application threads were stopped: 0.0001330 seconds
2015-03-12T16:18:46.223-0400: 28.399: Total time for which application threads were stopped: 0.0001700 seconds
2015-03-12T16:18:46.224-0400: 28.399: Total time for which application threads were stopped: 0.0001980 seconds
2015-03-12T16:18:46.224-0400: 28.400: Total time for which application threads were stopped: 0.0002120 seconds
2015-03-12T16:18:46.224-0400: 28.400: Total time for which application threads were stopped: 0.0002620 seconds
2015-03-12T16:18:46.225-0400: 28.400: Total time for which application threads were stopped: 0.0001420 seconds
2015-03-12T16:18:46.225-0400: 28.401: Total time for which application threads were stopped: 0.0007160 seconds
2015-03-12T16:18:46.313-0400: 28.489: Total time for which application threads were stopped: 0.0002890 seconds
{Heap before GC invocations=2 (full 0):
 par new generation   total 109248K, used 106143K [0x00000000d5a00000, 0x00000000dda00000, 0x00000000dda00000)
  eden space 87424K, 100% used [0x00000000d5a00000, 0x00000000daf60000, 0x00000000daf60000)
  from space 21824K,  85% used [0x00000000daf60000, 0x00000000dc1a7d58, 0x00000000dc4b0000)
  to   space 21824K,   0% used [0x00000000dc4b0000, 0x00000000dc4b0000, 0x00000000dda00000)
 concurrent mark-sweep generation total 393216K, used 0K [0x00000000dda00000, 0x00000000f5a00000, 0x00000000f5a00000)
 concurrent-mark-sweep perm gen total 24128K, used 24003K [0x00000000f5a00000, 0x00000000f7190000, 0x0000000100000000)
2015-03-12T16:18:46.778-0400: 28.953: [GC2015-03-12T16:18:46.778-0400: 28.953: [ParNew
Desired survivor size 20112992 bytes, new threshold 8 (max 8)
- age   1:    5722528 bytes,    5722528 total
- age   2:    6743968 bytes,   12466496 total
- age   3:    4408960 bytes,   16875456 total
: 106143K->21824K(109248K), 0.0231090 secs] 106143K->22015K(502464K), 0.0232670 secs] [Times: user=0.11 sys=0.01, real=0.02 secs] 
Heap after GC invocations=3 (full 0):
 par new generation   total 109248K, used 21824K [0x00000000d5a00000, 0x00000000dda00000, 0x00000000dda00000)
  eden space 87424K,   0% used [0x00000000d5a00000, 0x00000000d5a00000, 0x00000000daf60000)
  from space 21824K, 100% used [0x00000000dc4b0000, 0x00000000dda00000, 0x00000000dda00000)
  to   space 21824K,   0% used [0x00000000daf60000, 0x00000000daf60000, 0x00000000dc4b0000)
 concurrent mark-sweep generation total 393216K, used 191K [0x00000000dda00000, 0x00000000f5a00000, 0x00000000f5a00000)
 concurrent-mark-sweep perm gen total 24128K, used 24003K [0x00000000f5a00000, 0x00000000f7190000, 0x0000000100000000)
}
2015-03-12T16:18:46.801-0400: 28.977: Total time for which application threads were stopped: 0.0239810 seconds
2015-03-12T16:18:46.802-0400: 28.977: Total time for which application threads were stopped: 0.0003640 seconds
2015-03-12T16:18:46.803-0400: 28.978: Total time for which application threads were stopped: 0.0003230 seconds
2015-03-12T16:18:46.804-0400: 28.980: Total time for which application threads were stopped: 0.0002200 seconds
2015-03-12T16:18:46.804-0400: 28.980: Total time for which application threads were stopped: 0.0002990 seconds
2015-03-12T16:18:46.806-0400: 28.981: Total time for which application threads were stopped: 0.0002870 seconds
2015-03-12T16:18:46.807-0400: 28.982: Total time for which application threads were stopped: 0.0003260 seconds
2015-03-12T16:18:46.808-0400: 28.984: Total time for which application threads were stopped: 0.0002830 seconds
2015-03-12T16:18:46.809-0400: 28.985: Total time for which application threads were stopped: 0.0003170 seconds
2015-03-12T16:18:46.809-0400: 28.985: Total time for which application threads were stopped: 0.0002870 seconds
2015-03-12T16:18:46.810-0400: 28.986: Total time for which application threads were stopped: 0.0002770 seconds
{Heap before GC invocations=3 (full 0):
 par new generation   total 109248K, used 109248K [0x00000000d5a00000, 0x00000000dda00000, 0x00000000dda00000)
  eden space 87424K, 100% used [0x00000000d5a00000, 0x00000000daf60000, 0x00000000daf60000)
  from space 21824K, 100% used [0x00000000dc4b0000, 0x00000000dda00000, 0x00000000dda00000)
  to   space 21824K,   0% used [0x00000000daf60000, 0x00000000daf60000, 0x00000000dc4b0000)
 concurrent mark-sweep generation total 393216K, used 191K [0x00000000dda00000, 0x00000000f5a00000, 0x00000000f5a00000)
 concurrent-mark-sweep perm gen total 24128K, used 24105K [0x00000000f5a00000, 0x00000000f7190000, 0x0000000100000000)
2015-03-12T16:18:47.047-0400: 29.222: [GC2015-03-12T16:18:47.047-0400: 29.223: [ParNew
Desired survivor size 20112992 bytes, new threshold 8 (max 8)
- age   1:    1469920 bytes,    1469920 total
- age   2:    2328176 bytes,    3798096 total
- age   3:    6729488 bytes,   10527584 total
- age   4:    4408960 bytes,   14936544 total
: 109248K->19144K(109248K), 0.0159830 secs] 109439K->19335K(502464K), 0.0161210 secs] [Times: user=0.08 sys=0.00, real=0.02 secs] 
Heap after GC invocations=4 (full 0):
 par new generation   total 109248K, used 19144K [0x00000000d5a00000, 0x00000000dda00000, 0x00000000dda00000)
  eden space 87424K,   0% used [0x00000000d5a00000, 0x00000000d5a00000, 0x00000000daf60000)
  from space 21824K,  87% used [0x00000000daf60000, 0x00000000dc212340, 0x00000000dc4b0000)
  to   space 21824K,   0% used [0x00000000dc4b0000, 0x00000000dc4b0000, 0x00000000dda00000)
 concurrent mark-sweep generation total 393216K, used 191K [0x00000000dda00000, 0x00000000f5a00000, 0x00000000f5a00000)
 concurrent-mark-sweep perm gen total 24128K, used 24105K [0x00000000f5a00000, 0x00000000f7190000, 0x0000000100000000)
}
2015-03-12T16:18:47.063-0400: 29.239: Total time for which application threads were stopped: 0.0172750 seconds
2015-03-12T16:18:47.064-0400: 29.239: Total time for which application threads were stopped: 0.0006440 seconds
2015-03-12T16:18:47.064-0400: 29.240: Total time for which application threads were stopped: 0.0001220 seconds
{Heap before GC invocations=4 (full 0):
 par new generation   total 109248K, used 106538K [0x00000000d5a00000, 0x00000000dda00000, 0x00000000dda00000)
  eden space 87424K,  99% used [0x00000000d5a00000, 0x00000000daf58748, 0x00000000daf60000)
  from space 21824K,  87% used [0x00000000daf60000, 0x00000000dc212340, 0x00000000dc4b0000)
  to   space 21824K,   0% used [0x00000000dc4b0000, 0x00000000dc4b0000, 0x00000000dda00000)
 concurrent mark-sweep generation total 393216K, used 191K [0x00000000dda00000, 0x00000000f5a00000, 0x00000000f5a00000)
 concurrent-mark-sweep perm gen total 24512K, used 24343K [0x00000000f5a00000, 0x00000000f71f0000, 0x0000000100000000)
2015-03-12T16:18:47.186-0400: 29.362: [GC2015-03-12T16:18:47.186-0400: 29.362: [ParNew
Desired survivor size 20112992 bytes, new threshold 8 (max 8)
- age   1:    1565000 bytes,    1565000 total
- age   2:      98992 bytes,    1663992 total
- age   3:    2302232 bytes,    3966224 total
- age   4:    6721640 bytes,   10687864 total
- age   5:    4408960 bytes,   15096824 total
: 106538K->19657K(109248K), 0.0158960 secs] 106729K->19848K(502464K), 0.0160100 secs] [Times: user=0.06 sys=0.00, real=0.01 secs] 
Heap after GC invocations=5 (full 0):
 par new generation   total 109248K, used 19657K [0x00000000d5a00000, 0x00000000dda00000, 0x00000000dda00000)
  eden space 87424K,   0% used [0x00000000d5a00000, 0x00000000d5a00000, 0x00000000daf60000)
  from space 21824K,  90% used [0x00000000dc4b0000, 0x00000000dd7e2650, 0x00000000dda00000)
  to   space 21824K,   0% used [0x00000000daf60000, 0x00000000daf60000, 0x00000000dc4b0000)
 concurrent mark-sweep generation total 393216K, used 191K [0x00000000dda00000, 0x00000000f5a00000, 0x00000000f5a00000)
 concurrent-mark-sweep perm gen total 24512K, used 24343K [0x00000000f5a00000, 0x00000000f71f0000, 0x0000000100000000)
}
2015-03-12T16:18:47.202-0400: 29.378: Total time for which application threads were stopped: 0.0164440 seconds
{Heap before GC invocations=5 (full 0):
 par new generation   total 109248K, used 107081K [0x00000000d5a00000, 0x00000000dda00000, 0x00000000dda00000)
  eden space 87424K, 100% used [0x00000000d5a00000, 0x00000000daf60000, 0x00000000daf60000)
  from space 21824K,  90% used [0x00000000dc4b0000, 0x00000000dd7e2650, 0x00000000dda00000)
  to   space 21824K,   0% used [0x00000000daf60000, 0x00000000daf60000, 0x00000000dc4b0000)
 concurrent mark-sweep generation total 393216K, used 191K [0x00000000dda00000, 0x00000000f5a00000, 0x00000000f5a00000)
 concurrent-mark-sweep perm gen total 24512K, used 24372K [0x00000000f5a00000, 0x00000000f71f0000, 0x0000000100000000)
2015-03-12T16:18:47.281-0400: 29.456: [GC2015-03-12T16:18:47.281-0400: 29.456: [ParNew
Desired survivor size 20112992 bytes, new threshold 8 (max 8)
- age   1:    1416616 bytes,    1416616 total
- age   2:      94688 bytes,    1511304 total
- age   3:      36192 bytes,    1547496 total
- age   4:    2298632 bytes,    3846128 total
- age   5:    6716240 bytes,   10562368 total
- age   6:    4408960 bytes,   14971328 total
: 107081K->16862K(109248K), 0.0175030 secs] 107272K->17053K(502464K), 0.0176330 secs] [Times: user=0.08 sys=0.00, real=0.02 secs] 
Heap after GC invocations=6 (full 0):
 par new generation   total 109248K, used 16862K [0x00000000d5a00000, 0x00000000dda00000, 0x00000000dda00000)
  eden space 87424K,   0% used [0x00000000d5a00000, 0x00000000d5a00000, 0x00000000daf60000)
  from space 21824K,  77% used [0x00000000daf60000, 0x00000000dbfd7960, 0x00000000dc4b0000)
  to   space 21824K,   0% used [0x00000000dc4b0000, 0x00000000dc4b0000, 0x00000000dda00000)
 concurrent mark-sweep generation total 393216K, used 191K [0x00000000dda00000, 0x00000000f5a00000, 0x00000000f5a00000)
 concurrent-mark-sweep perm gen total 24512K, used 24372K [0x00000000f5a00000, 0x00000000f71f0000, 0x0000000100000000)
}
2015-03-12T16:18:47.298-0400: 29.474: Total time for which application threads were stopped: 0.0181580 seconds
2015-03-12T16:18:47.329-0400: 29.504: Total time for which application threads were stopped: 0.0002010 seconds
2015-03-12T16:18:47.330-0400: 29.505: Total time for which application threads were stopped: 0.0001890 seconds
2015-03-12T16:18:47.443-0400: 29.619: Total time for which application threads were stopped: 0.0003830 seconds
2015-03-12T16:18:47.445-0400: 29.620: Total time for which application threads were stopped: 0.0002050 seconds
2015-03-12T16:18:47.446-0400: 29.622: Total time for which application threads were stopped: 0.0002220 seconds
2015-03-12T16:18:47.447-0400: 29.623: Total time for which application threads were stopped: 0.0001980 seconds
{Heap before GC invocations=6 (full 0):
 par new generation   total 109248K, used 104286K [0x00000000d5a00000, 0x00000000dda00000, 0x00000000dda00000)
  eden space 87424K, 100% used [0x00000000d5a00000, 0x00000000daf60000, 0x00000000daf60000)
  from space 21824K,  77% used [0x00000000daf60000, 0x00000000dbfd7960, 0x00000000dc4b0000)
  to   space 21824K,   0% used [0x00000000dc4b0000, 0x00000000dc4b0000, 0x00000000dda00000)
 concurrent mark-sweep generation total 393216K, used 191K [0x00000000dda00000, 0x00000000f5a00000, 0x00000000f5a00000)
 concurrent-mark-sweep perm gen total 24704K, used 24643K [0x00000000f5a00000, 0x00000000f7220000, 0x0000000100000000)
2015-03-12T16:18:47.469-0400: 29.644: [GC2015-03-12T16:18:47.469-0400: 29.645: [ParNew
Desired survivor size 20112992 bytes, new threshold 7 (max 8)
- age   1:    7494544 bytes,    7494544 total
- age   2:     222720 bytes,    7717264 total
- age   3:      92984 bytes,    7810248 total
- age   4:      34080 bytes,    7844328 total
- age   5:    2163760 bytes,   10008088 total
- age   6:    6669296 bytes,   16677384 total
- age   7:    4205264 bytes,   20882648 total
: 104286K->21824K(109248K), 0.0219300 secs] 104477K->22586K(502464K), 0.0220370 secs] [Times: user=0.10 sys=0.00, real=0.02 secs] 
Heap after GC invocations=7 (full 0):
 par new generation   total 109248K, used 21824K [0x00000000d5a00000, 0x00000000dda00000, 0x00000000dda00000)
  eden space 87424K,   0% used [0x00000000d5a00000, 0x00000000d5a00000, 0x00000000daf60000)
  from space 21824K, 100% used [0x00000000dc4b0000, 0x00000000dda00000, 0x00000000dda00000)
  to   space 21824K,   0% used [0x00000000daf60000, 0x00000000daf60000, 0x00000000dc4b0000)
 concurrent mark-sweep generation total 393216K, used 762K [0x00000000dda00000, 0x00000000f5a00000, 0x00000000f5a00000)
 concurrent-mark-sweep perm gen total 24704K, used 24643K [0x00000000f5a00000, 0x00000000f7220000, 0x0000000100000000)
}
2015-03-12T16:18:47.491-0400: 29.667: Total time for which application threads were stopped: 0.0223730 seconds
{Heap before GC invocations=7 (full 0):
 par new generation   total 109248K, used 109248K [0x00000000d5a00000, 0x00000000dda00000, 0x00000000dda00000)
  eden space 87424K, 100% used [0x00000000d5a00000, 0x00000000daf60000, 0x00000000daf60000)
  from space 21824K, 100% used [0x00000000dc4b0000, 0x00000000dda00000, 0x00000000dda00000)
  to   space 21824K,   0% used [0x00000000daf60000, 0x00000000daf60000, 0x00000000dc4b0000)
 concurrent mark-sweep generation total 393216K, used 762K [0x00000000dda00000, 0x00000000f5a00000, 0x00000000f5a00000)
 concurrent-mark-sweep perm gen total 24704K, used 24669K [0x00000000f5a00000, 0x00000000f7220000, 0x0000000100000000)
2015-03-12T16:18:47.547-0400: 29.723: [GC2015-03-12T16:18:47.547-0400: 29.723: [ParNew
Desired survivor size 20112992 bytes, new threshold 8 (max 8)
- age   1:    1995272 bytes,    1995272 total
- age   2:    6223464 bytes,    8218736 total
- age   3:     219896 bytes,    8438632 total
- age   4:      91136 bytes,    8529768 total
- age   5:      31776 bytes,    8561544 total
- age   6:    2146272 bytes,   10707816 total
- age   7:    6234320 bytes,   16942136 total
: 109248K->21824K(109248K), 0.0268790 secs] 110010K->28413K(502464K), 0.0270110 secs] [Times: user=0.12 sys=0.01, real=0.03 secs] 
Heap after GC invocations=8 (full 0):
 par new generation   total 109248K, used 21824K [0x00000000d5a00000, 0x00000000dda00000, 0x00000000dda00000)
  eden space 87424K,   0% used [0x00000000d5a00000, 0x00000000d5a00000, 0x00000000daf60000)
  from space 21824K, 100% used [0x00000000daf60000, 0x00000000dc4b0000, 0x00000000dc4b0000)
  to   space 21824K,   0% used [0x00000000dc4b0000, 0x00000000dc4b0000, 0x00000000dda00000)
 concurrent mark-sweep generation total 393216K, used 6589K [0x00000000dda00000, 0x00000000f5a00000, 0x00000000f5a00000)
 concurrent-mark-sweep perm gen total 24704K, used 24669K [0x00000000f5a00000, 0x00000000f7220000, 0x0000000100000000)
}
2015-03-12T16:18:47.574-0400: 29.750: Total time for which application threads were stopped: 0.0273240 seconds
{Heap before GC invocations=8 (full 0):
 par new generation   total 109248K, used 109248K [0x00000000d5a00000, 0x00000000dda00000, 0x00000000dda00000)
  eden space 87424K, 100% used [0x00000000d5a00000, 0x00000000daf60000, 0x00000000daf60000)
  from space 21824K, 100% used [0x00000000daf60000, 0x00000000dc4b0000, 0x00000000dc4b0000)
  to   space 21824K,   0% used [0x00000000dc4b0000, 0x00000000dc4b0000, 0x00000000dda00000)
 concurrent mark-sweep generation total 393216K, used 6589K [0x00000000dda00000, 0x00000000f5a00000, 0x00000000f5a00000)
 concurrent-mark-sweep perm gen total 24896K, used 24692K [0x00000000f5a00000, 0x00000000f7250000, 0x0000000100000000)
2015-03-12T16:18:47.618-0400: 29.794: [GC2015-03-12T16:18:47.618-0400: 29.794: [ParNew
Desired survivor size 20112992 bytes, new threshold 8 (max 8)
- age   1:     912416 bytes,     912416 total
- age   2:    1040112 bytes,    1952528 total
- age   3:    6222376 bytes,    8174904 total
- age   4:     219584 bytes,    8394488 total
- age   5:      90992 bytes,    8485480 total
- age   6:      31512 bytes,    8516992 total
- age   7:    2145192 bytes,   10662184 total
- age   8:    6232064 bytes,   16894248 total
: 109248K->21661K(109248K), 0.0131990 secs] 115837K->28250K(502464K), 0.0133160 secs] [Times: user=0.07 sys=0.00, real=0.01 secs] 
Heap after GC invocations=9 (full 0):
 par new generation   total 109248K, used 21661K [0x00000000d5a00000, 0x00000000dda00000, 0x00000000dda00000)
  eden space 87424K,   0% used [0x00000000d5a00000, 0x00000000d5a00000, 0x00000000daf60000)
  from space 21824K,  99% used [0x00000000dc4b0000, 0x00000000dd9d7440, 0x00000000dda00000)
  to   space 21824K,   0% used [0x00000000daf60000, 0x00000000daf60000, 0x00000000dc4b0000)
 concurrent mark-sweep generation total 393216K, used 6589K [0x00000000dda00000, 0x00000000f5a00000, 0x00000000f5a00000)
 concurrent-mark-sweep perm gen total 24896K, used 24692K [0x00000000f5a00000, 0x00000000f7250000, 0x0000000100000000)
}
2015-03-12T16:18:47.632-0400: 29.807: Total time for which application threads were stopped: 0.0136180 seconds
{Heap before GC invocations=9 (full 0):
 par new generation   total 109248K, used 109083K [0x00000000d5a00000, 0x00000000dda00000, 0x00000000dda00000)
  eden space 87424K,  99% used [0x00000000d5a00000, 0x00000000daf5fba8, 0x00000000daf60000)
  from space 21824K,  99% used [0x00000000dc4b0000, 0x00000000dd9d7440, 0x00000000dda00000)
  to   space 21824K,   0% used [0x00000000daf60000, 0x00000000daf60000, 0x00000000dc4b0000)
 concurrent mark-sweep generation total 393216K, used 6589K [0x00000000dda00000, 0x00000000f5a00000, 0x00000000f5a00000)
 concurrent-mark-sweep perm gen total 24896K, used 24709K [0x00000000f5a00000, 0x00000000f7250000, 0x0000000100000000)
2015-03-12T16:18:47.677-0400: 29.852: [GC2015-03-12T16:18:47.677-0400: 29.853: [ParNew
Desired survivor size 20112992 bytes, new threshold 8 (max 8)
- age   1:    1001064 bytes,    1001064 total
- age   2:      38184 bytes,    1039248 total
- age   3:    1039216 bytes,    2078464 total
- age   4:    6221872 bytes,    8300336 total
- age   5:     219344 bytes,    8519680 total
- age   6:      90776 bytes,    8610456 total
- age   7:      30864 bytes,    8641320 total
- age   8:    2144024 bytes,   10785344 total
: 109083K->17788K(109248K), 0.0160830 secs] 115673K->30556K(502464K), 0.0162080 secs] [Times: user=0.07 sys=0.00, real=0.02 secs] 
Heap after GC invocations=10 (full 0):
 par new generation   total 109248K, used 17788K [0x00000000d5a00000, 0x00000000dda00000, 0x00000000dda00000)
  eden space 87424K,   0% used [0x00000000d5a00000, 0x00000000d5a00000, 0x00000000daf60000)
  from space 21824K,  81% used [0x00000000daf60000, 0x00000000dc0bf3c0, 0x00000000dc4b0000)
  to   space 21824K,   0% used [0x00000000dc4b0000, 0x00000000dc4b0000, 0x00000000dda00000)
 concurrent mark-sweep generation total 393216K, used 12767K [0x00000000dda00000, 0x00000000f5a00000, 0x00000000f5a00000)
 concurrent-mark-sweep perm gen total 24896K, used 24709K [0x00000000f5a00000, 0x00000000f7250000, 0x0000000100000000)
}
2015-03-12T16:18:47.693-0400: 29.869: Total time for which application threads were stopped: 0.0166190 seconds
2015-03-12T16:18:47.714-0400: 29.890: Total time for which application threads were stopped: 0.0002330 seconds
2015-03-12T16:18:47.744-0400: 29.920: Total time for which application threads were stopped: 0.0003260 seconds
{Heap before GC invocations=10 (full 0):
 par new generation   total 109248K, used 105218K [0x00000000d5a00000, 0x00000000dda00000, 0x00000000dda00000)
  eden space 87424K, 100% used [0x00000000d5a00000, 0x00000000daf60000, 0x00000000daf60000)
  from space 21824K,  81% used [0x00000000daf60000, 0x00000000dc0c0920, 0x00000000dc4b0000)
  to   space 21824K,   0% used [0x00000000dc4b0000, 0x00000000dc4b0000, 0x00000000dda00000)
 concurrent mark-sweep generation total 393216K, used 12767K [0x00000000dda00000, 0x00000000f5a00000, 0x00000000f5a00000)
 concurrent-mark-sweep perm gen total 24896K, used 24779K [0x00000000f5a00000, 0x00000000f7250000, 0x0000000100000000)
2015-03-12T16:18:47.744-0400: 29.920: [GC2015-03-12T16:18:47.744-0400: 29.920: [ParNew
Desired survivor size 20112992 bytes, new threshold 8 (max 8)
- age   1:    1610944 bytes,    1610944 total
- age   2:      36400 bytes,    1647344 total
- age   3:      37464 bytes,    1684808 total
- age   4:    1039072 bytes,    2723880 total
- age   5:    6221424 bytes,    8945304 total
- age   6:     219272 bytes,    9164576 total
- age   7:      90728 bytes,    9255304 total
- age   8:      30600 bytes,    9285904 total
: 105218K->10927K(109248K), 0.0107230 secs] 117985K->25804K(502464K), 0.0108230 secs] [Times: user=0.04 sys=0.00, real=0.01 secs] 
Heap after GC invocations=11 (full 0):
 par new generation   total 109248K, used 10927K [0x00000000d5a00000, 0x00000000dda00000, 0x00000000dda00000)
  eden space 87424K,   0% used [0x00000000d5a00000, 0x00000000d5a00000, 0x00000000daf60000)
  from space 21824K,  50% used [0x00000000dc4b0000, 0x00000000dcf5bec0, 0x00000000dda00000)
  to   space 21824K,   0% used [0x00000000daf60000, 0x00000000daf60000, 0x00000000dc4b0000)
 concurrent mark-sweep generation total 393216K, used 14876K [0x00000000dda00000, 0x00000000f5a00000, 0x00000000f5a00000)
 concurrent-mark-sweep perm gen total 24896K, used 24779K [0x00000000f5a00000, 0x00000000f7250000, 0x0000000100000000)
}
2015-03-12T16:18:47.755-0400: 29.931: Total time for which application threads were stopped: 0.0110540 seconds
{Heap before GC invocations=11 (full 0):
 par new generation   total 109248K, used 11737K [0x00000000d5a00000, 0x00000000dda00000, 0x00000000dda00000)
  eden space 87424K,   0% used [0x00000000d5a00000, 0x00000000d5aca7a8, 0x00000000daf60000)
  from space 21824K,  50% used [0x00000000dc4b0000, 0x00000000dcf5bec0, 0x00000000dda00000)
  to   space 21824K,   0% used [0x00000000daf60000, 0x00000000daf60000, 0x00000000dc4b0000)
 concurrent mark-sweep generation total 393216K, used 14876K [0x00000000dda00000, 0x00000000f5a00000, 0x00000000f5a00000)
 concurrent-mark-sweep perm gen total 24896K, used 24779K [0x00000000f5a00000, 0x00000000f7250000, 0x0000000100000000)
2015-03-12T16:18:47.755-0400: 29.931: [GC2015-03-12T16:18:47.755-0400: 29.931: [ParNew
Desired survivor size 20112992 bytes, new threshold 8 (max 8)
- age   1:        824 bytes,        824 total
- age   2:    1606920 bytes,    1607744 total
- age   3:      36400 bytes,    1644144 total
- age   4:      37464 bytes,    1681608 total
- age   5:    1039072 bytes,    2720680 total
- age   6:    6221384 bytes,    8942064 total
- age   7:     219272 bytes,    9161336 total
- age   8:      90728 bytes,    9252064 total
: 11737K->14026K(109248K), 0.0074510 secs] 26614K->28933K(502464K), 0.0075660 secs] [Times: user=0.02 sys=0.00, real=0.01 secs] 
Heap after GC invocations=12 (full 0):
 par new generation   total 109248K, used 14026K [0x00000000d5a00000, 0x00000000dda00000, 0x00000000dda00000)
  eden space 87424K,   0% used [0x00000000d5a00000, 0x00000000d5a00000, 0x00000000daf60000)
  from space 21824K,  64% used [0x00000000daf60000, 0x00000000dbd12ba0, 0x00000000dc4b0000)
  to   space 21824K,   0% used [0x00000000dc4b0000, 0x00000000dc4b0000, 0x00000000dda00000)
 concurrent mark-sweep generation total 393216K, used 14907K [0x00000000dda00000, 0x00000000f5a00000, 0x00000000f5a00000)
 concurrent-mark-sweep perm gen total 24896K, used 24779K [0x00000000f5a00000, 0x00000000f7250000, 0x0000000100000000)
}
2015-03-12T16:18:47.763-0400: 29.939: Total time for which application threads were stopped: 0.0078760 seconds
{Heap before GC invocations=12 (full 0):
 par new generation   total 109248K, used 101450K [0x00000000d5a00000, 0x00000000dda00000, 0x00000000dda00000)
  eden space 87424K, 100% used [0x00000000d5a00000, 0x00000000daf60000, 0x00000000daf60000)
  from space 21824K,  64% used [0x00000000daf60000, 0x00000000dbd12ba0, 0x00000000dc4b0000)
  to   space 21824K,   0% used [0x00000000dc4b0000, 0x00000000dc4b0000, 0x00000000dda00000)
 concurrent mark-sweep generation total 393216K, used 14907K [0x00000000dda00000, 0x00000000f5a00000, 0x00000000f5a00000)
 concurrent-mark-sweep perm gen total 24896K, used 24863K [0x00000000f5a00000, 0x00000000f7250000, 0x0000000100000000)
2015-03-12T16:18:47.809-0400: 29.985: [GC2015-03-12T16:18:47.809-0400: 29.985: [ParNew
Desired survivor size 20112992 bytes, new threshold 8 (max 8)
- age   1:    3620776 bytes,    3620776 total
- age   3:      52712 bytes,    3673488 total
- age   4:      35696 bytes,    3709184 total
- age   5:      37128 bytes,    3746312 total
- age   6:    1038944 bytes,    4785256 total
- age   7:    6221248 bytes,   11006504 total
- age   8:     219024 bytes,   11225528 total
: 101450K->12787K(109248K), 0.0082410 secs] 116357K->27785K(502464K), 0.0083580 secs] [Times: user=0.04 sys=0.01, real=0.01 secs] 
Heap after GC invocations=13 (full 0):
 par new generation   total 109248K, used 12787K [0x00000000d5a00000, 0x00000000dda00000, 0x00000000dda00000)
  eden space 87424K,   0% used [0x00000000d5a00000, 0x00000000d5a00000, 0x00000000daf60000)
  from space 21824K,  58% used [0x00000000dc4b0000, 0x00000000dd12cfe0, 0x00000000dda00000)
  to   space 21824K,   0% used [0x00000000daf60000, 0x00000000daf60000, 0x00000000dc4b0000)
 concurrent mark-sweep generation total 393216K, used 14997K [0x00000000dda00000, 0x00000000f5a00000, 0x00000000f5a00000)
 concurrent-mark-sweep perm gen total 24896K, used 24863K [0x00000000f5a00000, 0x00000000f7250000, 0x0000000100000000)
}
2015-03-12T16:18:47.818-0400: 29.993: Total time for which application threads were stopped: 0.0087760 seconds
{Heap before GC invocations=13 (full 0):
 par new generation   total 109248K, used 100211K [0x00000000d5a00000, 0x00000000dda00000, 0x00000000dda00000)
  eden space 87424K, 100% used [0x00000000d5a00000, 0x00000000daf60000, 0x00000000daf60000)
  from space 21824K,  58% used [0x00000000dc4b0000, 0x00000000dd12cfe0, 0x00000000dda00000)
  to   space 21824K,   0% used [0x00000000daf60000, 0x00000000daf60000, 0x00000000dc4b0000)
 concurrent mark-sweep generation total 393216K, used 14997K [0x00000000dda00000, 0x00000000f5a00000, 0x00000000f5a00000)
 concurrent-mark-sweep perm gen total 25088K, used 24933K [0x00000000f5a00000, 0x00000000f7280000, 0x0000000100000000)
2015-03-12T16:18:47.866-0400: 30.042: [GC2015-03-12T16:18:47.866-0400: 30.042: [ParNew
Desired survivor size 20112992 bytes, new threshold 8 (max 8)
- age   1:    3266144 bytes,    3266144 total
- age   2:      86888 bytes,    3353032 total
- age   4:      47296 bytes,    3400328 total
- age   5:      35552 bytes,    3435880 total
- age   6:      37032 bytes,    3472912 total
- age   7:    1038872 bytes,    4511784 total
- age   8:    6221096 bytes,   10732880 total
: 100211K->16253K(109248K), 0.0082380 secs] 115209K->31468K(502464K), 0.0083580 secs] [Times: user=0.03 sys=0.00, real=0.01 secs] 
Heap after GC invocations=14 (full 0):
 par new generation   total 109248K, used 16253K [0x00000000d5a00000, 0x00000000dda00000, 0x00000000dda00000)
  eden space 87424K,   0% used [0x00000000d5a00000, 0x00000000d5a00000, 0x00000000daf60000)
  from space 21824K,  74% used [0x00000000daf60000, 0x00000000dbf3f448, 0x00000000dc4b0000)
  to   space 21824K,   0% used [0x00000000dc4b0000, 0x00000000dc4b0000, 0x00000000dda00000)
 concurrent mark-sweep generation total 393216K, used 15215K [0x00000000dda00000, 0x00000000f5a00000, 0x00000000f5a00000)
 concurrent-mark-sweep perm gen total 25088K, used 24933K [0x00000000f5a00000, 0x00000000f7280000, 0x0000000100000000)
}
2015-03-12T16:18:47.875-0400: 30.050: Total time for which application threads were stopped: 0.0087710 seconds
{Heap before GC invocations=14 (full 0):
 par new generation   total 109248K, used 103677K [0x00000000d5a00000, 0x00000000dda00000, 0x00000000dda00000)
  eden space 87424K, 100% used [0x00000000d5a00000, 0x00000000daf60000, 0x00000000daf60000)
  from space 21824K,  74% used [0x00000000daf60000, 0x00000000dbf3f448, 0x00000000dc4b0000)
  to   space 21824K,   0% used [0x00000000dc4b0000, 0x00000000dc4b0000, 0x00000000dda00000)
 concurrent mark-sweep generation total 393216K, used 15215K [0x00000000dda00000, 0x00000000f5a00000, 0x00000000f5a00000)
 concurrent-mark-sweep perm gen total 25088K, used 25001K [0x00000000f5a00000, 0x00000000f7280000, 0x0000000100000000)
2015-03-12T16:18:47.922-0400: 30.097: [GC2015-03-12T16:18:47.922-0400: 30.097: [ParNew
Desired survivor size 20112992 bytes, new threshold 8 (max 8)
- age   1:    2286176 bytes,    2286176 total
- age   2:     164144 bytes,    2450320 total
- age   3:      86712 bytes,    2537032 total
- age   5:      46944 bytes,    2583976 total
- age   6:      35152 bytes,    2619128 total
- age   7:      37008 bytes,    2656136 total
- age   8:    1038848 bytes,    3694984 total
: 103677K->6177K(109248K), 0.0140700 secs] 118892K->27518K(502464K), 0.0141790 secs] [Times: user=0.06 sys=0.01, real=0.02 secs] 
Heap after GC invocations=15 (full 0):
 par new generation   total 109248K, used 6177K [0x00000000d5a00000, 0x00000000dda00000, 0x00000000dda00000)
  eden space 87424K,   0% used [0x00000000d5a00000, 0x00000000d5a00000, 0x00000000daf60000)
  from space 21824K,  28% used [0x00000000dc4b0000, 0x00000000dcab86c8, 0x00000000dda00000)
  to   space 21824K,   0% used [0x00000000daf60000, 0x00000000daf60000, 0x00000000dc4b0000)
 concurrent mark-sweep generation total 393216K, used 21340K [0x00000000dda00000, 0x00000000f5a00000, 0x00000000f5a00000)
 concurrent-mark-sweep perm gen total 25088K, used 25001K [0x00000000f5a00000, 0x00000000f7280000, 0x0000000100000000)
}
2015-03-12T16:18:47.936-0400: 30.112: Total time for which application threads were stopped: 0.0145250 seconds
{Heap before GC invocations=15 (full 0):
 par new generation   total 109248K, used 93601K [0x00000000d5a00000, 0x00000000dda00000, 0x00000000dda00000)
  eden space 87424K, 100% used [0x00000000d5a00000, 0x00000000daf60000, 0x00000000daf60000)
  from space 21824K,  28% used [0x00000000dc4b0000, 0x00000000dcab86c8, 0x00000000dda00000)
  to   space 21824K,   0% used [0x00000000daf60000, 0x00000000daf60000, 0x00000000dc4b0000)
 concurrent mark-sweep generation total 393216K, used 21340K [0x00000000dda00000, 0x00000000f5a00000, 0x00000000f5a00000)
 concurrent-mark-sweep perm gen total 25280K, used 25077K [0x00000000f5a00000, 0x00000000f72b0000, 0x0000000100000000)
2015-03-12T16:18:47.987-0400: 30.162: [GC2015-03-12T16:18:47.987-0400: 30.162: [ParNew
Desired survivor size 20112992 bytes, new threshold 8 (max 8)
- age   1:    1848472 bytes,    1848472 total
- age   2:      99928 bytes,    1948400 total
- age   3:     164072 bytes,    2112472 total
- age   4:      86384 bytes,    2198856 total
- age   6:      46440 bytes,    2245296 total
- age   7:      35080 bytes,    2280376 total
- age   8:      36864 bytes,    2317240 total
: 93601K->3206K(109248K), 0.0046770 secs] 114942K->25564K(502464K), 0.0047830 secs] [Times: user=0.02 sys=0.00, real=0.00 secs] 
Heap after GC invocations=16 (full 0):
 par new generation   total 109248K, used 3206K [0x00000000d5a00000, 0x00000000dda00000, 0x00000000dda00000)
  eden space 87424K,   0% used [0x00000000d5a00000, 0x00000000d5a00000, 0x00000000daf60000)
  from space 21824K,  14% used [0x00000000daf60000, 0x00000000db2819c0, 0x00000000dc4b0000)
  to   space 21824K,   0% used [0x00000000dc4b0000, 0x00000000dc4b0000, 0x00000000dda00000)
 concurrent mark-sweep generation total 393216K, used 22357K [0x00000000dda00000, 0x00000000f5a00000, 0x00000000f5a00000)
 concurrent-mark-sweep perm gen total 25280K, used 25077K [0x00000000f5a00000, 0x00000000f72b0000, 0x0000000100000000)
}
2015-03-12T16:18:47.992-0400: 30.167: Total time for which application threads were stopped: 0.0051660 seconds
2015-03-12T16:18:48.009-0400: 30.184: Total time for which application threads were stopped: 0.0002330 seconds
2015-03-12T16:18:48.029-0400: 30.205: Total time for which application threads were stopped: 0.0002090 seconds
{Heap before GC invocations=16 (full 0):
 par new generation   total 109248K, used 90630K [0x00000000d5a00000, 0x00000000dda00000, 0x00000000dda00000)
  eden space 87424K, 100% used [0x00000000d5a00000, 0x00000000daf60000, 0x00000000daf60000)
  from space 21824K,  14% used [0x00000000daf60000, 0x00000000db2819c0, 0x00000000dc4b0000)
  to   space 21824K,   0% used [0x00000000dc4b0000, 0x00000000dc4b0000, 0x00000000dda00000)
 concurrent mark-sweep generation total 393216K, used 22357K [0x00000000dda00000, 0x00000000f5a00000, 0x00000000f5a00000)
 concurrent-mark-sweep perm gen total 25280K, used 25207K [0x00000000f5a00000, 0x00000000f72b0000, 0x0000000100000000)
2015-03-12T16:18:48.052-0400: 30.228: [GC2015-03-12T16:18:48.053-0400: 30.228: [ParNew
Desired survivor size 20112992 bytes, new threshold 8 (max 8)
- age   1:    1206680 bytes,    1206680 total
- age   2:      61216 bytes,    1267896 total
- age   3:      99328 bytes,    1367224 total
- age   4:     163480 bytes,    1530704 total
- age   5:      86384 bytes,    1617088 total
- age   7:      46416 bytes,    1663504 total
- age   8:      35056 bytes,    1698560 total
: 90630K->2074K(109248K), 0.0034820 secs] 112988K->24469K(502464K), 0.0035710 secs] [Times: user=0.02 sys=0.00, real=0.00 secs] 
Heap after GC invocations=17 (full 0):
 par new generation   total 109248K, used 2074K [0x00000000d5a00000, 0x00000000dda00000, 0x00000000dda00000)
  eden space 87424K,   0% used [0x00000000d5a00000, 0x00000000d5a00000, 0x00000000daf60000)
  from space 21824K,   9% used [0x00000000dc4b0000, 0x00000000dc6b6a00, 0x00000000dda00000)
  to   space 21824K,   0% used [0x00000000daf60000, 0x00000000daf60000, 0x00000000dc4b0000)
 concurrent mark-sweep generation total 393216K, used 22395K [0x00000000dda00000, 0x00000000f5a00000, 0x00000000f5a00000)
 concurrent-mark-sweep perm gen total 25280K, used 25207K [0x00000000f5a00000, 0x00000000f72b0000, 0x0000000100000000)
}
2015-03-12T16:18:48.056-0400: 30.232: Total time for which application threads were stopped: 0.0038660 seconds
{Heap before GC invocations=17 (full 0):
 par new generation   total 109248K, used 89498K [0x00000000d5a00000, 0x00000000dda00000, 0x00000000dda00000)
  eden space 87424K, 100% used [0x00000000d5a00000, 0x00000000daf60000, 0x00000000daf60000)
  from space 21824K,   9% used [0x00000000dc4b0000, 0x00000000dc6b6a00, 0x00000000dda00000)
  to   space 21824K,   0% used [0x00000000daf60000, 0x00000000daf60000, 0x00000000dc4b0000)
 concurrent mark-sweep generation total 393216K, used 22395K [0x00000000dda00000, 0x00000000f5a00000, 0x00000000f5a00000)
 concurrent-mark-sweep perm gen total 25280K, used 25246K [0x00000000f5a00000, 0x00000000f72b0000, 0x0000000100000000)
2015-03-12T16:18:48.106-0400: 30.281: [GC2015-03-12T16:18:48.106-0400: 30.281: [ParNew
Desired survivor size 20112992 bytes, new threshold 8 (max 8)
- age   1:    2806928 bytes,    2806928 total
- age   2:      88000 bytes,    2894928 total
- age   3:      61120 bytes,    2956048 total
- age   4:      99088 bytes,    3055136 total
- age   5:     163280 bytes,    3218416 total
- age   6:      86384 bytes,    3304800 total
- age   8:      46344 bytes,    3351144 total
: 89498K->3974K(109248K), 0.0039510 secs] 111893K->26405K(502464K), 0.0040390 secs] [Times: user=0.02 sys=0.00, real=0.00 secs] 
Heap after GC invocations=18 (full 0):
 par new generation   total 109248K, used 3974K [0x00000000d5a00000, 0x00000000dda00000, 0x00000000dda00000)
  eden space 87424K,   0% used [0x00000000d5a00000, 0x00000000d5a00000, 0x00000000daf60000)
  from space 21824K,  18% used [0x00000000daf60000, 0x00000000db341a70, 0x00000000dc4b0000)
  to   space 21824K,   0% used [0x00000000dc4b0000, 0x00000000dc4b0000, 0x00000000dda00000)
 concurrent mark-sweep generation total 393216K, used 22431K [0x00000000dda00000, 0x00000000f5a00000, 0x00000000f5a00000)
 concurrent-mark-sweep perm gen total 25280K, used 25246K [0x00000000f5a00000, 0x00000000f72b0000, 0x0000000100000000)
}
2015-03-12T16:18:48.110-0400: 30.286: Total time for which application threads were stopped: 0.0043770 seconds
{Heap before GC invocations=18 (full 0):
 par new generation   total 109248K, used 91398K [0x00000000d5a00000, 0x00000000dda00000, 0x00000000dda00000)
  eden space 87424K, 100% used [0x00000000d5a00000, 0x00000000daf60000, 0x00000000daf60000)
  from space 21824K,  18% used [0x00000000daf60000, 0x00000000db341a70, 0x00000000dc4b0000)
  to   space 21824K,   0% used [0x00000000dc4b0000, 0x00000000dc4b0000, 0x00000000dda00000)
 concurrent mark-sweep generation total 393216K, used 22431K [0x00000000dda00000, 0x00000000f5a00000, 0x00000000f5a00000)
 concurrent-mark-sweep perm gen total 25472K, used 25323K [0x00000000f5a00000, 0x00000000f72e0000, 0x0000000100000000)
2015-03-12T16:18:48.164-0400: 30.339: [GC2015-03-12T16:18:48.164-0400: 30.339: [ParNew
Desired survivor size 20112992 bytes, new threshold 8 (max 8)
- age   1:    2468336 bytes,    2468336 total
- age   2:      77072 bytes,    2545408 total
- age   3:      87976 bytes,    2633384 total
- age   4:      61024 bytes,    2694408 total
- age   5:      99040 bytes,    2793448 total
- age   6:     163208 bytes,    2956656 total
- age   7:      86336 bytes,    3042992 total
: 91398K->4990K(109248K), 0.0039510 secs] 113829K->27469K(502464K), 0.0040380 secs] [Times: user=0.02 sys=0.00, real=0.00 secs] 
Heap after GC invocations=19 (full 0):
 par new generation   total 109248K, used 4990K [0x00000000d5a00000, 0x00000000dda00000, 0x00000000dda00000)
  eden space 87424K,   0% used [0x00000000d5a00000, 0x00000000d5a00000, 0x00000000daf60000)
  from space 21824K,  22% used [0x00000000dc4b0000, 0x00000000dc98fb90, 0x00000000dda00000)
  to   space 21824K,   0% used [0x00000000daf60000, 0x00000000daf60000, 0x00000000dc4b0000)
 concurrent mark-sweep generation total 393216K, used 22478K [0x00000000dda00000, 0x00000000f5a00000, 0x00000000f5a00000)
 concurrent-mark-sweep perm gen total 25472K, used 25323K [0x00000000f5a00000, 0x00000000f72e0000, 0x0000000100000000)
}
2015-03-12T16:18:48.168-0400: 30.343: Total time for which application threads were stopped: 0.0043900 seconds
{Heap before GC invocations=19 (full 0):
 par new generation   total 109248K, used 92414K [0x00000000d5a00000, 0x00000000dda00000, 0x00000000dda00000)
  eden space 87424K, 100% used [0x00000000d5a00000, 0x00000000daf60000, 0x00000000daf60000)
  from space 21824K,  22% used [0x00000000dc4b0000, 0x00000000dc98fb90, 0x00000000dda00000)
  to   space 21824K,   0% used [0x00000000daf60000, 0x00000000daf60000, 0x00000000dc4b0000)
 concurrent mark-sweep generation total 393216K, used 22478K [0x00000000dda00000, 0x00000000f5a00000, 0x00000000f5a00000)
 concurrent-mark-sweep perm gen total 25472K, used 25337K [0x00000000f5a00000, 0x00000000f72e0000, 0x0000000100000000)
2015-03-12T16:18:48.219-0400: 30.395: [GC2015-03-12T16:18:48.219-0400: 30.395: [ParNew
Desired survivor size 20112992 bytes, new threshold 8 (max 8)
- age   1:    2907288 bytes,    2907288 total
- age   2:      86688 bytes,    2993976 total
- age   3:      76920 bytes,    3070896 total
- age   4:      86736 bytes,    3157632 total
- age   5:      60112 bytes,    3217744 total
- age   6:      97936 bytes,    3315680 total
- age   7:     162936 bytes,    3478616 total
- age   8:      84840 bytes,    3563456 total
: 92414K->4367K(109248K), 0.0039310 secs] 114893K->26845K(502464K), 0.0040220 secs] [Times: user=0.02 sys=0.00, real=0.01 secs] 
Heap after GC invocations=20 (full 0):
 par new generation   total 109248K, used 4367K [0x00000000d5a00000, 0x00000000dda00000, 0x00000000dda00000)
  eden space 87424K,   0% used [0x00000000d5a00000, 0x00000000d5a00000, 0x00000000daf60000)
  from space 21824K,  20% used [0x00000000daf60000, 0x00000000db3a3ee0, 0x00000000dc4b0000)
  to   space 21824K,   0% used [0x00000000dc4b0000, 0x00000000dc4b0000, 0x00000000dda00000)
 concurrent mark-sweep generation total 393216K, used 22478K [0x00000000dda00000, 0x00000000f5a00000, 0x00000000f5a00000)
 concurrent-mark-sweep perm gen total 25472K, used 25337K [0x00000000f5a00000, 0x00000000f72e0000, 0x0000000100000000)
}
2015-03-12T16:18:48.223-0400: 30.399: Total time for which application threads were stopped: 0.0043500 seconds
{Heap before GC invocations=20 (full 0):
 par new generation   total 109248K, used 91791K [0x00000000d5a00000, 0x00000000dda00000, 0x00000000dda00000)
  eden space 87424K, 100% used [0x00000000d5a00000, 0x00000000daf60000, 0x00000000daf60000)
  from space 21824K,  20% used [0x00000000daf60000, 0x00000000db3a3ee0, 0x00000000dc4b0000)
  to   space 21824K,   0% used [0x00000000dc4b0000, 0x00000000dc4b0000, 0x00000000dda00000)
 concurrent mark-sweep generation total 393216K, used 22478K [0x00000000dda00000, 0x00000000f5a00000, 0x00000000f5a00000)
 concurrent-mark-sweep perm gen total 25472K, used 25359K [0x00000000f5a00000, 0x00000000f72e0000, 0x0000000100000000)
2015-03-12T16:18:48.278-0400: 30.453: [GC2015-03-12T16:18:48.278-0400: 30.453: [ParNew
Desired survivor size 20112992 bytes, new threshold 8 (max 8)
- age   1:    3239408 bytes,    3239408 total
- age   2:      87520 bytes,    3326928 total
- age   3:      86544 bytes,    3413472 total
- age   4:      76600 bytes,    3490072 total
- age   5:      86568 bytes,    3576640 total
- age   6:      59896 bytes,    3636536 total
- age   7:      97840 bytes,    3734376 total
- age   8:     162888 bytes,    3897264 total
: 91791K->5947K(109248K), 0.0041190 secs] 114269K->28510K(502464K), 0.0042300 secs] [Times: user=0.01 sys=0.00, real=0.00 secs] 
Heap after GC invocations=21 (full 0):
 par new generation   total 109248K, used 5947K [0x00000000d5a00000, 0x00000000dda00000, 0x00000000dda00000)
  eden space 87424K,   0% used [0x00000000d5a00000, 0x00000000d5a00000, 0x00000000daf60000)
  from space 21824K,  27% used [0x00000000dc4b0000, 0x00000000dca7efc0, 0x00000000dda00000)
  to   space 21824K,   0% used [0x00000000daf60000, 0x00000000daf60000, 0x00000000dc4b0000)
 concurrent mark-sweep generation total 393216K, used 22562K [0x00000000dda00000, 0x00000000f5a00000, 0x00000000f5a00000)
 concurrent-mark-sweep perm gen total 25472K, used 25359K [0x00000000f5a00000, 0x00000000f72e0000, 0x0000000100000000)
}
2015-03-12T16:18:48.282-0400: 30.458: Total time for which application threads were stopped: 0.0045730 seconds
{Heap before GC invocations=21 (full 0):
 par new generation   total 109248K, used 93371K [0x00000000d5a00000, 0x00000000dda00000, 0x00000000dda00000)
  eden space 87424K, 100% used [0x00000000d5a00000, 0x00000000daf60000, 0x00000000daf60000)
  from space 21824K,  27% used [0x00000000dc4b0000, 0x00000000dca7efc0, 0x00000000dda00000)
  to   space 21824K,   0% used [0x00000000daf60000, 0x00000000daf60000, 0x00000000dc4b0000)
 concurrent mark-sweep generation total 393216K, used 22562K [0x00000000dda00000, 0x00000000f5a00000, 0x00000000f5a00000)
 concurrent-mark-sweep perm gen total 25472K, used 25373K [0x00000000f5a00000, 0x00000000f72e0000, 0x0000000100000000)
2015-03-12T16:18:48.340-0400: 30.516: [GC2015-03-12T16:18:48.341-0400: 30.516: [ParNew
Desired survivor size 20112992 bytes, new threshold 8 (max 8)
- age   1:    3367208 bytes,    3367208 total
- age   2:      93088 bytes,    3460296 total
- age   3:      87208 bytes,    3547504 total
- age   4:      86520 bytes,    3634024 total
- age   5:      76552 bytes,    3710576 total
- age   6:      86520 bytes,    3797096 total
- age   7:      59824 bytes,    3856920 total
- age   8:      97840 bytes,    3954760 total
: 93371K->4661K(109248K), 0.0043420 secs] 115934K->27385K(502464K), 0.0044350 secs] [Times: user=0.02 sys=0.00, real=0.01 secs] 
Heap after GC invocations=22 (full 0):
 par new generation   total 109248K, used 4661K [0x00000000d5a00000, 0x00000000dda00000, 0x00000000dda00000)
  eden space 87424K,   0% used [0x00000000d5a00000, 0x00000000d5a00000, 0x00000000daf60000)
  from space 21824K,  21% used [0x00000000daf60000, 0x00000000db3ed4a8, 0x00000000dc4b0000)
  to   space 21824K,   0% used [0x00000000dc4b0000, 0x00000000dc4b0000, 0x00000000dda00000)
 concurrent mark-sweep generation total 393216K, used 22724K [0x00000000dda00000, 0x00000000f5a00000, 0x00000000f5a00000)
 concurrent-mark-sweep perm gen total 25472K, used 25373K [0x00000000f5a00000, 0x00000000f72e0000, 0x0000000100000000)
}
2015-03-12T16:18:48.345-0400: 30.521: Total time for which application threads were stopped: 0.0048230 seconds
{Heap before GC invocations=22 (full 0):
 par new generation   total 109248K, used 92085K [0x00000000d5a00000, 0x00000000dda00000, 0x00000000dda00000)
  eden space 87424K, 100% used [0x00000000d5a00000, 0x00000000daf60000, 0x00000000daf60000)
  from space 21824K,  21% used [0x00000000daf60000, 0x00000000db3ed4a8, 0x00000000dc4b0000)
  to   space 21824K,   0% used [0x00000000dc4b0000, 0x00000000dc4b0000, 0x00000000dda00000)
 concurrent mark-sweep generation total 393216K, used 22724K [0x00000000dda00000, 0x00000000f5a00000, 0x00000000f5a00000)
 concurrent-mark-sweep perm gen total 25856K, used 25711K [0x00000000f5a00000, 0x00000000f7340000, 0x0000000100000000)
2015-03-12T16:18:48.407-0400: 30.582: [GC2015-03-12T16:18:48.407-0400: 30.582: [ParNew
Desired survivor size 20112992 bytes, new threshold 8 (max 8)
- age   1:    3476528 bytes,    3476528 total
- age   2:      91896 bytes,    3568424 total
- age   3:      93040 bytes,    3661464 total
- age   4:      85384 bytes,    3746848 total
- age   5:      86496 bytes,    3833344 total
- age   6:      76504 bytes,    3909848 total
- age   7:      86424 bytes,    3996272 total
- age   8:      59728 bytes,    4056000 total
: 92085K->5810K(109248K), 0.0045460 secs] 114809K->28632K(502464K), 0.0046580 secs] [Times: user=0.02 sys=0.00, real=0.00 secs] 
Heap after GC invocations=23 (full 0):
 par new generation   total 109248K, used 5810K [0x00000000d5a00000, 0x00000000dda00000, 0x00000000dda00000)
  eden space 87424K,   0% used [0x00000000d5a00000, 0x00000000d5a00000, 0x00000000daf60000)
  from space 21824K,  26% used [0x00000000dc4b0000, 0x00000000dca5ca30, 0x00000000dda00000)
  to   space 21824K,   0% used [0x00000000daf60000, 0x00000000daf60000, 0x00000000dc4b0000)
 concurrent mark-sweep generation total 393216K, used 22821K [0x00000000dda00000, 0x00000000f5a00000, 0x00000000f5a00000)
 concurrent-mark-sweep perm gen total 25856K, used 25711K [0x00000000f5a00000, 0x00000000f7340000, 0x0000000100000000)
}
2015-03-12T16:18:48.411-0400: 30.587: Total time for which application threads were stopped: 0.0050850 seconds
{Heap before GC invocations=23 (full 0):
 par new generation   total 109248K, used 93219K [0x00000000d5a00000, 0x00000000dda00000, 0x00000000dda00000)
  eden space 87424K,  99% used [0x00000000d5a00000, 0x00000000daf5c4c0, 0x00000000daf60000)
  from space 21824K,  26% used [0x00000000dc4b0000, 0x00000000dca5ca30, 0x00000000dda00000)
  to   space 21824K,   0% used [0x00000000daf60000, 0x00000000daf60000, 0x00000000dc4b0000)
 concurrent mark-sweep generation total 393216K, used 22821K [0x00000000dda00000, 0x00000000f5a00000, 0x00000000f5a00000)
 concurrent-mark-sweep perm gen total 26048K, used 26006K [0x00000000f5a00000, 0x00000000f7370000, 0x0000000100000000)
2015-03-12T16:18:48.476-0400: 30.651: [GC2015-03-12T16:18:48.476-0400: 30.652: [ParNew
Desired survivor size 20112992 bytes, new threshold 8 (max 8)
- age   1:    2212328 bytes,    2212328 total
- age   2:     122240 bytes,    2334568 total
- age   3:      91800 bytes,    2426368 total
- age   4:      92776 bytes,    2519144 total
- age   5:      85384 bytes,    2604528 total
- age   6:      86496 bytes,    2691024 total
- age   7:      76384 bytes,    2767408 total
- age   8:      86352 bytes,    2853760 total
: 93219K->4052K(109248K), 0.0041340 secs] 116041K->26934K(502464K), 0.0042280 secs] [Times: user=0.02 sys=0.00, real=0.00 secs] 
Heap after GC invocations=24 (full 0):
 par new generation   total 109248K, used 4052K [0x00000000d5a00000, 0x00000000dda00000, 0x00000000dda00000)
  eden space 87424K,   0% used [0x00000000d5a00000, 0x00000000d5a00000, 0x00000000daf60000)
  from space 21824K,  18% used [0x00000000daf60000, 0x00000000db355010, 0x00000000dc4b0000)
  to   space 21824K,   0% used [0x00000000dc4b0000, 0x00000000dc4b0000, 0x00000000dda00000)
 concurrent mark-sweep generation total 393216K, used 22882K [0x00000000dda00000, 0x00000000f5a00000, 0x00000000f5a00000)
 concurrent-mark-sweep perm gen total 26048K, used 26006K [0x00000000f5a00000, 0x00000000f7370000, 0x0000000100000000)
}
2015-03-12T16:18:48.480-0400: 30.656: Total time for which application threads were stopped: 0.0045840 seconds
{Heap before GC invocations=24 (full 0):
 par new generation   total 109248K, used 91476K [0x00000000d5a00000, 0x00000000dda00000, 0x00000000dda00000)
  eden space 87424K, 100% used [0x00000000d5a00000, 0x00000000daf60000, 0x00000000daf60000)
  from space 21824K,  18% used [0x00000000daf60000, 0x00000000db355010, 0x00000000dc4b0000)
  to   space 21824K,   0% used [0x00000000dc4b0000, 0x00000000dc4b0000, 0x00000000dda00000)
 concurrent mark-sweep generation total 393216K, used 22882K [0x00000000dda00000, 0x00000000f5a00000, 0x00000000f5a00000)
 concurrent-mark-sweep perm gen total 26048K, used 26015K [0x00000000f5a00000, 0x00000000f7370000, 0x0000000100000000)
2015-03-12T16:18:48.543-0400: 30.718: [GC2015-03-12T16:18:48.543-0400: 30.718: [ParNew
Desired survivor size 20112992 bytes, new threshold 8 (max 8)
- age   1:    3252240 bytes,    3252240 total
- age   2:     121048 bytes,    3373288 total
- age   3:     122112 bytes,    3495400 total
- age   4:      91776 bytes,    3587176 total
- age   5:      92656 bytes,    3679832 total
- age   6:      85336 bytes,    3765168 total
- age   7:      86448 bytes,    3851616 total
- age   8:      76288 bytes,    3927904 total
: 91476K->4465K(109248K), 0.0045210 secs] 114358K->27436K(502464K), 0.0046320 secs] [Times: user=0.02 sys=0.00, real=0.00 secs] 
Heap after GC invocations=25 (full 0):
 par new generation   total 109248K, used 4465K [0x00000000d5a00000, 0x00000000dda00000, 0x00000000dda00000)
  eden space 87424K,   0% used [0x00000000d5a00000, 0x00000000d5a00000, 0x00000000daf60000)
  from space 21824K,  20% used [0x00000000dc4b0000, 0x00000000dc90c750, 0x00000000dda00000)
  to   space 21824K,   0% used [0x00000000daf60000, 0x00000000daf60000, 0x00000000dc4b0000)
 concurrent mark-sweep generation total 393216K, used 22970K [0x00000000dda00000, 0x00000000f5a00000, 0x00000000f5a00000)
 concurrent-mark-sweep perm gen total 26048K, used 26015K [0x00000000f5a00000, 0x00000000f7370000, 0x0000000100000000)
}
2015-03-12T16:18:48.547-0400: 30.723: Total time for which application threads were stopped: 0.0050350 seconds
{Heap before GC invocations=25 (full 0):
 par new generation   total 109248K, used 91889K [0x00000000d5a00000, 0x00000000dda00000, 0x00000000dda00000)
  eden space 87424K, 100% used [0x00000000d5a00000, 0x00000000daf60000, 0x00000000daf60000)
  from space 21824K,  20% used [0x00000000dc4b0000, 0x00000000dc90c750, 0x00000000dda00000)
  to   space 21824K,   0% used [0x00000000daf60000, 0x00000000daf60000, 0x00000000dc4b0000)
 concurrent mark-sweep generation total 393216K, used 22970K [0x00000000dda00000, 0x00000000f5a00000, 0x00000000f5a00000)
 concurrent-mark-sweep perm gen total 26240K, used 26026K [0x00000000f5a00000, 0x00000000f73a0000, 0x0000000100000000)
2015-03-12T16:18:48.612-0400: 30.787: [GC2015-03-12T16:18:48.612-0400: 30.787: [ParNew
Desired survivor size 20112992 bytes, new threshold 8 (max 8)
- age   1:    2373624 bytes,    2373624 total
- age   2:      82264 bytes,    2455888 total
- age   3:     121000 bytes,    2576888 total
- age   4:     122040 bytes,    2698928 total
- age   5:      91704 bytes,    2790632 total
- age   6:      92560 bytes,    2883192 total
- age   7:      85312 bytes,    2968504 total
- age   8:      86400 bytes,    3054904 total
: 91889K->4924K(109248K), 0.0040830 secs] 114860K->27970K(502464K), 0.0041750 secs] [Times: user=0.02 sys=0.00, real=0.01 secs] 
Heap after GC invocations=26 (full 0):
 par new generation   total 109248K, used 4924K [0x00000000d5a00000, 0x00000000dda00000, 0x00000000dda00000)
  eden space 87424K,   0% used [0x00000000d5a00000, 0x00000000d5a00000, 0x00000000daf60000)
  from space 21824K,  22% used [0x00000000daf60000, 0x00000000db42f170, 0x00000000dc4b0000)
  to   space 21824K,   0% used [0x00000000dc4b0000, 0x00000000dc4b0000, 0x00000000dda00000)
 concurrent mark-sweep generation total 393216K, used 23046K [0x00000000dda00000, 0x00000000f5a00000, 0x00000000f5a00000)
 concurrent-mark-sweep perm gen total 26240K, used 26026K [0x00000000f5a00000, 0x00000000f73a0000, 0x0000000100000000)
}
2015-03-12T16:18:48.616-0400: 30.792: Total time for which application threads were stopped: 0.0045020 seconds
2015-03-12T16:18:48.656-0400: 30.831: Total time for which application threads were stopped: 0.0002410 seconds
2015-03-12T16:18:48.697-0400: 30.873: Total time for which application threads were stopped: 0.0002240 seconds
{Heap before GC invocations=26 (full 0):
 par new generation   total 109248K, used 92342K [0x00000000d5a00000, 0x00000000dda00000, 0x00000000dda00000)
  eden space 87424K,  99% used [0x00000000d5a00000, 0x00000000daf5e918, 0x00000000daf60000)
  from space 21824K,  22% used [0x00000000daf60000, 0x00000000db42f170, 0x00000000dc4b0000)
  to   space 21824K,   0% used [0x00000000dc4b0000, 0x00000000dc4b0000, 0x00000000dda00000)
 concurrent mark-sweep generation total 393216K, used 23046K [0x00000000dda00000, 0x00000000f5a00000, 0x00000000f5a00000)
 concurrent-mark-sweep perm gen total 26624K, used 26428K [0x00000000f5a00000, 0x00000000f7400000, 0x0000000100000000)
2015-03-12T16:18:48.701-0400: 30.877: [GC2015-03-12T16:18:48.701-0400: 30.877: [ParNew
Desired survivor size 20112992 bytes, new threshold 8 (max 8)
- age   1:    1173720 bytes,    1173720 total
- age   2:      74840 bytes,    1248560 total
- age   3:      82264 bytes,    1330824 total
- age   4:     120832 bytes,    1451656 total
- age   5:     121992 bytes,    1573648 total
- age   6:      91608 bytes,    1665256 total
- age   7:      92536 bytes,    1757792 total
- age   8:      85288 bytes,    1843080 total
: 92342K->2741K(109248K), 0.0050850 secs] 115388K->25873K(502464K), 0.0051610 secs] [Times: user=0.02 sys=0.01, real=0.01 secs] 
Heap after GC invocations=27 (full 0):
 par new generation   total 109248K, used 2741K [0x00000000d5a00000, 0x00000000dda00000, 0x00000000dda00000)
  eden space 87424K,   0% used [0x00000000d5a00000, 0x00000000d5a00000, 0x00000000daf60000)
  from space 21824K,  12% used [0x00000000dc4b0000, 0x00000000dc75d5b8, 0x00000000dda00000)
  to   space 21824K,   0% used [0x00000000daf60000, 0x00000000daf60000, 0x00000000dc4b0000)
 concurrent mark-sweep generation total 393216K, used 23132K [0x00000000dda00000, 0x00000000f5a00000, 0x00000000f5a00000)
 concurrent-mark-sweep perm gen total 26624K, used 26428K [0x00000000f5a00000, 0x00000000f7400000, 0x0000000100000000)
}
2015-03-12T16:18:48.707-0400: 30.882: Total time for which application threads were stopped: 0.0054040 seconds
2015-03-12T16:18:48.710-0400: 30.886: Total time for which application threads were stopped: 0.0001530 seconds
2015-03-12T16:18:48.711-0400: 30.886: Total time for which application threads were stopped: 0.0001600 seconds
2015-03-12T16:18:48.711-0400: 30.887: Total time for which application threads were stopped: 0.0001610 seconds
2015-03-12T16:18:48.711-0400: 30.887: Total time for which application threads were stopped: 0.0001280 seconds
2015-03-12T16:18:48.712-0400: 30.887: Total time for which application threads were stopped: 0.0002110 seconds
2015-03-12T16:18:48.713-0400: 30.888: Total time for which application threads were stopped: 0.0002590 seconds
2015-03-12T16:18:48.713-0400: 30.889: Total time for which application threads were stopped: 0.0001640 seconds
2015-03-12T16:18:48.716-0400: 30.891: Total time for which application threads were stopped: 0.0001790 seconds
2015-03-12T16:18:48.718-0400: 30.894: Total time for which application threads were stopped: 0.0001240 seconds
2015-03-12T16:18:48.720-0400: 30.896: Total time for which application threads were stopped: 0.0002020 seconds
2015-03-12T16:18:48.723-0400: 30.899: Total time for which application threads were stopped: 0.0001460 seconds
2015-03-12T16:18:48.776-0400: 30.952: Total time for which application threads were stopped: 0.0001980 seconds
2015-03-12T16:18:48.778-0400: 30.953: Total time for which application threads were stopped: 0.0001280 seconds
2015-03-12T16:18:48.778-0400: 30.954: Total time for which application threads were stopped: 0.0001200 seconds
2015-03-12T16:18:48.779-0400: 30.954: Total time for which application threads were stopped: 0.0001860 seconds
2015-03-12T16:18:48.779-0400: 30.955: Total time for which application threads were stopped: 0.0001630 seconds
2015-03-12T16:18:48.779-0400: 30.955: Total time for which application threads were stopped: 0.0001860 seconds
2015-03-12T16:18:48.782-0400: 30.958: Total time for which application threads were stopped: 0.0001930 seconds
2015-03-12T16:18:48.794-0400: 30.970: Total time for which application threads were stopped: 0.0001580 seconds
2015-03-12T16:18:48.797-0400: 30.973: Total time for which application threads were stopped: 0.0001880 seconds
2015-03-12T16:18:48.799-0400: 30.975: Total time for which application threads were stopped: 0.0001550 seconds
2015-03-12T16:18:48.803-0400: 30.978: Total time for which application threads were stopped: 0.0006210 seconds
2015-03-12T16:18:48.804-0400: 30.979: Total time for which application threads were stopped: 0.0001600 seconds
2015-03-12T16:18:48.804-0400: 30.980: Total time for which application threads were stopped: 0.0001440 seconds
2015-03-12T16:18:48.805-0400: 30.980: Total time for which application threads were stopped: 0.0001780 seconds
2015-03-12T16:18:48.810-0400: 30.986: Total time for which application threads were stopped: 0.0001820 seconds
2015-03-12T16:18:48.816-0400: 30.992: Total time for which application threads were stopped: 0.0002600 seconds
2015-03-12T16:18:48.817-0400: 30.993: Total time for which application threads were stopped: 0.0001840 seconds
2015-03-12T16:18:48.820-0400: 30.996: Total time for which application threads were stopped: 0.0001480 seconds
2015-03-12T16:18:48.823-0400: 30.998: Total time for which application threads were stopped: 0.0001730 seconds
2015-03-12T16:18:48.827-0400: 31.002: Total time for which application threads were stopped: 0.0001330 seconds
2015-03-12T16:18:48.827-0400: 31.003: Total time for which application threads were stopped: 0.0001570 seconds
2015-03-12T16:18:48.829-0400: 31.005: Total time for which application threads were stopped: 0.0002110 seconds
2015-03-12T16:18:48.832-0400: 31.008: Total time for which application threads were stopped: 0.0002240 seconds
2015-03-12T16:18:48.835-0400: 31.010: Total time for which application threads were stopped: 0.0002110 seconds
2015-03-12T16:18:48.837-0400: 31.012: Total time for which application threads were stopped: 0.0002000 seconds
2015-03-12T16:18:48.844-0400: 31.019: Total time for which application threads were stopped: 0.0002480 seconds
2015-03-12T16:18:48.844-0400: 31.020: Total time for which application threads were stopped: 0.0001690 seconds
2015-03-12T16:18:48.845-0400: 31.020: Total time for which application threads were stopped: 0.0001550 seconds
2015-03-12T16:18:48.845-0400: 31.021: Total time for which application threads were stopped: 0.0001890 seconds
2015-03-12T16:18:48.847-0400: 31.022: Total time for which application threads were stopped: 0.0001920 seconds
2015-03-12T16:18:48.849-0400: 31.024: Total time for which application threads were stopped: 0.0003280 seconds
2015-03-12T16:18:48.915-0400: 31.091: Total time for which application threads were stopped: 0.0003440 seconds
2015-03-12T16:18:48.951-0400: 31.126: Total time for which application threads were stopped: 0.0003190 seconds
2015-03-12T16:18:49.063-0400: 31.238: Total time for which application threads were stopped: 0.0003340 seconds
2015-03-12T16:18:49.145-0400: 31.320: Total time for which application threads were stopped: 0.0002810 seconds
2015-03-12T16:18:49.211-0400: 31.387: Total time for which application threads were stopped: 0.0002360 seconds
2015-03-12T16:18:49.217-0400: 31.393: Total time for which application threads were stopped: 0.0002200 seconds
2015-03-12T16:18:49.360-0400: 31.536: Total time for which application threads were stopped: 0.0003080 seconds
2015-03-12T16:18:49.383-0400: 31.559: Total time for which application threads were stopped: 0.0002020 seconds
{Heap before GC invocations=27 (full 0):
 par new generation   total 109248K, used 90165K [0x00000000d5a00000, 0x00000000dda00000, 0x00000000dda00000)
  eden space 87424K, 100% used [0x00000000d5a00000, 0x00000000daf60000, 0x00000000daf60000)
  from space 21824K,  12% used [0x00000000dc4b0000, 0x00000000dc75d5b8, 0x00000000dda00000)
  to   space 21824K,   0% used [0x00000000daf60000, 0x00000000daf60000, 0x00000000dc4b0000)
 concurrent mark-sweep generation total 393216K, used 23132K [0x00000000dda00000, 0x00000000f5a00000, 0x00000000f5a00000)
 concurrent-mark-sweep perm gen total 27392K, used 27352K [0x00000000f5a00000, 0x00000000f74c0000, 0x0000000100000000)
2015-03-12T16:18:49.410-0400: 31.585: [GC2015-03-12T16:18:49.410-0400: 31.585: [ParNew
Desired survivor size 20112992 bytes, new threshold 8 (max 8)
- age   1:    4965856 bytes,    4965856 total
- age   2:     570024 bytes,    5535880 total
- age   3:      74456 bytes,    5610336 total
- age   4:      81904 bytes,    5692240 total
- age   5:     119224 bytes,    5811464 total
- age   6:     121584 bytes,    5933048 total
- age   7:      91176 bytes,    6024224 total
- age   8:      92272 bytes,    6116496 total
: 90165K->6348K(109248K), 0.0074770 secs] 113297K->29565K(502464K), 0.0075900 secs] [Times: user=0.04 sys=0.00, real=0.01 secs] 
Heap after GC invocations=28 (full 0):
 par new generation   total 109248K, used 6348K [0x00000000d5a00000, 0x00000000dda00000, 0x00000000dda00000)
  eden space 87424K,   0% used [0x00000000d5a00000, 0x00000000d5a00000, 0x00000000daf60000)
  from space 21824K,  29% used [0x00000000daf60000, 0x00000000db5931f8, 0x00000000dc4b0000)
  to   space 21824K,   0% used [0x00000000dc4b0000, 0x00000000dc4b0000, 0x00000000dda00000)
 concurrent mark-sweep generation total 393216K, used 23217K [0x00000000dda00000, 0x00000000f5a00000, 0x00000000f5a00000)
 concurrent-mark-sweep perm gen total 27392K, used 27352K [0x00000000f5a00000, 0x00000000f74c0000, 0x0000000100000000)
}
2015-03-12T16:18:49.417-0400: 31.593: Total time for which application threads were stopped: 0.0079320 seconds
2015-03-12T16:18:49.430-0400: 31.605: Total time for which application threads were stopped: 0.0004310 seconds
2015-03-12T16:18:49.437-0400: 31.612: Total time for which application threads were stopped: 0.0008110 seconds
2015-03-12T16:18:49.449-0400: 31.624: Total time for which application threads were stopped: 0.0002210 seconds
2015-03-12T16:18:49.475-0400: 31.650: Total time for which application threads were stopped: 0.0002140 seconds
2015-03-12T16:18:49.493-0400: 31.669: Total time for which application threads were stopped: 0.0007500 seconds
2015-03-12T16:18:49.501-0400: 31.677: Total time for which application threads were stopped: 0.0001920 seconds
2015-03-12T16:18:49.502-0400: 31.678: Total time for which application threads were stopped: 0.0002070 seconds
2015-03-12T16:18:49.503-0400: 31.678: Total time for which application threads were stopped: 0.0001940 seconds
2015-03-12T16:18:49.503-0400: 31.678: Total time for which application threads were stopped: 0.0001230 seconds
2015-03-12T16:18:49.503-0400: 31.679: Total time for which application threads were stopped: 0.0001590 seconds
2015-03-12T16:18:49.503-0400: 31.679: Total time for which application threads were stopped: 0.0001170 seconds
2015-03-12T16:18:49.503-0400: 31.679: Total time for which application threads were stopped: 0.0001390 seconds
2015-03-12T16:18:49.505-0400: 31.680: Total time for which application threads were stopped: 0.0001870 seconds
2015-03-12T16:18:49.505-0400: 31.681: Total time for which application threads were stopped: 0.0001540 seconds
2015-03-12T16:18:49.507-0400: 31.682: Total time for which application threads were stopped: 0.0001970 seconds
2015-03-12T16:18:49.508-0400: 31.684: Total time for which application threads were stopped: 0.0001940 seconds
2015-03-12T16:18:49.511-0400: 31.687: Total time for which application threads were stopped: 0.0002020 seconds
2015-03-12T16:18:49.513-0400: 31.688: Total time for which application threads were stopped: 0.0001660 seconds
2015-03-12T16:18:49.519-0400: 31.694: Total time for which application threads were stopped: 0.0001870 seconds
2015-03-12T16:18:49.522-0400: 31.698: Total time for which application threads were stopped: 0.0008370 seconds
2015-03-12T16:18:49.723-0400: 31.899: Total time for which application threads were stopped: 0.0001670 seconds
2015-03-12T16:18:49.733-0400: 31.908: Total time for which application threads were stopped: 0.0001320 seconds
2015-03-12T16:18:49.743-0400: 31.919: Total time for which application threads were stopped: 0.0002410 seconds
2015-03-12T16:18:49.834-0400: 32.010: Total time for which application threads were stopped: 0.0001840 seconds
2015-03-12T16:18:49.877-0400: 32.053: Total time for which application threads were stopped: 0.0002870 seconds
2015-03-12T16:18:49.918-0400: 32.094: Total time for which application threads were stopped: 0.0001840 seconds
2015-03-12T16:18:49.958-0400: 32.133: Total time for which application threads were stopped: 0.0003040 seconds
2015-03-12T16:18:49.996-0400: 32.172: Total time for which application threads were stopped: 0.0003460 seconds
2015-03-12T16:18:50.017-0400: 32.192: Total time for which application threads were stopped: 0.0002580 seconds
2015-03-12T16:18:50.020-0400: 32.195: Total time for which application threads were stopped: 0.0001580 seconds
2015-03-12T16:18:50.022-0400: 32.198: Total time for which application threads were stopped: 0.0005910 seconds
2015-03-12T16:18:50.034-0400: 32.209: Total time for which application threads were stopped: 0.0005740 seconds
{Heap before GC invocations=28 (full 0):
 par new generation   total 109248K, used 93772K [0x00000000d5a00000, 0x00000000dda00000, 0x00000000dda00000)
  eden space 87424K, 100% used [0x00000000d5a00000, 0x00000000daf60000, 0x00000000daf60000)
  from space 21824K,  29% used [0x00000000daf60000, 0x00000000db5931f8, 0x00000000dc4b0000)
  to   space 21824K,   0% used [0x00000000dc4b0000, 0x00000000dc4b0000, 0x00000000dda00000)
 concurrent mark-sweep generation total 393216K, used 23217K [0x00000000dda00000, 0x00000000f5a00000, 0x00000000f5a00000)
 concurrent-mark-sweep perm gen total 29696K, used 29606K [0x00000000f5a00000, 0x00000000f7700000, 0x0000000100000000)
2015-03-12T16:18:50.095-0400: 32.271: [GC2015-03-12T16:18:50.095-0400: 32.271: [ParNew
Desired survivor size 20112992 bytes, new threshold 8 (max 8)
- age   1:    3278336 bytes,    3278336 total
- age   2:    4085808 bytes,    7364144 total
- age   3:     565648 bytes,    7929792 total
- age   4:      74072 bytes,    8003864 total
- age   5:      81808 bytes,    8085672 total
- age   6:     118984 bytes,    8204656 total
- age   7:     121296 bytes,    8325952 total
- age   8:      90960 bytes,    8416912 total
: 93772K->10652K(109248K), 0.0092370 secs] 116989K->33961K(502464K), 0.0093420 secs] [Times: user=0.04 sys=0.00, real=0.01 secs] 
Heap after GC invocations=29 (full 0):
 par new generation   total 109248K, used 10652K [0x00000000d5a00000, 0x00000000dda00000, 0x00000000dda00000)
  eden space 87424K,   0% used [0x00000000d5a00000, 0x00000000d5a00000, 0x00000000daf60000)
  from space 21824K,  48% used [0x00000000dc4b0000, 0x00000000dcf173f0, 0x00000000dda00000)
  to   space 21824K,   0% used [0x00000000daf60000, 0x00000000daf60000, 0x00000000dc4b0000)
 concurrent mark-sweep generation total 393216K, used 23308K [0x00000000dda00000, 0x00000000f5a00000, 0x00000000f5a00000)
 concurrent-mark-sweep perm gen total 29696K, used 29606K [0x00000000f5a00000, 0x00000000f7700000, 0x0000000100000000)
}
2015-03-12T16:18:50.105-0400: 32.280: Total time for which application threads were stopped: 0.0097180 seconds
2015-03-12T16:18:50.174-0400: 32.349: Total time for which application threads were stopped: 0.0001980 seconds
2015-03-12T16:18:50.353-0400: 32.528: Total time for which application threads were stopped: 0.0003130 seconds
2015-03-12T16:18:50.444-0400: 32.619: Total time for which application threads were stopped: 0.0005030 seconds
2015-03-12T16:18:50.474-0400: 32.650: Total time for which application threads were stopped: 0.0001690 seconds
2015-03-12T16:18:50.557-0400: 32.733: Total time for which application threads were stopped: 0.0003380 seconds
2015-03-12T16:18:50.566-0400: 32.741: Total time for which application threads were stopped: 0.0001590 seconds
2015-03-12T16:18:50.566-0400: 32.742: Total time for which application threads were stopped: 0.0001610 seconds
2015-03-12T16:18:50.566-0400: 32.742: Total time for which application threads were stopped: 0.0001290 seconds
2015-03-12T16:18:50.567-0400: 32.742: Total time for which application threads were stopped: 0.0001270 seconds
2015-03-12T16:18:50.567-0400: 32.743: Total time for which application threads were stopped: 0.0006040 seconds
2015-03-12T16:18:50.578-0400: 32.753: Total time for which application threads were stopped: 0.0001640 seconds
2015-03-12T16:18:50.581-0400: 32.757: Total time for which application threads were stopped: 0.0001470 seconds
2015-03-12T16:18:50.581-0400: 32.757: Total time for which application threads were stopped: 0.0001350 seconds
{Heap before GC invocations=29 (full 0):
 par new generation   total 109248K, used 98076K [0x00000000d5a00000, 0x00000000dda00000, 0x00000000dda00000)
  eden space 87424K, 100% used [0x00000000d5a00000, 0x00000000daf60000, 0x00000000daf60000)
  from space 21824K,  48% used [0x00000000dc4b0000, 0x00000000dcf173f0, 0x00000000dda00000)
  to   space 21824K,   0% used [0x00000000daf60000, 0x00000000daf60000, 0x00000000dc4b0000)
 concurrent mark-sweep generation total 393216K, used 23308K [0x00000000dda00000, 0x00000000f5a00000, 0x00000000f5a00000)
 concurrent-mark-sweep perm gen total 30656K, used 30571K [0x00000000f5a00000, 0x00000000f77f0000, 0x0000000100000000)
2015-03-12T16:18:50.591-0400: 32.767: [GC2015-03-12T16:18:50.591-0400: 32.767: [ParNew
Desired survivor size 20112992 bytes, new threshold 8 (max 8)
- age   1:    2401128 bytes,    2401128 total
- age   2:    1452568 bytes,    3853696 total
- age   3:    4083992 bytes,    7937688 total
- age   4:     564944 bytes,    8502632 total
- age   5:      74000 bytes,    8576632 total
- age   6:      81616 bytes,    8658248 total
- age   7:     118888 bytes,    8777136 total
- age   8:     121152 bytes,    8898288 total
: 98076K->12481K(109248K), 0.0098170 secs] 121385K->35881K(502464K), 0.0099370 secs] [Times: user=0.05 sys=0.00, real=0.01 secs] 
Heap after GC invocations=30 (full 0):
 par new generation   total 109248K, used 12481K [0x00000000d5a00000, 0x00000000dda00000, 0x00000000dda00000)
  eden space 87424K,   0% used [0x00000000d5a00000, 0x00000000d5a00000, 0x00000000daf60000)
  from space 21824K,  57% used [0x00000000daf60000, 0x00000000dbb907f0, 0x00000000dc4b0000)
  to   space 21824K,   0% used [0x00000000dc4b0000, 0x00000000dc4b0000, 0x00000000dda00000)
 concurrent mark-sweep generation total 393216K, used 23399K [0x00000000dda00000, 0x00000000f5a00000, 0x00000000f5a00000)
 concurrent-mark-sweep perm gen total 30656K, used 30571K [0x00000000f5a00000, 0x00000000f77f0000, 0x0000000100000000)
}
2015-03-12T16:18:50.601-0400: 32.777: Total time for which application threads were stopped: 0.0101900 seconds
2015-03-12T16:18:50.604-0400: 32.779: Total time for which application threads were stopped: 0.0001940 seconds
2015-03-12T16:18:50.653-0400: 32.829: Total time for which application threads were stopped: 0.0004620 seconds
2015-03-12T16:18:50.666-0400: 32.842: Total time for which application threads were stopped: 0.0007120 seconds
2015-03-12T16:18:50.675-0400: 32.850: Total time for which application threads were stopped: 0.0001700 seconds
2015-03-12T16:18:50.683-0400: 32.858: Total time for which application threads were stopped: 0.0003030 seconds
2015-03-12T16:18:50.687-0400: 32.863: Total time for which application threads were stopped: 0.0001400 seconds
2015-03-12T16:18:50.690-0400: 32.865: Total time for which application threads were stopped: 0.0002620 seconds
2015-03-12T16:18:50.693-0400: 32.868: Total time for which application threads were stopped: 0.0001680 seconds
2015-03-12T16:18:50.704-0400: 32.880: Total time for which application threads were stopped: 0.0001430 seconds
2015-03-12T16:18:50.718-0400: 32.893: Total time for which application threads were stopped: 0.0001500 seconds
2015-03-12T16:18:50.720-0400: 32.895: Total time for which application threads were stopped: 0.0001240 seconds
2015-03-12T16:18:50.760-0400: 32.936: Total time for which application threads were stopped: 0.0008380 seconds
2015-03-12T16:18:50.854-0400: 33.030: Total time for which application threads were stopped: 0.0004090 seconds
2015-03-12T16:18:50.855-0400: 33.031: Total time for which application threads were stopped: 0.0001740 seconds
2015-03-12T16:18:50.856-0400: 33.031: Total time for which application threads were stopped: 0.0002040 seconds
2015-03-12T16:18:50.856-0400: 33.032: Total time for which application threads were stopped: 0.0002090 seconds
2015-03-12T16:18:50.861-0400: 33.037: Total time for which application threads were stopped: 0.0001810 seconds
2015-03-12T16:18:50.862-0400: 33.037: Total time for which application threads were stopped: 0.0001810 seconds
2015-03-12T16:18:50.862-0400: 33.038: Total time for which application threads were stopped: 0.0001930 seconds
2015-03-12T16:18:50.863-0400: 33.038: Total time for which application threads were stopped: 0.0001560 seconds
2015-03-12T16:18:50.863-0400: 33.039: Total time for which application threads were stopped: 0.0001790 seconds
2015-03-12T16:18:50.865-0400: 33.040: Total time for which application threads were stopped: 0.0001910 seconds
2015-03-12T16:18:50.954-0400: 33.130: Total time for which application threads were stopped: 0.0002340 seconds
2015-03-12T16:18:51.094-0400: 33.270: Total time for which application threads were stopped: 0.0007960 seconds
2015-03-12T16:18:52.095-0400: 34.270: Total time for which application threads were stopped: 0.0004610 seconds
2015-03-12T16:18:52.227-0400: 34.403: Total time for which application threads were stopped: 0.0000980 seconds
2015-03-12T16:18:54.228-0400: 36.404: Total time for which application threads were stopped: 0.0003710 seconds
2015-03-12T16:18:54.829-0400: 37.005: Total time for which application threads were stopped: 0.0003810 seconds
2015-03-12T16:18:54.829-0400: 37.005: Total time for which application threads were stopped: 0.0002370 seconds
2015-03-12T16:18:54.853-0400: 37.028: Total time for which application threads were stopped: 0.0002250 seconds
2015-03-12T16:18:56.226-0400: 38.402: Total time for which application threads were stopped: 0.0005210 seconds
2015-03-12T16:18:56.352-0400: 38.527: Total time for which application threads were stopped: 0.0001820 seconds
2015-03-12T16:18:56.352-0400: 38.528: Total time for which application threads were stopped: 0.0001590 seconds
2015-03-12T16:18:56.355-0400: 38.531: Total time for which application threads were stopped: 0.0001240 seconds
2015-03-12T16:18:57.356-0400: 39.531: Total time for which application threads were stopped: 0.0002680 seconds
2015-03-12T16:18:59.874-0400: 42.049: Total time for which application threads were stopped: 0.0003150 seconds
2015-03-12T16:19:01.195-0400: 43.371: Total time for which application threads were stopped: 0.0008920 seconds
2015-03-12T16:19:03.196-0400: 45.371: Total time for which application threads were stopped: 0.0003690 seconds
2015-03-12T16:19:44.890-0400: 87.065: Total time for which application threads were stopped: 0.0003980 seconds
2015-03-12T16:19:46.244-0400: 88.420: Total time for which application threads were stopped: 0.0004450 seconds
2015-03-12T16:19:46.248-0400: 88.424: Total time for which application threads were stopped: 0.0001990 seconds
2015-03-12T16:19:46.253-0400: 88.428: Total time for which application threads were stopped: 0.0002480 seconds
2015-03-12T16:19:46.253-0400: 88.428: Total time for which application threads were stopped: 0.0001550 seconds
2015-03-12T16:19:46.256-0400: 88.432: Total time for which application threads were stopped: 0.0001820 seconds
2015-03-12T16:19:46.264-0400: 88.440: Total time for which application threads were stopped: 0.0001920 seconds
2015-03-12T16:19:46.269-0400: 88.444: Total time for which application threads were stopped: 0.0001500 seconds
2015-03-12T16:20:33.124-0400: 135.299: Total time for which application threads were stopped: 0.0003640 seconds
2015-03-12T16:20:33.124-0400: 135.300: Total time for which application threads were stopped: 0.0001480 seconds
2015-03-12T16:20:33.126-0400: 135.301: Total time for which application threads were stopped: 0.0001590 seconds
2015-03-12T16:21:01.819-0400: 163.995: Total time for which application threads were stopped: 0.0003140 seconds
2015-03-12T16:21:01.820-0400: 163.995: Total time for which application threads were stopped: 0.0001220 seconds
2015-03-12T16:21:01.871-0400: 164.047: Total time for which application threads were stopped: 0.0002690 seconds
2015-03-12T16:21:01.874-0400: 164.049: Total time for which application threads were stopped: 0.0021140 seconds
2015-03-12T16:21:01.874-0400: 164.050: Total time for which application threads were stopped: 0.0002080 seconds
2015-03-12T16:21:01.875-0400: 164.050: Total time for which application threads were stopped: 0.0001780 seconds
2015-03-12T16:21:01.875-0400: 164.050: Total time for which application threads were stopped: 0.0001970 seconds
2015-03-12T16:21:01.875-0400: 164.051: Total time for which application threads were stopped: 0.0001980 seconds
2015-03-12T16:21:01.876-0400: 164.052: Total time for which application threads were stopped: 0.0005660 seconds
2015-03-12T16:21:01.876-0400: 164.052: Total time for which application threads were stopped: 0.0002380 seconds
2015-03-12T16:21:01.877-0400: 164.052: Total time for which application threads were stopped: 0.0002030 seconds
2015-03-12T16:21:01.877-0400: 164.053: Total time for which application threads were stopped: 0.0005590 seconds
2015-03-12T16:21:02.151-0400: 164.326: Total time for which application threads were stopped: 0.0002300 seconds
2015-03-12T16:21:02.151-0400: 164.326: Total time for which application threads were stopped: 0.0001360 seconds
2015-03-12T16:21:02.155-0400: 164.330: Total time for which application threads were stopped: 0.0001870 seconds
2015-03-12T16:21:02.155-0400: 164.331: Total time for which application threads were stopped: 0.0001780 seconds
2015-03-12T16:21:03.155-0400: 165.331: Total time for which application threads were stopped: 0.0004150 seconds
2015-03-12T16:21:18.157-0400: 180.333: Total time for which application threads were stopped: 0.0003350 seconds
2015-03-12T16:21:52.262-0400: 214.437: Total time for which application threads were stopped: 0.0003520 seconds
2015-03-12T16:22:02.156-0400: 224.331: Total time for which application threads were stopped: 0.0003610 seconds
2015-03-12T16:22:07.381-0400: 229.557: Total time for which application threads were stopped: 0.0003280 seconds
2015-03-12T16:22:07.388-0400: 229.564: Total time for which application threads were stopped: 0.0001380 seconds
2015-03-12T16:22:07.388-0400: 229.564: Total time for which application threads were stopped: 0.0001330 seconds
2015-03-12T16:22:07.479-0400: 229.655: Total time for which application threads were stopped: 0.0005020 seconds
2015-03-12T16:22:33.448-0400: 255.623: Total time for which application threads were stopped: 0.0004040 seconds
2015-03-12T16:22:33.449-0400: 255.624: Total time for which application threads were stopped: 0.0001370 seconds
2015-03-12T16:22:33.470-0400: 255.645: Total time for which application threads were stopped: 0.0002150 seconds
2015-03-12T16:22:33.470-0400: 255.646: Total time for which application threads were stopped: 0.0002010 seconds
2015-03-12T16:22:33.471-0400: 255.646: Total time for which application threads were stopped: 0.0001900 seconds
2015-03-12T16:22:33.471-0400: 255.647: Total time for which application threads were stopped: 0.0002250 seconds
2015-03-12T16:22:33.472-0400: 255.647: Total time for which application threads were stopped: 0.0001980 seconds
2015-03-12T16:22:33.472-0400: 255.647: Total time for which application threads were stopped: 0.0001950 seconds
2015-03-12T16:22:33.472-0400: 255.648: Total time for which application threads were stopped: 0.0001900 seconds
2015-03-12T16:22:33.472-0400: 255.648: Total time for which application threads were stopped: 0.0001720 seconds
2015-03-12T16:22:33.694-0400: 255.870: Total time for which application threads were stopped: 0.0002940 seconds
2015-03-12T16:22:33.694-0400: 255.870: Total time for which application threads were stopped: 0.0001520 seconds
2015-03-12T16:22:33.698-0400: 255.874: Total time for which application threads were stopped: 0.0002100 seconds
2015-03-12T16:22:33.698-0400: 255.874: Total time for which application threads were stopped: 0.0001760 seconds
2015-03-12T16:22:33.728-0400: 255.904: Total time for which application threads were stopped: 0.0001720 seconds
2015-03-12T16:22:33.790-0400: 255.965: Total time for which application threads were stopped: 0.0001880 seconds
{Heap before GC invocations=30 (full 0):
 par new generation   total 109248K, used 99905K [0x00000000d5a00000, 0x00000000dda00000, 0x00000000dda00000)
  eden space 87424K, 100% used [0x00000000d5a00000, 0x00000000daf60000, 0x00000000daf60000)
  from space 21824K,  57% used [0x00000000daf60000, 0x00000000dbb907f0, 0x00000000dc4b0000)
  to   space 21824K,   0% used [0x00000000dc4b0000, 0x00000000dc4b0000, 0x00000000dda00000)
 concurrent mark-sweep generation total 393216K, used 23399K [0x00000000dda00000, 0x00000000f5a00000, 0x00000000f5a00000)
 concurrent-mark-sweep perm gen total 32192K, used 31978K [0x00000000f5a00000, 0x00000000f7970000, 0x0000000100000000)
2015-03-12T16:22:35.683-0400: 257.858: [GC2015-03-12T16:22:35.683-0400: 257.858: [ParNew
Desired survivor size 20112992 bytes, new threshold 8 (max 8)
- age   1:    4545680 bytes,    4545680 total
- age   2:    1207336 bytes,    5753016 total
- age   3:    1410432 bytes,    7163448 total
- age   4:    4213072 bytes,   11376520 total
- age   5:     564560 bytes,   11941080 total
- age   6:      73784 bytes,   12014864 total
- age   7:      81400 bytes,   12096264 total
- age   8:     118576 bytes,   12214840 total
: 99905K->15125K(109248K), 0.0185440 secs] 123305K->38648K(502464K), 0.0187370 secs] [Times: user=0.07 sys=0.00, real=0.02 secs] 
Heap after GC invocations=31 (full 0):
 par new generation   total 109248K, used 15125K [0x00000000d5a00000, 0x00000000dda00000, 0x00000000dda00000)
  eden space 87424K,   0% used [0x00000000d5a00000, 0x00000000d5a00000, 0x00000000daf60000)
  from space 21824K,  69% used [0x00000000dc4b0000, 0x00000000dd375560, 0x00000000dda00000)
  to   space 21824K,   0% used [0x00000000daf60000, 0x00000000daf60000, 0x00000000dc4b0000)
 concurrent mark-sweep generation total 393216K, used 23523K [0x00000000dda00000, 0x00000000f5a00000, 0x00000000f5a00000)
 concurrent-mark-sweep perm gen total 32192K, used 31978K [0x00000000f5a00000, 0x00000000f7970000, 0x0000000100000000)
}
2015-03-12T16:22:35.701-0400: 257.877: Total time for which application threads were stopped: 0.0192670 seconds
2015-03-12T16:22:35.702-0400: 257.877: Total time for which application threads were stopped: 0.0002130 seconds
2015-03-12T16:22:35.705-0400: 257.880: Total time for which application threads were stopped: 0.0001900 seconds
2015-03-12T16:22:36.705-0400: 258.881: Total time for which application threads were stopped: 0.0002830 seconds
2015-03-12T16:23:23.767-0400: 305.943: Total time for which application threads were stopped: 0.0004590 seconds
2015-03-12T16:23:23.768-0400: 305.943: Total time for which application threads were stopped: 0.0001730 seconds
2015-03-12T16:23:23.768-0400: 305.944: Total time for which application threads were stopped: 0.0001760 seconds
2015-03-12T16:23:23.768-0400: 305.944: Total time for which application threads were stopped: 0.0001230 seconds
2015-03-12T16:23:25.797-0400: 307.972: Total time for which application threads were stopped: 0.0003130 seconds
2015-03-12T16:23:33.699-0400: 315.874: Total time for which application threads were stopped: 0.0003070 seconds
2015-03-12T16:23:37.615-0400: 319.790: Total time for which application threads were stopped: 0.0003090 seconds
2015-03-12T16:24:05.173-0400: 347.349: Total time for which application threads were stopped: 0.0003510 seconds
2015-03-12T16:24:05.174-0400: 347.349: Total time for which application threads were stopped: 0.0001150 seconds
2015-03-12T16:24:05.175-0400: 347.350: Total time for which application threads were stopped: 0.0001430 seconds
2015-03-12T16:24:05.177-0400: 347.352: Total time for which application threads were stopped: 0.0001540 seconds
2015-03-12T16:24:05.179-0400: 347.355: Total time for which application threads were stopped: 0.0001480 seconds
2015-03-12T16:24:05.179-0400: 347.355: Total time for which application threads were stopped: 0.0001490 seconds
2015-03-12T16:24:05.180-0400: 347.356: Total time for which application threads were stopped: 0.0001300 seconds
2015-03-12T16:24:05.180-0400: 347.356: Total time for which application threads were stopped: 0.0001250 seconds
2015-03-12T16:24:05.182-0400: 347.357: Total time for which application threads were stopped: 0.0001310 seconds
2015-03-12T16:24:05.182-0400: 347.358: Total time for which application threads were stopped: 0.0001170 seconds
2015-03-12T16:24:05.183-0400: 347.358: Total time for which application threads were stopped: 0.0001160 seconds
2015-03-12T16:24:05.183-0400: 347.359: Total time for which application threads were stopped: 0.0001040 seconds
2015-03-12T16:24:05.184-0400: 347.359: Total time for which application threads were stopped: 0.0001330 seconds
2015-03-12T16:24:05.184-0400: 347.360: Total time for which application threads were stopped: 0.0001160 seconds
2015-03-12T16:24:05.185-0400: 347.360: Total time for which application threads were stopped: 0.0001310 seconds
2015-03-12T16:24:05.185-0400: 347.361: Total time for which application threads were stopped: 0.0001160 seconds
2015-03-12T16:24:05.186-0400: 347.361: Total time for which application threads were stopped: 0.0001300 seconds
2015-03-12T16:24:05.186-0400: 347.362: Total time for which application threads were stopped: 0.0001180 seconds
2015-03-12T16:24:05.187-0400: 347.362: Total time for which application threads were stopped: 0.0001320 seconds
2015-03-12T16:24:05.187-0400: 347.363: Total time for which application threads were stopped: 0.0001170 seconds
2015-03-12T16:24:05.205-0400: 347.380: Total time for which application threads were stopped: 0.0002200 seconds
2015-03-12T16:24:05.205-0400: 347.381: Total time for which application threads were stopped: 0.0001870 seconds
2015-03-12T16:24:05.206-0400: 347.381: Total time for which application threads were stopped: 0.0001870 seconds
2015-03-12T16:24:05.206-0400: 347.382: Total time for which application threads were stopped: 0.0002080 seconds
2015-03-12T16:24:05.206-0400: 347.382: Total time for which application threads were stopped: 0.0001840 seconds
2015-03-12T16:24:05.207-0400: 347.382: Total time for which application threads were stopped: 0.0001800 seconds
2015-03-12T16:24:05.207-0400: 347.382: Total time for which application threads were stopped: 0.0001700 seconds
2015-03-12T16:24:05.207-0400: 347.383: Total time for which application threads were stopped: 0.0001620 seconds
2015-03-12T16:24:11.674-0400: 353.850: Total time for which application threads were stopped: 0.0003520 seconds
2015-03-12T16:24:11.675-0400: 353.851: Total time for which application threads were stopped: 0.0008230 seconds
2015-03-12T16:25:04.347-0400: 406.523: Total time for which application threads were stopped: 0.0004670 seconds
2015-03-12T16:25:04.396-0400: 406.571: Total time for which application threads were stopped: 0.0002120 seconds
2015-03-12T16:25:04.396-0400: 406.572: Total time for which application threads were stopped: 0.0001420 seconds
2015-03-12T16:25:43.869-0400: 446.045: Total time for which application threads were stopped: 0.0003590 seconds
2015-03-12T16:25:58.561-0400: 460.737: Total time for which application threads were stopped: 0.0003910 seconds
2015-03-12T16:30:34.847-0400: 737.023: Total time for which application threads were stopped: 0.0003930 seconds
2015-03-12T16:30:34.848-0400: 737.023: Total time for which application threads were stopped: 0.0002210 seconds
2015-03-12T16:30:34.848-0400: 737.023: Total time for which application threads were stopped: 0.0001740 seconds
2015-03-12T16:30:34.848-0400: 737.024: Total time for which application threads were stopped: 0.0001540 seconds
2015-03-12T16:30:34.848-0400: 737.024: Total time for which application threads were stopped: 0.0001600 seconds
2015-03-12T16:30:34.849-0400: 737.024: Total time for which application threads were stopped: 0.0001380 seconds
2015-03-12T16:30:34.905-0400: 737.080: Total time for which application threads were stopped: 0.0001830 seconds
2015-03-12T16:30:34.905-0400: 737.080: Total time for which application threads were stopped: 0.0001330 seconds
2015-03-12T16:30:34.909-0400: 737.084: Total time for which application threads were stopped: 0.0002210 seconds
2015-03-12T16:30:34.909-0400: 737.085: Total time for which application threads were stopped: 0.0001950 seconds
2015-03-12T16:30:39.255-0400: 741.431: Total time for which application threads were stopped: 0.0004270 seconds
2015-03-12T16:30:39.255-0400: 741.431: Total time for which application threads were stopped: 0.0002100 seconds
2015-03-12T16:30:39.256-0400: 741.431: Total time for which application threads were stopped: 0.0002160 seconds
2015-03-12T16:30:39.256-0400: 741.432: Total time for which application threads were stopped: 0.0002460 seconds
2015-03-12T16:30:39.257-0400: 741.432: Total time for which application threads were stopped: 0.0002430 seconds
2015-03-12T16:30:39.258-0400: 741.433: Total time for which application threads were stopped: 0.0010880 seconds
2015-03-12T16:30:39.258-0400: 741.434: Total time for which application threads were stopped: 0.0002110 seconds
2015-03-12T16:30:39.259-0400: 741.435: Total time for which application threads were stopped: 0.0008160 seconds
2015-03-12T16:30:39.260-0400: 741.436: Total time for which application threads were stopped: 0.0002720 seconds
2015-03-12T16:30:39.261-0400: 741.437: Total time for which application threads were stopped: 0.0003200 seconds
2015-03-12T16:30:39.262-0400: 741.437: Total time for which application threads were stopped: 0.0002480 seconds
2015-03-12T16:30:39.262-0400: 741.438: Total time for which application threads were stopped: 0.0002510 seconds
2015-03-12T16:30:39.262-0400: 741.438: Total time for which application threads were stopped: 0.0001930 seconds
2015-03-12T16:30:39.269-0400: 741.445: Total time for which application threads were stopped: 0.0002410 seconds
2015-03-12T16:30:39.270-0400: 741.445: Total time for which application threads were stopped: 0.0002120 seconds
2015-03-12T16:30:39.270-0400: 741.445: Total time for which application threads were stopped: 0.0001990 seconds
2015-03-12T16:30:39.270-0400: 741.446: Total time for which application threads were stopped: 0.0001710 seconds
2015-03-12T16:30:39.289-0400: 741.465: Total time for which application threads were stopped: 0.0002730 seconds
2015-03-12T16:30:39.291-0400: 741.466: Total time for which application threads were stopped: 0.0002140 seconds
2015-03-12T16:30:39.292-0400: 741.467: Total time for which application threads were stopped: 0.0001640 seconds
2015-03-12T16:30:39.293-0400: 741.468: Total time for which application threads were stopped: 0.0001870 seconds
2015-03-12T16:30:44.292-0400: 746.468: Total time for which application threads were stopped: 0.0003860 seconds
2015-03-12T16:30:44.292-0400: 746.468: Total time for which application threads were stopped: 0.0002270 seconds
2015-03-12T16:30:44.293-0400: 746.468: Total time for which application threads were stopped: 0.0001360 seconds
2015-03-12T16:30:44.293-0400: 746.469: Total time for which application threads were stopped: 0.0001170 seconds
2015-03-12T16:30:44.294-0400: 746.469: Total time for which application threads were stopped: 0.0001150 seconds
2015-03-12T16:30:44.295-0400: 746.471: Total time for which application threads were stopped: 0.0001690 seconds
2015-03-12T16:30:51.998-0400: 754.174: Total time for which application threads were stopped: 0.0004830 seconds
2015-03-12T16:30:51.999-0400: 754.174: Total time for which application threads were stopped: 0.0001990 seconds
2015-03-12T16:30:51.999-0400: 754.175: Total time for which application threads were stopped: 0.0002110 seconds
2015-03-12T16:30:52.000-0400: 754.175: Total time for which application threads were stopped: 0.0001620 seconds
2015-03-12T16:30:52.001-0400: 754.176: Total time for which application threads were stopped: 0.0001820 seconds
2015-03-12T16:30:52.001-0400: 754.177: Total time for which application threads were stopped: 0.0001910 seconds
2015-03-12T16:30:52.003-0400: 754.178: Total time for which application threads were stopped: 0.0001780 seconds
2015-03-12T16:30:52.003-0400: 754.178: Total time for which application threads were stopped: 0.0001810 seconds
2015-03-12T16:30:52.005-0400: 754.180: Total time for which application threads were stopped: 0.0001940 seconds
2015-03-12T16:30:52.005-0400: 754.180: Total time for which application threads were stopped: 0.0001510 seconds
2015-03-12T16:31:29.301-0400: 791.476: Total time for which application threads were stopped: 0.0003110 seconds
2015-03-12T16:31:29.330-0400: 791.505: Total time for which application threads were stopped: 0.0001250 seconds
2015-03-12T16:31:29.341-0400: 791.516: Total time for which application threads were stopped: 0.0002360 seconds
2015-03-12T16:31:29.341-0400: 791.517: Total time for which application threads were stopped: 0.0001710 seconds
2015-03-12T16:31:29.341-0400: 791.517: Total time for which application threads were stopped: 0.0001740 seconds
2015-03-12T16:31:29.342-0400: 791.518: Total time for which application threads were stopped: 0.0001240 seconds
2015-03-12T16:31:29.343-0400: 791.519: Total time for which application threads were stopped: 0.0005880 seconds
2015-03-12T16:31:52.006-0400: 814.181: Total time for which application threads were stopped: 0.0003580 seconds
2015-03-12T16:33:26.331-0400: 908.507: Total time for which application threads were stopped: 0.0003380 seconds
2015-03-12T16:33:26.332-0400: 908.507: Total time for which application threads were stopped: 0.0001380 seconds
2015-03-12T16:33:27.332-0400: 909.508: Total time for which application threads were stopped: 0.0002860 seconds
2015-03-12T16:33:49.821-0400: 931.997: Total time for which application threads were stopped: 0.0003610 seconds
2015-03-12T16:58:28.014-0400: 2410.189: Total time for which application threads were stopped: 0.0003710 seconds
{Heap before GC invocations=31 (full 0):
 par new generation   total 109248K, used 102549K [0x00000000d5a00000, 0x00000000dda00000, 0x00000000dda00000)
  eden space 87424K, 100% used [0x00000000d5a00000, 0x00000000daf60000, 0x00000000daf60000)
  from space 21824K,  69% used [0x00000000dc4b0000, 0x00000000dd375560, 0x00000000dda00000)
  to   space 21824K,   0% used [0x00000000daf60000, 0x00000000daf60000, 0x00000000dc4b0000)
 concurrent mark-sweep generation total 393216K, used 23523K [0x00000000dda00000, 0x00000000f5a00000, 0x00000000f5a00000)
 concurrent-mark-sweep perm gen total 32576K, used 32536K [0x00000000f5a00000, 0x00000000f79d0000, 0x0000000100000000)
2015-03-12T19:49:04.089-0400: 12646.265: [GC2015-03-12T19:49:04.089-0400: 12646.265: [ParNew
Desired survivor size 20112992 bytes, new threshold 8 (max 8)
- age   1:    1553128 bytes,    1553128 total
- age   2:    3430440 bytes,    4983568 total
- age   3:    1200448 bytes,    6184016 total
- age   4:    1403560 bytes,    7587576 total
- age   5:    4075984 bytes,   11663560 total
- age   6:     563600 bytes,   12227160 total
- age   7:      72992 bytes,   12300152 total
- age   8:      80752 bytes,   12380904 total
: 102549K->17693K(109248K), 0.0182200 secs] 126072K->41334K(502464K), 0.0183980 secs] [Times: user=0.07 sys=0.00, real=0.02 secs] 
Heap after GC invocations=32 (full 0):
 par new generation   total 109248K, used 17693K [0x00000000d5a00000, 0x00000000dda00000, 0x00000000dda00000)
  eden space 87424K,   0% used [0x00000000d5a00000, 0x00000000d5a00000, 0x00000000daf60000)
  from space 21824K,  81% used [0x00000000daf60000, 0x00000000dc0a7698, 0x00000000dc4b0000)
  to   space 21824K,   0% used [0x00000000dc4b0000, 0x00000000dc4b0000, 0x00000000dda00000)
 concurrent mark-sweep generation total 393216K, used 23640K [0x00000000dda00000, 0x00000000f5a00000, 0x00000000f5a00000)
 concurrent-mark-sweep perm gen total 32576K, used 32536K [0x00000000f5a00000, 0x00000000f79d0000, 0x0000000100000000)
}
2015-03-12T19:49:04.107-0400: 12646.283: Total time for which application threads were stopped: 0.0193370 seconds
{Heap before GC invocations=32 (full 0):
 par new generation   total 109248K, used 22610K [0x00000000d5a00000, 0x00000000dda00000, 0x00000000dda00000)
  eden space 87424K,   5% used [0x00000000d5a00000, 0x00000000d5ecd258, 0x00000000daf60000)
  from space 21824K,  81% used [0x00000000daf60000, 0x00000000dc0a7698, 0x00000000dc4b0000)
  to   space 21824K,   0% used [0x00000000dc4b0000, 0x00000000dc4b0000, 0x00000000dda00000)
 concurrent mark-sweep generation total 393216K, used 23640K [0x00000000dda00000, 0x00000000f5a00000, 0x00000000f5a00000)
 concurrent-mark-sweep perm gen total 32768K, used 32536K [0x00000000f5a00000, 0x00000000f7a00000, 0x0000000100000000)
2015-03-12T20:02:44.169-0400: 13466.344: [Full GC2015-03-12T20:02:44.169-0400: 13466.344: [CMS[YG occupancy: 22610 K (109248 K)]2015-03-12T20:02:44.224-0400: 13466.399: [weak refs processing, 0.0009120 secs]2015-03-12T20:02:44.225-0400: 13466.400: [scrub string table, 0.0015040 secs]: 23640K->17395K(393216K), 0.0811880 secs] 46250K->40006K(502464K), [CMS Perm : 32536K->32536K(32768K)], 0.0818370 secs] [Times: user=0.17 sys=0.00, real=0.08 secs] 
Heap after GC invocations=33 (full 1):
 par new generation   total 109248K, used 22610K [0x00000000d5a00000, 0x00000000dda00000, 0x00000000dda00000)
  eden space 87424K,   5% used [0x00000000d5a00000, 0x00000000d5ecd258, 0x00000000daf60000)
  from space 21824K,  81% used [0x00000000daf60000, 0x00000000dc0a7698, 0x00000000dc4b0000)
  to   space 21824K,   0% used [0x00000000dc4b0000, 0x00000000dc4b0000, 0x00000000dda00000)
 concurrent mark-sweep generation total 393216K, used 17395K [0x00000000dda00000, 0x00000000f5a00000, 0x00000000f5a00000)
 concurrent-mark-sweep perm gen total 54228K, used 32536K [0x00000000f5a00000, 0x00000000f8ef5000, 0x0000000100000000)
}
2015-03-12T20:02:44.251-0400: 13466.426: Total time for which application threads were stopped: 0.0825070 seconds
2015-03-12T23:18:31.006-0400: 25213.182: Total time for which application threads were stopped: 0.0007150 seconds
{Heap before GC invocations=33 (full 1):
 par new generation   total 109248K, used 105117K [0x00000000d5a00000, 0x00000000dda00000, 0x00000000dda00000)
  eden space 87424K, 100% used [0x00000000d5a00000, 0x00000000daf60000, 0x00000000daf60000)
  from space 21824K,  81% used [0x00000000daf60000, 0x00000000dc0a7698, 0x00000000dc4b0000)
  to   space 21824K,   0% used [0x00000000dc4b0000, 0x00000000dc4b0000, 0x00000000dda00000)
 concurrent mark-sweep generation total 393216K, used 17395K [0x00000000dda00000, 0x00000000f5a00000, 0x00000000f5a00000)
 concurrent-mark-sweep perm gen total 54228K, used 32545K [0x00000000f5a00000, 0x00000000f8ef5000, 0x0000000100000000)
2015-03-13T00:22:29.414-0400: 29051.590: [GC2015-03-13T00:22:29.414-0400: 29051.590: [ParNew
Desired survivor size 20112992 bytes, new threshold 8 (max 8)
- age   1:     175504 bytes,     175504 total
- age   2:     895760 bytes,    1071264 total
- age   3:    3250736 bytes,    4322000 total
- age   4:    1174328 bytes,    5496328 total
- age   5:    1350352 bytes,    6846680 total
- age   6:    4092352 bytes,   10939032 total
- age   7:     559864 bytes,   11498896 total
- age   8:      71792 bytes,   11570688 total
: 105117K->14123K(109248K), 0.0198370 secs] 122513K->31598K(502464K), 0.0200080 secs] [Times: user=0.08 sys=0.00, real=0.02 secs] 
Heap after GC invocations=34 (full 1):
 par new generation   total 109248K, used 14123K [0x00000000d5a00000, 0x00000000dda00000, 0x00000000dda00000)
  eden space 87424K,   0% used [0x00000000d5a00000, 0x00000000d5a00000, 0x00000000daf60000)
  from space 21824K,  64% used [0x00000000dc4b0000, 0x00000000dd27ad00, 0x00000000dda00000)
  to   space 21824K,   0% used [0x00000000daf60000, 0x00000000daf60000, 0x00000000dc4b0000)
 concurrent mark-sweep generation total 393216K, used 17475K [0x00000000dda00000, 0x00000000f5a00000, 0x00000000f5a00000)
 concurrent-mark-sweep perm gen total 54228K, used 32545K [0x00000000f5a00000, 0x00000000f8ef5000, 0x0000000100000000)
}
2015-03-13T00:22:29.434-0400: 29051.610: Total time for which application threads were stopped: 0.0207690 seconds
{Heap before GC invocations=34 (full 1):
 par new generation   total 109248K, used 101547K [0x00000000d5a00000, 0x00000000dda00000, 0x00000000dda00000)
  eden space 87424K, 100% used [0x00000000d5a00000, 0x00000000daf60000, 0x00000000daf60000)
  from space 21824K,  64% used [0x00000000dc4b0000, 0x00000000dd27ad00, 0x00000000dda00000)
  to   space 21824K,   0% used [0x00000000daf60000, 0x00000000daf60000, 0x00000000dc4b0000)
 concurrent mark-sweep generation total 393216K, used 17475K [0x00000000dda00000, 0x00000000f5a00000, 0x00000000f5a00000)
 concurrent-mark-sweep perm gen total 54228K, used 32550K [0x00000000f5a00000, 0x00000000f8ef5000, 0x0000000100000000)
2015-03-13T04:58:20.824-0400: 45602.999: [GC2015-03-13T04:58:20.824-0400: 45603.000: [ParNew
Desired survivor size 20112992 bytes, new threshold 8 (max 8)
- age   1:     175064 bytes,     175064 total
- age   3:     892688 bytes,    1067752 total
- age   4:    3249360 bytes,    4317112 total
- age   5:    1174328 bytes,    5491440 total
- age   6:    1348464 bytes,    6839904 total
- age   7:    4059568 bytes,   10899472 total
- age   8:     559864 bytes,   11459336 total
: 101547K->15324K(109248K), 0.0175740 secs] 119022K->32871K(502464K), 0.0177750 secs] [Times: user=0.06 sys=0.00, real=0.02 secs] 
Heap after GC invocations=35 (full 1):
 par new generation   total 109248K, used 15324K [0x00000000d5a00000, 0x00000000dda00000, 0x00000000dda00000)
  eden space 87424K,   0% used [0x00000000d5a00000, 0x00000000d5a00000, 0x00000000daf60000)
  from space 21824K,  70% used [0x00000000daf60000, 0x00000000dbe57030, 0x00000000dc4b0000)
  to   space 21824K,   0% used [0x00000000dc4b0000, 0x00000000dc4b0000, 0x00000000dda00000)
 concurrent mark-sweep generation total 393216K, used 17547K [0x00000000dda00000, 0x00000000f5a00000, 0x00000000f5a00000)
 concurrent-mark-sweep perm gen total 54228K, used 32550K [0x00000000f5a00000, 0x00000000f8ef5000, 0x0000000100000000)
}
2015-03-13T04:58:20.842-0400: 45603.017: Total time for which application threads were stopped: 0.0189330 seconds
{Heap before GC invocations=35 (full 1):
 par new generation   total 109248K, used 102748K [0x00000000d5a00000, 0x00000000dda00000, 0x00000000dda00000)
  eden space 87424K, 100% used [0x00000000d5a00000, 0x00000000daf60000, 0x00000000daf60000)
  from space 21824K,  70% used [0x00000000daf60000, 0x00000000dbe57030, 0x00000000dc4b0000)
  to   space 21824K,   0% used [0x00000000dc4b0000, 0x00000000dc4b0000, 0x00000000dda00000)
 concurrent mark-sweep generation total 393216K, used 17547K [0x00000000dda00000, 0x00000000f5a00000, 0x00000000f5a00000)
 concurrent-mark-sweep perm gen total 54228K, used 32554K [0x00000000f5a00000, 0x00000000f8ef5000, 0x0000000100000000)
2015-03-13T09:33:50.930-0400: 62133.105: [GC2015-03-13T09:33:50.930-0400: 62133.105: [ParNew
Desired survivor size 20112992 bytes, new threshold 8 (max 8)
- age   1:     176088 bytes,     176088 total
- age   2:        128 bytes,     176216 total
- age   4:     892688 bytes,    1068904 total
- age   5:    3249360 bytes,    4318264 total
- age   6:    1174328 bytes,    5492592 total
- age   7:    1348560 bytes,    6841152 total
- age   8:    4059568 bytes,   10900720 total
: 102748K->15188K(109248K), 0.0171360 secs] 120295K->33291K(502464K), 0.0173120 secs] [Times: user=0.06 sys=0.00, real=0.02 secs] 
Heap after GC invocations=36 (full 1):
 par new generation   total 109248K, used 15188K [0x00000000d5a00000, 0x00000000dda00000, 0x00000000dda00000)
  eden space 87424K,   0% used [0x00000000d5a00000, 0x00000000d5a00000, 0x00000000daf60000)
  from space 21824K,  69% used [0x00000000dc4b0000, 0x00000000dd385310, 0x00000000dda00000)
  to   space 21824K,   0% used [0x00000000daf60000, 0x00000000daf60000, 0x00000000dc4b0000)
 concurrent mark-sweep generation total 393216K, used 18102K [0x00000000dda00000, 0x00000000f5a00000, 0x00000000f5a00000)
 concurrent-mark-sweep perm gen total 54228K, used 32554K [0x00000000f5a00000, 0x00000000f8ef5000, 0x0000000100000000)
}
2015-03-13T09:33:50.947-0400: 62133.123: Total time for which application threads were stopped: 0.0184200 seconds
{Heap before GC invocations=36 (full 1):
 par new generation   total 109248K, used 102612K [0x00000000d5a00000, 0x00000000dda00000, 0x00000000dda00000)
  eden space 87424K, 100% used [0x00000000d5a00000, 0x00000000daf60000, 0x00000000daf60000)
  from space 21824K,  69% used [0x00000000dc4b0000, 0x00000000dd385310, 0x00000000dda00000)
  to   space 21824K,   0% used [0x00000000daf60000, 0x00000000daf60000, 0x00000000dc4b0000)
 concurrent mark-sweep generation total 393216K, used 18102K [0x00000000dda00000, 0x00000000f5a00000, 0x00000000f5a00000)
 concurrent-mark-sweep perm gen total 54228K, used 32554K [0x00000000f5a00000, 0x00000000f8ef5000, 0x0000000100000000)
2015-03-13T14:10:51.047-0400: 78753.223: [GC2015-03-13T14:10:51.047-0400: 78753.223: [ParNew
Desired survivor size 20112992 bytes, new threshold 8 (max 8)
- age   1:     176968 bytes,     176968 total
- age   2:        496 bytes,     177464 total
- age   3:        128 bytes,     177592 total
- age   5:     892688 bytes,    1070280 total
- age   6:    3249360 bytes,    4319640 total
- age   7:    1174328 bytes,    5493968 total
- age   8:    1348464 bytes,    6842432 total
: 102612K->8519K(109248K), 0.0191590 secs] 120715K->30591K(502464K), 0.0193610 secs] [Times: user=0.07 sys=0.00, real=0.02 secs] 
Heap after GC invocations=37 (full 1):
 par new generation   total 109248K, used 8519K [0x00000000d5a00000, 0x00000000dda00000, 0x00000000dda00000)
  eden space 87424K,   0% used [0x00000000d5a00000, 0x00000000d5a00000, 0x00000000daf60000)
  from space 21824K,  39% used [0x00000000daf60000, 0x00000000db7b1d60, 0x00000000dc4b0000)
  to   space 21824K,   0% used [0x00000000dc4b0000, 0x00000000dc4b0000, 0x00000000dda00000)
 concurrent mark-sweep generation total 393216K, used 22072K [0x00000000dda00000, 0x00000000f5a00000, 0x00000000f5a00000)
 concurrent-mark-sweep perm gen total 54228K, used 32554K [0x00000000f5a00000, 0x00000000f8ef5000, 0x0000000100000000)
}
2015-03-13T14:10:51.067-0400: 78753.242: Total time for which application threads were stopped: 0.0204980 seconds
{Heap before GC invocations=37 (full 1):
 par new generation   total 109248K, used 95943K [0x00000000d5a00000, 0x00000000dda00000, 0x00000000dda00000)
  eden space 87424K, 100% used [0x00000000d5a00000, 0x00000000daf60000, 0x00000000daf60000)
  from space 21824K,  39% used [0x00000000daf60000, 0x00000000db7b1d60, 0x00000000dc4b0000)
  to   space 21824K,   0% used [0x00000000dc4b0000, 0x00000000dc4b0000, 0x00000000dda00000)
 concurrent mark-sweep generation total 393216K, used 22072K [0x00000000dda00000, 0x00000000f5a00000, 0x00000000f5a00000)
 concurrent-mark-sweep perm gen total 54228K, used 32554K [0x00000000f5a00000, 0x00000000f8ef5000, 0x0000000100000000)
2015-03-13T18:45:51.197-0400: 95253.372: [GC2015-03-13T18:45:51.197-0400: 95253.372: [ParNew
Desired survivor size 20112992 bytes, new threshold 8 (max 8)
- age   1:     175200 bytes,     175200 total
- age   2:        784 bytes,     175984 total
- age   3:        496 bytes,     176480 total
- age   4:         96 bytes,     176576 total
- age   6:     892688 bytes,    1069264 total
- age   7:    3249360 bytes,    4318624 total
- age   8:    1174328 bytes,    5492952 total
: 95943K->8288K(109248K), 0.0141140 secs] 118015K->31704K(502464K), 0.0142770 secs] [Times: user=0.05 sys=0.00, real=0.01 secs] 
Heap after GC invocations=38 (full 1):
 par new generation   total 109248K, used 8288K [0x00000000d5a00000, 0x00000000dda00000, 0x00000000dda00000)
  eden space 87424K,   0% used [0x00000000d5a00000, 0x00000000d5a00000, 0x00000000daf60000)
  from space 21824K,  37% used [0x00000000dc4b0000, 0x00000000dccc8258, 0x00000000dda00000)
  to   space 21824K,   0% used [0x00000000daf60000, 0x00000000daf60000, 0x00000000dc4b0000)
 concurrent mark-sweep generation total 393216K, used 23415K [0x00000000dda00000, 0x00000000f5a00000, 0x00000000f5a00000)
 concurrent-mark-sweep perm gen total 54228K, used 32554K [0x00000000f5a00000, 0x00000000f8ef5000, 0x0000000100000000)
}
2015-03-13T18:45:51.211-0400: 95253.387: Total time for which application threads were stopped: 0.0153670 seconds
{Heap before GC invocations=38 (full 1):
 par new generation   total 109248K, used 95712K [0x00000000d5a00000, 0x00000000dda00000, 0x00000000dda00000)
  eden space 87424K, 100% used [0x00000000d5a00000, 0x00000000daf60000, 0x00000000daf60000)
  from space 21824K,  37% used [0x00000000dc4b0000, 0x00000000dccc8258, 0x00000000dda00000)
  to   space 21824K,   0% used [0x00000000daf60000, 0x00000000daf60000, 0x00000000dc4b0000)
 concurrent mark-sweep generation total 393216K, used 23415K [0x00000000dda00000, 0x00000000f5a00000, 0x00000000f5a00000)
 concurrent-mark-sweep perm gen total 54228K, used 32558K [0x00000000f5a00000, 0x00000000f8ef5000, 0x0000000100000000)
2015-03-13T23:21:51.359-0400: 111813.534: [GC2015-03-13T23:21:51.359-0400: 111813.534: [ParNew
Desired survivor size 20112992 bytes, new threshold 8 (max 8)
- age   1:     176496 bytes,     176496 total
- age   2:        232 bytes,     176728 total
- age   3:        784 bytes,     177512 total
- age   4:        496 bytes,     178008 total
- age   5:         96 bytes,     178104 total
- age   7:     892688 bytes,    1070792 total
- age   8:    3249360 bytes,    4320152 total
: 95712K->5378K(109248K), 0.0126710 secs] 119128K->29975K(502464K), 0.0128530 secs] [Times: user=0.04 sys=0.00, real=0.01 secs] 
Heap after GC invocations=39 (full 1):
 par new generation   total 109248K, used 5378K [0x00000000d5a00000, 0x00000000dda00000, 0x00000000dda00000)
  eden space 87424K,   0% used [0x00000000d5a00000, 0x00000000d5a00000, 0x00000000daf60000)
  from space 21824K,  24% used [0x00000000daf60000, 0x00000000db4a0918, 0x00000000dc4b0000)
  to   space 21824K,   0% used [0x00000000dc4b0000, 0x00000000dc4b0000, 0x00000000dda00000)
 concurrent mark-sweep generation total 393216K, used 24596K [0x00000000dda00000, 0x00000000f5a00000, 0x00000000f5a00000)
 concurrent-mark-sweep perm gen total 54228K, used 32558K [0x00000000f5a00000, 0x00000000f8ef5000, 0x0000000100000000)
}
2015-03-13T23:21:51.372-0400: 111813.547: Total time for which application threads were stopped: 0.0139770 seconds
{Heap before GC invocations=39 (full 1):
 par new generation   total 109248K, used 92802K [0x00000000d5a00000, 0x00000000dda00000, 0x00000000dda00000)
  eden space 87424K, 100% used [0x00000000d5a00000, 0x00000000daf60000, 0x00000000daf60000)
  from space 21824K,  24% used [0x00000000daf60000, 0x00000000db4a0918, 0x00000000dc4b0000)
  to   space 21824K,   0% used [0x00000000dc4b0000, 0x00000000dc4b0000, 0x00000000dda00000)
 concurrent mark-sweep generation total 393216K, used 24596K [0x00000000dda00000, 0x00000000f5a00000, 0x00000000f5a00000)
 concurrent-mark-sweep perm gen total 54228K, used 32558K [0x00000000f5a00000, 0x00000000f8ef5000, 0x0000000100000000)
2015-03-14T03:59:21.523-0400: 128463.699: [GC2015-03-14T03:59:21.523-0400: 128463.699: [ParNew
Desired survivor size 20112992 bytes, new threshold 8 (max 8)
- age   1:     177840 bytes,     177840 total
- age   2:       1440 bytes,     179280 total
- age   3:        232 bytes,     179512 total
- age   4:        784 bytes,     180296 total
- age   5:        496 bytes,     180792 total
- age   6:         96 bytes,     180888 total
- age   8:     892688 bytes,    1073576 total
: 92802K->2181K(109248K), 0.0127070 secs] 117399K->29980K(502464K), 0.0128630 secs] [Times: user=0.04 sys=0.00, real=0.02 secs] 
Heap after GC invocations=40 (full 1):
 par new generation   total 109248K, used 2181K [0x00000000d5a00000, 0x00000000dda00000, 0x00000000dda00000)
  eden space 87424K,   0% used [0x00000000d5a00000, 0x00000000d5a00000, 0x00000000daf60000)
  from space 21824K,   9% used [0x00000000dc4b0000, 0x00000000dc6d14e0, 0x00000000dda00000)
  to   space 21824K,   0% used [0x00000000daf60000, 0x00000000daf60000, 0x00000000dc4b0000)
 concurrent mark-sweep generation total 393216K, used 27798K [0x00000000dda00000, 0x00000000f5a00000, 0x00000000f5a00000)
 concurrent-mark-sweep perm gen total 54228K, used 32558K [0x00000000f5a00000, 0x00000000f8ef5000, 0x0000000100000000)
}
2015-03-14T03:59:21.536-0400: 128463.712: Total time for which application threads were stopped: 0.0139820 seconds
{Heap before GC invocations=40 (full 1):
 par new generation   total 109248K, used 89605K [0x00000000d5a00000, 0x00000000dda00000, 0x00000000dda00000)
  eden space 87424K, 100% used [0x00000000d5a00000, 0x00000000daf60000, 0x00000000daf60000)
  from space 21824K,   9% used [0x00000000dc4b0000, 0x00000000dc6d14e0, 0x00000000dda00000)
  to   space 21824K,   0% used [0x00000000daf60000, 0x00000000daf60000, 0x00000000dc4b0000)
 concurrent mark-sweep generation total 393216K, used 27798K [0x00000000dda00000, 0x00000000f5a00000, 0x00000000f5a00000)
 concurrent-mark-sweep perm gen total 54228K, used 32558K [0x00000000f5a00000, 0x00000000f8ef5000, 0x0000000100000000)
2015-03-14T08:35:51.586-0400: 145053.762: [GC2015-03-14T08:35:51.586-0400: 145053.762: [ParNew
Desired survivor size 20112992 bytes, new threshold 8 (max 8)
- age   1:     176240 bytes,     176240 total
- age   2:       3392 bytes,     179632 total
- age   3:       1440 bytes,     181072 total
- age   4:        232 bytes,     181304 total
- age   5:        784 bytes,     182088 total
- age   6:        464 bytes,     182552 total
- age   7:         96 bytes,     182648 total
: 89605K->741K(109248K), 0.0073020 secs] 117404K->29414K(502464K), 0.0074920 secs] [Times: user=0.02 sys=0.00, real=0.00 secs] 
Heap after GC invocations=41 (full 1):
 par new generation   total 109248K, used 741K [0x00000000d5a00000, 0x00000000dda00000, 0x00000000dda00000)
  eden space 87424K,   0% used [0x00000000d5a00000, 0x00000000d5a00000, 0x00000000daf60000)
  from space 21824K,   3% used [0x00000000daf60000, 0x00000000db019780, 0x00000000dc4b0000)
  to   space 21824K,   0% used [0x00000000dc4b0000, 0x00000000dc4b0000, 0x00000000dda00000)
 concurrent mark-sweep generation total 393216K, used 28672K [0x00000000dda00000, 0x00000000f5a00000, 0x00000000f5a00000)
 concurrent-mark-sweep perm gen total 54228K, used 32558K [0x00000000f5a00000, 0x00000000f8ef5000, 0x0000000100000000)
}
2015-03-14T08:35:51.594-0400: 145053.769: Total time for which application threads were stopped: 0.0086090 seconds
{Heap before GC invocations=41 (full 1):
 par new generation   total 109248K, used 88165K [0x00000000d5a00000, 0x00000000dda00000, 0x00000000dda00000)
  eden space 87424K, 100% used [0x00000000d5a00000, 0x00000000daf60000, 0x00000000daf60000)
  from space 21824K,   3% used [0x00000000daf60000, 0x00000000db019780, 0x00000000dc4b0000)
  to   space 21824K,   0% used [0x00000000dc4b0000, 0x00000000dc4b0000, 0x00000000dda00000)
 concurrent mark-sweep generation total 393216K, used 28672K [0x00000000dda00000, 0x00000000f5a00000, 0x00000000f5a00000)
 concurrent-mark-sweep perm gen total 54228K, used 32558K [0x00000000f5a00000, 0x00000000f8ef5000, 0x0000000100000000)
2015-03-14T13:11:51.665-0400: 161613.840: [GC2015-03-14T13:11:51.665-0400: 161613.841: [ParNew
Desired survivor size 20112992 bytes, new threshold 8 (max 8)
- age   1:     172960 bytes,     172960 total
- age   2:         32 bytes,     172992 total
- age   3:       3392 bytes,     176384 total
- age   4:       1440 bytes,     177824 total
- age   5:        232 bytes,     178056 total
- age   6:        784 bytes,     178840 total
- age   7:        464 bytes,     179304 total
- age   8:         96 bytes,     179400 total
: 88165K->259K(109248K), 0.0048110 secs] 116838K->28932K(502464K), 0.0049520 secs] [Times: user=0.02 sys=0.00, real=0.00 secs] 
Heap after GC invocations=42 (full 1):
 par new generation   total 109248K, used 259K [0x00000000d5a00000, 0x00000000dda00000, 0x00000000dda00000)
  eden space 87424K,   0% used [0x00000000d5a00000, 0x00000000d5a00000, 0x00000000daf60000)
  from space 21824K,   1% used [0x00000000dc4b0000, 0x00000000dc4f0ec0, 0x00000000dda00000)
  to   space 21824K,   0% used [0x00000000daf60000, 0x00000000daf60000, 0x00000000dc4b0000)
 concurrent mark-sweep generation total 393216K, used 28672K [0x00000000dda00000, 0x00000000f5a00000, 0x00000000f5a00000)
 concurrent-mark-sweep perm gen total 54228K, used 32558K [0x00000000f5a00000, 0x00000000f8ef5000, 0x0000000100000000)
}
2015-03-14T13:11:51.670-0400: 161613.845: Total time for which application threads were stopped: 0.0060430 seconds
{Heap before GC invocations=42 (full 1):
 par new generation   total 109248K, used 87683K [0x00000000d5a00000, 0x00000000dda00000, 0x00000000dda00000)
  eden space 87424K, 100% used [0x00000000d5a00000, 0x00000000daf60000, 0x00000000daf60000)
  from space 21824K,   1% used [0x00000000dc4b0000, 0x00000000dc4f0ec0, 0x00000000dda00000)
  to   space 21824K,   0% used [0x00000000daf60000, 0x00000000daf60000, 0x00000000dc4b0000)
 concurrent mark-sweep generation total 393216K, used 28672K [0x00000000dda00000, 0x00000000f5a00000, 0x00000000f5a00000)
 concurrent-mark-sweep perm gen total 54228K, used 32558K [0x00000000f5a00000, 0x00000000f8ef5000, 0x0000000100000000)
2015-03-14T17:48:21.746-0400: 178203.922: [GC2015-03-14T17:48:21.747-0400: 178203.922: [ParNew
Desired survivor size 20112992 bytes, new threshold 8 (max 8)
- age   1:     174944 bytes,     174944 total
- age   2:         32 bytes,     174976 total
- age   4:       3392 bytes,     178368 total
- age   5:       1440 bytes,     179808 total
- age   6:        232 bytes,     180040 total
- age   7:        784 bytes,     180824 total
- age   8:        464 bytes,     181288 total
: 87683K->235K(109248K), 0.0045450 secs] 116356K->28908K(502464K), 0.0047230 secs] [Times: user=0.01 sys=0.00, real=0.00 secs] 
Heap after GC invocations=43 (full 1):
 par new generation   total 109248K, used 235K [0x00000000d5a00000, 0x00000000dda00000, 0x00000000dda00000)
  eden space 87424K,   0% used [0x00000000d5a00000, 0x00000000d5a00000, 0x00000000daf60000)
  from space 21824K,   1% used [0x00000000daf60000, 0x00000000daf9ad00, 0x00000000dc4b0000)
  to   space 21824K,   0% used [0x00000000dc4b0000, 0x00000000dc4b0000, 0x00000000dda00000)
 concurrent mark-sweep generation total 393216K, used 28672K [0x00000000dda00000, 0x00000000f5a00000, 0x00000000f5a00000)
 concurrent-mark-sweep perm gen total 54228K, used 32558K [0x00000000f5a00000, 0x00000000f8ef5000, 0x0000000100000000)
}
2015-03-14T17:48:21.751-0400: 178203.927: Total time for which application threads were stopped: 0.0058400 seconds
{Heap before GC invocations=43 (full 1):
 par new generation   total 109248K, used 87659K [0x00000000d5a00000, 0x00000000dda00000, 0x00000000dda00000)
  eden space 87424K, 100% used [0x00000000d5a00000, 0x00000000daf60000, 0x00000000daf60000)
  from space 21824K,   1% used [0x00000000daf60000, 0x00000000daf9ad00, 0x00000000dc4b0000)
  to   space 21824K,   0% used [0x00000000dc4b0000, 0x00000000dc4b0000, 0x00000000dda00000)
 concurrent mark-sweep generation total 393216K, used 28672K [0x00000000dda00000, 0x00000000f5a00000, 0x00000000f5a00000)
 concurrent-mark-sweep perm gen total 54228K, used 32558K [0x00000000f5a00000, 0x00000000f8ef5000, 0x0000000100000000)
2015-03-14T22:25:18.001-0400: 194820.176: [GC2015-03-14T22:25:18.001-0400: 194820.177: [ParNew
Desired survivor size 20112992 bytes, new threshold 8 (max 8)
- age   1:     174544 bytes,     174544 total
- age   5:       3392 bytes,     177936 total
- age   6:       1440 bytes,     179376 total
- age   7:        232 bytes,     179608 total
- age   8:        784 bytes,     180392 total
: 87659K->215K(109248K), 0.0045230 secs] 116332K->28888K(502464K), 0.0046640 secs] [Times: user=0.01 sys=0.00, real=0.00 secs] 
Heap after GC invocations=44 (full 1):
 par new generation   total 109248K, used 215K [0x00000000d5a00000, 0x00000000dda00000, 0x00000000dda00000)
  eden space 87424K,   0% used [0x00000000d5a00000, 0x00000000d5a00000, 0x00000000daf60000)
  from space 21824K,   0% used [0x00000000dc4b0000, 0x00000000dc4e5e08, 0x00000000dda00000)
  to   space 21824K,   0% used [0x00000000daf60000, 0x00000000daf60000, 0x00000000dc4b0000)
 concurrent mark-sweep generation total 393216K, used 28673K [0x00000000dda00000, 0x00000000f5a00000, 0x00000000f5a00000)
 concurrent-mark-sweep perm gen total 54228K, used 32558K [0x00000000f5a00000, 0x00000000f8ef5000, 0x0000000100000000)
}
2015-03-14T22:25:18.006-0400: 194820.181: Total time for which application threads were stopped: 0.0057500 seconds
{Heap before GC invocations=44 (full 1):
 par new generation   total 109248K, used 87639K [0x00000000d5a00000, 0x00000000dda00000, 0x00000000dda00000)
  eden space 87424K, 100% used [0x00000000d5a00000, 0x00000000daf60000, 0x00000000daf60000)
  from space 21824K,   0% used [0x00000000dc4b0000, 0x00000000dc4e5e08, 0x00000000dda00000)
  to   space 21824K,   0% used [0x00000000daf60000, 0x00000000daf60000, 0x00000000dc4b0000)
 concurrent mark-sweep generation total 393216K, used 28673K [0x00000000dda00000, 0x00000000f5a00000, 0x00000000f5a00000)
 concurrent-mark-sweep perm gen total 54228K, used 32558K [0x00000000f5a00000, 0x00000000f8ef5000, 0x0000000100000000)
2015-03-15T03:03:51.911-0400: 211534.087: [GC2015-03-15T03:03:51.912-0400: 211534.087: [ParNew
Desired survivor size 20112992 bytes, new threshold 8 (max 8)
- age   1:     175488 bytes,     175488 total
- age   2:         32 bytes,     175520 total
- age   6:       3392 bytes,     178912 total
- age   7:       1440 bytes,     180352 total
- age   8:        232 bytes,     180584 total
: 87639K->234K(109248K), 0.0046240 secs] 116312K->28908K(502464K), 0.0048140 secs] [Times: user=0.01 sys=0.00, real=0.00 secs] 
Heap after GC invocations=45 (full 1):
 par new generation   total 109248K, used 234K [0x00000000d5a00000, 0x00000000dda00000, 0x00000000dda00000)
  eden space 87424K,   0% used [0x00000000d5a00000, 0x00000000d5a00000, 0x00000000daf60000)
  from space 21824K,   1% used [0x00000000daf60000, 0x00000000daf9a890, 0x00000000dc4b0000)
  to   space 21824K,   0% used [0x00000000dc4b0000, 0x00000000dc4b0000, 0x00000000dda00000)
 concurrent mark-sweep generation total 393216K, used 28673K [0x00000000dda00000, 0x00000000f5a00000, 0x00000000f5a00000)
 concurrent-mark-sweep perm gen total 54228K, used 32558K [0x00000000f5a00000, 0x00000000f8ef5000, 0x0000000100000000)
}
2015-03-15T03:03:51.916-0400: 211534.092: Total time for which application threads were stopped: 0.0058900 seconds
{Heap before GC invocations=45 (full 1):
 par new generation   total 109248K, used 87658K [0x00000000d5a00000, 0x00000000dda00000, 0x00000000dda00000)
  eden space 87424K, 100% used [0x00000000d5a00000, 0x00000000daf60000, 0x00000000daf60000)
  from space 21824K,   1% used [0x00000000daf60000, 0x00000000daf9a890, 0x00000000dc4b0000)
  to   space 21824K,   0% used [0x00000000dc4b0000, 0x00000000dc4b0000, 0x00000000dda00000)
 concurrent mark-sweep generation total 393216K, used 28673K [0x00000000dda00000, 0x00000000f5a00000, 0x00000000f5a00000)
 concurrent-mark-sweep perm gen total 54228K, used 32558K [0x00000000f5a00000, 0x00000000f8ef5000, 0x0000000100000000)
2015-03-15T07:38:21.974-0400: 228004.150: [GC2015-03-15T07:38:21.974-0400: 228004.150: [ParNew
Desired survivor size 20112992 bytes, new threshold 8 (max 8)
- age   1:     176984 bytes,     176984 total
- age   2:         32 bytes,     177016 total
- age   7:       3392 bytes,     180408 total
- age   8:       1440 bytes,     181848 total
: 87658K->210K(109248K), 0.0044700 secs] 116332K->28884K(502464K), 0.0046260 secs] [Times: user=0.02 sys=0.00, real=0.01 secs] 
Heap after GC invocations=46 (full 1):
 par new generation   total 109248K, used 210K [0x00000000d5a00000, 0x00000000dda00000, 0x00000000dda00000)
  eden space 87424K,   0% used [0x00000000d5a00000, 0x00000000d5a00000, 0x00000000daf60000)
  from space 21824K,   0% used [0x00000000dc4b0000, 0x00000000dc4e4940, 0x00000000dda00000)
  to   space 21824K,   0% used [0x00000000daf60000, 0x00000000daf60000, 0x00000000dc4b0000)
 concurrent mark-sweep generation total 393216K, used 28674K [0x00000000dda00000, 0x00000000f5a00000, 0x00000000f5a00000)
 concurrent-mark-sweep perm gen total 54228K, used 32558K [0x00000000f5a00000, 0x00000000f8ef5000, 0x0000000100000000)
}
2015-03-15T07:38:21.979-0400: 228004.154: Total time for which application threads were stopped: 0.0056730 seconds
{Heap before GC invocations=46 (full 1):
 par new generation   total 109248K, used 87634K [0x00000000d5a00000, 0x00000000dda00000, 0x00000000dda00000)
  eden space 87424K, 100% used [0x00000000d5a00000, 0x00000000daf60000, 0x00000000daf60000)
  from space 21824K,   0% used [0x00000000dc4b0000, 0x00000000dc4e4940, 0x00000000dda00000)
  to   space 21824K,   0% used [0x00000000daf60000, 0x00000000daf60000, 0x00000000dc4b0000)
 concurrent mark-sweep generation total 393216K, used 28674K [0x00000000dda00000, 0x00000000f5a00000, 0x00000000f5a00000)
 concurrent-mark-sweep perm gen total 54228K, used 32558K [0x00000000f5a00000, 0x00000000f8ef5000, 0x0000000100000000)
2015-03-15T12:17:07.273-0400: 244729.448: [GC2015-03-15T12:17:07.273-0400: 244729.448: [ParNew
Desired survivor size 20112992 bytes, new threshold 8 (max 8)
- age   1:     176936 bytes,     176936 total
- age   2:        184 bytes,     177120 total
- age   8:       3392 bytes,     180512 total
: 87634K->199K(109248K), 0.0046270 secs] 116308K->28874K(502464K), 0.0047680 secs] [Times: user=0.02 sys=0.00, real=0.01 secs] 
Heap after GC invocations=47 (full 1):
 par new generation   total 109248K, used 199K [0x00000000d5a00000, 0x00000000dda00000, 0x00000000dda00000)
  eden space 87424K,   0% used [0x00000000d5a00000, 0x00000000d5a00000, 0x00000000daf60000)
  from space 21824K,   0% used [0x00000000daf60000, 0x00000000daf91d80, 0x00000000dc4b0000)
  to   space 21824K,   0% used [0x00000000dc4b0000, 0x00000000dc4b0000, 0x00000000dda00000)
 concurrent mark-sweep generation total 393216K, used 28675K [0x00000000dda00000, 0x00000000f5a00000, 0x00000000f5a00000)
 concurrent-mark-sweep perm gen total 54228K, used 32558K [0x00000000f5a00000, 0x00000000f8ef5000, 0x0000000100000000)
}
2015-03-15T12:17:07.278-0400: 244729.453: Total time for which application threads were stopped: 0.0058780 seconds
{Heap before GC invocations=47 (full 1):
 par new generation   total 109248K, used 87623K [0x00000000d5a00000, 0x00000000dda00000, 0x00000000dda00000)
  eden space 87424K, 100% used [0x00000000d5a00000, 0x00000000daf60000, 0x00000000daf60000)
  from space 21824K,   0% used [0x00000000daf60000, 0x00000000daf91d80, 0x00000000dc4b0000)
  to   space 21824K,   0% used [0x00000000dc4b0000, 0x00000000dc4b0000, 0x00000000dda00000)
 concurrent mark-sweep generation total 393216K, used 28675K [0x00000000dda00000, 0x00000000f5a00000, 0x00000000f5a00000)
 concurrent-mark-sweep perm gen total 54228K, used 32558K [0x00000000f5a00000, 0x00000000f8ef5000, 0x0000000100000000)
2015-03-15T16:55:44.232-0400: 261446.408: [GC2015-03-15T16:55:44.232-0400: 261446.408: [ParNew
Desired survivor size 20112992 bytes, new threshold 8 (max 8)
- age   1:     174848 bytes,     174848 total
- age   2:         32 bytes,     174880 total
- age   3:        184 bytes,     175064 total
: 87623K->301K(109248K), 0.0043650 secs] 116298K->28980K(502464K), 0.0045310 secs] [Times: user=0.01 sys=0.01, real=0.00 secs] 
Heap after GC invocations=48 (full 1):
 par new generation   total 109248K, used 301K [0x00000000d5a00000, 0x00000000dda00000, 0x00000000dda00000)
  eden space 87424K,   0% used [0x00000000d5a00000, 0x00000000d5a00000, 0x00000000daf60000)
  from space 21824K,   1% used [0x00000000dc4b0000, 0x00000000dc4fb4e0, 0x00000000dda00000)
  to   space 21824K,   0% used [0x00000000daf60000, 0x00000000daf60000, 0x00000000dc4b0000)
 concurrent mark-sweep generation total 393216K, used 28678K [0x00000000dda00000, 0x00000000f5a00000, 0x00000000f5a00000)
 concurrent-mark-sweep perm gen total 54228K, used 32558K [0x00000000f5a00000, 0x00000000f8ef5000, 0x0000000100000000)
}
2015-03-15T16:55:44.237-0400: 261446.412: Total time for which application threads were stopped: 0.0056170 seconds
{Heap before GC invocations=48 (full 1):
 par new generation   total 109248K, used 87725K [0x00000000d5a00000, 0x00000000dda00000, 0x00000000dda00000)
  eden space 87424K, 100% used [0x00000000d5a00000, 0x00000000daf60000, 0x00000000daf60000)
  from space 21824K,   1% used [0x00000000dc4b0000, 0x00000000dc4fb4e0, 0x00000000dda00000)
  to   space 21824K,   0% used [0x00000000daf60000, 0x00000000daf60000, 0x00000000dc4b0000)
 concurrent mark-sweep generation total 393216K, used 28678K [0x00000000dda00000, 0x00000000f5a00000, 0x00000000f5a00000)
 concurrent-mark-sweep perm gen total 54228K, used 32558K [0x00000000f5a00000, 0x00000000f8ef5000, 0x0000000100000000)
2015-03-15T21:32:00.068-0400: 278022.243: [GC2015-03-15T21:32:00.068-0400: 278022.243: [ParNew
Desired survivor size 20112992 bytes, new threshold 8 (max 8)
- age   1:     174576 bytes,     174576 total
- age   2:         32 bytes,     174608 total
- age   4:        184 bytes,     174792 total
: 87725K->214K(109248K), 0.0043540 secs] 116404K->28893K(502464K), 0.0045020 secs] [Times: user=0.02 sys=0.00, real=0.00 secs] 
Heap after GC invocations=49 (full 1):
 par new generation   total 109248K, used 214K [0x00000000d5a00000, 0x00000000dda00000, 0x00000000dda00000)
  eden space 87424K,   0% used [0x00000000d5a00000, 0x00000000d5a00000, 0x00000000daf60000)
  from space 21824K,   0% used [0x00000000daf60000, 0x00000000daf959d0, 0x00000000dc4b0000)
  to   space 21824K,   0% used [0x00000000dc4b0000, 0x00000000dc4b0000, 0x00000000dda00000)
 concurrent mark-sweep generation total 393216K, used 28678K [0x00000000dda00000, 0x00000000f5a00000, 0x00000000f5a00000)
 concurrent-mark-sweep perm gen total 54228K, used 32558K [0x00000000f5a00000, 0x00000000f8ef5000, 0x0000000100000000)
}
2015-03-15T21:32:00.072-0400: 278022.248: Total time for which application threads were stopped: 0.0055960 seconds
{Heap before GC invocations=49 (full 1):
 par new generation   total 109248K, used 87638K [0x00000000d5a00000, 0x00000000dda00000, 0x00000000dda00000)
  eden space 87424K, 100% used [0x00000000d5a00000, 0x00000000daf60000, 0x00000000daf60000)
  from space 21824K,   0% used [0x00000000daf60000, 0x00000000daf959d0, 0x00000000dc4b0000)
  to   space 21824K,   0% used [0x00000000dc4b0000, 0x00000000dc4b0000, 0x00000000dda00000)
 concurrent mark-sweep generation total 393216K, used 28678K [0x00000000dda00000, 0x00000000f5a00000, 0x00000000f5a00000)
 concurrent-mark-sweep perm gen total 54228K, used 32558K [0x00000000f5a00000, 0x00000000f8ef5000, 0x0000000100000000)
2015-03-16T02:10:45.677-0400: 294747.853: [GC2015-03-16T02:10:45.677-0400: 294747.853: [ParNew
Desired survivor size 20112992 bytes, new threshold 8 (max 8)
- age   1:     177968 bytes,     177968 total
- age   2:         32 bytes,     178000 total
- age   3:         32 bytes,     178032 total
- age   5:        184 bytes,     178216 total
: 87638K->261K(109248K), 0.0043530 secs] 116317K->28940K(502464K), 0.0045170 secs] [Times: user=0.01 sys=0.00, real=0.01 secs] 
Heap after GC invocations=50 (full 1):
 par new generation   total 109248K, used 261K [0x00000000d5a00000, 0x00000000dda00000, 0x00000000dda00000)
  eden space 87424K,   0% used [0x00000000d5a00000, 0x00000000d5a00000, 0x00000000daf60000)
  from space 21824K,   1% used [0x00000000dc4b0000, 0x00000000dc4f1680, 0x00000000dda00000)
  to   space 21824K,   0% used [0x00000000daf60000, 0x00000000daf60000, 0x00000000dc4b0000)
 concurrent mark-sweep generation total 393216K, used 28678K [0x00000000dda00000, 0x00000000f5a00000, 0x00000000f5a00000)
 concurrent-mark-sweep perm gen total 54228K, used 32558K [0x00000000f5a00000, 0x00000000f8ef5000, 0x0000000100000000)
}
2015-03-16T02:10:45.682-0400: 294747.857: Total time for which application threads were stopped: 0.0056200 seconds
{Heap before GC invocations=50 (full 1):
 par new generation   total 109248K, used 87685K [0x00000000d5a00000, 0x00000000dda00000, 0x00000000dda00000)
  eden space 87424K, 100% used [0x00000000d5a00000, 0x00000000daf60000, 0x00000000daf60000)
  from space 21824K,   1% used [0x00000000dc4b0000, 0x00000000dc4f1680, 0x00000000dda00000)
  to   space 21824K,   0% used [0x00000000daf60000, 0x00000000daf60000, 0x00000000dc4b0000)
 concurrent mark-sweep generation total 393216K, used 28678K [0x00000000dda00000, 0x00000000f5a00000, 0x00000000f5a00000)
 concurrent-mark-sweep perm gen total 54228K, used 32558K [0x00000000f5a00000, 0x00000000f8ef5000, 0x0000000100000000)
2015-03-16T06:49:00.001-0400: 311442.177: [GC2015-03-16T06:49:00.001-0400: 311442.177: [ParNew
Desired survivor size 20112992 bytes, new threshold 8 (max 8)
- age   1:     173024 bytes,     173024 total
- age   3:         32 bytes,     173056 total
- age   4:         32 bytes,     173088 total
- age   6:        184 bytes,     173272 total
: 87685K->202K(109248K), 0.0043300 secs] 116364K->28881K(502464K), 0.0044960 secs] [Times: user=0.01 sys=0.00, real=0.00 secs] 
Heap after GC invocations=51 (full 1):
 par new generation   total 109248K, used 202K [0x00000000d5a00000, 0x00000000dda00000, 0x00000000dda00000)
  eden space 87424K,   0% used [0x00000000d5a00000, 0x00000000d5a00000, 0x00000000daf60000)
  from space 21824K,   0% used [0x00000000daf60000, 0x00000000daf928c0, 0x00000000dc4b0000)
  to   space 21824K,   0% used [0x00000000dc4b0000, 0x00000000dc4b0000, 0x00000000dda00000)
 concurrent mark-sweep generation total 393216K, used 28678K [0x00000000dda00000, 0x00000000f5a00000, 0x00000000f5a00000)
 concurrent-mark-sweep perm gen total 54228K, used 32558K [0x00000000f5a00000, 0x00000000f8ef5000, 0x0000000100000000)
}
2015-03-16T06:49:00.006-0400: 311442.181: Total time for which application threads were stopped: 0.0056020 seconds
{Heap before GC invocations=51 (full 1):
 par new generation   total 109248K, used 87626K [0x00000000d5a00000, 0x00000000dda00000, 0x00000000dda00000)
  eden space 87424K, 100% used [0x00000000d5a00000, 0x00000000daf60000, 0x00000000daf60000)
  from space 21824K,   0% used [0x00000000daf60000, 0x00000000daf928c0, 0x00000000dc4b0000)
  to   space 21824K,   0% used [0x00000000dc4b0000, 0x00000000dc4b0000, 0x00000000dda00000)
 concurrent mark-sweep generation total 393216K, used 28678K [0x00000000dda00000, 0x00000000f5a00000, 0x00000000f5a00000)
 concurrent-mark-sweep perm gen total 54228K, used 32558K [0x00000000f5a00000, 0x00000000f8ef5000, 0x0000000100000000)
2015-03-16T11:25:06.001-0400: 328008.176: [GC2015-03-16T11:25:06.001-0400: 328008.176: [ParNew
Desired survivor size 20112992 bytes, new threshold 8 (max 8)
- age   1:     174976 bytes,     174976 total
- age   7:        184 bytes,     175160 total
: 87626K->257K(109248K), 0.0043830 secs] 116305K->28936K(502464K), 0.0045550 secs] [Times: user=0.01 sys=0.00, real=0.01 secs] 
Heap after GC invocations=52 (full 1):
 par new generation   total 109248K, used 257K [0x00000000d5a00000, 0x00000000dda00000, 0x00000000dda00000)
  eden space 87424K,   0% used [0x00000000d5a00000, 0x00000000d5a00000, 0x00000000daf60000)
  from space 21824K,   1% used [0x00000000dc4b0000, 0x00000000dc4f0618, 0x00000000dda00000)
  to   space 21824K,   0% used [0x00000000daf60000, 0x00000000daf60000, 0x00000000dc4b0000)
 concurrent mark-sweep generation total 393216K, used 28678K [0x00000000dda00000, 0x00000000f5a00000, 0x00000000f5a00000)
 concurrent-mark-sweep perm gen total 54228K, used 32558K [0x00000000f5a00000, 0x00000000f8ef5000, 0x0000000100000000)
}
2015-03-16T11:25:06.005-0400: 328008.181: Total time for which application threads were stopped: 0.0056430 seconds
{Heap before GC invocations=52 (full 1):
 par new generation   total 109248K, used 87681K [0x00000000d5a00000, 0x00000000dda00000, 0x00000000dda00000)
  eden space 87424K, 100% used [0x00000000d5a00000, 0x00000000daf60000, 0x00000000daf60000)
  from space 21824K,   1% used [0x00000000dc4b0000, 0x00000000dc4f0618, 0x00000000dda00000)
  to   space 21824K,   0% used [0x00000000daf60000, 0x00000000daf60000, 0x00000000dc4b0000)
 concurrent mark-sweep generation total 393216K, used 28678K [0x00000000dda00000, 0x00000000f5a00000, 0x00000000f5a00000)
 concurrent-mark-sweep perm gen total 54228K, used 32558K [0x00000000f5a00000, 0x00000000f8ef5000, 0x0000000100000000)
2015-03-16T16:03:52.823-0400: 344734.999: [GC2015-03-16T16:03:52.823-0400: 344734.999: [ParNew
Desired survivor size 20112992 bytes, new threshold 8 (max 8)
- age   1:     173520 bytes,     173520 total
- age   8:        184 bytes,     173704 total
: 87681K->198K(109248K), 0.0044080 secs] 116360K->28877K(502464K), 0.0045660 secs] [Times: user=0.01 sys=0.00, real=0.01 secs] 
Heap after GC invocations=53 (full 1):
 par new generation   total 109248K, used 198K [0x00000000d5a00000, 0x00000000dda00000, 0x00000000dda00000)
  eden space 87424K,   0% used [0x00000000d5a00000, 0x00000000d5a00000, 0x00000000daf60000)
  from space 21824K,   0% used [0x00000000daf60000, 0x00000000daf91b50, 0x00000000dc4b0000)
  to   space 21824K,   0% used [0x00000000dc4b0000, 0x00000000dc4b0000, 0x00000000dda00000)
 concurrent mark-sweep generation total 393216K, used 28678K [0x00000000dda00000, 0x00000000f5a00000, 0x00000000f5a00000)
 concurrent-mark-sweep perm gen total 54228K, used 32558K [0x00000000f5a00000, 0x00000000f8ef5000, 0x0000000100000000)
}
2015-03-16T16:03:52.828-0400: 344735.004: Total time for which application threads were stopped: 0.0056910 seconds
{Heap before GC invocations=53 (full 1):
 par new generation   total 109248K, used 87622K [0x00000000d5a00000, 0x00000000dda00000, 0x00000000dda00000)
  eden space 87424K, 100% used [0x00000000d5a00000, 0x00000000daf60000, 0x00000000daf60000)
  from space 21824K,   0% used [0x00000000daf60000, 0x00000000daf91b50, 0x00000000dc4b0000)
  to   space 21824K,   0% used [0x00000000dc4b0000, 0x00000000dc4b0000, 0x00000000dda00000)
 concurrent mark-sweep generation total 393216K, used 28678K [0x00000000dda00000, 0x00000000f5a00000, 0x00000000f5a00000)
 concurrent-mark-sweep perm gen total 54228K, used 32558K [0x00000000f5a00000, 0x00000000f8ef5000, 0x0000000100000000)
2015-03-16T20:42:37.488-0400: 361459.663: [GC2015-03-16T20:42:37.488-0400: 361459.663: [ParNew
Desired survivor size 20112992 bytes, new threshold 8 (max 8)
- age   1:     175376 bytes,     175376 total
- age   2:         32 bytes,     175408 total
: 87622K->257K(109248K), 0.0043760 secs] 116301K->28936K(502464K), 0.0045540 secs] [Times: user=0.02 sys=0.00, real=0.01 secs] 
Heap after GC invocations=54 (full 1):
 par new generation   total 109248K, used 257K [0x00000000d5a00000, 0x00000000dda00000, 0x00000000dda00000)
  eden space 87424K,   0% used [0x00000000d5a00000, 0x00000000d5a00000, 0x00000000daf60000)
  from space 21824K,   1% used [0x00000000dc4b0000, 0x00000000dc4f05e0, 0x00000000dda00000)
  to   space 21824K,   0% used [0x00000000daf60000, 0x00000000daf60000, 0x00000000dc4b0000)
 concurrent mark-sweep generation total 393216K, used 28679K [0x00000000dda00000, 0x00000000f5a00000, 0x00000000f5a00000)
 concurrent-mark-sweep perm gen total 54228K, used 32558K [0x00000000f5a00000, 0x00000000f8ef5000, 0x0000000100000000)
}
2015-03-16T20:42:37.492-0400: 361459.668: Total time for which application threads were stopped: 0.0056430 seconds
{Heap before GC invocations=54 (full 1):
 par new generation   total 109248K, used 87681K [0x00000000d5a00000, 0x00000000dda00000, 0x00000000dda00000)
  eden space 87424K, 100% used [0x00000000d5a00000, 0x00000000daf60000, 0x00000000daf60000)
  from space 21824K,   1% used [0x00000000dc4b0000, 0x00000000dc4f05e0, 0x00000000dda00000)
  to   space 21824K,   0% used [0x00000000daf60000, 0x00000000daf60000, 0x00000000dc4b0000)
 concurrent mark-sweep generation total 393216K, used 28679K [0x00000000dda00000, 0x00000000f5a00000, 0x00000000f5a00000)
 concurrent-mark-sweep perm gen total 54228K, used 32558K [0x00000000f5a00000, 0x00000000f8ef5000, 0x0000000100000000)
2015-03-17T01:21:22.155-0400: 378184.331: [GC2015-03-17T01:21:22.155-0400: 378184.331: [ParNew
Desired survivor size 20112992 bytes, new threshold 8 (max 8)
- age   1:     178224 bytes,     178224 total
- age   3:         32 bytes,     178256 total
: 87681K->198K(109248K), 0.0044090 secs] 116360K->28878K(502464K), 0.0045560 secs] [Times: user=0.02 sys=0.00, real=0.00 secs] 
Heap after GC invocations=55 (full 1):
 par new generation   total 109248K, used 198K [0x00000000d5a00000, 0x00000000dda00000, 0x00000000dda00000)
  eden space 87424K,   0% used [0x00000000d5a00000, 0x00000000d5a00000, 0x00000000daf60000)
  from space 21824K,   0% used [0x00000000daf60000, 0x00000000daf91bf0, 0x00000000dc4b0000)
  to   space 21824K,   0% used [0x00000000dc4b0000, 0x00000000dc4b0000, 0x00000000dda00000)
 concurrent mark-sweep generation total 393216K, used 28679K [0x00000000dda00000, 0x00000000f5a00000, 0x00000000f5a00000)
 concurrent-mark-sweep perm gen total 54228K, used 32558K [0x00000000f5a00000, 0x00000000f8ef5000, 0x0000000100000000)
}
2015-03-17T01:21:22.160-0400: 378184.335: Total time for which application threads were stopped: 0.0056400 seconds
{Heap before GC invocations=55 (full 1):
 par new generation   total 109248K, used 87622K [0x00000000d5a00000, 0x00000000dda00000, 0x00000000dda00000)
  eden space 87424K, 100% used [0x00000000d5a00000, 0x00000000daf60000, 0x00000000daf60000)
  from space 21824K,   0% used [0x00000000daf60000, 0x00000000daf91bf0, 0x00000000dc4b0000)
  to   space 21824K,   0% used [0x00000000dc4b0000, 0x00000000dc4b0000, 0x00000000dda00000)
 concurrent mark-sweep generation total 393216K, used 28679K [0x00000000dda00000, 0x00000000f5a00000, 0x00000000f5a00000)
 concurrent-mark-sweep perm gen total 54228K, used 32558K [0x00000000f5a00000, 0x00000000f8ef5000, 0x0000000100000000)
2015-03-17T06:00:06.845-0400: 394909.021: [GC2015-03-17T06:00:06.846-0400: 394909.021: [ParNew
Desired survivor size 20112992 bytes, new threshold 8 (max 8)
- age   1:     175680 bytes,     175680 total
- age   2:         64 bytes,     175744 total
- age   4:         32 bytes,     175776 total
: 87622K->263K(109248K), 0.0043670 secs] 116302K->28942K(502464K), 0.0045100 secs] [Times: user=0.01 sys=0.00, real=0.00 secs] 
Heap after GC invocations=56 (full 1):
 par new generation   total 109248K, used 263K [0x00000000d5a00000, 0x00000000dda00000, 0x00000000dda00000)
  eden space 87424K,   0% used [0x00000000d5a00000, 0x00000000d5a00000, 0x00000000daf60000)
  from space 21824K,   1% used [0x00000000dc4b0000, 0x00000000dc4f1d48, 0x00000000dda00000)
  to   space 21824K,   0% used [0x00000000daf60000, 0x00000000daf60000, 0x00000000dc4b0000)
 concurrent mark-sweep generation total 393216K, used 28679K [0x00000000dda00000, 0x00000000f5a00000, 0x00000000f5a00000)
 concurrent-mark-sweep perm gen total 54228K, used 32558K [0x00000000f5a00000, 0x00000000f8ef5000, 0x0000000100000000)
}
2015-03-17T06:00:06.850-0400: 394909.026: Total time for which application threads were stopped: 0.0055930 seconds
{Heap before GC invocations=56 (full 1):
 par new generation   total 109248K, used 87687K [0x00000000d5a00000, 0x00000000dda00000, 0x00000000dda00000)
  eden space 87424K, 100% used [0x00000000d5a00000, 0x00000000daf60000, 0x00000000daf60000)
  from space 21824K,   1% used [0x00000000dc4b0000, 0x00000000dc4f1d48, 0x00000000dda00000)
  to   space 21824K,   0% used [0x00000000daf60000, 0x00000000daf60000, 0x00000000dc4b0000)
 concurrent mark-sweep generation total 393216K, used 28679K [0x00000000dda00000, 0x00000000f5a00000, 0x00000000f5a00000)
 concurrent-mark-sweep perm gen total 54228K, used 32558K [0x00000000f5a00000, 0x00000000f8ef5000, 0x0000000100000000)
2015-03-17T10:38:53.927-0400: 411636.103: [GC2015-03-17T10:38:53.927-0400: 411636.103: [ParNew
Desired survivor size 20112992 bytes, new threshold 8 (max 8)
- age   1:     176912 bytes,     176912 total
- age   5:         32 bytes,     176944 total
: 87687K->201K(109248K), 0.0043830 secs] 116366K->28880K(502464K), 0.0045320 secs] [Times: user=0.01 sys=0.00, real=0.00 secs] 
Heap after GC invocations=57 (full 1):
 par new generation   total 109248K, used 201K [0x00000000d5a00000, 0x00000000dda00000, 0x00000000dda00000)
  eden space 87424K,   0% used [0x00000000d5a00000, 0x00000000d5a00000, 0x00000000daf60000)
  from space 21824K,   0% used [0x00000000daf60000, 0x00000000daf92550, 0x00000000dc4b0000)
  to   space 21824K,   0% used [0x00000000dc4b0000, 0x00000000dc4b0000, 0x00000000dda00000)
 concurrent mark-sweep generation total 393216K, used 28679K [0x00000000dda00000, 0x00000000f5a00000, 0x00000000f5a00000)
 concurrent-mark-sweep perm gen total 54228K, used 32558K [0x00000000f5a00000, 0x00000000f8ef5000, 0x0000000100000000)
}
2015-03-17T10:38:53.932-0400: 411636.107: Total time for which application threads were stopped: 0.0056140 seconds
{Heap before GC invocations=57 (full 1):
 par new generation   total 109248K, used 87625K [0x00000000d5a00000, 0x00000000dda00000, 0x00000000dda00000)
  eden space 87424K, 100% used [0x00000000d5a00000, 0x00000000daf60000, 0x00000000daf60000)
  from space 21824K,   0% used [0x00000000daf60000, 0x00000000daf92550, 0x00000000dc4b0000)
  to   space 21824K,   0% used [0x00000000dc4b0000, 0x00000000dc4b0000, 0x00000000dda00000)
 concurrent mark-sweep generation total 393216K, used 28679K [0x00000000dda00000, 0x00000000f5a00000, 0x00000000f5a00000)
 concurrent-mark-sweep perm gen total 54228K, used 32558K [0x00000000f5a00000, 0x00000000f8ef5000, 0x0000000100000000)
2015-03-17T15:17:38.796-0400: 428360.971: [GC2015-03-17T15:17:38.796-0400: 428360.971: [ParNew
Desired survivor size 20112992 bytes, new threshold 8 (max 8)
- age   1:     175184 bytes,     175184 total
- age   2:         32 bytes,     175216 total
- age   6:         32 bytes,     175248 total
: 87625K->262K(109248K), 0.0043980 secs] 116304K->28941K(502464K), 0.0045420 secs] [Times: user=0.01 sys=0.00, real=0.01 secs] 
Heap after GC invocations=58 (full 1):
 par new generation   total 109248K, used 262K [0x00000000d5a00000, 0x00000000dda00000, 0x00000000dda00000)
  eden space 87424K,   0% used [0x00000000d5a00000, 0x00000000d5a00000, 0x00000000daf60000)
  from space 21824K,   1% used [0x00000000dc4b0000, 0x00000000dc4f1808, 0x00000000dda00000)
  to   space 21824K,   0% used [0x00000000daf60000, 0x00000000daf60000, 0x00000000dc4b0000)
 concurrent mark-sweep generation total 393216K, used 28679K [0x00000000dda00000, 0x00000000f5a00000, 0x00000000f5a00000)
 concurrent-mark-sweep perm gen total 54228K, used 32558K [0x00000000f5a00000, 0x00000000f8ef5000, 0x0000000100000000)
}
2015-03-17T15:17:38.800-0400: 428360.976: Total time for which application threads were stopped: 0.0056580 seconds
{Heap before GC invocations=58 (full 1):
 par new generation   total 109248K, used 87686K [0x00000000d5a00000, 0x00000000dda00000, 0x00000000dda00000)
  eden space 87424K, 100% used [0x00000000d5a00000, 0x00000000daf60000, 0x00000000daf60000)
  from space 21824K,   1% used [0x00000000dc4b0000, 0x00000000dc4f1808, 0x00000000dda00000)
  to   space 21824K,   0% used [0x00000000daf60000, 0x00000000daf60000, 0x00000000dc4b0000)
 concurrent mark-sweep generation total 393216K, used 28679K [0x00000000dda00000, 0x00000000f5a00000, 0x00000000f5a00000)
 concurrent-mark-sweep perm gen total 54228K, used 32558K [0x00000000f5a00000, 0x00000000f8ef5000, 0x0000000100000000)
2015-03-17T19:56:25.940-0400: 445088.115: [GC2015-03-17T19:56:25.940-0400: 445088.116: [ParNew
Desired survivor size 20112992 bytes, new threshold 8 (max 8)
- age   1:     175648 bytes,     175648 total
- age   3:         32 bytes,     175680 total
- age   7:         32 bytes,     175712 total
: 87686K->200K(109248K), 0.0044190 secs] 116365K->28879K(502464K), 0.0045950 secs] [Times: user=0.02 sys=0.00, real=0.01 secs] 
Heap after GC invocations=59 (full 1):
 par new generation   total 109248K, used 200K [0x00000000d5a00000, 0x00000000dda00000, 0x00000000dda00000)
  eden space 87424K,   0% used [0x00000000d5a00000, 0x00000000d5a00000, 0x00000000daf60000)
  from space 21824K,   0% used [0x00000000daf60000, 0x00000000daf921e0, 0x00000000dc4b0000)
  to   space 21824K,   0% used [0x00000000dc4b0000, 0x00000000dc4b0000, 0x00000000dda00000)
 concurrent mark-sweep generation total 393216K, used 28679K [0x00000000dda00000, 0x00000000f5a00000, 0x00000000f5a00000)
 concurrent-mark-sweep perm gen total 54228K, used 32558K [0x00000000f5a00000, 0x00000000f8ef5000, 0x0000000100000000)
}
2015-03-17T19:56:25.945-0400: 445088.120: Total time for which application threads were stopped: 0.0057310 seconds
{Heap before GC invocations=59 (full 1):
 par new generation   total 109248K, used 87624K [0x00000000d5a00000, 0x00000000dda00000, 0x00000000dda00000)
  eden space 87424K, 100% used [0x00000000d5a00000, 0x00000000daf60000, 0x00000000daf60000)
  from space 21824K,   0% used [0x00000000daf60000, 0x00000000daf921e0, 0x00000000dc4b0000)
  to   space 21824K,   0% used [0x00000000dc4b0000, 0x00000000dc4b0000, 0x00000000dda00000)
 concurrent mark-sweep generation total 393216K, used 28679K [0x00000000dda00000, 0x00000000f5a00000, 0x00000000f5a00000)
 concurrent-mark-sweep perm gen total 54228K, used 32558K [0x00000000f5a00000, 0x00000000f8ef5000, 0x0000000100000000)
2015-03-18T00:35:10.968-0400: 461813.143: [GC2015-03-18T00:35:10.968-0400: 461813.144: [ParNew
Desired survivor size 20112992 bytes, new threshold 8 (max 8)
- age   1:     175752 bytes,     175752 total
- age   2:         32 bytes,     175784 total
- age   4:         32 bytes,     175816 total
- age   8:         32 bytes,     175848 total
: 87624K->185K(109248K), 0.0045390 secs] 116303K->28865K(502464K), 0.0046930 secs] [Times: user=0.01 sys=0.00, real=0.00 secs] 
Heap after GC invocations=60 (full 1):
 par new generation   total 109248K, used 185K [0x00000000d5a00000, 0x00000000dda00000, 0x00000000dda00000)
  eden space 87424K,   0% used [0x00000000d5a00000, 0x00000000d5a00000, 0x00000000daf60000)
  from space 21824K,   0% used [0x00000000dc4b0000, 0x00000000dc4de798, 0x00000000dda00000)
  to   space 21824K,   0% used [0x00000000daf60000, 0x00000000daf60000, 0x00000000dc4b0000)
 concurrent mark-sweep generation total 393216K, used 28679K [0x00000000dda00000, 0x00000000f5a00000, 0x00000000f5a00000)
 concurrent-mark-sweep perm gen total 54228K, used 32558K [0x00000000f5a00000, 0x00000000f8ef5000, 0x0000000100000000)
}
2015-03-18T00:35:10.973-0400: 461813.148: Total time for which application threads were stopped: 0.0058000 seconds
{Heap before GC invocations=60 (full 1):
 par new generation   total 109248K, used 87609K [0x00000000d5a00000, 0x00000000dda00000, 0x00000000dda00000)
  eden space 87424K, 100% used [0x00000000d5a00000, 0x00000000daf60000, 0x00000000daf60000)
  from space 21824K,   0% used [0x00000000dc4b0000, 0x00000000dc4de798, 0x00000000dda00000)
  to   space 21824K,   0% used [0x00000000daf60000, 0x00000000daf60000, 0x00000000dc4b0000)
 concurrent mark-sweep generation total 393216K, used 28679K [0x00000000dda00000, 0x00000000f5a00000, 0x00000000f5a00000)
 concurrent-mark-sweep perm gen total 54228K, used 32558K [0x00000000f5a00000, 0x00000000f8ef5000, 0x0000000100000000)
2015-03-18T05:13:58.153-0400: 478540.329: [GC2015-03-18T05:13:58.153-0400: 478540.329: [ParNew
Desired survivor size 20112992 bytes, new threshold 8 (max 8)
- age   1:     175080 bytes,     175080 total
- age   5:         32 bytes,     175112 total
: 87609K->290K(109248K), 0.0043080 secs] 116289K->28969K(502464K), 0.0044930 secs] [Times: user=0.01 sys=0.00, real=0.01 secs] 
Heap after GC invocations=61 (full 1):
 par new generation   total 109248K, used 290K [0x00000000d5a00000, 0x00000000dda00000, 0x00000000dda00000)
  eden space 87424K,   0% used [0x00000000d5a00000, 0x00000000d5a00000, 0x00000000daf60000)
  from space 21824K,   1% used [0x00000000daf60000, 0x00000000dafa8a00, 0x00000000dc4b0000)
  to   space 21824K,   0% used [0x00000000dc4b0000, 0x00000000dc4b0000, 0x00000000dda00000)
 concurrent mark-sweep generation total 393216K, used 28679K [0x00000000dda00000, 0x00000000f5a00000, 0x00000000f5a00000)
 concurrent-mark-sweep perm gen total 54228K, used 32558K [0x00000000f5a00000, 0x00000000f8ef5000, 0x0000000100000000)
}
2015-03-18T05:13:58.158-0400: 478540.333: Total time for which application threads were stopped: 0.0056090 seconds
{Heap before GC invocations=61 (full 1):
 par new generation   total 109248K, used 87714K [0x00000000d5a00000, 0x00000000dda00000, 0x00000000dda00000)
  eden space 87424K, 100% used [0x00000000d5a00000, 0x00000000daf60000, 0x00000000daf60000)
  from space 21824K,   1% used [0x00000000daf60000, 0x00000000dafa8a00, 0x00000000dc4b0000)
  to   space 21824K,   0% used [0x00000000dc4b0000, 0x00000000dc4b0000, 0x00000000dda00000)
 concurrent mark-sweep generation total 393216K, used 28679K [0x00000000dda00000, 0x00000000f5a00000, 0x00000000f5a00000)
 concurrent-mark-sweep perm gen total 54228K, used 32558K [0x00000000f5a00000, 0x00000000f8ef5000, 0x0000000100000000)
2015-03-18T09:52:42.371-0400: 495264.547: [GC2015-03-18T09:52:42.371-0400: 495264.547: [ParNew
Desired survivor size 20112992 bytes, new threshold 8 (max 8)
- age   1:     177536 bytes,     177536 total
- age   2:         64 bytes,     177600 total
- age   6:         32 bytes,     177632 total
: 87714K->210K(109248K), 0.0043830 secs] 116393K->28889K(502464K), 0.0045370 secs] [Times: user=0.02 sys=0.00, real=0.00 secs] 
Heap after GC invocations=62 (full 1):
 par new generation   total 109248K, used 210K [0x00000000d5a00000, 0x00000000dda00000, 0x00000000dda00000)
  eden space 87424K,   0% used [0x00000000d5a00000, 0x00000000d5a00000, 0x00000000daf60000)
  from space 21824K,   0% used [0x00000000dc4b0000, 0x00000000dc4e4a80, 0x00000000dda00000)
  to   space 21824K,   0% used [0x00000000daf60000, 0x00000000daf60000, 0x00000000dc4b0000)
 concurrent mark-sweep generation total 393216K, used 28679K [0x00000000dda00000, 0x00000000f5a00000, 0x00000000f5a00000)
 concurrent-mark-sweep perm gen total 54228K, used 32558K [0x00000000f5a00000, 0x00000000f8ef5000, 0x0000000100000000)
}
2015-03-18T09:52:42.376-0400: 495264.551: Total time for which application threads were stopped: 0.0056260 seconds
2015-03-18T13:18:50.904-0400: 507633.079: Total time for which application threads were stopped: 0.0009860 seconds
2015-03-18T13:18:50.905-0400: 507633.080: Total time for which application threads were stopped: 0.0002870 seconds
2015-03-18T13:18:50.937-0400: 507633.113: Total time for which application threads were stopped: 0.0004270 seconds
2015-03-18T13:18:50.941-0400: 507633.116: Total time for which application threads were stopped: 0.0003270 seconds
2015-03-18T13:18:50.942-0400: 507633.117: Total time for which application threads were stopped: 0.0003420 seconds
2015-03-18T13:18:50.942-0400: 507633.118: Total time for which application threads were stopped: 0.0003120 seconds
2015-03-18T13:18:50.943-0400: 507633.118: Total time for which application threads were stopped: 0.0003090 seconds
2015-03-18T13:18:50.943-0400: 507633.119: Total time for which application threads were stopped: 0.0002960 seconds
2015-03-18T13:18:50.947-0400: 507633.123: Total time for which application threads were stopped: 0.0005250 seconds
2015-03-18T13:18:50.949-0400: 507633.124: Total time for which application threads were stopped: 0.0004680 seconds
2015-03-18T13:18:50.949-0400: 507633.125: Total time for which application threads were stopped: 0.0004280 seconds
2015-03-18T13:18:50.950-0400: 507633.125: Total time for which application threads were stopped: 0.0003430 seconds
2015-03-18T13:18:50.950-0400: 507633.126: Total time for which application threads were stopped: 0.0003080 seconds
2015-03-18T13:18:50.951-0400: 507633.126: Total time for which application threads were stopped: 0.0002990 seconds
2015-03-18T13:18:50.951-0400: 507633.127: Total time for which application threads were stopped: 0.0002960 seconds
2015-03-18T13:18:50.952-0400: 507633.127: Total time for which application threads were stopped: 0.0004690 seconds
2015-03-18T13:18:50.952-0400: 507633.128: Total time for which application threads were stopped: 0.0004500 seconds
2015-03-18T13:18:50.953-0400: 507633.129: Total time for which application threads were stopped: 0.0004500 seconds
2015-03-18T13:18:50.954-0400: 507633.129: Total time for which application threads were stopped: 0.0004100 seconds
2015-03-18T13:18:50.954-0400: 507633.130: Total time for which application threads were stopped: 0.0004380 seconds
2015-03-18T13:18:50.955-0400: 507633.131: Total time for which application threads were stopped: 0.0005580 seconds
2015-03-18T13:18:50.956-0400: 507633.131: Total time for which application threads were stopped: 0.0004570 seconds
2015-03-18T13:18:50.957-0400: 507633.132: Total time for which application threads were stopped: 0.0004730 seconds
2015-03-18T13:18:50.958-0400: 507633.134: Total time for which application threads were stopped: 0.0003900 seconds
2015-03-18T13:18:50.961-0400: 507633.136: Total time for which application threads were stopped: 0.0021350 seconds
2015-03-18T13:18:50.961-0400: 507633.137: Total time for which application threads were stopped: 0.0003370 seconds
2015-03-18T13:18:50.962-0400: 507633.138: Total time for which application threads were stopped: 0.0003260 seconds
2015-03-18T13:18:50.963-0400: 507633.138: Total time for which application threads were stopped: 0.0003330 seconds
2015-03-18T13:18:50.964-0400: 507633.139: Total time for which application threads were stopped: 0.0003320 seconds
2015-03-18T13:18:50.964-0400: 507633.140: Total time for which application threads were stopped: 0.0003490 seconds
2015-03-18T13:18:50.965-0400: 507633.141: Total time for which application threads were stopped: 0.0003900 seconds
2015-03-18T13:18:50.966-0400: 507633.142: Total time for which application threads were stopped: 0.0002910 seconds
2015-03-18T13:18:50.967-0400: 507633.142: Total time for which application threads were stopped: 0.0003330 seconds
2015-03-18T13:18:50.967-0400: 507633.143: Total time for which application threads were stopped: 0.0003050 seconds
2015-03-18T13:18:50.968-0400: 507633.144: Total time for which application threads were stopped: 0.0003350 seconds
2015-03-18T13:18:50.970-0400: 507633.145: Total time for which application threads were stopped: 0.0003110 seconds
2015-03-18T13:18:50.971-0400: 507633.147: Total time for which application threads were stopped: 0.0003110 seconds
2015-03-18T13:18:50.972-0400: 507633.148: Total time for which application threads were stopped: 0.0003240 seconds
2015-03-18T13:18:50.973-0400: 507633.149: Total time for which application threads were stopped: 0.0002590 seconds
2015-03-18T13:18:50.975-0400: 507633.150: Total time for which application threads were stopped: 0.0003390 seconds
2015-03-18T13:18:50.976-0400: 507633.151: Total time for which application threads were stopped: 0.0003440 seconds
2015-03-18T13:18:50.976-0400: 507633.152: Total time for which application threads were stopped: 0.0003530 seconds
2015-03-18T13:18:50.978-0400: 507633.154: Total time for which application threads were stopped: 0.0016120 seconds
2015-03-18T13:18:50.982-0400: 507633.158: Total time for which application threads were stopped: 0.0003940 seconds
2015-03-18T13:18:51.014-0400: 507633.190: Total time for which application threads were stopped: 0.0003300 seconds
2015-03-18T13:18:51.015-0400: 507633.190: Total time for which application threads were stopped: 0.0002610 seconds
2015-03-18T13:18:51.015-0400: 507633.191: Total time for which application threads were stopped: 0.0002570 seconds
2015-03-18T13:18:51.015-0400: 507633.191: Total time for which application threads were stopped: 0.0002650 seconds
2015-03-18T13:18:51.016-0400: 507633.191: Total time for which application threads were stopped: 0.0002550 seconds
2015-03-18T13:18:51.016-0400: 507633.192: Total time for which application threads were stopped: 0.0002660 seconds
2015-03-18T13:18:51.016-0400: 507633.192: Total time for which application threads were stopped: 0.0002640 seconds
2015-03-18T13:18:51.017-0400: 507633.192: Total time for which application threads were stopped: 0.0002540 seconds
2015-03-18T13:18:51.017-0400: 507633.193: Total time for which application threads were stopped: 0.0002560 seconds
2015-03-18T13:18:51.017-0400: 507633.193: Total time for which application threads were stopped: 0.0002540 seconds
2015-03-18T13:18:51.018-0400: 507633.193: Total time for which application threads were stopped: 0.0002580 seconds
2015-03-18T13:18:51.018-0400: 507633.194: Total time for which application threads were stopped: 0.0002590 seconds
2015-03-18T13:18:51.019-0400: 507633.194: Total time for which application threads were stopped: 0.0002590 seconds
2015-03-18T13:18:51.019-0400: 507633.194: Total time for which application threads were stopped: 0.0002600 seconds
2015-03-18T13:18:51.019-0400: 507633.195: Total time for which application threads were stopped: 0.0002580 seconds
2015-03-18T13:18:51.019-0400: 507633.195: Total time for which application threads were stopped: 0.0002640 seconds
2015-03-18T13:18:57.427-0400: 507639.603: Total time for which application threads were stopped: 0.0005590 seconds
2015-03-18T13:19:41.015-0400: 507683.190: Total time for which application threads were stopped: 0.0005570 seconds
2015-03-18T13:19:41.017-0400: 507683.193: Total time for which application threads were stopped: 0.0003270 seconds
2015-03-18T13:19:41.041-0400: 507683.216: Total time for which application threads were stopped: 0.0002920 seconds
2015-03-18T13:19:41.046-0400: 507683.222: Total time for which application threads were stopped: 0.0003030 seconds
2015-03-18T13:19:41.047-0400: 507683.222: Total time for which application threads were stopped: 0.0002600 seconds
2015-03-18T13:19:41.047-0400: 507683.223: Total time for which application threads were stopped: 0.0002880 seconds
2015-03-18T13:19:41.052-0400: 507683.227: Total time for which application threads were stopped: 0.0002930 seconds
2015-03-18T13:19:41.052-0400: 507683.228: Total time for which application threads were stopped: 0.0002790 seconds
2015-03-18T13:19:41.055-0400: 507683.231: Total time for which application threads were stopped: 0.0002940 seconds
2015-03-18T13:19:41.062-0400: 507683.238: Total time for which application threads were stopped: 0.0003010 seconds
2015-03-18T13:24:48.047-0400: 507990.223: Total time for which application threads were stopped: 0.0006220 seconds
2015-03-18T13:24:48.048-0400: 507990.224: Total time for which application threads were stopped: 0.0002690 seconds
2015-03-18T13:24:48.057-0400: 507990.233: Total time for which application threads were stopped: 0.0004590 seconds
2015-03-18T13:24:48.059-0400: 507990.234: Total time for which application threads were stopped: 0.0004950 seconds
2015-03-18T13:24:48.059-0400: 507990.235: Total time for which application threads were stopped: 0.0003560 seconds
2015-03-18T13:24:48.059-0400: 507990.235: Total time for which application threads were stopped: 0.0002760 seconds
2015-03-18T13:24:48.060-0400: 507990.235: Total time for which application threads were stopped: 0.0003090 seconds
2015-03-18T13:24:48.060-0400: 507990.236: Total time for which application threads were stopped: 0.0002870 seconds
2015-03-18T13:24:48.060-0400: 507990.236: Total time for which application threads were stopped: 0.0003440 seconds
2015-03-18T13:24:48.061-0400: 507990.236: Total time for which application threads were stopped: 0.0002640 seconds
2015-03-18T13:24:48.061-0400: 507990.237: Total time for which application threads were stopped: 0.0003260 seconds
2015-03-18T13:24:48.062-0400: 507990.237: Total time for which application threads were stopped: 0.0003050 seconds
2015-03-18T13:24:48.062-0400: 507990.237: Total time for which application threads were stopped: 0.0003010 seconds
2015-03-18T13:24:48.062-0400: 507990.238: Total time for which application threads were stopped: 0.0002640 seconds
2015-03-18T13:24:48.063-0400: 507990.238: Total time for which application threads were stopped: 0.0002970 seconds
2015-03-18T13:24:48.063-0400: 507990.238: Total time for which application threads were stopped: 0.0002610 seconds
2015-03-18T13:24:48.063-0400: 507990.239: Total time for which application threads were stopped: 0.0003010 seconds
2015-03-18T13:24:48.063-0400: 507990.239: Total time for which application threads were stopped: 0.0002890 seconds
2015-03-18T13:24:48.064-0400: 507990.239: Total time for which application threads were stopped: 0.0002950 seconds
2015-03-18T13:24:48.064-0400: 507990.240: Total time for which application threads were stopped: 0.0003000 seconds
2015-03-18T13:24:48.065-0400: 507990.240: Total time for which application threads were stopped: 0.0002890 seconds
2015-03-18T13:24:48.065-0400: 507990.241: Total time for which application threads were stopped: 0.0004140 seconds
2015-03-18T13:24:48.066-0400: 507990.241: Total time for which application threads were stopped: 0.0003290 seconds
2015-03-18T13:24:48.067-0400: 507990.242: Total time for which application threads were stopped: 0.0004400 seconds
2015-03-18T13:24:48.067-0400: 507990.242: Total time for which application threads were stopped: 0.0003110 seconds
2015-03-18T13:24:48.067-0400: 507990.243: Total time for which application threads were stopped: 0.0003130 seconds
2015-03-18T13:24:48.068-0400: 507990.244: Total time for which application threads were stopped: 0.0004050 seconds
2015-03-18T13:24:48.069-0400: 507990.245: Total time for which application threads were stopped: 0.0009180 seconds
2015-03-18T13:24:48.071-0400: 507990.246: Total time for which application threads were stopped: 0.0004320 seconds
2015-03-18T13:24:48.072-0400: 507990.247: Total time for which application threads were stopped: 0.0005010 seconds
2015-03-18T13:24:48.072-0400: 507990.248: Total time for which application threads were stopped: 0.0004180 seconds
2015-03-18T13:24:48.073-0400: 507990.248: Total time for which application threads were stopped: 0.0003540 seconds
2015-03-18T13:24:48.074-0400: 507990.250: Total time for which application threads were stopped: 0.0011060 seconds
2015-03-18T13:24:48.075-0400: 507990.250: Total time for which application threads were stopped: 0.0003590 seconds
2015-03-18T13:24:48.076-0400: 507990.252: Total time for which application threads were stopped: 0.0008520 seconds
2015-03-18T13:24:48.078-0400: 507990.254: Total time for which application threads were stopped: 0.0004510 seconds
2015-03-18T13:24:48.078-0400: 507990.254: Total time for which application threads were stopped: 0.0003490 seconds
2015-03-18T13:24:48.079-0400: 507990.254: Total time for which application threads were stopped: 0.0003130 seconds
2015-03-18T13:24:48.080-0400: 507990.255: Total time for which application threads were stopped: 0.0003900 seconds
2015-03-18T13:24:48.080-0400: 507990.256: Total time for which application threads were stopped: 0.0003110 seconds
2015-03-18T13:24:48.081-0400: 507990.256: Total time for which application threads were stopped: 0.0003280 seconds
2015-03-18T13:24:48.081-0400: 507990.257: Total time for which application threads were stopped: 0.0002940 seconds
2015-03-18T13:24:48.082-0400: 507990.257: Total time for which application threads were stopped: 0.0003420 seconds
2015-03-18T13:24:48.083-0400: 507990.258: Total time for which application threads were stopped: 0.0003720 seconds
2015-03-18T13:24:48.083-0400: 507990.259: Total time for which application threads were stopped: 0.0003290 seconds
2015-03-18T13:24:48.084-0400: 507990.259: Total time for which application threads were stopped: 0.0003190 seconds
2015-03-18T13:24:48.084-0400: 507990.260: Total time for which application threads were stopped: 0.0003020 seconds
2015-03-18T13:24:48.085-0400: 507990.260: Total time for which application threads were stopped: 0.0003340 seconds
2015-03-18T13:24:48.086-0400: 507990.262: Total time for which application threads were stopped: 0.0003150 seconds
2015-03-18T13:24:48.088-0400: 507990.263: Total time for which application threads were stopped: 0.0003120 seconds
2015-03-18T13:24:48.088-0400: 507990.263: Total time for which application threads were stopped: 0.0002980 seconds
2015-03-18T13:24:48.088-0400: 507990.264: Total time for which application threads were stopped: 0.0002620 seconds
2015-03-18T13:24:48.089-0400: 507990.265: Total time for which application threads were stopped: 0.0003260 seconds
2015-03-18T13:24:48.089-0400: 507990.265: Total time for which application threads were stopped: 0.0003410 seconds
2015-03-18T13:24:48.090-0400: 507990.266: Total time for which application threads were stopped: 0.0003190 seconds
2015-03-18T13:24:48.090-0400: 507990.266: Total time for which application threads were stopped: 0.0003020 seconds
2015-03-18T13:24:48.091-0400: 507990.267: Total time for which application threads were stopped: 0.0002530 seconds
2015-03-18T13:24:48.091-0400: 507990.267: Total time for which application threads were stopped: 0.0003290 seconds
2015-03-18T13:24:48.093-0400: 507990.268: Total time for which application threads were stopped: 0.0010630 seconds
2015-03-18T13:24:48.108-0400: 507990.283: Total time for which application threads were stopped: 0.0005670 seconds
2015-03-18T13:24:48.108-0400: 507990.284: Total time for which application threads were stopped: 0.0005260 seconds
2015-03-18T13:25:25.874-0400: 508028.050: Total time for which application threads were stopped: 0.0005350 seconds
2015-03-18T13:25:25.875-0400: 508028.051: Total time for which application threads were stopped: 0.0002470 seconds
2015-03-18T13:25:25.876-0400: 508028.052: Total time for which application threads were stopped: 0.0004050 seconds
2015-03-18T13:25:25.878-0400: 508028.054: Total time for which application threads were stopped: 0.0002990 seconds
2015-03-18T13:25:25.878-0400: 508028.054: Total time for which application threads were stopped: 0.0002830 seconds
2015-03-18T13:25:25.879-0400: 508028.054: Total time for which application threads were stopped: 0.0002630 seconds
2015-03-18T13:25:25.879-0400: 508028.055: Total time for which application threads were stopped: 0.0003260 seconds
2015-03-18T13:25:25.879-0400: 508028.055: Total time for which application threads were stopped: 0.0003060 seconds
2015-03-18T13:25:25.880-0400: 508028.055: Total time for which application threads were stopped: 0.0002770 seconds
2015-03-18T13:25:25.880-0400: 508028.056: Total time for which application threads were stopped: 0.0002450 seconds
2015-03-18T13:25:25.880-0400: 508028.056: Total time for which application threads were stopped: 0.0002750 seconds
2015-03-18T13:25:25.881-0400: 508028.056: Total time for which application threads were stopped: 0.0002540 seconds
2015-03-18T13:25:25.881-0400: 508028.056: Total time for which application threads were stopped: 0.0002360 seconds
2015-03-18T13:25:25.881-0400: 508028.057: Total time for which application threads were stopped: 0.0002710 seconds
2015-03-18T13:25:25.882-0400: 508028.057: Total time for which application threads were stopped: 0.0002880 seconds
2015-03-18T13:25:25.882-0400: 508028.057: Total time for which application threads were stopped: 0.0002810 seconds
2015-03-18T13:25:25.882-0400: 508028.058: Total time for which application threads were stopped: 0.0002510 seconds
2015-03-18T13:25:25.883-0400: 508028.058: Total time for which application threads were stopped: 0.0002820 seconds
2015-03-18T13:25:25.883-0400: 508028.058: Total time for which application threads were stopped: 0.0002600 seconds
2015-03-18T13:25:25.884-0400: 508028.059: Total time for which application threads were stopped: 0.0006060 seconds
2015-03-18T13:25:25.884-0400: 508028.060: Total time for which application threads were stopped: 0.0004290 seconds
2015-03-18T13:25:25.886-0400: 508028.061: Total time for which application threads were stopped: 0.0004790 seconds
2015-03-18T13:25:25.888-0400: 508028.063: Total time for which application threads were stopped: 0.0004500 seconds
2015-03-18T13:25:25.909-0400: 508028.084: Total time for which application threads were stopped: 0.0003460 seconds
2015-03-18T13:25:25.909-0400: 508028.085: Total time for which application threads were stopped: 0.0002690 seconds
2015-03-18T13:25:25.909-0400: 508028.085: Total time for which application threads were stopped: 0.0002750 seconds
2015-03-18T13:25:25.910-0400: 508028.085: Total time for which application threads were stopped: 0.0002700 seconds
2015-03-18T13:25:25.911-0400: 508028.086: Total time for which application threads were stopped: 0.0003270 seconds
2015-03-18T13:25:25.974-0400: 508028.150: Total time for which application threads were stopped: 0.0004410 seconds
2015-03-18T13:25:26.975-0400: 508029.151: Total time for which application threads were stopped: 0.0005580 seconds
2015-03-18T13:25:52.944-0400: 508055.119: Total time for which application threads were stopped: 0.0006390 seconds
2015-03-18T13:25:52.945-0400: 508055.120: Total time for which application threads were stopped: 0.0002980 seconds
2015-03-18T13:25:52.946-0400: 508055.122: Total time for which application threads were stopped: 0.0003790 seconds
2015-03-18T13:25:52.947-0400: 508055.123: Total time for which application threads were stopped: 0.0004250 seconds
2015-03-18T13:25:52.948-0400: 508055.123: Total time for which application threads were stopped: 0.0003120 seconds
2015-03-18T13:25:52.948-0400: 508055.124: Total time for which application threads were stopped: 0.0002910 seconds
2015-03-18T13:25:52.948-0400: 508055.124: Total time for which application threads were stopped: 0.0003370 seconds
2015-03-18T13:25:52.949-0400: 508055.124: Total time for which application threads were stopped: 0.0003330 seconds
2015-03-18T13:25:52.949-0400: 508055.125: Total time for which application threads were stopped: 0.0002660 seconds
2015-03-18T13:25:52.949-0400: 508055.125: Total time for which application threads were stopped: 0.0003750 seconds
2015-03-18T13:25:52.950-0400: 508055.125: Total time for which application threads were stopped: 0.0002870 seconds
2015-03-18T13:25:52.951-0400: 508055.127: Total time for which application threads were stopped: 0.0004170 seconds
2015-03-18T13:25:52.952-0400: 508055.127: Total time for which application threads were stopped: 0.0003480 seconds
2015-03-18T13:25:52.952-0400: 508055.128: Total time for which application threads were stopped: 0.0004260 seconds
2015-03-18T13:25:52.953-0400: 508055.129: Total time for which application threads were stopped: 0.0003630 seconds
2015-03-18T13:25:52.954-0400: 508055.130: Total time for which application threads were stopped: 0.0004420 seconds
2015-03-18T13:25:52.955-0400: 508055.130: Total time for which application threads were stopped: 0.0003840 seconds
2015-03-18T13:25:52.978-0400: 508055.154: Total time for which application threads were stopped: 0.0003390 seconds
2015-03-18T13:25:52.978-0400: 508055.154: Total time for which application threads were stopped: 0.0002820 seconds
2015-03-18T13:25:52.979-0400: 508055.154: Total time for which application threads were stopped: 0.0002680 seconds
2015-03-18T13:25:52.979-0400: 508055.154: Total time for which application threads were stopped: 0.0002590 seconds
2015-03-18T13:25:52.979-0400: 508055.155: Total time for which application threads were stopped: 0.0002580 seconds
2015-03-18T13:25:52.979-0400: 508055.155: Total time for which application threads were stopped: 0.0002590 seconds
2015-03-18T13:25:52.980-0400: 508055.155: Total time for which application threads were stopped: 0.0002600 seconds
2015-03-18T13:25:52.980-0400: 508055.156: Total time for which application threads were stopped: 0.0002580 seconds
2015-03-18T13:25:52.980-0400: 508055.156: Total time for which application threads were stopped: 0.0002680 seconds
2015-03-18T13:25:52.981-0400: 508055.156: Total time for which application threads were stopped: 0.0002560 seconds
2015-03-18T13:25:52.981-0400: 508055.157: Total time for which application threads were stopped: 0.0007710 seconds
2015-03-18T13:25:52.982-0400: 508055.158: Total time for which application threads were stopped: 0.0005580 seconds
2015-03-18T13:25:53.041-0400: 508055.217: Total time for which application threads were stopped: 0.0003490 seconds
2015-03-18T13:26:25.605-0400: 508087.781: Total time for which application threads were stopped: 0.0005810 seconds
2015-03-18T13:26:25.606-0400: 508087.782: Total time for which application threads were stopped: 0.0003200 seconds
2015-03-18T13:26:25.614-0400: 508087.790: Total time for which application threads were stopped: 0.0002700 seconds
2015-03-18T13:26:25.628-0400: 508087.804: Total time for which application threads were stopped: 0.0006490 seconds
2015-03-18T13:26:25.696-0400: 508087.871: Total time for which application threads were stopped: 0.0003470 seconds
2015-03-18T13:26:25.715-0400: 508087.891: Total time for which application threads were stopped: 0.0005180 seconds
2015-03-18T13:26:25.715-0400: 508087.891: Total time for which application threads were stopped: 0.0003870 seconds
2015-03-18T13:26:25.716-0400: 508087.891: Total time for which application threads were stopped: 0.0003250 seconds
2015-03-18T13:26:25.761-0400: 508087.936: Total time for which application threads were stopped: 0.0007930 seconds
2015-03-18T13:26:25.763-0400: 508087.939: Total time for which application threads were stopped: 0.0004090 seconds
2015-03-18T13:26:25.928-0400: 508088.103: Total time for which application threads were stopped: 0.0004740 seconds
2015-03-18T13:26:25.928-0400: 508088.104: Total time for which application threads were stopped: 0.0003550 seconds
2015-03-18T13:26:25.929-0400: 508088.105: Total time for which application threads were stopped: 0.0003700 seconds
2015-03-18T13:26:25.930-0400: 508088.105: Total time for which application threads were stopped: 0.0002550 seconds
2015-03-18T13:26:25.930-0400: 508088.106: Total time for which application threads were stopped: 0.0002610 seconds
2015-03-18T13:26:25.931-0400: 508088.106: Total time for which application threads were stopped: 0.0002040 seconds
2015-03-18T13:26:25.932-0400: 508088.107: Total time for which application threads were stopped: 0.0007450 seconds
2015-03-18T13:26:25.932-0400: 508088.108: Total time for which application threads were stopped: 0.0003680 seconds
2015-03-18T13:26:25.933-0400: 508088.108: Total time for which application threads were stopped: 0.0002220 seconds
2015-03-18T13:26:25.933-0400: 508088.109: Total time for which application threads were stopped: 0.0002480 seconds
2015-03-18T13:26:25.940-0400: 508088.115: Total time for which application threads were stopped: 0.0002430 seconds
{Heap before GC invocations=62 (full 1):
 par new generation   total 109248K, used 87634K [0x00000000d5a00000, 0x00000000dda00000, 0x00000000dda00000)
  eden space 87424K, 100% used [0x00000000d5a00000, 0x00000000daf60000, 0x00000000daf60000)
  from space 21824K,   0% used [0x00000000dc4b0000, 0x00000000dc4e4a80, 0x00000000dda00000)
  to   space 21824K,   0% used [0x00000000daf60000, 0x00000000daf60000, 0x00000000dc4b0000)
 concurrent mark-sweep generation total 393216K, used 28679K [0x00000000dda00000, 0x00000000f5a00000, 0x00000000f5a00000)
 concurrent-mark-sweep perm gen total 54228K, used 33893K [0x00000000f5a00000, 0x00000000f8ef5000, 0x0000000100000000)
2015-03-18T13:26:25.944-0400: 508088.119: [GC2015-03-18T13:26:25.944-0400: 508088.119: [ParNew
Desired survivor size 20112992 bytes, new threshold 8 (max 8)
- age   1:    2357800 bytes,    2357800 total
- age   3:         64 bytes,    2357864 total
- age   7:         32 bytes,    2357896 total
: 87634K->2384K(109248K), 0.0066380 secs] 116313K->31063K(502464K), 0.0067590 secs] [Times: user=0.02 sys=0.00, real=0.01 secs] 
Heap after GC invocations=63 (full 1):
 par new generation   total 109248K, used 2384K [0x00000000d5a00000, 0x00000000dda00000, 0x00000000dda00000)
  eden space 87424K,   0% used [0x00000000d5a00000, 0x00000000d5a00000, 0x00000000daf60000)
  from space 21824K,  10% used [0x00000000daf60000, 0x00000000db1b4138, 0x00000000dc4b0000)
  to   space 21824K,   0% used [0x00000000dc4b0000, 0x00000000dc4b0000, 0x00000000dda00000)
 concurrent mark-sweep generation total 393216K, used 28679K [0x00000000dda00000, 0x00000000f5a00000, 0x00000000f5a00000)
 concurrent-mark-sweep perm gen total 54228K, used 33893K [0x00000000f5a00000, 0x00000000f8ef5000, 0x0000000100000000)
}
2015-03-18T13:26:25.951-0400: 508088.126: Total time for which application threads were stopped: 0.0070610 seconds
2015-03-18T13:26:25.952-0400: 508088.128: Total time for which application threads were stopped: 0.0003080 seconds
2015-03-18T13:26:26.029-0400: 508088.204: Total time for which application threads were stopped: 0.0006340 seconds
2015-03-18T13:26:26.051-0400: 508088.227: Total time for which application threads were stopped: 0.0004670 seconds
2015-03-18T13:26:26.052-0400: 508088.227: Total time for which application threads were stopped: 0.0002840 seconds
2015-03-18T13:26:26.052-0400: 508088.228: Total time for which application threads were stopped: 0.0002950 seconds
2015-03-18T13:26:26.053-0400: 508088.229: Total time for which application threads were stopped: 0.0003100 seconds
{Heap before GC invocations=63 (full 1):
 par new generation   total 109248K, used 89798K [0x00000000d5a00000, 0x00000000dda00000, 0x00000000dda00000)
  eden space 87424K,  99% used [0x00000000d5a00000, 0x00000000daf5d9e0, 0x00000000daf60000)
  from space 21824K,  10% used [0x00000000daf60000, 0x00000000db1b4138, 0x00000000dc4b0000)
  to   space 21824K,   0% used [0x00000000dc4b0000, 0x00000000dc4b0000, 0x00000000dda00000)
 concurrent mark-sweep generation total 393216K, used 28679K [0x00000000dda00000, 0x00000000f5a00000, 0x00000000f5a00000)
 concurrent-mark-sweep perm gen total 54228K, used 34285K [0x00000000f5a00000, 0x00000000f8ef5000, 0x0000000100000000)
2015-03-18T13:26:26.080-0400: 508088.256: [GC2015-03-18T13:26:26.080-0400: 508088.256: [ParNew
Desired survivor size 20112992 bytes, new threshold 8 (max 8)
- age   1:   10503680 bytes,   10503680 total
- age   2:     984072 bytes,   11487752 total
- age   4:         64 bytes,   11487816 total
- age   8:         32 bytes,   11487848 total
: 89798K->11737K(109248K), 0.0106990 secs] 118477K->40416K(502464K), 0.0108330 secs] [Times: user=0.05 sys=0.00, real=0.01 secs] 
Heap after GC invocations=64 (full 1):
 par new generation   total 109248K, used 11737K [0x00000000d5a00000, 0x00000000dda00000, 0x00000000dda00000)
  eden space 87424K,   0% used [0x00000000d5a00000, 0x00000000d5a00000, 0x00000000daf60000)
  from space 21824K,  53% used [0x00000000dc4b0000, 0x00000000dd026570, 0x00000000dda00000)
  to   space 21824K,   0% used [0x00000000daf60000, 0x00000000daf60000, 0x00000000dc4b0000)
 concurrent mark-sweep generation total 393216K, used 28679K [0x00000000dda00000, 0x00000000f5a00000, 0x00000000f5a00000)
 concurrent-mark-sweep perm gen total 54228K, used 34285K [0x00000000f5a00000, 0x00000000f8ef5000, 0x0000000100000000)
}
2015-03-18T13:26:26.091-0400: 508088.267: Total time for which application threads were stopped: 0.0113730 seconds
{Heap before GC invocations=64 (full 1):
 par new generation   total 109248K, used 99161K [0x00000000d5a00000, 0x00000000dda00000, 0x00000000dda00000)
  eden space 87424K, 100% used [0x00000000d5a00000, 0x00000000daf60000, 0x00000000daf60000)
  from space 21824K,  53% used [0x00000000dc4b0000, 0x00000000dd026570, 0x00000000dda00000)
  to   space 21824K,   0% used [0x00000000daf60000, 0x00000000daf60000, 0x00000000dc4b0000)
 concurrent mark-sweep generation total 393216K, used 28679K [0x00000000dda00000, 0x00000000f5a00000, 0x00000000f5a00000)
 concurrent-mark-sweep perm gen total 54228K, used 34303K [0x00000000f5a00000, 0x00000000f8ef5000, 0x0000000100000000)
2015-03-18T13:26:26.128-0400: 508088.304: [GC2015-03-18T13:26:26.128-0400: 508088.304: [ParNew
Desired survivor size 20112992 bytes, new threshold 8 (max 8)
- age   1:    1912928 bytes,    1912928 total
- age   2:    9021240 bytes,   10934168 total
- age   3:     976560 bytes,   11910728 total
- age   5:         64 bytes,   11910792 total
: 99161K->12534K(109248K), 0.0097350 secs] 127840K->41213K(502464K), 0.0098720 secs] [Times: user=0.03 sys=0.00, real=0.01 secs] 
Heap after GC invocations=65 (full 1):
 par new generation   total 109248K, used 12534K [0x00000000d5a00000, 0x00000000dda00000, 0x00000000dda00000)
  eden space 87424K,   0% used [0x00000000d5a00000, 0x00000000d5a00000, 0x00000000daf60000)
  from space 21824K,  57% used [0x00000000daf60000, 0x00000000dbb9d8e0, 0x00000000dc4b0000)
  to   space 21824K,   0% used [0x00000000dc4b0000, 0x00000000dc4b0000, 0x00000000dda00000)
 concurrent mark-sweep generation total 393216K, used 28679K [0x00000000dda00000, 0x00000000f5a00000, 0x00000000f5a00000)
 concurrent-mark-sweep perm gen total 54228K, used 34303K [0x00000000f5a00000, 0x00000000f8ef5000, 0x0000000100000000)
}
2015-03-18T13:26:26.138-0400: 508088.314: Total time for which application threads were stopped: 0.0105060 seconds
{Heap before GC invocations=65 (full 1):
 par new generation   total 109248K, used 99956K [0x00000000d5a00000, 0x00000000dda00000, 0x00000000dda00000)
  eden space 87424K,  99% used [0x00000000d5a00000, 0x00000000daf5f870, 0x00000000daf60000)
  from space 21824K,  57% used [0x00000000daf60000, 0x00000000dbb9d8e0, 0x00000000dc4b0000)
  to   space 21824K,   0% used [0x00000000dc4b0000, 0x00000000dc4b0000, 0x00000000dda00000)
 concurrent mark-sweep generation total 393216K, used 28679K [0x00000000dda00000, 0x00000000f5a00000, 0x00000000f5a00000)
 concurrent-mark-sweep perm gen total 54228K, used 34309K [0x00000000f5a00000, 0x00000000f8ef5000, 0x0000000100000000)
2015-03-18T13:26:26.176-0400: 508088.352: [GC2015-03-18T13:26:26.176-0400: 508088.352: [ParNew
Desired survivor size 20112992 bytes, new threshold 8 (max 8)
- age   1:    1247400 bytes,    1247400 total
- age   2:      35160 bytes,    1282560 total
- age   3:    9019992 bytes,   10302552 total
- age   4:     976728 bytes,   11279280 total
- age   6:         64 bytes,   11279344 total
: 99956K->15403K(109248K), 0.0094250 secs] 128635K->44082K(502464K), 0.0095520 secs] [Times: user=0.04 sys=0.00, real=0.01 secs] 
Heap after GC invocations=66 (full 1):
 par new generation   total 109248K, used 15403K [0x00000000d5a00000, 0x00000000dda00000, 0x00000000dda00000)
  eden space 87424K,   0% used [0x00000000d5a00000, 0x00000000d5a00000, 0x00000000daf60000)
  from space 21824K,  70% used [0x00000000dc4b0000, 0x00000000dd3bac70, 0x00000000dda00000)
  to   space 21824K,   0% used [0x00000000daf60000, 0x00000000daf60000, 0x00000000dc4b0000)
 concurrent mark-sweep generation total 393216K, used 28679K [0x00000000dda00000, 0x00000000f5a00000, 0x00000000f5a00000)
 concurrent-mark-sweep perm gen total 54228K, used 34309K [0x00000000f5a00000, 0x00000000f8ef5000, 0x0000000100000000)
}
2015-03-18T13:26:26.186-0400: 508088.361: Total time for which application threads were stopped: 0.0101160 seconds
{Heap before GC invocations=66 (full 1):
 par new generation   total 109248K, used 102823K [0x00000000d5a00000, 0x00000000dda00000, 0x00000000dda00000)
  eden space 87424K,  99% used [0x00000000d5a00000, 0x00000000daf5f098, 0x00000000daf60000)
  from space 21824K,  70% used [0x00000000dc4b0000, 0x00000000dd3bac70, 0x00000000dda00000)
  to   space 21824K,   0% used [0x00000000daf60000, 0x00000000daf60000, 0x00000000dc4b0000)
 concurrent mark-sweep generation total 393216K, used 28679K [0x00000000dda00000, 0x00000000f5a00000, 0x00000000f5a00000)
 concurrent-mark-sweep perm gen total 54228K, used 34315K [0x00000000f5a00000, 0x00000000f8ef5000, 0x0000000100000000)
2015-03-18T13:26:26.230-0400: 508088.406: [GC2015-03-18T13:26:26.230-0400: 508088.406: [ParNew
Desired survivor size 20112992 bytes, new threshold 8 (max 8)
- age   1:    1738024 bytes,    1738024 total
- age   2:      34904 bytes,    1772928 total
- age   3:      35160 bytes,    1808088 total
- age   4:    9019752 bytes,   10827840 total
- age   5:     976560 bytes,   11804400 total
- age   7:         64 bytes,   11804464 total
: 102823K->15973K(109248K), 0.0097640 secs] 131502K->44652K(502464K), 0.0099020 secs] [Times: user=0.05 sys=0.00, real=0.01 secs] 
Heap after GC invocations=67 (full 1):
 par new generation   total 109248K, used 15973K [0x00000000d5a00000, 0x00000000dda00000, 0x00000000dda00000)
  eden space 87424K,   0% used [0x00000000d5a00000, 0x00000000d5a00000, 0x00000000daf60000)
  from space 21824K,  73% used [0x00000000daf60000, 0x00000000dbef96b0, 0x00000000dc4b0000)
  to   space 21824K,   0% used [0x00000000dc4b0000, 0x00000000dc4b0000, 0x00000000dda00000)
 concurrent mark-sweep generation total 393216K, used 28679K [0x00000000dda00000, 0x00000000f5a00000, 0x00000000f5a00000)
 concurrent-mark-sweep perm gen total 54228K, used 34315K [0x00000000f5a00000, 0x00000000f8ef5000, 0x0000000100000000)
}
2015-03-18T13:26:26.240-0400: 508088.416: Total time for which application threads were stopped: 0.0104970 seconds
{Heap before GC invocations=67 (full 1):
 par new generation   total 109248K, used 103397K [0x00000000d5a00000, 0x00000000dda00000, 0x00000000dda00000)
  eden space 87424K, 100% used [0x00000000d5a00000, 0x00000000daf60000, 0x00000000daf60000)
  from space 21824K,  73% used [0x00000000daf60000, 0x00000000dbef96b0, 0x00000000dc4b0000)
  to   space 21824K,   0% used [0x00000000dc4b0000, 0x00000000dc4b0000, 0x00000000dda00000)
 concurrent mark-sweep generation total 393216K, used 28679K [0x00000000dda00000, 0x00000000f5a00000, 0x00000000f5a00000)
 concurrent-mark-sweep perm gen total 54228K, used 34318K [0x00000000f5a00000, 0x00000000f8ef5000, 0x0000000100000000)
2015-03-18T13:26:26.295-0400: 508088.470: [GC2015-03-18T13:26:26.295-0400: 508088.470: [ParNew
Desired survivor size 20112992 bytes, new threshold 8 (max 8)
- age   1:    1162560 bytes,    1162560 total
- age   2:      44408 bytes,    1206968 total
- age   3:      34376 bytes,    1241344 total
- age   4:      35160 bytes,    1276504 total
- age   5:    9019944 bytes,   10296448 total
- age   6:     976560 bytes,   11273008 total
- age   8:         64 bytes,   11273072 total
: 103397K->14392K(109248K), 0.0096550 secs] 132076K->43071K(502464K), 0.0097770 secs] [Times: user=0.05 sys=0.00, real=0.01 secs] 
Heap after GC invocations=68 (full 1):
 par new generation   total 109248K, used 14392K [0x00000000d5a00000, 0x00000000dda00000, 0x00000000dda00000)
  eden space 87424K,   0% used [0x00000000d5a00000, 0x00000000d5a00000, 0x00000000daf60000)
  from space 21824K,  65% used [0x00000000dc4b0000, 0x00000000dd2be2f0, 0x00000000dda00000)
  to   space 21824K,   0% used [0x00000000daf60000, 0x00000000daf60000, 0x00000000dc4b0000)
 concurrent mark-sweep generation total 393216K, used 28679K [0x00000000dda00000, 0x00000000f5a00000, 0x00000000f5a00000)
 concurrent-mark-sweep perm gen total 54228K, used 34318K [0x00000000f5a00000, 0x00000000f8ef5000, 0x0000000100000000)
}
2015-03-18T13:26:26.305-0400: 508088.480: Total time for which application threads were stopped: 0.0104720 seconds
{Heap before GC invocations=68 (full 1):
 par new generation   total 109248K, used 101816K [0x00000000d5a00000, 0x00000000dda00000, 0x00000000dda00000)
  eden space 87424K, 100% used [0x00000000d5a00000, 0x00000000daf60000, 0x00000000daf60000)
  from space 21824K,  65% used [0x00000000dc4b0000, 0x00000000dd2be2f0, 0x00000000dda00000)
  to   space 21824K,   0% used [0x00000000daf60000, 0x00000000daf60000, 0x00000000dc4b0000)
 concurrent mark-sweep generation total 393216K, used 28679K [0x00000000dda00000, 0x00000000f5a00000, 0x00000000f5a00000)
 concurrent-mark-sweep perm gen total 54228K, used 34324K [0x00000000f5a00000, 0x00000000f8ef5000, 0x0000000100000000)
2015-03-18T13:26:26.366-0400: 508088.541: [GC2015-03-18T13:26:26.366-0400: 508088.541: [ParNew
Desired survivor size 20112992 bytes, new threshold 8 (max 8)
- age   1:    2066072 bytes,    2066072 total
- age   2:      41640 bytes,    2107712 total
- age   3:      43472 bytes,    2151184 total
- age   4:      33800 bytes,    2184984 total
- age   5:      35160 bytes,    2220144 total
- age   6:    9019752 bytes,   11239896 total
- age   7:     976560 bytes,   12216456 total
: 101816K->13510K(109248K), 0.0100610 secs] 130495K->42190K(502464K), 0.0102040 secs] [Times: user=0.05 sys=0.00, real=0.01 secs] 
Heap after GC invocations=69 (full 1):
 par new generation   total 109248K, used 13510K [0x00000000d5a00000, 0x00000000dda00000, 0x00000000dda00000)
  eden space 87424K,   0% used [0x00000000d5a00000, 0x00000000d5a00000, 0x00000000daf60000)
  from space 21824K,  61% used [0x00000000daf60000, 0x00000000dbc91b20, 0x00000000dc4b0000)
  to   space 21824K,   0% used [0x00000000dc4b0000, 0x00000000dc4b0000, 0x00000000dda00000)
 concurrent mark-sweep generation total 393216K, used 28679K [0x00000000dda00000, 0x00000000f5a00000, 0x00000000f5a00000)
 concurrent-mark-sweep perm gen total 54228K, used 34324K [0x00000000f5a00000, 0x00000000f8ef5000, 0x0000000100000000)
}
2015-03-18T13:26:26.376-0400: 508088.552: Total time for which application threads were stopped: 0.0107760 seconds
{Heap before GC invocations=69 (full 1):
 par new generation   total 109248K, used 100924K [0x00000000d5a00000, 0x00000000dda00000, 0x00000000dda00000)
  eden space 87424K,  99% used [0x00000000d5a00000, 0x00000000daf5d5e8, 0x00000000daf60000)
  from space 21824K,  61% used [0x00000000daf60000, 0x00000000dbc91b20, 0x00000000dc4b0000)
  to   space 21824K,   0% used [0x00000000dc4b0000, 0x00000000dc4b0000, 0x00000000dda00000)
 concurrent mark-sweep generation total 393216K, used 28679K [0x00000000dda00000, 0x00000000f5a00000, 0x00000000f5a00000)
 concurrent-mark-sweep perm gen total 54228K, used 34330K [0x00000000f5a00000, 0x00000000f8ef5000, 0x0000000100000000)
2015-03-18T13:26:26.455-0400: 508088.630: [GC2015-03-18T13:26:26.455-0400: 508088.630: [ParNew
Desired survivor size 20112992 bytes, new threshold 8 (max 8)
- age   1:    1737992 bytes,    1737992 total
- age   2:      48928 bytes,    1786920 total
- age   3:      41184 bytes,    1828104 total
- age   4:      43472 bytes,    1871576 total
- age   5:      33800 bytes,    1905376 total
- age   6:      35160 bytes,    1940536 total
- age   7:    9019752 bytes,   10960288 total
- age   8:     976688 bytes,   11936976 total
: 100924K->14849K(109248K), 0.0098930 secs] 129603K->43528K(502464K), 0.0100250 secs] [Times: user=0.06 sys=0.00, real=0.01 secs] 
Heap after GC invocations=70 (full 1):
 par new generation   total 109248K, used 14849K [0x00000000d5a00000, 0x00000000dda00000, 0x00000000dda00000)
  eden space 87424K,   0% used [0x00000000d5a00000, 0x00000000d5a00000, 0x00000000daf60000)
  from space 21824K,  68% used [0x00000000dc4b0000, 0x00000000dd3306a0, 0x00000000dda00000)
  to   space 21824K,   0% used [0x00000000daf60000, 0x00000000daf60000, 0x00000000dc4b0000)
 concurrent mark-sweep generation total 393216K, used 28679K [0x00000000dda00000, 0x00000000f5a00000, 0x00000000f5a00000)
 concurrent-mark-sweep perm gen total 54228K, used 34330K [0x00000000f5a00000, 0x00000000f8ef5000, 0x0000000100000000)
}
2015-03-18T13:26:26.465-0400: 508088.640: Total time for which application threads were stopped: 0.0106040 seconds
2015-03-18T13:26:26.500-0400: 508088.676: Total time for which application threads were stopped: 0.0004800 seconds
2015-03-18T13:26:26.502-0400: 508088.677: Total time for which application threads were stopped: 0.0002790 seconds
2015-03-18T13:26:26.503-0400: 508088.679: Total time for which application threads were stopped: 0.0002710 seconds
2015-03-18T13:26:26.504-0400: 508088.680: Total time for which application threads were stopped: 0.0002730 seconds
2015-03-18T13:26:26.506-0400: 508088.681: Total time for which application threads were stopped: 0.0002890 seconds
2015-03-18T13:26:26.507-0400: 508088.683: Total time for which application threads were stopped: 0.0002850 seconds
2015-03-18T13:26:26.508-0400: 508088.684: Total time for which application threads were stopped: 0.0002820 seconds
2015-03-18T13:26:26.509-0400: 508088.685: Total time for which application threads were stopped: 0.0003000 seconds
2015-03-18T13:26:26.511-0400: 508088.687: Total time for which application threads were stopped: 0.0002730 seconds
2015-03-18T13:26:26.512-0400: 508088.688: Total time for which application threads were stopped: 0.0002910 seconds
2015-03-18T13:26:26.514-0400: 508088.690: Total time for which application threads were stopped: 0.0002850 seconds
2015-03-18T13:26:26.516-0400: 508088.692: Total time for which application threads were stopped: 0.0008050 seconds
2015-03-18T13:26:26.517-0400: 508088.693: Total time for which application threads were stopped: 0.0003050 seconds
2015-03-18T13:26:26.519-0400: 508088.695: Total time for which application threads were stopped: 0.0002900 seconds
2015-03-18T13:26:26.520-0400: 508088.696: Total time for which application threads were stopped: 0.0002910 seconds
2015-03-18T13:26:26.521-0400: 508088.697: Total time for which application threads were stopped: 0.0002920 seconds
2015-03-18T13:26:26.523-0400: 508088.699: Total time for which application threads were stopped: 0.0002970 seconds
2015-03-18T13:26:26.524-0400: 508088.700: Total time for which application threads were stopped: 0.0003250 seconds
2015-03-18T13:26:26.526-0400: 508088.702: Total time for which application threads were stopped: 0.0002500 seconds
2015-03-18T13:26:26.528-0400: 508088.704: Total time for which application threads were stopped: 0.0002620 seconds
2015-03-18T13:26:26.529-0400: 508088.704: Total time for which application threads were stopped: 0.0002730 seconds
2015-03-18T13:26:26.531-0400: 508088.707: Total time for which application threads were stopped: 0.0002680 seconds
2015-03-18T13:26:26.532-0400: 508088.708: Total time for which application threads were stopped: 0.0002760 seconds
2015-03-18T13:26:26.533-0400: 508088.708: Total time for which application threads were stopped: 0.0002740 seconds
2015-03-18T13:26:26.535-0400: 508088.711: Total time for which application threads were stopped: 0.0002710 seconds
2015-03-18T13:26:26.537-0400: 508088.712: Total time for which application threads were stopped: 0.0002910 seconds
2015-03-18T13:26:26.538-0400: 508088.714: Total time for which application threads were stopped: 0.0002880 seconds
2015-03-18T13:26:26.539-0400: 508088.715: Total time for which application threads were stopped: 0.0002840 seconds
2015-03-18T13:26:26.542-0400: 508088.717: Total time for which application threads were stopped: 0.0007400 seconds
{Heap before GC invocations=70 (full 1):
 par new generation   total 109248K, used 102273K [0x00000000d5a00000, 0x00000000dda00000, 0x00000000dda00000)
  eden space 87424K, 100% used [0x00000000d5a00000, 0x00000000daf60000, 0x00000000daf60000)
  from space 21824K,  68% used [0x00000000dc4b0000, 0x00000000dd3306a0, 0x00000000dda00000)
  to   space 21824K,   0% used [0x00000000daf60000, 0x00000000daf60000, 0x00000000dc4b0000)
 concurrent mark-sweep generation total 393216K, used 28679K [0x00000000dda00000, 0x00000000f5a00000, 0x00000000f5a00000)
 concurrent-mark-sweep perm gen total 54228K, used 34333K [0x00000000f5a00000, 0x00000000f8ef5000, 0x0000000100000000)
2015-03-18T13:26:26.542-0400: 508088.718: [GC2015-03-18T13:26:26.542-0400: 508088.718: [ParNew
Desired survivor size 20112992 bytes, new threshold 8 (max 8)
- age   1:    2670136 bytes,    2670136 total
- age   2:      82448 bytes,    2752584 total
- age   3:      48376 bytes,    2800960 total
- age   4:      40576 bytes,    2841536 total
- age   5:      43472 bytes,    2885008 total
- age   6:      33800 bytes,    2918808 total
- age   7:      35160 bytes,    2953968 total
- age   8:    9019352 bytes,   11973320 total
: 102273K->14928K(109248K), 0.0102470 secs] 130952K->44585K(502464K), 0.0103550 secs] [Times: user=0.05 sys=0.00, real=0.01 secs] 
Heap after GC invocations=71 (full 1):
 par new generation   total 109248K, used 14928K [0x00000000d5a00000, 0x00000000dda00000, 0x00000000dda00000)
  eden space 87424K,   0% used [0x00000000d5a00000, 0x00000000d5a00000, 0x00000000daf60000)
  from space 21824K,  68% used [0x00000000daf60000, 0x00000000dbdf4140, 0x00000000dc4b0000)
  to   space 21824K,   0% used [0x00000000dc4b0000, 0x00000000dc4b0000, 0x00000000dda00000)
 concurrent mark-sweep generation total 393216K, used 29656K [0x00000000dda00000, 0x00000000f5a00000, 0x00000000f5a00000)
 concurrent-mark-sweep perm gen total 54228K, used 34333K [0x00000000f5a00000, 0x00000000f8ef5000, 0x0000000100000000)
}
2015-03-18T13:26:26.553-0400: 508088.728: Total time for which application threads were stopped: 0.0108570 seconds
2015-03-18T13:26:26.554-0400: 508088.730: Total time for which application threads were stopped: 0.0004080 seconds
2015-03-18T13:26:26.556-0400: 508088.731: Total time for which application threads were stopped: 0.0002990 seconds
2015-03-18T13:26:26.558-0400: 508088.733: Total time for which application threads were stopped: 0.0007870 seconds
{Heap before GC invocations=71 (full 1):
 par new generation   total 109248K, used 102337K [0x00000000d5a00000, 0x00000000dda00000, 0x00000000dda00000)
  eden space 87424K,  99% used [0x00000000d5a00000, 0x00000000daf5c2d8, 0x00000000daf60000)
  from space 21824K,  68% used [0x00000000daf60000, 0x00000000dbdf4140, 0x00000000dc4b0000)
  to   space 21824K,   0% used [0x00000000dc4b0000, 0x00000000dc4b0000, 0x00000000dda00000)
 concurrent mark-sweep generation total 393216K, used 29656K [0x00000000dda00000, 0x00000000f5a00000, 0x00000000f5a00000)
 concurrent-mark-sweep perm gen total 54228K, used 34351K [0x00000000f5a00000, 0x00000000f8ef5000, 0x0000000100000000)
2015-03-18T13:26:26.629-0400: 508088.805: [GC2015-03-18T13:26:26.629-0400: 508088.805: [ParNew
Desired survivor size 20112992 bytes, new threshold 8 (max 8)
- age   1:    2984480 bytes,    2984480 total
- age   2:     100192 bytes,    3084672 total
- age   3:      82448 bytes,    3167120 total
- age   4:      48376 bytes,    3215496 total
- age   5:      40576 bytes,    3256072 total
- age   6:      43472 bytes,    3299544 total
- age   7:      33800 bytes,    3333344 total
- age   8:      35160 bytes,    3368504 total
: 102337K->4985K(109248K), 0.0157240 secs] 131993K->43511K(502464K), 0.0158590 secs] [Times: user=0.07 sys=0.00, real=0.01 secs] 
Heap after GC invocations=72 (full 1):
 par new generation   total 109248K, used 4985K [0x00000000d5a00000, 0x00000000dda00000, 0x00000000dda00000)
  eden space 87424K,   0% used [0x00000000d5a00000, 0x00000000d5a00000, 0x00000000daf60000)
  from space 21824K,  22% used [0x00000000dc4b0000, 0x00000000dc98e6a0, 0x00000000dda00000)
  to   space 21824K,   0% used [0x00000000daf60000, 0x00000000daf60000, 0x00000000dc4b0000)
 concurrent mark-sweep generation total 393216K, used 38525K [0x00000000dda00000, 0x00000000f5a00000, 0x00000000f5a00000)
 concurrent-mark-sweep perm gen total 54228K, used 34351K [0x00000000f5a00000, 0x00000000f8ef5000, 0x0000000100000000)
}
2015-03-18T13:26:26.645-0400: 508088.821: Total time for which application threads were stopped: 0.0165210 seconds
{Heap before GC invocations=72 (full 1):
 par new generation   total 109248K, used 92409K [0x00000000d5a00000, 0x00000000dda00000, 0x00000000dda00000)
  eden space 87424K, 100% used [0x00000000d5a00000, 0x00000000daf60000, 0x00000000daf60000)
  from space 21824K,  22% used [0x00000000dc4b0000, 0x00000000dc98e6a0, 0x00000000dda00000)
  to   space 21824K,   0% used [0x00000000daf60000, 0x00000000daf60000, 0x00000000dc4b0000)
 concurrent mark-sweep generation total 393216K, used 38525K [0x00000000dda00000, 0x00000000f5a00000, 0x00000000f5a00000)
 concurrent-mark-sweep perm gen total 54228K, used 34351K [0x00000000f5a00000, 0x00000000f8ef5000, 0x0000000100000000)
2015-03-18T13:26:26.674-0400: 508088.849: [GC2015-03-18T13:26:26.674-0400: 508088.849: [ParNew
Desired survivor size 20112992 bytes, new threshold 8 (max 8)
- age   1:    2444144 bytes,    2444144 total
- age   2:     139696 bytes,    2583840 total
- age   3:     100192 bytes,    2684032 total
- age   4:      82448 bytes,    2766480 total
- age   5:      48376 bytes,    2814856 total
- age   6:      40576 bytes,    2855432 total
- age   7:      43472 bytes,    2898904 total
- age   8:      33800 bytes,    2932704 total
: 92409K->4137K(109248K), 0.0040650 secs] 130935K->42699K(502464K), 0.0041730 secs] [Times: user=0.02 sys=0.00, real=0.01 secs] 
Heap after GC invocations=73 (full 1):
 par new generation   total 109248K, used 4137K [0x00000000d5a00000, 0x00000000dda00000, 0x00000000dda00000)
  eden space 87424K,   0% used [0x00000000d5a00000, 0x00000000d5a00000, 0x00000000daf60000)
  from space 21824K,  18% used [0x00000000daf60000, 0x00000000db36a680, 0x00000000dc4b0000)
  to   space 21824K,   0% used [0x00000000dc4b0000, 0x00000000dc4b0000, 0x00000000dda00000)
 concurrent mark-sweep generation total 393216K, used 38561K [0x00000000dda00000, 0x00000000f5a00000, 0x00000000f5a00000)
 concurrent-mark-sweep perm gen total 54228K, used 34351K [0x00000000f5a00000, 0x00000000f8ef5000, 0x0000000100000000)
}
2015-03-18T13:26:26.678-0400: 508088.854: Total time for which application threads were stopped: 0.0048100 seconds
{Heap before GC invocations=73 (full 1):
 par new generation   total 109248K, used 91561K [0x00000000d5a00000, 0x00000000dda00000, 0x00000000dda00000)
  eden space 87424K, 100% used [0x00000000d5a00000, 0x00000000daf60000, 0x00000000daf60000)
  from space 21824K,  18% used [0x00000000daf60000, 0x00000000db36a680, 0x00000000dc4b0000)
  to   space 21824K,   0% used [0x00000000dc4b0000, 0x00000000dc4b0000, 0x00000000dda00000)
 concurrent mark-sweep generation total 393216K, used 38561K [0x00000000dda00000, 0x00000000f5a00000, 0x00000000f5a00000)
 concurrent-mark-sweep perm gen total 54228K, used 34357K [0x00000000f5a00000, 0x00000000f8ef5000, 0x0000000100000000)
2015-03-18T13:26:26.702-0400: 508088.878: [GC2015-03-18T13:26:26.702-0400: 508088.878: [ParNew
Desired survivor size 20112992 bytes, new threshold 8 (max 8)
- age   1:    1970648 bytes,    1970648 total
- age   2:     103544 bytes,    2074192 total
- age   3:     139696 bytes,    2213888 total
- age   4:     100192 bytes,    2314080 total
- age   5:      82448 bytes,    2396528 total
- age   6:      48184 bytes,    2444712 total
- age   7:      40576 bytes,    2485288 total
- age   8:      43472 bytes,    2528760 total
: 91561K->3182K(109248K), 0.0039220 secs] 130123K->41779K(502464K), 0.0040200 secs] [Times: user=0.02 sys=0.00, real=0.00 secs] 
Heap after GC invocations=74 (full 1):
 par new generation   total 109248K, used 3182K [0x00000000d5a00000, 0x00000000dda00000, 0x00000000dda00000)
  eden space 87424K,   0% used [0x00000000d5a00000, 0x00000000d5a00000, 0x00000000daf60000)
  from space 21824K,  14% used [0x00000000dc4b0000, 0x00000000dc7cb980, 0x00000000dda00000)
  to   space 21824K,   0% used [0x00000000daf60000, 0x00000000daf60000, 0x00000000dc4b0000)
 concurrent mark-sweep generation total 393216K, used 38596K [0x00000000dda00000, 0x00000000f5a00000, 0x00000000f5a00000)
 concurrent-mark-sweep perm gen total 54228K, used 34357K [0x00000000f5a00000, 0x00000000f8ef5000, 0x0000000100000000)
}
2015-03-18T13:26:26.706-0400: 508088.882: Total time for which application threads were stopped: 0.0044970 seconds
{Heap before GC invocations=74 (full 1):
 par new generation   total 109248K, used 90606K [0x00000000d5a00000, 0x00000000dda00000, 0x00000000dda00000)
  eden space 87424K, 100% used [0x00000000d5a00000, 0x00000000daf60000, 0x00000000daf60000)
  from space 21824K,  14% used [0x00000000dc4b0000, 0x00000000dc7cb980, 0x00000000dda00000)
  to   space 21824K,   0% used [0x00000000daf60000, 0x00000000daf60000, 0x00000000dc4b0000)
 concurrent mark-sweep generation total 393216K, used 38596K [0x00000000dda00000, 0x00000000f5a00000, 0x00000000f5a00000)
 concurrent-mark-sweep perm gen total 54228K, used 34357K [0x00000000f5a00000, 0x00000000f8ef5000, 0x0000000100000000)
2015-03-18T13:26:26.731-0400: 508088.906: [GC2015-03-18T13:26:26.731-0400: 508088.906: [ParNew
Desired survivor size 20112992 bytes, new threshold 8 (max 8)
- age   1:    2123904 bytes,    2123904 total
- age   2:      93992 bytes,    2217896 total
- age   3:     103544 bytes,    2321440 total
- age   4:     139696 bytes,    2461136 total
- age   5:     100192 bytes,    2561328 total
- age   6:      81800 bytes,    2643128 total
- age   7:      48184 bytes,    2691312 total
- age   8:      39760 bytes,    2731072 total
: 90606K->4499K(109248K), 0.0040640 secs] 129203K->43141K(502464K), 0.0041780 secs] [Times: user=0.02 sys=0.00, real=0.00 secs] 
Heap after GC invocations=75 (full 1):
 par new generation   total 109248K, used 4499K [0x00000000d5a00000, 0x00000000dda00000, 0x00000000dda00000)
  eden space 87424K,   0% used [0x00000000d5a00000, 0x00000000d5a00000, 0x00000000daf60000)
  from space 21824K,  20% used [0x00000000daf60000, 0x00000000db3c4f80, 0x00000000dc4b0000)
  to   space 21824K,   0% used [0x00000000dc4b0000, 0x00000000dc4b0000, 0x00000000dda00000)
 concurrent mark-sweep generation total 393216K, used 38641K [0x00000000dda00000, 0x00000000f5a00000, 0x00000000f5a00000)
 concurrent-mark-sweep perm gen total 54228K, used 34357K [0x00000000f5a00000, 0x00000000f8ef5000, 0x0000000100000000)
}
2015-03-18T13:26:26.735-0400: 508088.911: Total time for which application threads were stopped: 0.0046890 seconds
{Heap before GC invocations=75 (full 1):
 par new generation   total 109248K, used 91923K [0x00000000d5a00000, 0x00000000dda00000, 0x00000000dda00000)
  eden space 87424K, 100% used [0x00000000d5a00000, 0x00000000daf60000, 0x00000000daf60000)
  from space 21824K,  20% used [0x00000000daf60000, 0x00000000db3c4f80, 0x00000000dc4b0000)
  to   space 21824K,   0% used [0x00000000dc4b0000, 0x00000000dc4b0000, 0x00000000dda00000)
 concurrent mark-sweep generation total 393216K, used 38641K [0x00000000dda00000, 0x00000000f5a00000, 0x00000000f5a00000)
 concurrent-mark-sweep perm gen total 54228K, used 34359K [0x00000000f5a00000, 0x00000000f8ef5000, 0x0000000100000000)
2015-03-18T13:26:26.761-0400: 508088.936: [GC2015-03-18T13:26:26.761-0400: 508088.936: [ParNew
Desired survivor size 20112992 bytes, new threshold 8 (max 8)
- age   1:    1851688 bytes,    1851688 total
- age   2:      95160 bytes,    1946848 total
- age   3:      93992 bytes,    2040840 total
- age   4:     103544 bytes,    2144384 total
- age   5:     139696 bytes,    2284080 total
- age   6:      98680 bytes,    2382760 total
- age   7:      81800 bytes,    2464560 total
- age   8:      46280 bytes,    2510840 total
: 91923K->3073K(109248K), 0.0039540 secs] 130565K->41755K(502464K), 0.0040530 secs] [Times: user=0.01 sys=0.00, real=0.00 secs] 
Heap after GC invocations=76 (full 1):
 par new generation   total 109248K, used 3073K [0x00000000d5a00000, 0x00000000dda00000, 0x00000000dda00000)
  eden space 87424K,   0% used [0x00000000d5a00000, 0x00000000d5a00000, 0x00000000daf60000)
  from space 21824K,  14% used [0x00000000dc4b0000, 0x00000000dc7b0480, 0x00000000dda00000)
  to   space 21824K,   0% used [0x00000000daf60000, 0x00000000daf60000, 0x00000000dc4b0000)
 concurrent mark-sweep generation total 393216K, used 38682K [0x00000000dda00000, 0x00000000f5a00000, 0x00000000f5a00000)
 concurrent-mark-sweep perm gen total 54228K, used 34359K [0x00000000f5a00000, 0x00000000f8ef5000, 0x0000000100000000)
}
2015-03-18T13:26:26.765-0400: 508088.940: Total time for which application threads were stopped: 0.0045390 seconds
{Heap before GC invocations=76 (full 1):
 par new generation   total 109248K, used 90497K [0x00000000d5a00000, 0x00000000dda00000, 0x00000000dda00000)
  eden space 87424K, 100% used [0x00000000d5a00000, 0x00000000daf60000, 0x00000000daf60000)
  from space 21824K,  14% used [0x00000000dc4b0000, 0x00000000dc7b0480, 0x00000000dda00000)
  to   space 21824K,   0% used [0x00000000daf60000, 0x00000000daf60000, 0x00000000dc4b0000)
 concurrent mark-sweep generation total 393216K, used 38682K [0x00000000dda00000, 0x00000000f5a00000, 0x00000000f5a00000)
 concurrent-mark-sweep perm gen total 54228K, used 34362K [0x00000000f5a00000, 0x00000000f8ef5000, 0x0000000100000000)
2015-03-18T13:26:26.790-0400: 508088.966: [GC2015-03-18T13:26:26.790-0400: 508088.966: [ParNew
Desired survivor size 20112992 bytes, new threshold 8 (max 8)
- age   1:    1714800 bytes,    1714800 total
- age   2:      87840 bytes,    1802640 total
- age   3:      95160 bytes,    1897800 total
- age   4:      93992 bytes,    1991792 total
- age   5:     103544 bytes,    2095336 total
- age   6:     139696 bytes,    2235032 total
- age   7:      98680 bytes,    2333712 total
- age   8:      81704 bytes,    2415416 total
: 90497K->3756K(109248K), 0.0038990 secs] 129179K->42485K(502464K), 0.0040210 secs] [Times: user=0.01 sys=0.00, real=0.00 secs] 
Heap after GC invocations=77 (full 1):
 par new generation   total 109248K, used 3756K [0x00000000d5a00000, 0x00000000dda00000, 0x00000000dda00000)
  eden space 87424K,   0% used [0x00000000d5a00000, 0x00000000d5a00000, 0x00000000daf60000)
  from space 21824K,  17% used [0x00000000daf60000, 0x00000000db30b030, 0x00000000dc4b0000)
  to   space 21824K,   0% used [0x00000000dc4b0000, 0x00000000dc4b0000, 0x00000000dda00000)
 concurrent mark-sweep generation total 393216K, used 38729K [0x00000000dda00000, 0x00000000f5a00000, 0x00000000f5a00000)
 concurrent-mark-sweep perm gen total 54228K, used 34362K [0x00000000f5a00000, 0x00000000f8ef5000, 0x0000000100000000)
}
2015-03-18T13:26:26.794-0400: 508088.970: Total time for which application threads were stopped: 0.0045610 seconds
{Heap before GC invocations=77 (full 1):
 par new generation   total 109248K, used 91180K [0x00000000d5a00000, 0x00000000dda00000, 0x00000000dda00000)
  eden space 87424K, 100% used [0x00000000d5a00000, 0x00000000daf60000, 0x00000000daf60000)
  from space 21824K,  17% used [0x00000000daf60000, 0x00000000db30b030, 0x00000000dc4b0000)
  to   space 21824K,   0% used [0x00000000dc4b0000, 0x00000000dc4b0000, 0x00000000dda00000)
 concurrent mark-sweep generation total 393216K, used 38729K [0x00000000dda00000, 0x00000000f5a00000, 0x00000000f5a00000)
 concurrent-mark-sweep perm gen total 54228K, used 34366K [0x00000000f5a00000, 0x00000000f8ef5000, 0x0000000100000000)
2015-03-18T13:26:26.818-0400: 508088.993: [GC2015-03-18T13:26:26.818-0400: 508088.994: [ParNew
Desired survivor size 20112992 bytes, new threshold 8 (max 8)
- age   1:    2633064 bytes,    2633064 total
- age   2:      88640 bytes,    2721704 total
- age   3:      87840 bytes,    2809544 total
- age   4:      95160 bytes,    2904704 total
- age   5:      93992 bytes,    2998696 total
- age   6:     103544 bytes,    3102240 total
- age   7:     139768 bytes,    3242008 total
- age   8:      98680 bytes,    3340688 total
: 91180K->3724K(109248K), 0.0042730 secs] 129909K->42535K(502464K), 0.0043760 secs] [Times: user=0.01 sys=0.00, real=0.00 secs] 
Heap after GC invocations=78 (full 1):
 par new generation   total 109248K, used 3724K [0x00000000d5a00000, 0x00000000dda00000, 0x00000000dda00000)
  eden space 87424K,   0% used [0x00000000d5a00000, 0x00000000d5a00000, 0x00000000daf60000)
  from space 21824K,  17% used [0x00000000dc4b0000, 0x00000000dc8531c8, 0x00000000dda00000)
  to   space 21824K,   0% used [0x00000000daf60000, 0x00000000daf60000, 0x00000000dc4b0000)
 concurrent mark-sweep generation total 393216K, used 38811K [0x00000000dda00000, 0x00000000f5a00000, 0x00000000f5a00000)
 concurrent-mark-sweep perm gen total 54228K, used 34366K [0x00000000f5a00000, 0x00000000f8ef5000, 0x0000000100000000)
}
2015-03-18T13:26:26.822-0400: 508088.998: Total time for which application threads were stopped: 0.0048800 seconds
{Heap before GC invocations=78 (full 1):
 par new generation   total 109248K, used 91138K [0x00000000d5a00000, 0x00000000dda00000, 0x00000000dda00000)
  eden space 87424K,  99% used [0x00000000d5a00000, 0x00000000daf5d7b8, 0x00000000daf60000)
  from space 21824K,  17% used [0x00000000dc4b0000, 0x00000000dc8531c8, 0x00000000dda00000)
  to   space 21824K,   0% used [0x00000000daf60000, 0x00000000daf60000, 0x00000000dc4b0000)
 concurrent mark-sweep generation total 393216K, used 38811K [0x00000000dda00000, 0x00000000f5a00000, 0x00000000f5a00000)
 concurrent-mark-sweep perm gen total 54228K, used 34373K [0x00000000f5a00000, 0x00000000f8ef5000, 0x0000000100000000)
2015-03-18T13:26:26.847-0400: 508089.023: [GC2015-03-18T13:26:26.847-0400: 508089.023: [ParNew
Desired survivor size 20112992 bytes, new threshold 8 (max 8)
- age   1:    2361632 bytes,    2361632 total
- age   2:      76464 bytes,    2438096 total
- age   3:      88640 bytes,    2526736 total
- age   4:      87840 bytes,    2614576 total
- age   5:      95160 bytes,    2709736 total
- age   6:      93992 bytes,    2803728 total
- age   7:     103544 bytes,    2907272 total
- age   8:     139696 bytes,    3046968 total
: 91138K->5360K(109248K), 0.0042080 secs] 129949K->44270K(502464K), 0.0043280 secs] [Times: user=0.02 sys=0.00, real=0.01 secs] 
Heap after GC invocations=79 (full 1):
 par new generation   total 109248K, used 5360K [0x00000000d5a00000, 0x00000000dda00000, 0x00000000dda00000)
  eden space 87424K,   0% used [0x00000000d5a00000, 0x00000000d5a00000, 0x00000000daf60000)
  from space 21824K,  24% used [0x00000000daf60000, 0x00000000db49c280, 0x00000000dc4b0000)
  to   space 21824K,   0% used [0x00000000dc4b0000, 0x00000000dc4b0000, 0x00000000dda00000)
 concurrent mark-sweep generation total 393216K, used 38909K [0x00000000dda00000, 0x00000000f5a00000, 0x00000000f5a00000)
 concurrent-mark-sweep perm gen total 54228K, used 34373K [0x00000000f5a00000, 0x00000000f8ef5000, 0x0000000100000000)
}
2015-03-18T13:26:26.851-0400: 508089.027: Total time for which application threads were stopped: 0.0048150 seconds
{Heap before GC invocations=79 (full 1):
 par new generation   total 109248K, used 92784K [0x00000000d5a00000, 0x00000000dda00000, 0x00000000dda00000)
  eden space 87424K, 100% used [0x00000000d5a00000, 0x00000000daf60000, 0x00000000daf60000)
  from space 21824K,  24% used [0x00000000daf60000, 0x00000000db49c280, 0x00000000dc4b0000)
  to   space 21824K,   0% used [0x00000000dc4b0000, 0x00000000dc4b0000, 0x00000000dda00000)
 concurrent mark-sweep generation total 393216K, used 38909K [0x00000000dda00000, 0x00000000f5a00000, 0x00000000f5a00000)
 concurrent-mark-sweep perm gen total 54228K, used 34374K [0x00000000f5a00000, 0x00000000f8ef5000, 0x0000000100000000)
2015-03-18T13:26:26.877-0400: 508089.053: [GC2015-03-18T13:26:26.877-0400: 508089.053: [ParNew
Desired survivor size 20112992 bytes, new threshold 8 (max 8)
- age   1:    1519928 bytes,    1519928 total
- age   2:      76216 bytes,    1596144 total
- age   3:      76464 bytes,    1672608 total
- age   4:      88640 bytes,    1761248 total
- age   5:      87840 bytes,    1849088 total
- age   6:      95160 bytes,    1944248 total
- age   7:      93992 bytes,    2038240 total
- age   8:     103544 bytes,    2141784 total
: 92784K->2474K(109248K), 0.0042020 secs] 131694K->41522K(502464K), 0.0043040 secs] [Times: user=0.01 sys=0.00, real=0.01 secs] 
Heap after GC invocations=80 (full 1):
 par new generation   total 109248K, used 2474K [0x00000000d5a00000, 0x00000000dda00000, 0x00000000dda00000)
  eden space 87424K,   0% used [0x00000000d5a00000, 0x00000000d5a00000, 0x00000000daf60000)
  from space 21824K,  11% used [0x00000000dc4b0000, 0x00000000dc71a990, 0x00000000dda00000)
  to   space 21824K,   0% used [0x00000000daf60000, 0x00000000daf60000, 0x00000000dc4b0000)
 concurrent mark-sweep generation total 393216K, used 39048K [0x00000000dda00000, 0x00000000f5a00000, 0x00000000f5a00000)
 concurrent-mark-sweep perm gen total 54228K, used 34374K [0x00000000f5a00000, 0x00000000f8ef5000, 0x0000000100000000)
}
2015-03-18T13:26:26.881-0400: 508089.057: Total time for which application threads were stopped: 0.0048280 seconds
{Heap before GC invocations=80 (full 1):
 par new generation   total 109248K, used 89898K [0x00000000d5a00000, 0x00000000dda00000, 0x00000000dda00000)
  eden space 87424K, 100% used [0x00000000d5a00000, 0x00000000daf60000, 0x00000000daf60000)
  from space 21824K,  11% used [0x00000000dc4b0000, 0x00000000dc71a990, 0x00000000dda00000)
  to   space 21824K,   0% used [0x00000000daf60000, 0x00000000daf60000, 0x00000000dc4b0000)
 concurrent mark-sweep generation total 393216K, used 39048K [0x00000000dda00000, 0x00000000f5a00000, 0x00000000f5a00000)
 concurrent-mark-sweep perm gen total 54228K, used 34380K [0x00000000f5a00000, 0x00000000f8ef5000, 0x0000000100000000)
2015-03-18T13:26:26.914-0400: 508089.090: [GC2015-03-18T13:26:26.914-0400: 508089.090: [ParNew
Desired survivor size 20112992 bytes, new threshold 8 (max 8)
- age   1:    1532088 bytes,    1532088 total
- age   2:      81624 bytes,    1613712 total
- age   3:      76216 bytes,    1689928 total
- age   4:      76464 bytes,    1766392 total
- age   5:      88640 bytes,    1855032 total
- age   6:      87840 bytes,    1942872 total
- age   7:      95160 bytes,    2038032 total
- age   8:      93880 bytes,    2131912 total
: 89898K->3363K(109248K), 0.0045610 secs] 128946K->42514K(502464K), 0.0046800 secs] [Times: user=0.02 sys=0.00, real=0.01 secs] 
Heap after GC invocations=81 (full 1):
 par new generation   total 109248K, used 3363K [0x00000000d5a00000, 0x00000000dda00000, 0x00000000dda00000)
  eden space 87424K,   0% used [0x00000000d5a00000, 0x00000000d5a00000, 0x00000000daf60000)
  from space 21824K,  15% used [0x00000000daf60000, 0x00000000db2a8f50, 0x00000000dc4b0000)
  to   space 21824K,   0% used [0x00000000dc4b0000, 0x00000000dc4b0000, 0x00000000dda00000)
 concurrent mark-sweep generation total 393216K, used 39151K [0x00000000dda00000, 0x00000000f5a00000, 0x00000000f5a00000)
 concurrent-mark-sweep perm gen total 54228K, used 34380K [0x00000000f5a00000, 0x00000000f8ef5000, 0x0000000100000000)
}
2015-03-18T13:26:26.919-0400: 508089.094: Total time for which application threads were stopped: 0.0052290 seconds
2015-03-18T13:26:27.079-0400: 508089.254: Total time for which application threads were stopped: 0.0005750 seconds
2015-03-18T13:26:27.079-0400: 508089.255: Total time for which application threads were stopped: 0.0002070 seconds
2015-03-18T13:26:27.080-0400: 508089.255: Total time for which application threads were stopped: 0.0001950 seconds
2015-03-18T13:26:27.080-0400: 508089.256: Total time for which application threads were stopped: 0.0001860 seconds
2015-03-18T13:26:27.080-0400: 508089.256: Total time for which application threads were stopped: 0.0002010 seconds
2015-03-18T13:26:27.081-0400: 508089.257: Total time for which application threads were stopped: 0.0006800 seconds
2015-03-18T13:26:27.082-0400: 508089.258: Total time for which application threads were stopped: 0.0002130 seconds
{Heap before GC invocations=81 (full 1):
 par new generation   total 109248K, used 90787K [0x00000000d5a00000, 0x00000000dda00000, 0x00000000dda00000)
  eden space 87424K, 100% used [0x00000000d5a00000, 0x00000000daf60000, 0x00000000daf60000)
  from space 21824K,  15% used [0x00000000daf60000, 0x00000000db2a8f50, 0x00000000dc4b0000)
  to   space 21824K,   0% used [0x00000000dc4b0000, 0x00000000dc4b0000, 0x00000000dda00000)
 concurrent mark-sweep generation total 393216K, used 39151K [0x00000000dda00000, 0x00000000f5a00000, 0x00000000f5a00000)
 concurrent-mark-sweep perm gen total 54228K, used 34421K [0x00000000f5a00000, 0x00000000f8ef5000, 0x0000000100000000)
2015-03-18T13:26:27.129-0400: 508089.305: [GC2015-03-18T13:26:27.130-0400: 508089.305: [ParNew
Desired survivor size 20112992 bytes, new threshold 8 (max 8)
- age   1:    5415408 bytes,    5415408 total
- age   2:     837016 bytes,    6252424 total
- age   3:      81624 bytes,    6334048 total
- age   4:      76216 bytes,    6410264 total
- age   5:      76464 bytes,    6486728 total
- age   6:      88640 bytes,    6575368 total
- age   7:      87840 bytes,    6663208 total
- age   8:      95160 bytes,    6758368 total
: 90787K->7262K(109248K), 0.0078120 secs] 129938K->46506K(502464K), 0.0079430 secs] [Times: user=0.03 sys=0.00, real=0.01 secs] 
Heap after GC invocations=82 (full 1):
 par new generation   total 109248K, used 7262K [0x00000000d5a00000, 0x00000000dda00000, 0x00000000dda00000)
  eden space 87424K,   0% used [0x00000000d5a00000, 0x00000000d5a00000, 0x00000000daf60000)
  from space 21824K,  33% used [0x00000000dc4b0000, 0x00000000dcbc7858, 0x00000000dda00000)
  to   space 21824K,   0% used [0x00000000daf60000, 0x00000000daf60000, 0x00000000dc4b0000)
 concurrent mark-sweep generation total 393216K, used 39244K [0x00000000dda00000, 0x00000000f5a00000, 0x00000000f5a00000)
 concurrent-mark-sweep perm gen total 54228K, used 34421K [0x00000000f5a00000, 0x00000000f8ef5000, 0x0000000100000000)
}
2015-03-18T13:26:27.138-0400: 508089.313: Total time for which application threads were stopped: 0.0088390 seconds
{Heap before GC invocations=82 (full 1):
 par new generation   total 109248K, used 94686K [0x00000000d5a00000, 0x00000000dda00000, 0x00000000dda00000)
  eden space 87424K, 100% used [0x00000000d5a00000, 0x00000000daf60000, 0x00000000daf60000)
  from space 21824K,  33% used [0x00000000dc4b0000, 0x00000000dcbc7858, 0x00000000dda00000)
  to   space 21824K,   0% used [0x00000000daf60000, 0x00000000daf60000, 0x00000000dc4b0000)
 concurrent mark-sweep generation total 393216K, used 39244K [0x00000000dda00000, 0x00000000f5a00000, 0x00000000f5a00000)
 concurrent-mark-sweep perm gen total 54228K, used 34446K [0x00000000f5a00000, 0x00000000f8ef5000, 0x0000000100000000)
2015-03-18T13:26:27.191-0400: 508089.367: [GC2015-03-18T13:26:27.191-0400: 508089.367: [ParNew
Desired survivor size 20112992 bytes, new threshold 8 (max 8)
- age   1:    4437184 bytes,    4437184 total
- age   2:    5100720 bytes,    9537904 total
- age   3:     837016 bytes,   10374920 total
- age   4:      81624 bytes,   10456544 total
- age   5:      76216 bytes,   10532760 total
- age   6:      76464 bytes,   10609224 total
- age   7:      88640 bytes,   10697864 total
- age   8:      87840 bytes,   10785704 total
: 94686K->12742K(109248K), 0.0088860 secs] 133930K->52082K(502464K), 0.0090190 secs] [Times: user=0.05 sys=0.00, real=0.01 secs] 
Heap after GC invocations=83 (full 1):
 par new generation   total 109248K, used 12742K [0x00000000d5a00000, 0x00000000dda00000, 0x00000000dda00000)
  eden space 87424K,   0% used [0x00000000d5a00000, 0x00000000d5a00000, 0x00000000daf60000)
  from space 21824K,  58% used [0x00000000daf60000, 0x00000000dbbd1ae8, 0x00000000dc4b0000)
  to   space 21824K,   0% used [0x00000000dc4b0000, 0x00000000dc4b0000, 0x00000000dda00000)
 concurrent mark-sweep generation total 393216K, used 39339K [0x00000000dda00000, 0x00000000f5a00000, 0x00000000f5a00000)
 concurrent-mark-sweep perm gen total 54228K, used 34446K [0x00000000f5a00000, 0x00000000f8ef5000, 0x0000000100000000)
}
2015-03-18T13:26:27.200-0400: 508089.376: Total time for which application threads were stopped: 0.0098430 seconds
{Heap before GC invocations=83 (full 1):
 par new generation   total 109248K, used 100166K [0x00000000d5a00000, 0x00000000dda00000, 0x00000000dda00000)
  eden space 87424K, 100% used [0x00000000d5a00000, 0x00000000daf60000, 0x00000000daf60000)
  from space 21824K,  58% used [0x00000000daf60000, 0x00000000dbbd1ae8, 0x00000000dc4b0000)
  to   space 21824K,   0% used [0x00000000dc4b0000, 0x00000000dc4b0000, 0x00000000dda00000)
 concurrent mark-sweep generation total 393216K, used 39339K [0x00000000dda00000, 0x00000000f5a00000, 0x00000000f5a00000)
 concurrent-mark-sweep perm gen total 54228K, used 34447K [0x00000000f5a00000, 0x00000000f8ef5000, 0x0000000100000000)
2015-03-18T13:26:27.227-0400: 508089.403: [GC2015-03-18T13:26:27.228-0400: 508089.403: [ParNew
Desired survivor size 20112992 bytes, new threshold 8 (max 8)
- age   1:     378288 bytes,     378288 total
- age   2:    3519616 bytes,    3897904 total
- age   3:    5100552 bytes,    8998456 total
- age   4:     837016 bytes,    9835472 total
- age   5:      81624 bytes,    9917096 total
- age   6:      76216 bytes,    9993312 total
- age   7:      76464 bytes,   10069776 total
- age   8:      88640 bytes,   10158416 total
: 100166K->15850K(109248K), 0.0083680 secs] 139506K->55277K(502464K), 0.0084960 secs] [Times: user=0.04 sys=0.00, real=0.00 secs] 
Heap after GC invocations=84 (full 1):
 par new generation   total 109248K, used 15850K [0x00000000d5a00000, 0x00000000dda00000, 0x00000000dda00000)
  eden space 87424K,   0% used [0x00000000d5a00000, 0x00000000d5a00000, 0x00000000daf60000)
  from space 21824K,  72% used [0x00000000dc4b0000, 0x00000000dd42aa80, 0x00000000dda00000)
  to   space 21824K,   0% used [0x00000000daf60000, 0x00000000daf60000, 0x00000000dc4b0000)
 concurrent mark-sweep generation total 393216K, used 39427K [0x00000000dda00000, 0x00000000f5a00000, 0x00000000f5a00000)
 concurrent-mark-sweep perm gen total 54228K, used 34447K [0x00000000f5a00000, 0x00000000f8ef5000, 0x0000000100000000)
}
2015-03-18T13:26:27.236-0400: 508089.412: Total time for which application threads were stopped: 0.0090390 seconds
{Heap before GC invocations=84 (full 1):
 par new generation   total 109248K, used 103274K [0x00000000d5a00000, 0x00000000dda00000, 0x00000000dda00000)
  eden space 87424K, 100% used [0x00000000d5a00000, 0x00000000daf60000, 0x00000000daf60000)
  from space 21824K,  72% used [0x00000000dc4b0000, 0x00000000dd42aa80, 0x00000000dda00000)
  to   space 21824K,   0% used [0x00000000daf60000, 0x00000000daf60000, 0x00000000dc4b0000)
 concurrent mark-sweep generation total 393216K, used 39427K [0x00000000dda00000, 0x00000000f5a00000, 0x00000000f5a00000)
 concurrent-mark-sweep perm gen total 54228K, used 34448K [0x00000000f5a00000, 0x00000000f8ef5000, 0x0000000100000000)
2015-03-18T13:26:27.267-0400: 508089.443: [GC2015-03-18T13:26:27.267-0400: 508089.443: [ParNew
Desired survivor size 20112992 bytes, new threshold 8 (max 8)
- age   1:    2913120 bytes,    2913120 total
- age   2:      37880 bytes,    2951000 total
- age   3:    3145240 bytes,    6096240 total
- age   4:    5100128 bytes,   11196368 total
- age   5:     837016 bytes,   12033384 total
- age   6:      81624 bytes,   12115008 total
- age   7:      76216 bytes,   12191224 total
- age   8:      76464 bytes,   12267688 total
: 103274K->14233K(109248K), 0.0099260 secs] 142701K->53748K(502464K), 0.0100640 secs] [Times: user=0.05 sys=0.00, real=0.01 secs] 
Heap after GC invocations=85 (full 1):
 par new generation   total 109248K, used 14233K [0x00000000d5a00000, 0x00000000dda00000, 0x00000000dda00000)
  eden space 87424K,   0% used [0x00000000d5a00000, 0x00000000d5a00000, 0x00000000daf60000)
  from space 21824K,  65% used [0x00000000daf60000, 0x00000000dbd46540, 0x00000000dc4b0000)
  to   space 21824K,   0% used [0x00000000dc4b0000, 0x00000000dc4b0000, 0x00000000dda00000)
 concurrent mark-sweep generation total 393216K, used 39515K [0x00000000dda00000, 0x00000000f5a00000, 0x00000000f5a00000)
 concurrent-mark-sweep perm gen total 54228K, used 34448K [0x00000000f5a00000, 0x00000000f8ef5000, 0x0000000100000000)
}
2015-03-18T13:26:27.277-0400: 508089.453: Total time for which application threads were stopped: 0.0106380 seconds
{Heap before GC invocations=85 (full 1):
 par new generation   total 109248K, used 101657K [0x00000000d5a00000, 0x00000000dda00000, 0x00000000dda00000)
  eden space 87424K, 100% used [0x00000000d5a00000, 0x00000000daf60000, 0x00000000daf60000)
  from space 21824K,  65% used [0x00000000daf60000, 0x00000000dbd46540, 0x00000000dc4b0000)
  to   space 21824K,   0% used [0x00000000dc4b0000, 0x00000000dc4b0000, 0x00000000dda00000)
 concurrent mark-sweep generation total 393216K, used 39515K [0x00000000dda00000, 0x00000000f5a00000, 0x00000000f5a00000)
 concurrent-mark-sweep perm gen total 54228K, used 34455K [0x00000000f5a00000, 0x00000000f8ef5000, 0x0000000100000000)
2015-03-18T13:26:27.306-0400: 508089.481: [GC2015-03-18T13:26:27.306-0400: 508089.481: [ParNew
Desired survivor size 20112992 bytes, new threshold 8 (max 8)
- age   1:    3140264 bytes,    3140264 total
- age   2:    1586336 bytes,    4726600 total
- age   3:      37728 bytes,    4764328 total
- age   4:    3145072 bytes,    7909400 total
- age   5:    5100128 bytes,   13009528 total
- age   6:     837016 bytes,   13846544 total
- age   7:      81624 bytes,   13928168 total
- age   8:      76216 bytes,   14004384 total
: 101657K->20342K(109248K), 0.0105160 secs] 141172K->59934K(502464K), 0.0106770 secs] [Times: user=0.05 sys=0.00, real=0.01 secs] 
Heap after GC invocations=86 (full 1):
 par new generation   total 109248K, used 20342K [0x00000000d5a00000, 0x00000000dda00000, 0x00000000dda00000)
  eden space 87424K,   0% used [0x00000000d5a00000, 0x00000000d5a00000, 0x00000000daf60000)
  from space 21824K,  93% used [0x00000000dc4b0000, 0x00000000dd88da40, 0x00000000dda00000)
  to   space 21824K,   0% used [0x00000000daf60000, 0x00000000daf60000, 0x00000000dc4b0000)
 concurrent mark-sweep generation total 393216K, used 39592K [0x00000000dda00000, 0x00000000f5a00000, 0x00000000f5a00000)
 concurrent-mark-sweep perm gen total 54228K, used 34455K [0x00000000f5a00000, 0x00000000f8ef5000, 0x0000000100000000)
}
2015-03-18T13:26:27.316-0400: 508089.492: Total time for which application threads were stopped: 0.0112090 seconds
{Heap before GC invocations=86 (full 1):
 par new generation   total 109248K, used 107766K [0x00000000d5a00000, 0x00000000dda00000, 0x00000000dda00000)
  eden space 87424K, 100% used [0x00000000d5a00000, 0x00000000daf60000, 0x00000000daf60000)
  from space 21824K,  93% used [0x00000000dc4b0000, 0x00000000dd88da40, 0x00000000dda00000)
  to   space 21824K,   0% used [0x00000000daf60000, 0x00000000daf60000, 0x00000000dc4b0000)
 concurrent mark-sweep generation total 393216K, used 39592K [0x00000000dda00000, 0x00000000f5a00000, 0x00000000f5a00000)
 concurrent-mark-sweep perm gen total 54228K, used 34455K [0x00000000f5a00000, 0x00000000f8ef5000, 0x0000000100000000)
2015-03-18T13:26:27.343-0400: 508089.519: [GC2015-03-18T13:26:27.343-0400: 508089.519: [ParNew
Desired survivor size 20112992 bytes, new threshold 8 (max 8)
- age   1:    1940592 bytes,    1940592 total
- age   2:    1490760 bytes,    3431352 total
- age   3:    1585880 bytes,    5017232 total
- age   4:      37728 bytes,    5054960 total
- age   5:    3145072 bytes,    8200032 total
- age   6:    5100128 bytes,   13300160 total
- age   7:     837016 bytes,   14137176 total
- age   8:      81624 bytes,   14218800 total
: 107766K->17260K(109248K), 0.0104400 secs] 147358K->56929K(502464K), 0.0105750 secs] [Times: user=0.05 sys=0.00, real=0.01 secs] 
Heap after GC invocations=87 (full 1):
 par new generation   total 109248K, used 17260K [0x00000000d5a00000, 0x00000000dda00000, 0x00000000dda00000)
  eden space 87424K,   0% used [0x00000000d5a00000, 0x00000000d5a00000, 0x00000000daf60000)
  from space 21824K,  79% used [0x00000000daf60000, 0x00000000dc03b260, 0x00000000dc4b0000)
  to   space 21824K,   0% used [0x00000000dc4b0000, 0x00000000dc4b0000, 0x00000000dda00000)
 concurrent mark-sweep generation total 393216K, used 39668K [0x00000000dda00000, 0x00000000f5a00000, 0x00000000f5a00000)
 concurrent-mark-sweep perm gen total 54228K, used 34455K [0x00000000f5a00000, 0x00000000f8ef5000, 0x0000000100000000)
}
2015-03-18T13:26:27.354-0400: 508089.529: Total time for which application threads were stopped: 0.0110960 seconds
{Heap before GC invocations=87 (full 1):
 par new generation   total 109248K, used 104684K [0x00000000d5a00000, 0x00000000dda00000, 0x00000000dda00000)
  eden space 87424K, 100% used [0x00000000d5a00000, 0x00000000daf60000, 0x00000000daf60000)
  from space 21824K,  79% used [0x00000000daf60000, 0x00000000dc03b260, 0x00000000dc4b0000)
  to   space 21824K,   0% used [0x00000000dc4b0000, 0x00000000dc4b0000, 0x00000000dda00000)
 concurrent mark-sweep generation total 393216K, used 39668K [0x00000000dda00000, 0x00000000f5a00000, 0x00000000f5a00000)
 concurrent-mark-sweep perm gen total 54228K, used 34465K [0x00000000f5a00000, 0x00000000f8ef5000, 0x0000000100000000)
2015-03-18T13:26:27.381-0400: 508089.557: [GC2015-03-18T13:26:27.382-0400: 508089.557: [ParNew
Desired survivor size 20112992 bytes, new threshold 8 (max 8)
- age   1:    1174696 bytes,    1174696 total
- age   2:     323984 bytes,    1498680 total
- age   3:    1490352 bytes,    2989032 total
- age   4:    1585880 bytes,    4574912 total
- age   5:      37728 bytes,    4612640 total
- age   6:    3145072 bytes,    7757712 total
- age   7:    5100128 bytes,   12857840 total
- age   8:     837016 bytes,   13694856 total
: 104684K->21581K(109248K), 0.0102190 secs] 144353K->61331K(502464K), 0.0103580 secs] [Times: user=0.06 sys=0.00, real=0.01 secs] 
Heap after GC invocations=88 (full 1):
 par new generation   total 109248K, used 21581K [0x00000000d5a00000, 0x00000000dda00000, 0x00000000dda00000)
  eden space 87424K,   0% used [0x00000000d5a00000, 0x00000000d5a00000, 0x00000000daf60000)
  from space 21824K,  98% used [0x00000000dc4b0000, 0x00000000dd9c3438, 0x00000000dda00000)
  to   space 21824K,   0% used [0x00000000daf60000, 0x00000000daf60000, 0x00000000dc4b0000)
 concurrent mark-sweep generation total 393216K, used 39750K [0x00000000dda00000, 0x00000000f5a00000, 0x00000000f5a00000)
 concurrent-mark-sweep perm gen total 54228K, used 34465K [0x00000000f5a00000, 0x00000000f8ef5000, 0x0000000100000000)
}
2015-03-18T13:26:27.392-0400: 508089.568: Total time for which application threads were stopped: 0.0111470 seconds
{Heap before GC invocations=88 (full 1):
 par new generation   total 109248K, used 109005K [0x00000000d5a00000, 0x00000000dda00000, 0x00000000dda00000)
  eden space 87424K, 100% used [0x00000000d5a00000, 0x00000000daf60000, 0x00000000daf60000)
  from space 21824K,  98% used [0x00000000dc4b0000, 0x00000000dd9c3438, 0x00000000dda00000)
  to   space 21824K,   0% used [0x00000000daf60000, 0x00000000daf60000, 0x00000000dc4b0000)
 concurrent mark-sweep generation total 393216K, used 39750K [0x00000000dda00000, 0x00000000f5a00000, 0x00000000f5a00000)
 concurrent-mark-sweep perm gen total 54228K, used 34473K [0x00000000f5a00000, 0x00000000f8ef5000, 0x0000000100000000)
2015-03-18T13:26:27.418-0400: 508089.594: [GC2015-03-18T13:26:27.418-0400: 508089.594: [ParNew
Desired survivor size 20112992 bytes, new threshold 8 (max 8)
- age   1:    1891688 bytes,    1891688 total
- age   2:      85528 bytes,    1977216 total
- age   3:     323768 bytes,    2300984 total
- age   4:    1490352 bytes,    3791336 total
- age   5:    1585880 bytes,    5377216 total
- age   6:      37728 bytes,    5414944 total
- age   7:    3145072 bytes,    8560016 total
- age   8:    5100128 bytes,   13660144 total
: 109005K->16066K(109248K), 0.0114050 secs] 148755K->56639K(502464K), 0.0115360 secs] [Times: user=0.05 sys=0.00, real=0.01 secs] 
Heap after GC invocations=89 (full 1):
 par new generation   total 109248K, used 16066K [0x00000000d5a00000, 0x00000000dda00000, 0x00000000dda00000)
  eden space 87424K,   0% used [0x00000000d5a00000, 0x00000000d5a00000, 0x00000000daf60000)
  from space 21824K,  73% used [0x00000000daf60000, 0x00000000dbf108b0, 0x00000000dc4b0000)
  to   space 21824K,   0% used [0x00000000dc4b0000, 0x00000000dc4b0000, 0x00000000dda00000)
 concurrent mark-sweep generation total 393216K, used 40573K [0x00000000dda00000, 0x00000000f5a00000, 0x00000000f5a00000)
 concurrent-mark-sweep perm gen total 54228K, used 34473K [0x00000000f5a00000, 0x00000000f8ef5000, 0x0000000100000000)
}
2015-03-18T13:26:27.430-0400: 508089.606: Total time for which application threads were stopped: 0.0120450 seconds
{Heap before GC invocations=89 (full 1):
 par new generation   total 109248K, used 103490K [0x00000000d5a00000, 0x00000000dda00000, 0x00000000dda00000)
  eden space 87424K, 100% used [0x00000000d5a00000, 0x00000000daf60000, 0x00000000daf60000)
  from space 21824K,  73% used [0x00000000daf60000, 0x00000000dbf108b0, 0x00000000dc4b0000)
  to   space 21824K,   0% used [0x00000000dc4b0000, 0x00000000dc4b0000, 0x00000000dda00000)
 concurrent mark-sweep generation total 393216K, used 40573K [0x00000000dda00000, 0x00000000f5a00000, 0x00000000f5a00000)
 concurrent-mark-sweep perm gen total 54228K, used 34476K [0x00000000f5a00000, 0x00000000f8ef5000, 0x0000000100000000)
2015-03-18T13:26:27.456-0400: 508089.632: [GC2015-03-18T13:26:27.456-0400: 508089.632: [ParNew
Desired survivor size 20112992 bytes, new threshold 8 (max 8)
- age   1:    2375792 bytes,    2375792 total
- age   2:      67856 bytes,    2443648 total
- age   3:      84784 bytes,    2528432 total
- age   4:     323768 bytes,    2852200 total
- age   5:    1490352 bytes,    4342552 total
- age   6:    1585944 bytes,    5928496 total
- age   7:      37728 bytes,    5966224 total
- age   8:    3145072 bytes,    9111296 total
: 103490K->14514K(109248K), 0.0138950 secs] 144063K->60089K(502464K), 0.0140540 secs] [Times: user=0.07 sys=0.00, real=0.02 secs] 
Heap after GC invocations=90 (full 1):
 par new generation   total 109248K, used 14514K [0x00000000d5a00000, 0x00000000dda00000, 0x00000000dda00000)
  eden space 87424K,   0% used [0x00000000d5a00000, 0x00000000d5a00000, 0x00000000daf60000)
  from space 21824K,  66% used [0x00000000dc4b0000, 0x00000000dd2dca20, 0x00000000dda00000)
  to   space 21824K,   0% used [0x00000000daf60000, 0x00000000daf60000, 0x00000000dc4b0000)
 concurrent mark-sweep generation total 393216K, used 45575K [0x00000000dda00000, 0x00000000f5a00000, 0x00000000f5a00000)
 concurrent-mark-sweep perm gen total 54228K, used 34476K [0x00000000f5a00000, 0x00000000f8ef5000, 0x0000000100000000)
}
2015-03-18T13:26:27.470-0400: 508089.646: Total time for which application threads were stopped: 0.0145840 seconds
{Heap before GC invocations=90 (full 1):
 par new generation   total 109248K, used 101938K [0x00000000d5a00000, 0x00000000dda00000, 0x00000000dda00000)
  eden space 87424K, 100% used [0x00000000d5a00000, 0x00000000daf60000, 0x00000000daf60000)
  from space 21824K,  66% used [0x00000000dc4b0000, 0x00000000dd2dca20, 0x00000000dda00000)
  to   space 21824K,   0% used [0x00000000daf60000, 0x00000000daf60000, 0x00000000dc4b0000)
 concurrent mark-sweep generation total 393216K, used 45575K [0x00000000dda00000, 0x00000000f5a00000, 0x00000000f5a00000)
 concurrent-mark-sweep perm gen total 54228K, used 34488K [0x00000000f5a00000, 0x00000000f8ef5000, 0x0000000100000000)
2015-03-18T13:26:27.497-0400: 508089.672: [GC2015-03-18T13:26:27.497-0400: 508089.672: [ParNew
Desired survivor size 20112992 bytes, new threshold 8 (max 8)
- age   1:    2069288 bytes,    2069288 total
- age   2:      60016 bytes,    2129304 total
- age   3:      67608 bytes,    2196912 total
- age   4:      84784 bytes,    2281696 total
- age   5:     323768 bytes,    2605464 total
- age   6:    1490176 bytes,    4095640 total
- age   7:    1585608 bytes,    5681248 total
- age   8:      37728 bytes,    5718976 total
: 101938K->7690K(109248K), 0.0099950 secs] 147513K->56360K(502464K), 0.0101180 secs] [Times: user=0.05 sys=0.00, real=0.01 secs] 
Heap after GC invocations=91 (full 1):
 par new generation   total 109248K, used 7690K [0x00000000d5a00000, 0x00000000dda00000, 0x00000000dda00000)
  eden space 87424K,   0% used [0x00000000d5a00000, 0x00000000d5a00000, 0x00000000daf60000)
  from space 21824K,  35% used [0x00000000daf60000, 0x00000000db6e2be0, 0x00000000dc4b0000)
  to   space 21824K,   0% used [0x00000000dc4b0000, 0x00000000dc4b0000, 0x00000000dda00000)
 concurrent mark-sweep generation total 393216K, used 48669K [0x00000000dda00000, 0x00000000f5a00000, 0x00000000f5a00000)
 concurrent-mark-sweep perm gen total 54228K, used 34488K [0x00000000f5a00000, 0x00000000f8ef5000, 0x0000000100000000)
}
2015-03-18T13:26:27.507-0400: 508089.682: Total time for which application threads were stopped: 0.0106620 seconds
{Heap before GC invocations=91 (full 1):
 par new generation   total 109248K, used 95099K [0x00000000d5a00000, 0x00000000dda00000, 0x00000000dda00000)
  eden space 87424K,  99% used [0x00000000d5a00000, 0x00000000daf5c158, 0x00000000daf60000)
  from space 21824K,  35% used [0x00000000daf60000, 0x00000000db6e2be0, 0x00000000dc4b0000)
  to   space 21824K,   0% used [0x00000000dc4b0000, 0x00000000dc4b0000, 0x00000000dda00000)
 concurrent mark-sweep generation total 393216K, used 48669K [0x00000000dda00000, 0x00000000f5a00000, 0x00000000f5a00000)
 concurrent-mark-sweep perm gen total 54228K, used 34502K [0x00000000f5a00000, 0x00000000f8ef5000, 0x0000000100000000)
2015-03-18T13:26:27.533-0400: 508089.709: [GC2015-03-18T13:26:27.533-0400: 508089.709: [ParNew
Desired survivor size 20112992 bytes, new threshold 8 (max 8)
- age   1:    2743344 bytes,    2743344 total
- age   2:      77896 bytes,    2821240 total
- age   3:      59560 bytes,    2880800 total
- age   4:      67464 bytes,    2948264 total
- age   5:      84784 bytes,    3033048 total
- age   6:     323552 bytes,    3356600 total
- age   7:    1489920 bytes,    4846520 total
- age   8:    1585064 bytes,    6431584 total
: 95099K->6752K(109248K), 0.0059030 secs] 143768K->55460K(502464K), 0.0060310 secs] [Times: user=0.03 sys=0.00, real=0.01 secs] 
Heap after GC invocations=92 (full 1):
 par new generation   total 109248K, used 6752K [0x00000000d5a00000, 0x00000000dda00000, 0x00000000dda00000)
  eden space 87424K,   0% used [0x00000000d5a00000, 0x00000000d5a00000, 0x00000000daf60000)
  from space 21824K,  30% used [0x00000000dc4b0000, 0x00000000dcb48140, 0x00000000dda00000)
  to   space 21824K,   0% used [0x00000000daf60000, 0x00000000daf60000, 0x00000000dc4b0000)
 concurrent mark-sweep generation total 393216K, used 48708K [0x00000000dda00000, 0x00000000f5a00000, 0x00000000f5a00000)
 concurrent-mark-sweep perm gen total 54228K, used 34502K [0x00000000f5a00000, 0x00000000f8ef5000, 0x0000000100000000)
}
2015-03-18T13:26:27.539-0400: 508089.715: Total time for which application threads were stopped: 0.0065420 seconds
{Heap before GC invocations=92 (full 1):
 par new generation   total 109248K, used 94174K [0x00000000d5a00000, 0x00000000dda00000, 0x00000000dda00000)
  eden space 87424K,  99% used [0x00000000d5a00000, 0x00000000daf5f828, 0x00000000daf60000)
  from space 21824K,  30% used [0x00000000dc4b0000, 0x00000000dcb48140, 0x00000000dda00000)
  to   space 21824K,   0% used [0x00000000daf60000, 0x00000000daf60000, 0x00000000dc4b0000)
 concurrent mark-sweep generation total 393216K, used 48708K [0x00000000dda00000, 0x00000000f5a00000, 0x00000000f5a00000)
 concurrent-mark-sweep perm gen total 54228K, used 34519K [0x00000000f5a00000, 0x00000000f8ef5000, 0x0000000100000000)
2015-03-18T13:26:27.565-0400: 508089.741: [GC2015-03-18T13:26:27.566-0400: 508089.741: [ParNew
Desired survivor size 20112992 bytes, new threshold 8 (max 8)
- age   1:    2101728 bytes,    2101728 total
- age   2:      85456 bytes,    2187184 total
- age   3:      77592 bytes,    2264776 total
- age   4:      59560 bytes,    2324336 total
- age   5:      67464 bytes,    2391800 total
- age   6:      84784 bytes,    2476584 total
- age   7:     323120 bytes,    2799704 total
- age   8:    1489648 bytes,    4289352 total
: 94174K->6943K(109248K), 0.0070560 secs] 142882K->57206K(502464K), 0.0071650 secs] [Times: user=0.03 sys=0.00, real=0.01 secs] 
Heap after GC invocations=93 (full 1):
 par new generation   total 109248K, used 6943K [0x00000000d5a00000, 0x00000000dda00000, 0x00000000dda00000)
  eden space 87424K,   0% used [0x00000000d5a00000, 0x00000000d5a00000, 0x00000000daf60000)
  from space 21824K,  31% used [0x00000000daf60000, 0x00000000db627d98, 0x00000000dc4b0000)
  to   space 21824K,   0% used [0x00000000dc4b0000, 0x00000000dc4b0000, 0x00000000dda00000)
 concurrent mark-sweep generation total 393216K, used 50262K [0x00000000dda00000, 0x00000000f5a00000, 0x00000000f5a00000)
 concurrent-mark-sweep perm gen total 54228K, used 34519K [0x00000000f5a00000, 0x00000000f8ef5000, 0x0000000100000000)
}
2015-03-18T13:26:27.573-0400: 508089.748: Total time for which application threads were stopped: 0.0076690 seconds
{Heap before GC invocations=93 (full 1):
 par new generation   total 109248K, used 94367K [0x00000000d5a00000, 0x00000000dda00000, 0x00000000dda00000)
  eden space 87424K, 100% used [0x00000000d5a00000, 0x00000000daf60000, 0x00000000daf60000)
  from space 21824K,  31% used [0x00000000daf60000, 0x00000000db627d98, 0x00000000dc4b0000)
  to   space 21824K,   0% used [0x00000000dc4b0000, 0x00000000dc4b0000, 0x00000000dda00000)
 concurrent mark-sweep generation total 393216K, used 50262K [0x00000000dda00000, 0x00000000f5a00000, 0x00000000f5a00000)
 concurrent-mark-sweep perm gen total 54228K, used 34531K [0x00000000f5a00000, 0x00000000f8ef5000, 0x0000000100000000)
2015-03-18T13:26:27.599-0400: 508089.775: [GC2015-03-18T13:26:27.599-0400: 508089.775: [ParNew
Desired survivor size 20112992 bytes, new threshold 8 (max 8)
- age   1:    3163504 bytes,    3163504 total
- age   2:     102464 bytes,    3265968 total
- age   3:      85456 bytes,    3351424 total
- age   4:      77592 bytes,    3429016 total
- age   5:      59560 bytes,    3488576 total
- age   6:      67464 bytes,    3556040 total
- age   7:      84784 bytes,    3640824 total
- age   8:     323120 bytes,    3963944 total
: 94367K->4871K(109248K), 0.0056510 secs] 144630K->56591K(502464K), 0.0057750 secs] [Times: user=0.02 sys=0.00, real=0.00 secs] 
Heap after GC invocations=94 (full 1):
 par new generation   total 109248K, used 4871K [0x00000000d5a00000, 0x00000000dda00000, 0x00000000dda00000)
  eden space 87424K,   0% used [0x00000000d5a00000, 0x00000000d5a00000, 0x00000000daf60000)
  from space 21824K,  22% used [0x00000000dc4b0000, 0x00000000dc971f00, 0x00000000dda00000)
  to   space 21824K,   0% used [0x00000000daf60000, 0x00000000daf60000, 0x00000000dc4b0000)
 concurrent mark-sweep generation total 393216K, used 51719K [0x00000000dda00000, 0x00000000f5a00000, 0x00000000f5a00000)
 concurrent-mark-sweep perm gen total 54228K, used 34531K [0x00000000f5a00000, 0x00000000f8ef5000, 0x0000000100000000)
}
2015-03-18T13:26:27.605-0400: 508089.780: Total time for which application threads were stopped: 0.0063010 seconds
{Heap before GC invocations=94 (full 1):
 par new generation   total 109248K, used 92295K [0x00000000d5a00000, 0x00000000dda00000, 0x00000000dda00000)
  eden space 87424K, 100% used [0x00000000d5a00000, 0x00000000daf60000, 0x00000000daf60000)
  from space 21824K,  22% used [0x00000000dc4b0000, 0x00000000dc971f00, 0x00000000dda00000)
  to   space 21824K,   0% used [0x00000000daf60000, 0x00000000daf60000, 0x00000000dc4b0000)
 concurrent mark-sweep generation total 393216K, used 51719K [0x00000000dda00000, 0x00000000f5a00000, 0x00000000f5a00000)
 concurrent-mark-sweep perm gen total 54228K, used 34539K [0x00000000f5a00000, 0x00000000f8ef5000, 0x0000000100000000)
2015-03-18T13:26:27.631-0400: 508089.807: [GC2015-03-18T13:26:27.631-0400: 508089.807: [ParNew
Desired survivor size 20112992 bytes, new threshold 8 (max 8)
- age   1:    2341048 bytes,    2341048 total
- age   2:      96784 bytes,    2437832 total
- age   3:     102464 bytes,    2540296 total
- age   4:      85456 bytes,    2625752 total
- age   5:      77592 bytes,    2703344 total
- age   6:      59664 bytes,    2763008 total
- age   7:      67464 bytes,    2830472 total
- age   8:      84784 bytes,    2915256 total
: 92295K->3512K(109248K), 0.0044520 secs] 144015K->55549K(502464K), 0.0045560 secs] [Times: user=0.02 sys=0.00, real=0.00 secs] 
Heap after GC invocations=95 (full 1):
 par new generation   total 109248K, used 3512K [0x00000000d5a00000, 0x00000000dda00000, 0x00000000dda00000)
  eden space 87424K,   0% used [0x00000000d5a00000, 0x00000000d5a00000, 0x00000000daf60000)
  from space 21824K,  16% used [0x00000000daf60000, 0x00000000db2ce120, 0x00000000dc4b0000)
  to   space 21824K,   0% used [0x00000000dc4b0000, 0x00000000dc4b0000, 0x00000000dda00000)
 concurrent mark-sweep generation total 393216K, used 52037K [0x00000000dda00000, 0x00000000f5a00000, 0x00000000f5a00000)
 concurrent-mark-sweep perm gen total 54228K, used 34539K [0x00000000f5a00000, 0x00000000f8ef5000, 0x0000000100000000)
}
2015-03-18T13:26:27.636-0400: 508089.811: Total time for which application threads were stopped: 0.0052680 seconds
{Heap before GC invocations=95 (full 1):
 par new generation   total 109248K, used 90936K [0x00000000d5a00000, 0x00000000dda00000, 0x00000000dda00000)
  eden space 87424K, 100% used [0x00000000d5a00000, 0x00000000daf60000, 0x00000000daf60000)
  from space 21824K,  16% used [0x00000000daf60000, 0x00000000db2ce120, 0x00000000dc4b0000)
  to   space 21824K,   0% used [0x00000000dc4b0000, 0x00000000dc4b0000, 0x00000000dda00000)
 concurrent mark-sweep generation total 393216K, used 52037K [0x00000000dda00000, 0x00000000f5a00000, 0x00000000f5a00000)
 concurrent-mark-sweep perm gen total 54228K, used 34555K [0x00000000f5a00000, 0x00000000f8ef5000, 0x0000000100000000)
2015-03-18T13:26:27.661-0400: 508089.837: [GC2015-03-18T13:26:27.661-0400: 508089.837: [ParNew
Desired survivor size 20112992 bytes, new threshold 8 (max 8)
- age   1:    2213472 bytes,    2213472 total
- age   2:      92984 bytes,    2306456 total
- age   3:      96784 bytes,    2403240 total
- age   4:     102464 bytes,    2505704 total
- age   5:      85024 bytes,    2590728 total
- age   6:      77592 bytes,    2668320 total
- age   7:      59016 bytes,    2727336 total
- age   8:      67464 bytes,    2794800 total
: 90936K->3766K(109248K), 0.0039540 secs] 142973K->55888K(502464K), 0.0040740 secs] [Times: user=0.02 sys=0.00, real=0.00 secs] 
Heap after GC invocations=96 (full 1):
 par new generation   total 109248K, used 3766K [0x00000000d5a00000, 0x00000000dda00000, 0x00000000dda00000)
  eden space 87424K,   0% used [0x00000000d5a00000, 0x00000000d5a00000, 0x00000000daf60000)
  from space 21824K,  17% used [0x00000000dc4b0000, 0x00000000dc85da18, 0x00000000dda00000)
  to   space 21824K,   0% used [0x00000000daf60000, 0x00000000daf60000, 0x00000000dc4b0000)
 concurrent mark-sweep generation total 393216K, used 52122K [0x00000000dda00000, 0x00000000f5a00000, 0x00000000f5a00000)
 concurrent-mark-sweep perm gen total 54228K, used 34555K [0x00000000f5a00000, 0x00000000f8ef5000, 0x0000000100000000)
}
2015-03-18T13:26:27.665-0400: 508089.841: Total time for which application threads were stopped: 0.0045770 seconds
{Heap before GC invocations=96 (full 1):
 par new generation   total 109248K, used 91190K [0x00000000d5a00000, 0x00000000dda00000, 0x00000000dda00000)
  eden space 87424K, 100% used [0x00000000d5a00000, 0x00000000daf60000, 0x00000000daf60000)
  from space 21824K,  17% used [0x00000000dc4b0000, 0x00000000dc85da18, 0x00000000dda00000)
  to   space 21824K,   0% used [0x00000000daf60000, 0x00000000daf60000, 0x00000000dc4b0000)
 concurrent mark-sweep generation total 393216K, used 52122K [0x00000000dda00000, 0x00000000f5a00000, 0x00000000f5a00000)
 concurrent-mark-sweep perm gen total 54228K, used 34567K [0x00000000f5a00000, 0x00000000f8ef5000, 0x0000000100000000)
2015-03-18T13:26:27.690-0400: 508089.866: [GC2015-03-18T13:26:27.690-0400: 508089.866: [ParNew
Desired survivor size 20112992 bytes, new threshold 8 (max 8)
- age   1:    1793176 bytes,    1793176 total
- age   2:      82584 bytes,    1875760 total
- age   3:      92984 bytes,    1968744 total
- age   4:      96784 bytes,    2065528 total
- age   5:     102464 bytes,    2167992 total
- age   6:      85024 bytes,    2253016 total
- age   7:      77592 bytes,    2330608 total
- age   8:      59016 bytes,    2389624 total
: 91190K->3109K(109248K), 0.0040730 secs] 143312K->55299K(502464K), 0.0041750 secs] [Times: user=0.03 sys=0.00, real=0.00 secs] 
Heap after GC invocations=97 (full 1):
 par new generation   total 109248K, used 3109K [0x00000000d5a00000, 0x00000000dda00000, 0x00000000dda00000)
  eden space 87424K,   0% used [0x00000000d5a00000, 0x00000000d5a00000, 0x00000000daf60000)
  from space 21824K,  14% used [0x00000000daf60000, 0x00000000db269578, 0x00000000dc4b0000)
  to   space 21824K,   0% used [0x00000000dc4b0000, 0x00000000dc4b0000, 0x00000000dda00000)
 concurrent mark-sweep generation total 393216K, used 52190K [0x00000000dda00000, 0x00000000f5a00000, 0x00000000f5a00000)
 concurrent-mark-sweep perm gen total 54228K, used 34567K [0x00000000f5a00000, 0x00000000f8ef5000, 0x0000000100000000)
}
2015-03-18T13:26:27.695-0400: 508089.870: Total time for which application threads were stopped: 0.0047270 seconds
{Heap before GC invocations=97 (full 1):
 par new generation   total 109248K, used 90533K [0x00000000d5a00000, 0x00000000dda00000, 0x00000000dda00000)
  eden space 87424K, 100% used [0x00000000d5a00000, 0x00000000daf60000, 0x00000000daf60000)
  from space 21824K,  14% used [0x00000000daf60000, 0x00000000db269578, 0x00000000dc4b0000)
  to   space 21824K,   0% used [0x00000000dc4b0000, 0x00000000dc4b0000, 0x00000000dda00000)
 concurrent mark-sweep generation total 393216K, used 52190K [0x00000000dda00000, 0x00000000f5a00000, 0x00000000f5a00000)
 concurrent-mark-sweep perm gen total 54228K, used 34588K [0x00000000f5a00000, 0x00000000f8ef5000, 0x0000000100000000)
2015-03-18T13:26:27.722-0400: 508089.897: [GC2015-03-18T13:26:27.722-0400: 508089.897: [ParNew
Desired survivor size 20112992 bytes, new threshold 8 (max 8)
- age   1:    1923992 bytes,    1923992 total
- age   2:     296272 bytes,    2220264 total
- age   3:      82584 bytes,    2302848 total
- age   4:      92984 bytes,    2395832 total
- age   5:      96784 bytes,    2492616 total
- age   6:     102248 bytes,    2594864 total
- age   7:      84808 bytes,    2679672 total
- age   8:      77320 bytes,    2756992 total
: 90533K->2968K(109248K), 0.0043810 secs] 142723K->55217K(502464K), 0.0044990 secs] [Times: user=0.02 sys=0.00, real=0.00 secs] 
Heap after GC invocations=98 (full 1):
 par new generation   total 109248K, used 2968K [0x00000000d5a00000, 0x00000000dda00000, 0x00000000dda00000)
  eden space 87424K,   0% used [0x00000000d5a00000, 0x00000000d5a00000, 0x00000000daf60000)
  from space 21824K,  13% used [0x00000000dc4b0000, 0x00000000dc796188, 0x00000000dda00000)
  to   space 21824K,   0% used [0x00000000daf60000, 0x00000000daf60000, 0x00000000dc4b0000)
 concurrent mark-sweep generation total 393216K, used 52249K [0x00000000dda00000, 0x00000000f5a00000, 0x00000000f5a00000)
 concurrent-mark-sweep perm gen total 54228K, used 34588K [0x00000000f5a00000, 0x00000000f8ef5000, 0x0000000100000000)
}
2015-03-18T13:26:27.726-0400: 508089.902: Total time for which application threads were stopped: 0.0051320 seconds
{Heap before GC invocations=98 (full 1):
 par new generation   total 109248K, used 90392K [0x00000000d5a00000, 0x00000000dda00000, 0x00000000dda00000)
  eden space 87424K, 100% used [0x00000000d5a00000, 0x00000000daf60000, 0x00000000daf60000)
  from space 21824K,  13% used [0x00000000dc4b0000, 0x00000000dc796188, 0x00000000dda00000)
  to   space 21824K,   0% used [0x00000000daf60000, 0x00000000daf60000, 0x00000000dc4b0000)
 concurrent mark-sweep generation total 393216K, used 52249K [0x00000000dda00000, 0x00000000f5a00000, 0x00000000f5a00000)
 concurrent-mark-sweep perm gen total 54228K, used 34598K [0x00000000f5a00000, 0x00000000f8ef5000, 0x0000000100000000)
2015-03-18T13:26:27.755-0400: 508089.931: [GC2015-03-18T13:26:27.755-0400: 508089.931: [ParNew
Desired survivor size 20112992 bytes, new threshold 8 (max 8)
- age   1:    2357936 bytes,    2357936 total
- age   2:     781704 bytes,    3139640 total
- age   3:     296232 bytes,    3435872 total
- age   4:      82584 bytes,    3518456 total
- age   5:      92984 bytes,    3611440 total
- age   6:      96784 bytes,    3708224 total
- age   7:     102032 bytes,    3810256 total
- age   8:      84536 bytes,    3894792 total
: 90392K->4762K(109248K), 0.0047210 secs] 142641K->57088K(502464K), 0.0048200 secs] [Times: user=0.02 sys=0.00, real=0.01 secs] 
Heap after GC invocations=99 (full 1):
 par new generation   total 109248K, used 4762K [0x00000000d5a00000, 0x00000000dda00000, 0x00000000dda00000)
  eden space 87424K,   0% used [0x00000000d5a00000, 0x00000000d5a00000, 0x00000000daf60000)
  from space 21824K,  21% used [0x00000000daf60000, 0x00000000db406920, 0x00000000dc4b0000)
  to   space 21824K,   0% used [0x00000000dc4b0000, 0x00000000dc4b0000, 0x00000000dda00000)
 concurrent mark-sweep generation total 393216K, used 52326K [0x00000000dda00000, 0x00000000f5a00000, 0x00000000f5a00000)
 concurrent-mark-sweep perm gen total 54228K, used 34598K [0x00000000f5a00000, 0x00000000f8ef5000, 0x0000000100000000)
}
2015-03-18T13:26:27.760-0400: 508089.936: Total time for which application threads were stopped: 0.0053570 seconds
{Heap before GC invocations=99 (full 1):
 par new generation   total 109248K, used 92184K [0x00000000d5a00000, 0x00000000dda00000, 0x00000000dda00000)
  eden space 87424K,  99% used [0x00000000d5a00000, 0x00000000daf5f7f8, 0x00000000daf60000)
  from space 21824K,  21% used [0x00000000daf60000, 0x00000000db406920, 0x00000000dc4b0000)
  to   space 21824K,   0% used [0x00000000dc4b0000, 0x00000000dc4b0000, 0x00000000dda00000)
 concurrent mark-sweep generation total 393216K, used 52326K [0x00000000dda00000, 0x00000000f5a00000, 0x00000000f5a00000)
 concurrent-mark-sweep perm gen total 54228K, used 34612K [0x00000000f5a00000, 0x00000000f8ef5000, 0x0000000100000000)
2015-03-18T13:26:27.796-0400: 508089.971: [GC2015-03-18T13:26:27.796-0400: 508089.971: [ParNew
Desired survivor size 20112992 bytes, new threshold 8 (max 8)
- age   1:     513560 bytes,     513560 total
- age   2:     553776 bytes,    1067336 total
- age   3:     781704 bytes,    1849040 total
- age   4:     296232 bytes,    2145272 total
- age   5:      82584 bytes,    2227856 total
- age   6:      92984 bytes,    2320840 total
- age   7:      96784 bytes,    2417624 total
- age   8:     102032 bytes,    2519656 total
: 92184K->3391K(109248K), 0.0043980 secs] 144510K->55803K(502464K), 0.0045110 secs] [Times: user=0.02 sys=0.00, real=0.01 secs] 
Heap after GC invocations=100 (full 1):
 par new generation   total 109248K, used 3391K [0x00000000d5a00000, 0x00000000dda00000, 0x00000000dda00000)
  eden space 87424K,   0% used [0x00000000d5a00000, 0x00000000d5a00000, 0x00000000daf60000)
  from space 21824K,  15% used [0x00000000dc4b0000, 0x00000000dc7fffa0, 0x00000000dda00000)
  to   space 21824K,   0% used [0x00000000daf60000, 0x00000000daf60000, 0x00000000dc4b0000)
 concurrent mark-sweep generation total 393216K, used 52411K [0x00000000dda00000, 0x00000000f5a00000, 0x00000000f5a00000)
 concurrent-mark-sweep perm gen total 54228K, used 34612K [0x00000000f5a00000, 0x00000000f8ef5000, 0x0000000100000000)
}
2015-03-18T13:26:27.800-0400: 508089.976: Total time for which application threads were stopped: 0.0050270 seconds
2015-03-18T13:26:27.903-0400: 508090.079: Total time for which application threads were stopped: 0.0003870 seconds
2015-03-18T13:26:27.904-0400: 508090.079: Total time for which application threads were stopped: 0.0001710 seconds
2015-03-18T13:26:27.905-0400: 508090.081: Total time for which application threads were stopped: 0.0002040 seconds
{Heap before GC invocations=100 (full 1):
 par new generation   total 109248K, used 90815K [0x00000000d5a00000, 0x00000000dda00000, 0x00000000dda00000)
  eden space 87424K,  99% used [0x00000000d5a00000, 0x00000000daf5fdc8, 0x00000000daf60000)
  from space 21824K,  15% used [0x00000000dc4b0000, 0x00000000dc7fffa0, 0x00000000dda00000)
  to   space 21824K,   0% used [0x00000000daf60000, 0x00000000daf60000, 0x00000000dc4b0000)
 concurrent mark-sweep generation total 393216K, used 52411K [0x00000000dda00000, 0x00000000f5a00000, 0x00000000f5a00000)
 concurrent-mark-sweep perm gen total 54228K, used 34639K [0x00000000f5a00000, 0x00000000f8ef5000, 0x0000000100000000)
2015-03-18T13:26:27.954-0400: 508090.130: [GC2015-03-18T13:26:27.954-0400: 508090.130: [ParNew
Desired survivor size 20112992 bytes, new threshold 8 (max 8)
- age   1:    3977472 bytes,    3977472 total
- age   2:     166696 bytes,    4144168 total
- age   3:     422880 bytes,    4567048 total
- age   4:     781664 bytes,    5348712 total
- age   5:     296192 bytes,    5644904 total
- age   6:      82584 bytes,    5727488 total
- age   7:      92984 bytes,    5820472 total
- age   8:      96784 bytes,    5917256 total
: 90815K->6640K(109248K), 0.0065340 secs] 143226K->59152K(502464K), 0.0066550 secs] [Times: user=0.03 sys=0.00, real=0.01 secs] 
Heap after GC invocations=101 (full 1):
 par new generation   total 109248K, used 6640K [0x00000000d5a00000, 0x00000000dda00000, 0x00000000dda00000)
  eden space 87424K,   0% used [0x00000000d5a00000, 0x00000000d5a00000, 0x00000000daf60000)
  from space 21824K,  30% used [0x00000000daf60000, 0x00000000db5dc0c8, 0x00000000dc4b0000)
  to   space 21824K,   0% used [0x00000000dc4b0000, 0x00000000dc4b0000, 0x00000000dda00000)
 concurrent mark-sweep generation total 393216K, used 52512K [0x00000000dda00000, 0x00000000f5a00000, 0x00000000f5a00000)
 concurrent-mark-sweep perm gen total 54228K, used 34639K [0x00000000f5a00000, 0x00000000f8ef5000, 0x0000000100000000)
}
2015-03-18T13:26:27.961-0400: 508090.137: Total time for which application threads were stopped: 0.0073660 seconds
{Heap before GC invocations=101 (full 1):
 par new generation   total 109248K, used 94064K [0x00000000d5a00000, 0x00000000dda00000, 0x00000000dda00000)
  eden space 87424K, 100% used [0x00000000d5a00000, 0x00000000daf60000, 0x00000000daf60000)
  from space 21824K,  30% used [0x00000000daf60000, 0x00000000db5dc0c8, 0x00000000dc4b0000)
  to   space 21824K,   0% used [0x00000000dc4b0000, 0x00000000dc4b0000, 0x00000000dda00000)
 concurrent mark-sweep generation total 393216K, used 52512K [0x00000000dda00000, 0x00000000f5a00000, 0x00000000f5a00000)
 concurrent-mark-sweep perm gen total 54228K, used 34661K [0x00000000f5a00000, 0x00000000f8ef5000, 0x0000000100000000)
2015-03-18T13:26:27.990-0400: 508090.165: [GC2015-03-18T13:26:27.990-0400: 508090.166: [ParNew
Desired survivor size 20112992 bytes, new threshold 8 (max 8)
- age   1:    2501968 bytes,    2501968 total
- age   2:    3612192 bytes,    6114160 total
- age   3:     166656 bytes,    6280816 total
- age   4:     422880 bytes,    6703696 total
- age   5:     781664 bytes,    7485360 total
- age   6:     296192 bytes,    7781552 total
- age   7:      82584 bytes,    7864136 total
- age   8:      92984 bytes,    7957120 total
: 94064K->9553K(109248K), 0.0072850 secs] 146576K->62162K(502464K), 0.0074020 secs] [Times: user=0.03 sys=0.00, real=0.01 secs] 
Heap after GC invocations=102 (full 1):
 par new generation   total 109248K, used 9553K [0x00000000d5a00000, 0x00000000dda00000, 0x00000000dda00000)
  eden space 87424K,   0% used [0x00000000d5a00000, 0x00000000d5a00000, 0x00000000daf60000)
  from space 21824K,  43% used [0x00000000dc4b0000, 0x00000000dce044c0, 0x00000000dda00000)
  to   space 21824K,   0% used [0x00000000daf60000, 0x00000000daf60000, 0x00000000dc4b0000)
 concurrent mark-sweep generation total 393216K, used 52609K [0x00000000dda00000, 0x00000000f5a00000, 0x00000000f5a00000)
 concurrent-mark-sweep perm gen total 54228K, used 34661K [0x00000000f5a00000, 0x00000000f8ef5000, 0x0000000100000000)
}
2015-03-18T13:26:27.997-0400: 508090.173: Total time for which application threads were stopped: 0.0079170 seconds
{Heap before GC invocations=102 (full 1):
 par new generation   total 109248K, used 96969K [0x00000000d5a00000, 0x00000000dda00000, 0x00000000dda00000)
  eden space 87424K,  99% used [0x00000000d5a00000, 0x00000000daf5dfd8, 0x00000000daf60000)
  from space 21824K,  43% used [0x00000000dc4b0000, 0x00000000dce044c0, 0x00000000dda00000)
  to   space 21824K,   0% used [0x00000000daf60000, 0x00000000daf60000, 0x00000000dc4b0000)
 concurrent mark-sweep generation total 393216K, used 52609K [0x00000000dda00000, 0x00000000f5a00000, 0x00000000f5a00000)
 concurrent-mark-sweep perm gen total 54228K, used 34676K [0x00000000f5a00000, 0x00000000f8ef5000, 0x0000000100000000)
2015-03-18T13:26:28.027-0400: 508090.202: [GC2015-03-18T13:26:28.027-0400: 508090.202: [ParNew
Desired survivor size 20112992 bytes, new threshold 8 (max 8)
- age   1:    5531680 bytes,    5531680 total
- age   2:    2038584 bytes,    7570264 total
- age   3:    3612072 bytes,   11182336 total
- age   4:     166616 bytes,   11348952 total
- age   5:     422800 bytes,   11771752 total
- age   6:     781664 bytes,   12553416 total
- age   7:     296192 bytes,   12849608 total
- age   8:      82584 bytes,   12932192 total
: 96969K->15799K(109248K), 0.0101340 secs] 149578K->68501K(502464K), 0.0102690 secs] [Times: user=0.05 sys=0.00, real=0.01 secs] 
Heap after GC invocations=103 (full 1):
 par new generation   total 109248K, used 15799K [0x00000000d5a00000, 0x00000000dda00000, 0x00000000dda00000)
  eden space 87424K,   0% used [0x00000000d5a00000, 0x00000000d5a00000, 0x00000000daf60000)
  from space 21824K,  72% used [0x00000000daf60000, 0x00000000dbecdf68, 0x00000000dc4b0000)
  to   space 21824K,   0% used [0x00000000dc4b0000, 0x00000000dc4b0000, 0x00000000dda00000)
 concurrent mark-sweep generation total 393216K, used 52701K [0x00000000dda00000, 0x00000000f5a00000, 0x00000000f5a00000)
 concurrent-mark-sweep perm gen total 54228K, used 34676K [0x00000000f5a00000, 0x00000000f8ef5000, 0x0000000100000000)
}
2015-03-18T13:26:28.037-0400: 508090.213: Total time for which application threads were stopped: 0.0107800 seconds
{Heap before GC invocations=103 (full 1):
 par new generation   total 109248K, used 103223K [0x00000000d5a00000, 0x00000000dda00000, 0x00000000dda00000)
  eden space 87424K, 100% used [0x00000000d5a00000, 0x00000000daf60000, 0x00000000daf60000)
  from space 21824K,  72% used [0x00000000daf60000, 0x00000000dbecdf68, 0x00000000dc4b0000)
  to   space 21824K,   0% used [0x00000000dc4b0000, 0x00000000dc4b0000, 0x00000000dda00000)
 concurrent mark-sweep generation total 393216K, used 52701K [0x00000000dda00000, 0x00000000f5a00000, 0x00000000f5a00000)
 concurrent-mark-sweep perm gen total 54228K, used 34676K [0x00000000f5a00000, 0x00000000f8ef5000, 0x0000000100000000)
2015-03-18T13:26:28.064-0400: 508090.240: [GC2015-03-18T13:26:28.064-0400: 508090.240: [ParNew
Desired survivor size 20112992 bytes, new threshold 8 (max 8)
- age   1:    1531896 bytes,    1531896 total
- age   2:    4457088 bytes,    5988984 total
- age   3:    2038440 bytes,    8027424 total
- age   4:    3612096 bytes,   11639520 total
- age   5:     166616 bytes,   11806136 total
- age   6:     422800 bytes,   12228936 total
- age   7:     781664 bytes,   13010600 total
- age   8:     296192 bytes,   13306792 total
: 103223K->19647K(109248K), 0.0097820 secs] 155925K->72432K(502464K), 0.0099210 secs] [Times: user=0.06 sys=0.00, real=0.01 secs] 
Heap after GC invocations=104 (full 1):
 par new generation   total 109248K, used 19647K [0x00000000d5a00000, 0x00000000dda00000, 0x00000000dda00000)
  eden space 87424K,   0% used [0x00000000d5a00000, 0x00000000d5a00000, 0x00000000daf60000)
  from space 21824K,  90% used [0x00000000dc4b0000, 0x00000000dd7dffd8, 0x00000000dda00000)
  to   space 21824K,   0% used [0x00000000daf60000, 0x00000000daf60000, 0x00000000dc4b0000)
 concurrent mark-sweep generation total 393216K, used 52784K [0x00000000dda00000, 0x00000000f5a00000, 0x00000000f5a00000)
 concurrent-mark-sweep perm gen total 54228K, used 34676K [0x00000000f5a00000, 0x00000000f8ef5000, 0x0000000100000000)
}
2015-03-18T13:26:28.074-0400: 508090.250: Total time for which application threads were stopped: 0.0103960 seconds
{Heap before GC invocations=104 (full 1):
 par new generation   total 109248K, used 107071K [0x00000000d5a00000, 0x00000000dda00000, 0x00000000dda00000)
  eden space 87424K, 100% used [0x00000000d5a00000, 0x00000000daf60000, 0x00000000daf60000)
  from space 21824K,  90% used [0x00000000dc4b0000, 0x00000000dd7dffd8, 0x00000000dda00000)
  to   space 21824K,   0% used [0x00000000daf60000, 0x00000000daf60000, 0x00000000dc4b0000)
 concurrent mark-sweep generation total 393216K, used 52784K [0x00000000dda00000, 0x00000000f5a00000, 0x00000000f5a00000)
 concurrent-mark-sweep perm gen total 54228K, used 34676K [0x00000000f5a00000, 0x00000000f8ef5000, 0x0000000100000000)
2015-03-18T13:26:28.100-0400: 508090.275: [GC2015-03-18T13:26:28.100-0400: 508090.276: [ParNew
Desired survivor size 20112992 bytes, new threshold 8 (max 8)
- age   1:    1223560 bytes,    1223560 total
- age   2:     157984 bytes,    1381544 total
- age   3:    4456056 bytes,    5837600 total
- age   4:    2038440 bytes,    7876040 total
- age   5:    3612072 bytes,   11488112 total
- age   6:     166616 bytes,   11654728 total
- age   7:     422800 bytes,   12077528 total
- age   8:     781664 bytes,   12859192 total
: 107071K->15138K(109248K), 0.0099570 secs] 159856K->68216K(502464K), 0.0100910 secs] [Times: user=0.06 sys=0.00, real=0.01 secs] 
Heap after GC invocations=105 (full 1):
 par new generation   total 109248K, used 15138K [0x00000000d5a00000, 0x00000000dda00000, 0x00000000dda00000)
  eden space 87424K,   0% used [0x00000000d5a00000, 0x00000000d5a00000, 0x00000000daf60000)
  from space 21824K,  69% used [0x00000000daf60000, 0x00000000dbe28ba0, 0x00000000dc4b0000)
  to   space 21824K,   0% used [0x00000000dc4b0000, 0x00000000dc4b0000, 0x00000000dda00000)
 concurrent mark-sweep generation total 393216K, used 53077K [0x00000000dda00000, 0x00000000f5a00000, 0x00000000f5a00000)
 concurrent-mark-sweep perm gen total 54228K, used 34676K [0x00000000f5a00000, 0x00000000f8ef5000, 0x0000000100000000)
}
2015-03-18T13:26:28.110-0400: 508090.286: Total time for which application threads were stopped: 0.0105860 seconds
{Heap before GC invocations=105 (full 1):
 par new generation   total 109248K, used 102562K [0x00000000d5a00000, 0x00000000dda00000, 0x00000000dda00000)
  eden space 87424K, 100% used [0x00000000d5a00000, 0x00000000daf60000, 0x00000000daf60000)
  from space 21824K,  69% used [0x00000000daf60000, 0x00000000dbe28ba0, 0x00000000dc4b0000)
  to   space 21824K,   0% used [0x00000000dc4b0000, 0x00000000dc4b0000, 0x00000000dda00000)
 concurrent mark-sweep generation total 393216K, used 53077K [0x00000000dda00000, 0x00000000f5a00000, 0x00000000f5a00000)
 concurrent-mark-sweep perm gen total 54228K, used 34678K [0x00000000f5a00000, 0x00000000f8ef5000, 0x0000000100000000)
2015-03-18T13:26:28.137-0400: 508090.313: [GC2015-03-18T13:26:28.137-0400: 508090.313: [ParNew
Desired survivor size 20112992 bytes, new threshold 8 (max 8)
- age   1:    1396128 bytes,    1396128 total
- age   2:      43112 bytes,    1439240 total
- age   3:     157928 bytes,    1597168 total
- age   4:    4455824 bytes,    6052992 total
- age   5:    2038440 bytes,    8091432 total
- age   6:    3612072 bytes,   11703504 total
- age   7:     166616 bytes,   11870120 total
- age   8:     422800 bytes,   12292920 total
: 102562K->16398K(109248K), 0.0101040 secs] 155640K->70242K(502464K), 0.0102220 secs] [Times: user=0.06 sys=0.00, real=0.01 secs] 
Heap after GC invocations=106 (full 1):
 par new generation   total 109248K, used 16398K [0x00000000d5a00000, 0x00000000dda00000, 0x00000000dda00000)
  eden space 87424K,   0% used [0x00000000d5a00000, 0x00000000d5a00000, 0x00000000daf60000)
  from space 21824K,  75% used [0x00000000dc4b0000, 0x00000000dd4b3980, 0x00000000dda00000)
  to   space 21824K,   0% used [0x00000000daf60000, 0x00000000daf60000, 0x00000000dc4b0000)
 concurrent mark-sweep generation total 393216K, used 53843K [0x00000000dda00000, 0x00000000f5a00000, 0x00000000f5a00000)
 concurrent-mark-sweep perm gen total 54228K, used 34678K [0x00000000f5a00000, 0x00000000f8ef5000, 0x0000000100000000)
}
2015-03-18T13:26:28.148-0400: 508090.323: Total time for which application threads were stopped: 0.0107020 seconds
{Heap before GC invocations=106 (full 1):
 par new generation   total 109248K, used 103822K [0x00000000d5a00000, 0x00000000dda00000, 0x00000000dda00000)
  eden space 87424K, 100% used [0x00000000d5a00000, 0x00000000daf60000, 0x00000000daf60000)
  from space 21824K,  75% used [0x00000000dc4b0000, 0x00000000dd4b3980, 0x00000000dda00000)
  to   space 21824K,   0% used [0x00000000daf60000, 0x00000000daf60000, 0x00000000dc4b0000)
 concurrent mark-sweep generation total 393216K, used 53843K [0x00000000dda00000, 0x00000000f5a00000, 0x00000000f5a00000)
 concurrent-mark-sweep perm gen total 54228K, used 34678K [0x00000000f5a00000, 0x00000000f8ef5000, 0x0000000100000000)
2015-03-18T13:26:28.174-0400: 508090.349: [GC2015-03-18T13:26:28.174-0400: 508090.349: [ParNew
Desired survivor size 20112992 bytes, new threshold 8 (max 8)
- age   1:    1349712 bytes,    1349712 total
- age   2:      53640 bytes,    1403352 total
- age   3:      43112 bytes,    1446464 total
- age   4:     157696 bytes,    1604160 total
- age   5:    4455824 bytes,    6059984 total
- age   6:    2038472 bytes,    8098456 total
- age   7:    3612072 bytes,   11710528 total
- age   8:     166616 bytes,   11877144 total
: 103822K->16278K(109248K), 0.0097830 secs] 157666K->70542K(502464K), 0.0099370 secs] [Times: user=0.06 sys=0.00, real=0.01 secs] 
Heap after GC invocations=107 (full 1):
 par new generation   total 109248K, used 16278K [0x00000000d5a00000, 0x00000000dda00000, 0x00000000dda00000)
  eden space 87424K,   0% used [0x00000000d5a00000, 0x00000000d5a00000, 0x00000000daf60000)
  from space 21824K,  74% used [0x00000000daf60000, 0x00000000dbf45998, 0x00000000dc4b0000)
  to   space 21824K,   0% used [0x00000000dc4b0000, 0x00000000dc4b0000, 0x00000000dda00000)
 concurrent mark-sweep generation total 393216K, used 54263K [0x00000000dda00000, 0x00000000f5a00000, 0x00000000f5a00000)
 concurrent-mark-sweep perm gen total 54228K, used 34678K [0x00000000f5a00000, 0x00000000f8ef5000, 0x0000000100000000)
}
2015-03-18T13:26:28.184-0400: 508090.359: Total time for which application threads were stopped: 0.0104630 seconds
{Heap before GC invocations=107 (full 1):
 par new generation   total 109248K, used 103690K [0x00000000d5a00000, 0x00000000dda00000, 0x00000000dda00000)
  eden space 87424K,  99% used [0x00000000d5a00000, 0x00000000daf5d238, 0x00000000daf60000)
  from space 21824K,  74% used [0x00000000daf60000, 0x00000000dbf45998, 0x00000000dc4b0000)
  to   space 21824K,   0% used [0x00000000dc4b0000, 0x00000000dc4b0000, 0x00000000dda00000)
 concurrent mark-sweep generation total 393216K, used 54263K [0x00000000dda00000, 0x00000000f5a00000, 0x00000000f5a00000)
 concurrent-mark-sweep perm gen total 54228K, used 34678K [0x00000000f5a00000, 0x00000000f8ef5000, 0x0000000100000000)
2015-03-18T13:26:28.209-0400: 508090.384: [GC2015-03-18T13:26:28.209-0400: 508090.384: [ParNew
Desired survivor size 20112992 bytes, new threshold 8 (max 8)
- age   1:    1880344 bytes,    1880344 total
- age   2:      64176 bytes,    1944520 total
- age   3:      53496 bytes,    1998016 total
- age   4:      42392 bytes,    2040408 total
- age   5:     157696 bytes,    2198104 total
- age   6:    4455824 bytes,    6653928 total
- age   7:    2038440 bytes,    8692368 total
- age   8:    3612104 bytes,   12304472 total
: 103690K->13855K(109248K), 0.0093520 secs] 157954K->68285K(502464K), 0.0094940 secs] [Times: user=0.05 sys=0.00, real=0.01 secs] 
Heap after GC invocations=108 (full 1):
 par new generation   total 109248K, used 13855K [0x00000000d5a00000, 0x00000000dda00000, 0x00000000dda00000)
  eden space 87424K,   0% used [0x00000000d5a00000, 0x00000000d5a00000, 0x00000000daf60000)
  from space 21824K,  63% used [0x00000000dc4b0000, 0x00000000dd237ff8, 0x00000000dda00000)
  to   space 21824K,   0% used [0x00000000daf60000, 0x00000000daf60000, 0x00000000dc4b0000)
 concurrent mark-sweep generation total 393216K, used 54429K [0x00000000dda00000, 0x00000000f5a00000, 0x00000000f5a00000)
 concurrent-mark-sweep perm gen total 54228K, used 34678K [0x00000000f5a00000, 0x00000000f8ef5000, 0x0000000100000000)
}
2015-03-18T13:26:28.218-0400: 508090.394: Total time for which application threads were stopped: 0.0100010 seconds
{Heap before GC invocations=108 (full 1):
 par new generation   total 109248K, used 101272K [0x00000000d5a00000, 0x00000000dda00000, 0x00000000dda00000)
  eden space 87424K,  99% used [0x00000000d5a00000, 0x00000000daf5e120, 0x00000000daf60000)
  from space 21824K,  63% used [0x00000000dc4b0000, 0x00000000dd237ff8, 0x00000000dda00000)
  to   space 21824K,   0% used [0x00000000daf60000, 0x00000000daf60000, 0x00000000dc4b0000)
 concurrent mark-sweep generation total 393216K, used 54429K [0x00000000dda00000, 0x00000000f5a00000, 0x00000000f5a00000)
 concurrent-mark-sweep perm gen total 54228K, used 34678K [0x00000000f5a00000, 0x00000000f8ef5000, 0x0000000100000000)
2015-03-18T13:26:28.244-0400: 508090.419: [GC2015-03-18T13:26:28.244-0400: 508090.420: [ParNew
Desired survivor size 20112992 bytes, new threshold 8 (max 8)
- age   1:    1695224 bytes,    1695224 total
- age   2:      60192 bytes,    1755416 total
- age   3:      63424 bytes,    1818840 total
- age   4:      53496 bytes,    1872336 total
- age   5:      42392 bytes,    1914728 total
- age   6:     157696 bytes,    2072424 total
- age   7:    4455824 bytes,    6528248 total
- age   8:    2038440 bytes,    8566688 total
: 101272K->13189K(109248K), 0.0118510 secs] 155702K->71158K(502464K), 0.0119940 secs] [Times: user=0.06 sys=0.00, real=0.01 secs] 
Heap after GC invocations=109 (full 1):
 par new generation   total 109248K, used 13189K [0x00000000d5a00000, 0x00000000dda00000, 0x00000000dda00000)
  eden space 87424K,   0% used [0x00000000d5a00000, 0x00000000d5a00000, 0x00000000daf60000)
  from space 21824K,  60% used [0x00000000daf60000, 0x00000000dbc41620, 0x00000000dc4b0000)
  to   space 21824K,   0% used [0x00000000dc4b0000, 0x00000000dc4b0000, 0x00000000dda00000)
 concurrent mark-sweep generation total 393216K, used 57969K [0x00000000dda00000, 0x00000000f5a00000, 0x00000000f5a00000)
 concurrent-mark-sweep perm gen total 54228K, used 34678K [0x00000000f5a00000, 0x00000000f8ef5000, 0x0000000100000000)
}
2015-03-18T13:26:28.256-0400: 508090.432: Total time for which application threads were stopped: 0.0126090 seconds
{Heap before GC invocations=109 (full 1):
 par new generation   total 109248K, used 100598K [0x00000000d5a00000, 0x00000000dda00000, 0x00000000dda00000)
  eden space 87424K,  99% used [0x00000000d5a00000, 0x00000000daf5c4a0, 0x00000000daf60000)
  from space 21824K,  60% used [0x00000000daf60000, 0x00000000dbc41620, 0x00000000dc4b0000)
  to   space 21824K,   0% used [0x00000000dc4b0000, 0x00000000dc4b0000, 0x00000000dda00000)
 concurrent mark-sweep generation total 393216K, used 57969K [0x00000000dda00000, 0x00000000f5a00000, 0x00000000f5a00000)
 concurrent-mark-sweep perm gen total 54228K, used 34678K [0x00000000f5a00000, 0x00000000f8ef5000, 0x0000000100000000)
2015-03-18T13:26:28.282-0400: 508090.458: [GC2015-03-18T13:26:28.282-0400: 508090.458: [ParNew
Desired survivor size 20112992 bytes, new threshold 8 (max 8)
- age   1:    1978968 bytes,    1978968 total
- age   2:      84648 bytes,    2063616 total
- age   3:      60040 bytes,    2123656 total
- age   4:      63120 bytes,    2186776 total
- age   5:      53496 bytes,    2240272 total
- age   6:      42392 bytes,    2282664 total
- age   7:     157696 bytes,    2440360 total
- age   8:    4455824 bytes,    6896184 total
: 100598K->8276K(109248K), 0.0102480 secs] 158568K->68239K(502464K), 0.0103730 secs] [Times: user=0.05 sys=0.00, real=0.01 secs] 
Heap after GC invocations=110 (full 1):
 par new generation   total 109248K, used 8276K [0x00000000d5a00000, 0x00000000dda00000, 0x00000000dda00000)
  eden space 87424K,   0% used [0x00000000d5a00000, 0x00000000d5a00000, 0x00000000daf60000)
  from space 21824K,  37% used [0x00000000dc4b0000, 0x00000000dccc51a0, 0x00000000dda00000)
  to   space 21824K,   0% used [0x00000000daf60000, 0x00000000daf60000, 0x00000000dc4b0000)
 concurrent mark-sweep generation total 393216K, used 59963K [0x00000000dda00000, 0x00000000f5a00000, 0x00000000f5a00000)
 concurrent-mark-sweep perm gen total 54228K, used 34678K [0x00000000f5a00000, 0x00000000f8ef5000, 0x0000000100000000)
}
2015-03-18T13:26:28.293-0400: 508090.468: Total time for which application threads were stopped: 0.0109040 seconds
{Heap before GC invocations=110 (full 1):
 par new generation   total 109248K, used 95700K [0x00000000d5a00000, 0x00000000dda00000, 0x00000000dda00000)
  eden space 87424K, 100% used [0x00000000d5a00000, 0x00000000daf60000, 0x00000000daf60000)
  from space 21824K,  37% used [0x00000000dc4b0000, 0x00000000dccc51a0, 0x00000000dda00000)
  to   space 21824K,   0% used [0x00000000daf60000, 0x00000000daf60000, 0x00000000dc4b0000)
 concurrent mark-sweep generation total 393216K, used 59963K [0x00000000dda00000, 0x00000000f5a00000, 0x00000000f5a00000)
 concurrent-mark-sweep perm gen total 54228K, used 34678K [0x00000000f5a00000, 0x00000000f8ef5000, 0x0000000100000000)
2015-03-18T13:26:28.318-0400: 508090.494: [GC2015-03-18T13:26:28.318-0400: 508090.494: [ParNew
Desired survivor size 20112992 bytes, new threshold 8 (max 8)
- age   1:    2053592 bytes,    2053592 total
- age   2:      94784 bytes,    2148376 total
- age   3:      84648 bytes,    2233024 total
- age   4:      60040 bytes,    2293064 total
- age   5:      63120 bytes,    2356184 total
- age   6:      53280 bytes,    2409464 total
- age   7:      42176 bytes,    2451640 total
- age   8:     157424 bytes,    2609064 total
: 95700K->6233K(109248K), 0.0113510 secs] 155663K->70550K(502464K), 0.0114880 secs] [Times: user=0.05 sys=0.00, real=0.01 secs] 
Heap after GC invocations=111 (full 1):
 par new generation   total 109248K, used 6233K [0x00000000d5a00000, 0x00000000dda00000, 0x00000000dda00000)
  eden space 87424K,   0% used [0x00000000d5a00000, 0x00000000d5a00000, 0x00000000daf60000)
  from space 21824K,  28% used [0x00000000daf60000, 0x00000000db576520, 0x00000000dc4b0000)
  to   space 21824K,   0% used [0x00000000dc4b0000, 0x00000000dc4b0000, 0x00000000dda00000)
 concurrent mark-sweep generation total 393216K, used 64317K [0x00000000dda00000, 0x00000000f5a00000, 0x00000000f5a00000)
 concurrent-mark-sweep perm gen total 54228K, used 34678K [0x00000000f5a00000, 0x00000000f8ef5000, 0x0000000100000000)
}
2015-03-18T13:26:28.330-0400: 508090.506: Total time for which application threads were stopped: 0.0120420 seconds
{Heap before GC invocations=111 (full 1):
 par new generation   total 109248K, used 93657K [0x00000000d5a00000, 0x00000000dda00000, 0x00000000dda00000)
  eden space 87424K, 100% used [0x00000000d5a00000, 0x00000000daf60000, 0x00000000daf60000)
  from space 21824K,  28% used [0x00000000daf60000, 0x00000000db576520, 0x00000000dc4b0000)
  to   space 21824K,   0% used [0x00000000dc4b0000, 0x00000000dc4b0000, 0x00000000dda00000)
 concurrent mark-sweep generation total 393216K, used 64317K [0x00000000dda00000, 0x00000000f5a00000, 0x00000000f5a00000)
 concurrent-mark-sweep perm gen total 54228K, used 34678K [0x00000000f5a00000, 0x00000000f8ef5000, 0x0000000100000000)
2015-03-18T13:26:28.355-0400: 508090.531: [GC2015-03-18T13:26:28.355-0400: 508090.531: [ParNew
Desired survivor size 20112992 bytes, new threshold 8 (max 8)
- age   1:    1385328 bytes,    1385328 total
- age   2:     127656 bytes,    1512984 total
- age   3:      94784 bytes,    1607768 total
- age   4:      84648 bytes,    1692416 total
- age   5:      60040 bytes,    1752456 total
- age   6:      62904 bytes,    1815360 total
- age   7:      53280 bytes,    1868640 total
- age   8:      41904 bytes,    1910544 total
: 93657K->2910K(109248K), 0.0040430 secs] 157974K->67383K(502464K), 0.0041530 secs] [Times: user=0.02 sys=0.00, real=0.01 secs] 
Heap after GC invocations=112 (full 1):
 par new generation   total 109248K, used 2910K [0x00000000d5a00000, 0x00000000dda00000, 0x00000000dda00000)
  eden space 87424K,   0% used [0x00000000d5a00000, 0x00000000d5a00000, 0x00000000daf60000)
  from space 21824K,  13% used [0x00000000dc4b0000, 0x00000000dc787b00, 0x00000000dda00000)
  to   space 21824K,   0% used [0x00000000daf60000, 0x00000000daf60000, 0x00000000dc4b0000)
 concurrent mark-sweep generation total 393216K, used 64473K [0x00000000dda00000, 0x00000000f5a00000, 0x00000000f5a00000)
 concurrent-mark-sweep perm gen total 54228K, used 34678K [0x00000000f5a00000, 0x00000000f8ef5000, 0x0000000100000000)
}
2015-03-18T13:26:28.359-0400: 508090.535: Total time for which application threads were stopped: 0.0046790 seconds
{Heap before GC invocations=112 (full 1):
 par new generation   total 109248K, used 90329K [0x00000000d5a00000, 0x00000000dda00000, 0x00000000dda00000)
  eden space 87424K,  99% used [0x00000000d5a00000, 0x00000000daf5e940, 0x00000000daf60000)
  from space 21824K,  13% used [0x00000000dc4b0000, 0x00000000dc787b00, 0x00000000dda00000)
  to   space 21824K,   0% used [0x00000000daf60000, 0x00000000daf60000, 0x00000000dc4b0000)
 concurrent mark-sweep generation total 393216K, used 64473K [0x00000000dda00000, 0x00000000f5a00000, 0x00000000f5a00000)
 concurrent-mark-sweep perm gen total 54228K, used 34678K [0x00000000f5a00000, 0x00000000f8ef5000, 0x0000000100000000)
2015-03-18T13:26:28.384-0400: 508090.559: [GC2015-03-18T13:26:28.384-0400: 508090.559: [ParNew
Desired survivor size 20112992 bytes, new threshold 8 (max 8)
- age   1:    3131688 bytes,    3131688 total
- age   2:      90968 bytes,    3222656 total
- age   3:     127656 bytes,    3350312 total
- age   4:      94784 bytes,    3445096 total
- age   5:      84648 bytes,    3529744 total
- age   6:      60040 bytes,    3589784 total
- age   7:      62904 bytes,    3652688 total
- age   8:      53280 bytes,    3705968 total
: 90329K->4314K(109248K), 0.0046360 secs] 154802K->68829K(502464K), 0.0047650 secs] [Times: user=0.03 sys=0.00, real=0.01 secs] 
Heap after GC invocations=113 (full 1):
 par new generation   total 109248K, used 4314K [0x00000000d5a00000, 0x00000000dda00000, 0x00000000dda00000)
  eden space 87424K,   0% used [0x00000000d5a00000, 0x00000000d5a00000, 0x00000000daf60000)
  from space 21824K,  19% used [0x00000000daf60000, 0x00000000db396830, 0x00000000dc4b0000)
  to   space 21824K,   0% used [0x00000000dc4b0000, 0x00000000dc4b0000, 0x00000000dda00000)
 concurrent mark-sweep generation total 393216K, used 64515K [0x00000000dda00000, 0x00000000f5a00000, 0x00000000f5a00000)
 concurrent-mark-sweep perm gen total 54228K, used 34678K [0x00000000f5a00000, 0x00000000f8ef5000, 0x0000000100000000)
}
2015-03-18T13:26:28.388-0400: 508090.564: Total time for which application threads were stopped: 0.0053270 seconds
{Heap before GC invocations=113 (full 1):
 par new generation   total 109248K, used 91738K [0x00000000d5a00000, 0x00000000dda00000, 0x00000000dda00000)
  eden space 87424K, 100% used [0x00000000d5a00000, 0x00000000daf60000, 0x00000000daf60000)
  from space 21824K,  19% used [0x00000000daf60000, 0x00000000db396830, 0x00000000dc4b0000)
  to   space 21824K,   0% used [0x00000000dc4b0000, 0x00000000dc4b0000, 0x00000000dda00000)
 concurrent mark-sweep generation total 393216K, used 64515K [0x00000000dda00000, 0x00000000f5a00000, 0x00000000f5a00000)
 concurrent-mark-sweep perm gen total 54228K, used 34678K [0x00000000f5a00000, 0x00000000f8ef5000, 0x0000000100000000)
2015-03-18T13:26:28.412-0400: 508090.588: [GC2015-03-18T13:26:28.412-0400: 508090.588: [ParNew
Desired survivor size 20112992 bytes, new threshold 8 (max 8)
- age   1:    1729336 bytes,    1729336 total
- age   2:      84352 bytes,    1813688 total
- age   3:      90968 bytes,    1904656 total
- age   4:     127656 bytes,    2032312 total
- age   5:      94784 bytes,    2127096 total
- age   6:      84648 bytes,    2211744 total
- age   7:      60040 bytes,    2271784 total
- age   8:      62904 bytes,    2334688 total
: 91738K->3660K(109248K), 0.0045030 secs] 156253K->68230K(502464K), 0.0046330 secs] [Times: user=0.02 sys=0.00, real=0.00 secs] 
Heap after GC invocations=114 (full 1):
 par new generation   total 109248K, used 3660K [0x00000000d5a00000, 0x00000000dda00000, 0x00000000dda00000)
  eden space 87424K,   0% used [0x00000000d5a00000, 0x00000000d5a00000, 0x00000000daf60000)
  from space 21824K,  16% used [0x00000000dc4b0000, 0x00000000dc843140, 0x00000000dda00000)
  to   space 21824K,   0% used [0x00000000daf60000, 0x00000000daf60000, 0x00000000dc4b0000)
 concurrent mark-sweep generation total 393216K, used 64569K [0x00000000dda00000, 0x00000000f5a00000, 0x00000000f5a00000)
 concurrent-mark-sweep perm gen total 54228K, used 34678K [0x00000000f5a00000, 0x00000000f8ef5000, 0x0000000100000000)
}
2015-03-18T13:26:28.417-0400: 508090.593: Total time for which application threads were stopped: 0.0052220 seconds
{Heap before GC invocations=114 (full 1):
 par new generation   total 109248K, used 91084K [0x00000000d5a00000, 0x00000000dda00000, 0x00000000dda00000)
  eden space 87424K, 100% used [0x00000000d5a00000, 0x00000000daf60000, 0x00000000daf60000)
  from space 21824K,  16% used [0x00000000dc4b0000, 0x00000000dc843140, 0x00000000dda00000)
  to   space 21824K,   0% used [0x00000000daf60000, 0x00000000daf60000, 0x00000000dc4b0000)
 concurrent mark-sweep generation total 393216K, used 64569K [0x00000000dda00000, 0x00000000f5a00000, 0x00000000f5a00000)
 concurrent-mark-sweep perm gen total 54228K, used 34678K [0x00000000f5a00000, 0x00000000f8ef5000, 0x0000000100000000)
2015-03-18T13:26:28.441-0400: 508090.617: [GC2015-03-18T13:26:28.441-0400: 508090.617: [ParNew
Desired survivor size 20112992 bytes, new threshold 8 (max 8)
- age   1:    1938344 bytes,    1938344 total
- age   2:      90096 bytes,    2028440 total
- age   3:      84352 bytes,    2112792 total
- age   4:      90968 bytes,    2203760 total
- age   5:     127656 bytes,    2331416 total
- age   6:      94208 bytes,    2425624 total
- age   7:      83512 bytes,    2509136 total
- age   8:      58408 bytes,    2567544 total
: 91084K->3255K(109248K), 0.0044290 secs] 155654K->67888K(502464K), 0.0045610 secs] [Times: user=0.02 sys=0.00, real=0.00 secs] 
Heap after GC invocations=115 (full 1):
 par new generation   total 109248K, used 3255K [0x00000000d5a00000, 0x00000000dda00000, 0x00000000dda00000)
  eden space 87424K,   0% used [0x00000000d5a00000, 0x00000000d5a00000, 0x00000000daf60000)
  from space 21824K,  14% used [0x00000000daf60000, 0x00000000db28dca0, 0x00000000dc4b0000)
  to   space 21824K,   0% used [0x00000000dc4b0000, 0x00000000dc4b0000, 0x00000000dda00000)
 concurrent mark-sweep generation total 393216K, used 64633K [0x00000000dda00000, 0x00000000f5a00000, 0x00000000f5a00000)
 concurrent-mark-sweep perm gen total 54228K, used 34678K [0x00000000f5a00000, 0x00000000f8ef5000, 0x0000000100000000)
}
2015-03-18T13:26:28.446-0400: 508090.621: Total time for which application threads were stopped: 0.0050470 seconds
{Heap before GC invocations=115 (full 1):
 par new generation   total 109248K, used 90679K [0x00000000d5a00000, 0x00000000dda00000, 0x00000000dda00000)
  eden space 87424K, 100% used [0x00000000d5a00000, 0x00000000daf60000, 0x00000000daf60000)
  from space 21824K,  14% used [0x00000000daf60000, 0x00000000db28dca0, 0x00000000dc4b0000)
  to   space 21824K,   0% used [0x00000000dc4b0000, 0x00000000dc4b0000, 0x00000000dda00000)
 concurrent mark-sweep generation total 393216K, used 64633K [0x00000000dda00000, 0x00000000f5a00000, 0x00000000f5a00000)
 concurrent-mark-sweep perm gen total 54228K, used 34678K [0x00000000f5a00000, 0x00000000f8ef5000, 0x0000000100000000)
2015-03-18T13:26:28.469-0400: 508090.645: [GC2015-03-18T13:26:28.469-0400: 508090.645: [ParNew
Desired survivor size 20112992 bytes, new threshold 8 (max 8)
- age   1:    2441032 bytes,    2441032 total
- age   2:      83128 bytes,    2524160 total
- age   3:      90096 bytes,    2614256 total
- age   4:      84352 bytes,    2698608 total
- age   5:      90968 bytes,    2789576 total
- age   6:     127656 bytes,    2917232 total
- age   7:      94136 bytes,    3011368 total
- age   8:      83512 bytes,    3094880 total
: 90679K->3860K(109248K), 0.0048230 secs] 155312K->68552K(502464K), 0.0049490 secs] [Times: user=0.03 sys=0.00, real=0.00 secs] 
Heap after GC invocations=116 (full 1):
 par new generation   total 109248K, used 3860K [0x00000000d5a00000, 0x00000000dda00000, 0x00000000dda00000)
  eden space 87424K,   0% used [0x00000000d5a00000, 0x00000000d5a00000, 0x00000000daf60000)
  from space 21824K,  17% used [0x00000000dc4b0000, 0x00000000dc875200, 0x00000000dda00000)
  to   space 21824K,   0% used [0x00000000daf60000, 0x00000000daf60000, 0x00000000dc4b0000)
 concurrent mark-sweep generation total 393216K, used 64691K [0x00000000dda00000, 0x00000000f5a00000, 0x00000000f5a00000)
 concurrent-mark-sweep perm gen total 54228K, used 34678K [0x00000000f5a00000, 0x00000000f8ef5000, 0x0000000100000000)
}
2015-03-18T13:26:28.474-0400: 508090.650: Total time for which application threads were stopped: 0.0054870 seconds
{Heap before GC invocations=116 (full 1):
 par new generation   total 109248K, used 91284K [0x00000000d5a00000, 0x00000000dda00000, 0x00000000dda00000)
  eden space 87424K, 100% used [0x00000000d5a00000, 0x00000000daf60000, 0x00000000daf60000)
  from space 21824K,  17% used [0x00000000dc4b0000, 0x00000000dc875200, 0x00000000dda00000)
  to   space 21824K,   0% used [0x00000000daf60000, 0x00000000daf60000, 0x00000000dc4b0000)
 concurrent mark-sweep generation total 393216K, used 64691K [0x00000000dda00000, 0x00000000f5a00000, 0x00000000f5a00000)
 concurrent-mark-sweep perm gen total 54228K, used 34679K [0x00000000f5a00000, 0x00000000f8ef5000, 0x0000000100000000)
2015-03-18T13:26:28.497-0400: 508090.673: [GC2015-03-18T13:26:28.497-0400: 508090.673: [ParNew
Desired survivor size 20112992 bytes, new threshold 8 (max 8)
- age   1:    3094552 bytes,    3094552 total
- age   2:      71776 bytes,    3166328 total
- age   3:      83056 bytes,    3249384 total
- age   4:      90096 bytes,    3339480 total
- age   5:      84352 bytes,    3423832 total
- age   6:      90968 bytes,    3514800 total
- age   7:     127656 bytes,    3642456 total
- age   8:      94136 bytes,    3736592 total
: 91284K->5636K(109248K), 0.0053180 secs] 155976K->70411K(502464K), 0.0054640 secs] [Times: user=0.03 sys=0.00, real=0.00 secs] 
Heap after GC invocations=117 (full 1):
 par new generation   total 109248K, used 5636K [0x00000000d5a00000, 0x00000000dda00000, 0x00000000dda00000)
  eden space 87424K,   0% used [0x00000000d5a00000, 0x00000000d5a00000, 0x00000000daf60000)
  from space 21824K,  25% used [0x00000000daf60000, 0x00000000db4e11c0, 0x00000000dc4b0000)
  to   space 21824K,   0% used [0x00000000dc4b0000, 0x00000000dc4b0000, 0x00000000dda00000)
 concurrent mark-sweep generation total 393216K, used 64775K [0x00000000dda00000, 0x00000000f5a00000, 0x00000000f5a00000)
 concurrent-mark-sweep perm gen total 54228K, used 34679K [0x00000000f5a00000, 0x00000000f8ef5000, 0x0000000100000000)
}
2015-03-18T13:26:28.503-0400: 508090.678: Total time for which application threads were stopped: 0.0060660 seconds
{Heap before GC invocations=117 (full 1):
 par new generation   total 109248K, used 93060K [0x00000000d5a00000, 0x00000000dda00000, 0x00000000dda00000)
  eden space 87424K, 100% used [0x00000000d5a00000, 0x00000000daf60000, 0x00000000daf60000)
  from space 21824K,  25% used [0x00000000daf60000, 0x00000000db4e11c0, 0x00000000dc4b0000)
  to   space 21824K,   0% used [0x00000000dc4b0000, 0x00000000dc4b0000, 0x00000000dda00000)
 concurrent mark-sweep generation total 393216K, used 64775K [0x00000000dda00000, 0x00000000f5a00000, 0x00000000f5a00000)
 concurrent-mark-sweep perm gen total 54228K, used 34684K [0x00000000f5a00000, 0x00000000f8ef5000, 0x0000000100000000)
2015-03-18T13:26:28.527-0400: 508090.703: [GC2015-03-18T13:26:28.527-0400: 508090.703: [ParNew
Desired survivor size 20112992 bytes, new threshold 8 (max 8)
- age   1:    1691176 bytes,    1691176 total
- age   2:     280288 bytes,    1971464 total
- age   3:      71776 bytes,    2043240 total
- age   4:      83056 bytes,    2126296 total
- age   5:      90096 bytes,    2216392 total
- age   6:      84352 bytes,    2300744 total
- age   7:      90968 bytes,    2391712 total
- age   8:     127656 bytes,    2519368 total
: 93060K->3233K(109248K), 0.0048300 secs] 157835K->68102K(502464K), 0.0049280 secs] [Times: user=0.03 sys=0.00, real=0.01 secs] 
Heap after GC invocations=118 (full 1):
 par new generation   total 109248K, used 3233K [0x00000000d5a00000, 0x00000000dda00000, 0x00000000dda00000)
  eden space 87424K,   0% used [0x00000000d5a00000, 0x00000000d5a00000, 0x00000000daf60000)
  from space 21824K,  14% used [0x00000000dc4b0000, 0x00000000dc7d8680, 0x00000000dda00000)
  to   space 21824K,   0% used [0x00000000daf60000, 0x00000000daf60000, 0x00000000dc4b0000)
 concurrent mark-sweep generation total 393216K, used 64869K [0x00000000dda00000, 0x00000000f5a00000, 0x00000000f5a00000)
 concurrent-mark-sweep perm gen total 54228K, used 34684K [0x00000000f5a00000, 0x00000000f8ef5000, 0x0000000100000000)
}
2015-03-18T13:26:28.532-0400: 508090.708: Total time for which application threads were stopped: 0.0054270 seconds
{Heap before GC invocations=118 (full 1):
 par new generation   total 109248K, used 90657K [0x00000000d5a00000, 0x00000000dda00000, 0x00000000dda00000)
  eden space 87424K, 100% used [0x00000000d5a00000, 0x00000000daf60000, 0x00000000daf60000)
  from space 21824K,  14% used [0x00000000dc4b0000, 0x00000000dc7d8680, 0x00000000dda00000)
  to   space 21824K,   0% used [0x00000000daf60000, 0x00000000daf60000, 0x00000000dc4b0000)
 concurrent mark-sweep generation total 393216K, used 64869K [0x00000000dda00000, 0x00000000f5a00000, 0x00000000f5a00000)
 concurrent-mark-sweep perm gen total 54228K, used 34685K [0x00000000f5a00000, 0x00000000f8ef5000, 0x0000000100000000)
2015-03-18T13:26:28.557-0400: 508090.732: [GC2015-03-18T13:26:28.557-0400: 508090.732: [ParNew
Desired survivor size 20112992 bytes, new threshold 8 (max 8)
- age   1:    1409400 bytes,    1409400 total
- age   2:     627376 bytes,    2036776 total
- age   3:     280248 bytes,    2317024 total
- age   4:      71776 bytes,    2388800 total
- age   5:      83056 bytes,    2471856 total
- age   6:      90096 bytes,    2561952 total
- age   7:      84352 bytes,    2646304 total
- age   8:      90968 bytes,    2737272 total
: 90657K->3648K(109248K), 0.0051660 secs] 155526K->68644K(502464K), 0.0052900 secs] [Times: user=0.02 sys=0.00, real=0.01 secs] 
Heap after GC invocations=119 (full 1):
 par new generation   total 109248K, used 3648K [0x00000000d5a00000, 0x00000000dda00000, 0x00000000dda00000)
  eden space 87424K,   0% used [0x00000000d5a00000, 0x00000000d5a00000, 0x00000000daf60000)
  from space 21824K,  16% used [0x00000000daf60000, 0x00000000db2f0348, 0x00000000dc4b0000)
  to   space 21824K,   0% used [0x00000000dc4b0000, 0x00000000dc4b0000, 0x00000000dda00000)
 concurrent mark-sweep generation total 393216K, used 64995K [0x00000000dda00000, 0x00000000f5a00000, 0x00000000f5a00000)
 concurrent-mark-sweep perm gen total 54228K, used 34685K [0x00000000f5a00000, 0x00000000f8ef5000, 0x0000000100000000)
}
2015-03-18T13:26:28.562-0400: 508090.738: Total time for which application threads were stopped: 0.0058310 seconds
2015-03-18T13:26:28.697-0400: 508090.872: Total time for which application threads were stopped: 0.0004510 seconds
{Heap before GC invocations=119 (full 1):
 par new generation   total 109248K, used 91069K [0x00000000d5a00000, 0x00000000dda00000, 0x00000000dda00000)
  eden space 87424K,  99% used [0x00000000d5a00000, 0x00000000daf5f2a8, 0x00000000daf60000)
  from space 21824K,  16% used [0x00000000daf60000, 0x00000000db2f0348, 0x00000000dc4b0000)
  to   space 21824K,   0% used [0x00000000dc4b0000, 0x00000000dc4b0000, 0x00000000dda00000)
 concurrent mark-sweep generation total 393216K, used 64995K [0x00000000dda00000, 0x00000000f5a00000, 0x00000000f5a00000)
 concurrent-mark-sweep perm gen total 54228K, used 34700K [0x00000000f5a00000, 0x00000000f8ef5000, 0x0000000100000000)
2015-03-18T13:26:28.715-0400: 508090.891: [GC2015-03-18T13:26:28.715-0400: 508090.891: [ParNew
Desired survivor size 20112992 bytes, new threshold 8 (max 8)
- age   1:    3240456 bytes,    3240456 total
- age   2:     695368 bytes,    3935824 total
- age   3:     627296 bytes,    4563120 total
- age   4:     280248 bytes,    4843368 total
- age   5:      71776 bytes,    4915144 total
- age   6:      83056 bytes,    4998200 total
- age   7:      90096 bytes,    5088296 total
- age   8:      84352 bytes,    5172648 total
: 91069K->5670K(109248K), 0.0072630 secs] 156065K->70756K(502464K), 0.0073750 secs] [Times: user=0.03 sys=0.00, real=0.01 secs] 
Heap after GC invocations=120 (full 1):
 par new generation   total 109248K, used 5670K [0x00000000d5a00000, 0x00000000dda00000, 0x00000000dda00000)
  eden space 87424K,   0% used [0x00000000d5a00000, 0x00000000d5a00000, 0x00000000daf60000)
  from space 21824K,  25% used [0x00000000dc4b0000, 0x00000000dca39820, 0x00000000dda00000)
  to   space 21824K,   0% used [0x00000000daf60000, 0x00000000daf60000, 0x00000000dc4b0000)
 concurrent mark-sweep generation total 393216K, used 65086K [0x00000000dda00000, 0x00000000f5a00000, 0x00000000f5a00000)
 concurrent-mark-sweep perm gen total 54228K, used 34700K [0x00000000f5a00000, 0x00000000f8ef5000, 0x0000000100000000)
}
2015-03-18T13:26:28.723-0400: 508090.898: Total time for which application threads were stopped: 0.0078770 seconds
2015-03-18T13:26:28.748-0400: 508090.923: Total time for which application threads were stopped: 0.0005600 seconds
2015-03-18T13:26:28.756-0400: 508090.932: Total time for which application threads were stopped: 0.0004920 seconds
2015-03-18T13:26:28.757-0400: 508090.933: Total time for which application threads were stopped: 0.0002990 seconds
2015-03-18T13:26:28.757-0400: 508090.933: Total time for which application threads were stopped: 0.0002400 seconds
{Heap before GC invocations=120 (full 1):
 par new generation   total 109248K, used 93084K [0x00000000d5a00000, 0x00000000dda00000, 0x00000000dda00000)
  eden space 87424K,  99% used [0x00000000d5a00000, 0x00000000daf5d858, 0x00000000daf60000)
  from space 21824K,  25% used [0x00000000dc4b0000, 0x00000000dca39820, 0x00000000dda00000)
  to   space 21824K,   0% used [0x00000000daf60000, 0x00000000daf60000, 0x00000000dc4b0000)
 concurrent mark-sweep generation total 393216K, used 65086K [0x00000000dda00000, 0x00000000f5a00000, 0x00000000f5a00000)
 concurrent-mark-sweep perm gen total 54228K, used 34708K [0x00000000f5a00000, 0x00000000f8ef5000, 0x0000000100000000)
2015-03-18T13:26:28.761-0400: 508090.937: [GC2015-03-18T13:26:28.761-0400: 508090.937: [ParNew
Desired survivor size 20112992 bytes, new threshold 8 (max 8)
- age   1:    2258056 bytes,    2258056 total
- age   2:    2875248 bytes,    5133304 total
- age   3:     695368 bytes,    5828672 total
- age   4:     627296 bytes,    6455968 total
- age   5:     280248 bytes,    6736216 total
- age   6:      71776 bytes,    6807992 total
- age   7:      83056 bytes,    6891048 total
- age   8:      90096 bytes,    6981144 total
: 93084K->8244K(109248K), 0.0083730 secs] 158170K->73414K(502464K), 0.0085100 secs] [Times: user=0.05 sys=0.00, real=0.01 secs] 
Heap after GC invocations=121 (full 1):
 par new generation   total 109248K, used 8244K [0x00000000d5a00000, 0x00000000dda00000, 0x00000000dda00000)
  eden space 87424K,   0% used [0x00000000d5a00000, 0x00000000d5a00000, 0x00000000daf60000)
  from space 21824K,  37% used [0x00000000daf60000, 0x00000000db76d0c0, 0x00000000dc4b0000)
  to   space 21824K,   0% used [0x00000000dc4b0000, 0x00000000dc4b0000, 0x00000000dda00000)
 concurrent mark-sweep generation total 393216K, used 65170K [0x00000000dda00000, 0x00000000f5a00000, 0x00000000f5a00000)
 concurrent-mark-sweep perm gen total 54228K, used 34708K [0x00000000f5a00000, 0x00000000f8ef5000, 0x0000000100000000)
}
2015-03-18T13:26:28.770-0400: 508090.945: Total time for which application threads were stopped: 0.0089850 seconds
{Heap before GC invocations=121 (full 1):
 par new generation   total 109248K, used 95668K [0x00000000d5a00000, 0x00000000dda00000, 0x00000000dda00000)
  eden space 87424K, 100% used [0x00000000d5a00000, 0x00000000daf60000, 0x00000000daf60000)
  from space 21824K,  37% used [0x00000000daf60000, 0x00000000db76d0c0, 0x00000000dc4b0000)
  to   space 21824K,   0% used [0x00000000dc4b0000, 0x00000000dc4b0000, 0x00000000dda00000)
 concurrent mark-sweep generation total 393216K, used 65170K [0x00000000dda00000, 0x00000000f5a00000, 0x00000000f5a00000)
 concurrent-mark-sweep perm gen total 54228K, used 34712K [0x00000000f5a00000, 0x00000000f8ef5000, 0x0000000100000000)
2015-03-18T13:26:28.797-0400: 508090.973: [GC2015-03-18T13:26:28.797-0400: 508090.973: [ParNew
Desired survivor size 20112992 bytes, new threshold 8 (max 8)
- age   1:    2047816 bytes,    2047816 total
- age   2:    1743296 bytes,    3791112 total
- age   3:    2867656 bytes,    6658768 total
- age   4:     695328 bytes,    7354096 total
- age   5:     627296 bytes,    7981392 total
- age   6:     280248 bytes,    8261640 total
- age   7:      71776 bytes,    8333416 total
- age   8:      83056 bytes,    8416472 total
: 95668K->10751K(109248K), 0.0090900 secs] 160838K->76011K(502464K), 0.0092210 secs] [Times: user=0.06 sys=0.00, real=0.01 secs] 
Heap after GC invocations=122 (full 1):
 par new generation   total 109248K, used 10751K [0x00000000d5a00000, 0x00000000dda00000, 0x00000000dda00000)
  eden space 87424K,   0% used [0x00000000d5a00000, 0x00000000d5a00000, 0x00000000daf60000)
  from space 21824K,  49% used [0x00000000dc4b0000, 0x00000000dcf2fdd0, 0x00000000dda00000)
  to   space 21824K,   0% used [0x00000000daf60000, 0x00000000daf60000, 0x00000000dc4b0000)
 concurrent mark-sweep generation total 393216K, used 65260K [0x00000000dda00000, 0x00000000f5a00000, 0x00000000f5a00000)
 concurrent-mark-sweep perm gen total 54228K, used 34712K [0x00000000f5a00000, 0x00000000f8ef5000, 0x0000000100000000)
}
2015-03-18T13:26:28.806-0400: 508090.982: Total time for which application threads were stopped: 0.0098380 seconds
{Heap before GC invocations=122 (full 1):
 par new generation   total 109248K, used 98094K [0x00000000d5a00000, 0x00000000dda00000, 0x00000000dda00000)
  eden space 87424K,  99% used [0x00000000d5a00000, 0x00000000daf4bc58, 0x00000000daf60000)
  from space 21824K,  49% used [0x00000000dc4b0000, 0x00000000dcf2fdd0, 0x00000000dda00000)
  to   space 21824K,   0% used [0x00000000daf60000, 0x00000000daf60000, 0x00000000dc4b0000)
 concurrent mark-sweep generation total 393216K, used 65260K [0x00000000dda00000, 0x00000000f5a00000, 0x00000000f5a00000)
 concurrent-mark-sweep perm gen total 54228K, used 34729K [0x00000000f5a00000, 0x00000000f8ef5000, 0x0000000100000000)
2015-03-18T13:26:28.841-0400: 508091.016: [GC2015-03-18T13:26:28.841-0400: 508091.017: [ParNew
Desired survivor size 20112992 bytes, new threshold 8 (max 8)
- age   1:    1639832 bytes,    1639832 total
- age   2:    1266584 bytes,    2906416 total
- age   3:    1743168 bytes,    4649584 total
- age   4:    2866840 bytes,    7516424 total
- age   5:     695328 bytes,    8211752 total
- age   6:     627296 bytes,    8839048 total
- age   7:     280248 bytes,    9119296 total
- age   8:      71776 bytes,    9191072 total
: 98094K->10390K(109248K), 0.0080520 secs] 163354K->75734K(502464K), 0.0082100 secs] [Times: user=0.04 sys=0.00, real=0.01 secs] 
Heap after GC invocations=123 (full 1):
 par new generation   total 109248K, used 10390K [0x00000000d5a00000, 0x00000000dda00000, 0x00000000dda00000)
  eden space 87424K,   0% used [0x00000000d5a00000, 0x00000000d5a00000, 0x00000000daf60000)
  from space 21824K,  47% used [0x00000000daf60000, 0x00000000db985b20, 0x00000000dc4b0000)
  to   space 21824K,   0% used [0x00000000dc4b0000, 0x00000000dc4b0000, 0x00000000dda00000)
 concurrent mark-sweep generation total 393216K, used 65343K [0x00000000dda00000, 0x00000000f5a00000, 0x00000000f5a00000)
 concurrent-mark-sweep perm gen total 54228K, used 34729K [0x00000000f5a00000, 0x00000000f8ef5000, 0x0000000100000000)
}
2015-03-18T13:26:28.849-0400: 508091.025: Total time for which application threads were stopped: 0.0087780 seconds
2015-03-18T13:26:28.881-0400: 508091.057: Total time for which application threads were stopped: 0.0005150 seconds
2015-03-18T13:26:28.884-0400: 508091.059: Total time for which application threads were stopped: 0.0003490 seconds
2015-03-18T13:26:28.886-0400: 508091.062: Total time for which application threads were stopped: 0.0002990 seconds
{Heap before GC invocations=123 (full 1):
 par new generation   total 109248K, used 97814K [0x00000000d5a00000, 0x00000000dda00000, 0x00000000dda00000)
  eden space 87424K, 100% used [0x00000000d5a00000, 0x00000000daf60000, 0x00000000daf60000)
  from space 21824K,  47% used [0x00000000daf60000, 0x00000000db985b20, 0x00000000dc4b0000)
  to   space 21824K,   0% used [0x00000000dc4b0000, 0x00000000dc4b0000, 0x00000000dda00000)
 concurrent mark-sweep generation total 393216K, used 65343K [0x00000000dda00000, 0x00000000f5a00000, 0x00000000f5a00000)
 concurrent-mark-sweep perm gen total 54228K, used 34738K [0x00000000f5a00000, 0x00000000f8ef5000, 0x0000000100000000)
2015-03-18T13:26:28.890-0400: 508091.065: [GC2015-03-18T13:26:28.890-0400: 508091.065: [ParNew
Desired survivor size 20112992 bytes, new threshold 8 (max 8)
- age   1:    3445736 bytes,    3445736 total
- age   2:     448168 bytes,    3893904 total
- age   3:    1263600 bytes,    5157504 total
- age   4:    1742488 bytes,    6899992 total
- age   5:    2866952 bytes,    9766944 total
- age   6:     695328 bytes,   10462272 total
- age   7:     627296 bytes,   11089568 total
- age   8:     280248 bytes,   11369816 total
: 97814K->15772K(109248K), 0.0094020 secs] 163158K->81187K(502464K), 0.0095280 secs] [Times: user=0.05 sys=0.00, real=0.01 secs] 
Heap after GC invocations=124 (full 1):
 par new generation   total 109248K, used 15772K [0x00000000d5a00000, 0x00000000dda00000, 0x00000000dda00000)
  eden space 87424K,   0% used [0x00000000d5a00000, 0x00000000d5a00000, 0x00000000daf60000)
  from space 21824K,  72% used [0x00000000dc4b0000, 0x00000000dd417280, 0x00000000dda00000)
  to   space 21824K,   0% used [0x00000000daf60000, 0x00000000daf60000, 0x00000000dc4b0000)
 concurrent mark-sweep generation total 393216K, used 65415K [0x00000000dda00000, 0x00000000f5a00000, 0x00000000f5a00000)
 concurrent-mark-sweep perm gen total 54228K, used 34738K [0x00000000f5a00000, 0x00000000f8ef5000, 0x0000000100000000)
}
2015-03-18T13:26:28.899-0400: 508091.075: Total time for which application threads were stopped: 0.0099770 seconds
{Heap before GC invocations=124 (full 1):
 par new generation   total 109248K, used 103196K [0x00000000d5a00000, 0x00000000dda00000, 0x00000000dda00000)
  eden space 87424K, 100% used [0x00000000d5a00000, 0x00000000daf60000, 0x00000000daf60000)
  from space 21824K,  72% used [0x00000000dc4b0000, 0x00000000dd417280, 0x00000000dda00000)
  to   space 21824K,   0% used [0x00000000daf60000, 0x00000000daf60000, 0x00000000dc4b0000)
 concurrent mark-sweep generation total 393216K, used 65415K [0x00000000dda00000, 0x00000000f5a00000, 0x00000000f5a00000)
 concurrent-mark-sweep perm gen total 54228K, used 34754K [0x00000000f5a00000, 0x00000000f8ef5000, 0x0000000100000000)
2015-03-18T13:26:28.928-0400: 508091.103: [GC2015-03-18T13:26:28.928-0400: 508091.103: [ParNew
Desired survivor size 20112992 bytes, new threshold 8 (max 8)
- age   1:    4414408 bytes,    4414408 total
- age   2:    2331304 bytes,    6745712 total
- age   3:     432816 bytes,    7178528 total
- age   4:    1235528 bytes,    8414056 total
- age   5:    1682888 bytes,   10096944 total
- age   6:    2866800 bytes,   12963744 total
- age   7:     695328 bytes,   13659072 total
- age   8:     627296 bytes,   14286368 total
: 103196K->16872K(109248K), 0.0111370 secs] 168611K->82563K(502464K), 0.0112740 secs] [Times: user=0.07 sys=0.00, real=0.01 secs] 
Heap after GC invocations=125 (full 1):
 par new generation   total 109248K, used 16872K [0x00000000d5a00000, 0x00000000dda00000, 0x00000000dda00000)
  eden space 87424K,   0% used [0x00000000d5a00000, 0x00000000d5a00000, 0x00000000daf60000)
  from space 21824K,  77% used [0x00000000daf60000, 0x00000000dbfda018, 0x00000000dc4b0000)
  to   space 21824K,   0% used [0x00000000dc4b0000, 0x00000000dc4b0000, 0x00000000dda00000)
 concurrent mark-sweep generation total 393216K, used 65691K [0x00000000dda00000, 0x00000000f5a00000, 0x00000000f5a00000)
 concurrent-mark-sweep perm gen total 54228K, used 34754K [0x00000000f5a00000, 0x00000000f8ef5000, 0x0000000100000000)
}
2015-03-18T13:26:28.939-0400: 508091.114: Total time for which application threads were stopped: 0.0119910 seconds
2015-03-18T13:26:28.943-0400: 508091.118: Total time for which application threads were stopped: 0.0004560 seconds
{Heap before GC invocations=125 (full 1):
 par new generation   total 109248K, used 104296K [0x00000000d5a00000, 0x00000000dda00000, 0x00000000dda00000)
  eden space 87424K, 100% used [0x00000000d5a00000, 0x00000000daf60000, 0x00000000daf60000)
  from space 21824K,  77% used [0x00000000daf60000, 0x00000000dbfda018, 0x00000000dc4b0000)
  to   space 21824K,   0% used [0x00000000dc4b0000, 0x00000000dc4b0000, 0x00000000dda00000)
 concurrent mark-sweep generation total 393216K, used 65691K [0x00000000dda00000, 0x00000000f5a00000, 0x00000000f5a00000)
 concurrent-mark-sweep perm gen total 54228K, used 34755K [0x00000000f5a00000, 0x00000000f8ef5000, 0x0000000100000000)
2015-03-18T13:26:28.969-0400: 508091.145: [GC2015-03-18T13:26:28.969-0400: 508091.145: [ParNew
Desired survivor size 20112992 bytes, new threshold 8 (max 8)
- age   1:    2428984 bytes,    2428984 total
- age   2:    3398856 bytes,    5827840 total
- age   3:    2185896 bytes,    8013736 total
- age   4:     417864 bytes,    8431600 total
- age   5:    1230560 bytes,    9662160 total
- age   6:    1667976 bytes,   11330136 total
- age   7:    2861848 bytes,   14191984 total
- age   8:     695328 bytes,   14887312 total
: 104296K->21824K(109248K), 0.0114070 secs] 169987K->88131K(502464K), 0.0115700 secs] [Times: user=0.05 sys=0.00, real=0.01 secs] 
Heap after GC invocations=126 (full 1):
 par new generation   total 109248K, used 21824K [0x00000000d5a00000, 0x00000000dda00000, 0x00000000dda00000)
  eden space 87424K,   0% used [0x00000000d5a00000, 0x00000000d5a00000, 0x00000000daf60000)
  from space 21824K, 100% used [0x00000000dc4b0000, 0x00000000dda00000, 0x00000000dda00000)
  to   space 21824K,   0% used [0x00000000daf60000, 0x00000000daf60000, 0x00000000dc4b0000)
 concurrent mark-sweep generation total 393216K, used 66307K [0x00000000dda00000, 0x00000000f5a00000, 0x00000000f5a00000)
 concurrent-mark-sweep perm gen total 54228K, used 34755K [0x00000000f5a00000, 0x00000000f8ef5000, 0x0000000100000000)
}
2015-03-18T13:26:28.981-0400: 508091.156: Total time for which application threads were stopped: 0.0121260 seconds
{Heap before GC invocations=126 (full 1):
 par new generation   total 109248K, used 109248K [0x00000000d5a00000, 0x00000000dda00000, 0x00000000dda00000)
  eden space 87424K, 100% used [0x00000000d5a00000, 0x00000000daf60000, 0x00000000daf60000)
  from space 21824K, 100% used [0x00000000dc4b0000, 0x00000000dda00000, 0x00000000dda00000)
  to   space 21824K,   0% used [0x00000000daf60000, 0x00000000daf60000, 0x00000000dc4b0000)
 concurrent mark-sweep generation total 393216K, used 66307K [0x00000000dda00000, 0x00000000f5a00000, 0x00000000f5a00000)
 concurrent-mark-sweep perm gen total 54228K, used 34757K [0x00000000f5a00000, 0x00000000f8ef5000, 0x0000000100000000)
2015-03-18T13:26:29.008-0400: 508091.183: [GC2015-03-18T13:26:29.008-0400: 508091.183: [ParNew
Desired survivor size 20112992 bytes, new threshold 8 (max 8)
- age   1:    1465840 bytes,    1465840 total
- age   2:    1240296 bytes,    2706136 total
- age   3:    3398096 bytes,    6104232 total
- age   4:    2185272 bytes,    8289504 total
- age   5:     417592 bytes,    8707096 total
- age   6:    1230560 bytes,    9937656 total
- age   7:    1667976 bytes,   11605632 total
- age   8:    2861984 bytes,   14467616 total
: 109248K->18243K(109248K), 0.0112560 secs] 175555K->85237K(502464K), 0.0113880 secs] [Times: user=0.05 sys=0.00, real=0.01 secs] 
Heap after GC invocations=127 (full 1):
 par new generation   total 109248K, used 18243K [0x00000000d5a00000, 0x00000000dda00000, 0x00000000dda00000)
  eden space 87424K,   0% used [0x00000000d5a00000, 0x00000000d5a00000, 0x00000000daf60000)
  from space 21824K,  83% used [0x00000000daf60000, 0x00000000dc130da8, 0x00000000dc4b0000)
  to   space 21824K,   0% used [0x00000000dc4b0000, 0x00000000dc4b0000, 0x00000000dda00000)
 concurrent mark-sweep generation total 393216K, used 66994K [0x00000000dda00000, 0x00000000f5a00000, 0x00000000f5a00000)
 concurrent-mark-sweep perm gen total 54228K, used 34757K [0x00000000f5a00000, 0x00000000f8ef5000, 0x0000000100000000)
}
2015-03-18T13:26:29.019-0400: 508091.195: Total time for which application threads were stopped: 0.0119550 seconds
{Heap before GC invocations=127 (full 1):
 par new generation   total 109248K, used 105639K [0x00000000d5a00000, 0x00000000dda00000, 0x00000000dda00000)
  eden space 87424K,  99% used [0x00000000d5a00000, 0x00000000daf59038, 0x00000000daf60000)
  from space 21824K,  83% used [0x00000000daf60000, 0x00000000dc130da8, 0x00000000dc4b0000)
  to   space 21824K,   0% used [0x00000000dc4b0000, 0x00000000dc4b0000, 0x00000000dda00000)
 concurrent mark-sweep generation total 393216K, used 66994K [0x00000000dda00000, 0x00000000f5a00000, 0x00000000f5a00000)
 concurrent-mark-sweep perm gen total 54228K, used 34758K [0x00000000f5a00000, 0x00000000f8ef5000, 0x0000000100000000)
2015-03-18T13:26:29.045-0400: 508091.221: [GC2015-03-18T13:26:29.045-0400: 508091.221: [ParNew
Desired survivor size 20112992 bytes, new threshold 8 (max 8)
- age   1:    1416320 bytes,    1416320 total
- age   2:      95112 bytes,    1511432 total
- age   3:    1240240 bytes,    2751672 total
- age   4:    3386272 bytes,    6137944 total
- age   5:    2185272 bytes,    8323216 total
- age   6:     417448 bytes,    8740664 total
- age   7:    1230560 bytes,    9971224 total
- age   8:    1667976 bytes,   11639200 total
: 105639K->15652K(109248K), 0.0124610 secs] 172633K->85453K(502464K), 0.0126200 secs] [Times: user=0.07 sys=0.00, real=0.02 secs] 
Heap after GC invocations=128 (full 1):
 par new generation   total 109248K, used 15652K [0x00000000d5a00000, 0x00000000dda00000, 0x00000000dda00000)
  eden space 87424K,   0% used [0x00000000d5a00000, 0x00000000d5a00000, 0x00000000daf60000)
  from space 21824K,  71% used [0x00000000dc4b0000, 0x00000000dd3f91e8, 0x00000000dda00000)
  to   space 21824K,   0% used [0x00000000daf60000, 0x00000000daf60000, 0x00000000dc4b0000)
 concurrent mark-sweep generation total 393216K, used 69801K [0x00000000dda00000, 0x00000000f5a00000, 0x00000000f5a00000)
 concurrent-mark-sweep perm gen total 54228K, used 34758K [0x00000000f5a00000, 0x00000000f8ef5000, 0x0000000100000000)
}
2015-03-18T13:26:29.058-0400: 508091.233: Total time for which application threads were stopped: 0.0131540 seconds
{Heap before GC invocations=128 (full 1):
 par new generation   total 109248K, used 103076K [0x00000000d5a00000, 0x00000000dda00000, 0x00000000dda00000)
  eden space 87424K, 100% used [0x00000000d5a00000, 0x00000000daf60000, 0x00000000daf60000)
  from space 21824K,  71% used [0x00000000dc4b0000, 0x00000000dd3f91e8, 0x00000000dda00000)
  to   space 21824K,   0% used [0x00000000daf60000, 0x00000000daf60000, 0x00000000dc4b0000)
 concurrent mark-sweep generation total 393216K, used 69801K [0x00000000dda00000, 0x00000000f5a00000, 0x00000000f5a00000)
 concurrent-mark-sweep perm gen total 54228K, used 34769K [0x00000000f5a00000, 0x00000000f8ef5000, 0x0000000100000000)
2015-03-18T13:26:29.083-0400: 508091.258: [GC2015-03-18T13:26:29.083-0400: 508091.259: [ParNew
Desired survivor size 20112992 bytes, new threshold 8 (max 8)
- age   1:    1129664 bytes,    1129664 total
- age   2:     101480 bytes,    1231144 total
- age   3:      93576 bytes,    1324720 total
- age   4:    1239944 bytes,    2564664 total
- age   5:    3386176 bytes,    5950840 total
- age   6:    2184712 bytes,    8135552 total
- age   7:     417208 bytes,    8552760 total
- age   8:    1230320 bytes,    9783080 total
: 103076K->13503K(109248K), 0.0098210 secs] 172877K->84936K(502464K), 0.0099530 secs] [Times: user=0.06 sys=0.00, real=0.01 secs] 
Heap after GC invocations=129 (full 1):
 par new generation   total 109248K, used 13503K [0x00000000d5a00000, 0x00000000dda00000, 0x00000000dda00000)
  eden space 87424K,   0% used [0x00000000d5a00000, 0x00000000d5a00000, 0x00000000daf60000)
  from space 21824K,  61% used [0x00000000daf60000, 0x00000000dbc8fe10, 0x00000000dc4b0000)
  to   space 21824K,   0% used [0x00000000dc4b0000, 0x00000000dc4b0000, 0x00000000dda00000)
 concurrent mark-sweep generation total 393216K, used 71433K [0x00000000dda00000, 0x00000000f5a00000, 0x00000000f5a00000)
 concurrent-mark-sweep perm gen total 54228K, used 34769K [0x00000000f5a00000, 0x00000000f8ef5000, 0x0000000100000000)
}
2015-03-18T13:26:29.093-0400: 508091.269: Total time for which application threads were stopped: 0.0104860 seconds
{Heap before GC invocations=129 (full 1):
 par new generation   total 109248K, used 100920K [0x00000000d5a00000, 0x00000000dda00000, 0x00000000dda00000)
  eden space 87424K,  99% used [0x00000000d5a00000, 0x00000000daf5e500, 0x00000000daf60000)
  from space 21824K,  61% used [0x00000000daf60000, 0x00000000dbc8fe10, 0x00000000dc4b0000)
  to   space 21824K,   0% used [0x00000000dc4b0000, 0x00000000dc4b0000, 0x00000000dda00000)
 concurrent mark-sweep generation total 393216K, used 71433K [0x00000000dda00000, 0x00000000f5a00000, 0x00000000f5a00000)
 concurrent-mark-sweep perm gen total 54228K, used 34769K [0x00000000f5a00000, 0x00000000f8ef5000, 0x0000000100000000)
2015-03-18T13:26:29.119-0400: 508091.295: [GC2015-03-18T13:26:29.119-0400: 508091.295: [ParNew
Desired survivor size 20112992 bytes, new threshold 8 (max 8)
- age   1:    1512952 bytes,    1512952 total
- age   2:     142784 bytes,    1655736 total
- age   3:      99008 bytes,    1754744 total
- age   4:      93216 bytes,    1847960 total
- age   5:    1239872 bytes,    3087832 total
- age   6:    3386104 bytes,    6473936 total
- age   7:    2184184 bytes,    8658120 total
- age   8:     416992 bytes,    9075112 total
: 100920K->10166K(109248K), 0.0090560 secs] 172354K->82809K(502464K), 0.0091800 secs] [Times: user=0.05 sys=0.00, real=0.01 secs] 
Heap after GC invocations=130 (full 1):
 par new generation   total 109248K, used 10166K [0x00000000d5a00000, 0x00000000dda00000, 0x00000000dda00000)
  eden space 87424K,   0% used [0x00000000d5a00000, 0x00000000d5a00000, 0x00000000daf60000)
  from space 21824K,  46% used [0x00000000dc4b0000, 0x00000000dce9d880, 0x00000000dda00000)
  to   space 21824K,   0% used [0x00000000daf60000, 0x00000000daf60000, 0x00000000dc4b0000)
 concurrent mark-sweep generation total 393216K, used 72643K [0x00000000dda00000, 0x00000000f5a00000, 0x00000000f5a00000)
 concurrent-mark-sweep perm gen total 54228K, used 34769K [0x00000000f5a00000, 0x00000000f8ef5000, 0x0000000100000000)
}
2015-03-18T13:26:29.129-0400: 508091.304: Total time for which application threads were stopped: 0.0097290 seconds
{Heap before GC invocations=130 (full 1):
 par new generation   total 109248K, used 97590K [0x00000000d5a00000, 0x00000000dda00000, 0x00000000dda00000)
  eden space 87424K, 100% used [0x00000000d5a00000, 0x00000000daf60000, 0x00000000daf60000)
  from space 21824K,  46% used [0x00000000dc4b0000, 0x00000000dce9d880, 0x00000000dda00000)
  to   space 21824K,   0% used [0x00000000daf60000, 0x00000000daf60000, 0x00000000dc4b0000)
 concurrent mark-sweep generation total 393216K, used 72643K [0x00000000dda00000, 0x00000000f5a00000, 0x00000000f5a00000)
 concurrent-mark-sweep perm gen total 54228K, used 34769K [0x00000000f5a00000, 0x00000000f8ef5000, 0x0000000100000000)
2015-03-18T13:26:29.155-0400: 508091.330: [GC2015-03-18T13:26:29.155-0400: 508091.330: [ParNew
Desired survivor size 20112992 bytes, new threshold 8 (max 8)
- age   1:    2442416 bytes,    2442416 total
- age   2:     448200 bytes,    2890616 total
- age   3:     139944 bytes,    3030560 total
- age   4:      98856 bytes,    3129416 total
- age   5:      93216 bytes,    3222632 total
- age   6:    1239872 bytes,    4462504 total
- age   7:    3386104 bytes,    7848608 total
- age   8:    2184728 bytes,   10033336 total
: 97590K->13855K(109248K), 0.0089070 secs] 170233K->86932K(502464K), 0.0090500 secs] [Times: user=0.05 sys=0.00, real=0.01 secs] 
Heap after GC invocations=131 (full 1):
 par new generation   total 109248K, used 13855K [0x00000000d5a00000, 0x00000000dda00000, 0x00000000dda00000)
  eden space 87424K,   0% used [0x00000000d5a00000, 0x00000000d5a00000, 0x00000000daf60000)
  from space 21824K,  63% used [0x00000000daf60000, 0x00000000dbce7f28, 0x00000000dc4b0000)
  to   space 21824K,   0% used [0x00000000dc4b0000, 0x00000000dc4b0000, 0x00000000dda00000)
 concurrent mark-sweep generation total 393216K, used 73076K [0x00000000dda00000, 0x00000000f5a00000, 0x00000000f5a00000)
 concurrent-mark-sweep perm gen total 54228K, used 34769K [0x00000000f5a00000, 0x00000000f8ef5000, 0x0000000100000000)
}
2015-03-18T13:26:29.164-0400: 508091.339: Total time for which application threads were stopped: 0.0096740 seconds
{Heap before GC invocations=131 (full 1):
 par new generation   total 109248K, used 101263K [0x00000000d5a00000, 0x00000000dda00000, 0x00000000dda00000)
  eden space 87424K,  99% used [0x00000000d5a00000, 0x00000000daf5c068, 0x00000000daf60000)
  from space 21824K,  63% used [0x00000000daf60000, 0x00000000dbce7f28, 0x00000000dc4b0000)
  to   space 21824K,   0% used [0x00000000dc4b0000, 0x00000000dc4b0000, 0x00000000dda00000)
 concurrent mark-sweep generation total 393216K, used 73076K [0x00000000dda00000, 0x00000000f5a00000, 0x00000000f5a00000)
 concurrent-mark-sweep perm gen total 54228K, used 34769K [0x00000000f5a00000, 0x00000000f8ef5000, 0x0000000100000000)
2015-03-18T13:26:29.190-0400: 508091.366: [GC2015-03-18T13:26:29.190-0400: 508091.366: [ParNew
Desired survivor size 20112992 bytes, new threshold 8 (max 8)
- age   1:    1089360 bytes,    1089360 total
- age   2:     556152 bytes,    1645512 total
- age   3:     448048 bytes,    2093560 total
- age   4:     139944 bytes,    2233504 total
- age   5:      98856 bytes,    2332360 total
- age   6:      93216 bytes,    2425576 total
- age   7:    1239872 bytes,    3665448 total
- age   8:    3386104 bytes,    7051552 total
: 101263K->9893K(109248K), 0.0088290 secs] 174340K->85111K(502464K), 0.0089730 secs] [Times: user=0.05 sys=0.00, real=0.01 secs] 
Heap after GC invocations=132 (full 1):
 par new generation   total 109248K, used 9893K [0x00000000d5a00000, 0x00000000dda00000, 0x00000000dda00000)
  eden space 87424K,   0% used [0x00000000d5a00000, 0x00000000d5a00000, 0x00000000daf60000)
  from space 21824K,  45% used [0x00000000dc4b0000, 0x00000000dce596b8, 0x00000000dda00000)
  to   space 21824K,   0% used [0x00000000daf60000, 0x00000000daf60000, 0x00000000dc4b0000)
 concurrent mark-sweep generation total 393216K, used 75218K [0x00000000dda00000, 0x00000000f5a00000, 0x00000000f5a00000)
 concurrent-mark-sweep perm gen total 54228K, used 34769K [0x00000000f5a00000, 0x00000000f8ef5000, 0x0000000100000000)
}
2015-03-18T13:26:29.199-0400: 508091.375: Total time for which application threads were stopped: 0.0094840 seconds
{Heap before GC invocations=132 (full 1):
 par new generation   total 109248K, used 97304K [0x00000000d5a00000, 0x00000000dda00000, 0x00000000dda00000)
  eden space 87424K,  99% used [0x00000000d5a00000, 0x00000000daf5cb18, 0x00000000daf60000)
  from space 21824K,  45% used [0x00000000dc4b0000, 0x00000000dce596b8, 0x00000000dda00000)
  to   space 21824K,   0% used [0x00000000daf60000, 0x00000000daf60000, 0x00000000dc4b0000)
 concurrent mark-sweep generation total 393216K, used 75218K [0x00000000dda00000, 0x00000000f5a00000, 0x00000000f5a00000)
 concurrent-mark-sweep perm gen total 54228K, used 34769K [0x00000000f5a00000, 0x00000000f8ef5000, 0x0000000100000000)
2015-03-18T13:26:29.223-0400: 508091.399: [GC2015-03-18T13:26:29.223-0400: 508091.399: [ParNew
Desired survivor size 20112992 bytes, new threshold 8 (max 8)
- age   1:    1581640 bytes,    1581640 total
- age   2:     171216 bytes,    1752856 total
- age   3:     525184 bytes,    2278040 total
- age   4:     448000 bytes,    2726040 total
- age   5:     139872 bytes,    2865912 total
- age   6:      98784 bytes,    2964696 total
- age   7:      92832 bytes,    3057528 total
- age   8:    1239824 bytes,    4297352 total
: 97304K->5993K(109248K), 0.0086350 secs] 172522K->84524K(502464K), 0.0087560 secs] [Times: user=0.04 sys=0.00, real=0.01 secs] 
Heap after GC invocations=133 (full 1):
 par new generation   total 109248K, used 5993K [0x00000000d5a00000, 0x00000000dda00000, 0x00000000dda00000)
  eden space 87424K,   0% used [0x00000000d5a00000, 0x00000000d5a00000, 0x00000000daf60000)
  from space 21824K,  27% used [0x00000000daf60000, 0x00000000db53a680, 0x00000000dc4b0000)
  to   space 21824K,   0% used [0x00000000dc4b0000, 0x00000000dc4b0000, 0x00000000dda00000)
 concurrent mark-sweep generation total 393216K, used 78531K [0x00000000dda00000, 0x00000000f5a00000, 0x00000000f5a00000)
 concurrent-mark-sweep perm gen total 54228K, used 34769K [0x00000000f5a00000, 0x00000000f8ef5000, 0x0000000100000000)
}
2015-03-18T13:26:29.232-0400: 508091.408: Total time for which application threads were stopped: 0.0093130 seconds
{Heap before GC invocations=133 (full 1):
 par new generation   total 109248K, used 93417K [0x00000000d5a00000, 0x00000000dda00000, 0x00000000dda00000)
  eden space 87424K, 100% used [0x00000000d5a00000, 0x00000000daf60000, 0x00000000daf60000)
  from space 21824K,  27% used [0x00000000daf60000, 0x00000000db53a680, 0x00000000dc4b0000)
  to   space 21824K,   0% used [0x00000000dc4b0000, 0x00000000dc4b0000, 0x00000000dda00000)
 concurrent mark-sweep generation total 393216K, used 78531K [0x00000000dda00000, 0x00000000f5a00000, 0x00000000f5a00000)
 concurrent-mark-sweep perm gen total 54228K, used 34769K [0x00000000f5a00000, 0x00000000f8ef5000, 0x0000000100000000)
2015-03-18T13:26:29.256-0400: 508091.431: [GC2015-03-18T13:26:29.256-0400: 508091.432: [ParNew
Desired survivor size 20112992 bytes, new threshold 8 (max 8)
- age   1:    2150736 bytes,    2150736 total
- age   2:     191712 bytes,    2342448 total
- age   3:     171216 bytes,    2513664 total
- age   4:     425088 bytes,    2938752 total
- age   5:     447784 bytes,    3386536 total
- age   6:     139600 bytes,    3526136 total
- age   7:      98784 bytes,    3624920 total
- age   8:      92832 bytes,    3717752 total
: 93417K->5788K(109248K), 0.0057830 secs] 171948K->85534K(502464K), 0.0059170 secs] [Times: user=0.03 sys=0.00, real=0.01 secs] 
Heap after GC invocations=134 (full 1):
 par new generation   total 109248K, used 5788K [0x00000000d5a00000, 0x00000000dda00000, 0x00000000dda00000)
  eden space 87424K,   0% used [0x00000000d5a00000, 0x00000000d5a00000, 0x00000000daf60000)
  from space 21824K,  26% used [0x00000000dc4b0000, 0x00000000dca57230, 0x00000000dda00000)
  to   space 21824K,   0% used [0x00000000daf60000, 0x00000000daf60000, 0x00000000dc4b0000)
 concurrent mark-sweep generation total 393216K, used 79745K [0x00000000dda00000, 0x00000000f5a00000, 0x00000000f5a00000)
 concurrent-mark-sweep perm gen total 54228K, used 34769K [0x00000000f5a00000, 0x00000000f8ef5000, 0x0000000100000000)
}
2015-03-18T13:26:29.262-0400: 508091.437: Total time for which application threads were stopped: 0.0065310 seconds
{Heap before GC invocations=134 (full 1):
 par new generation   total 109248K, used 93212K [0x00000000d5a00000, 0x00000000dda00000, 0x00000000dda00000)
  eden space 87424K, 100% used [0x00000000d5a00000, 0x00000000daf60000, 0x00000000daf60000)
  from space 21824K,  26% used [0x00000000dc4b0000, 0x00000000dca57230, 0x00000000dda00000)
  to   space 21824K,   0% used [0x00000000daf60000, 0x00000000daf60000, 0x00000000dc4b0000)
 concurrent mark-sweep generation total 393216K, used 79745K [0x00000000dda00000, 0x00000000f5a00000, 0x00000000f5a00000)
 concurrent-mark-sweep perm gen total 54228K, used 34770K [0x00000000f5a00000, 0x00000000f8ef5000, 0x0000000100000000)
2015-03-18T13:26:29.285-0400: 508091.461: [GC2015-03-18T13:26:29.285-0400: 508091.461: [ParNew
Desired survivor size 20112992 bytes, new threshold 8 (max 8)
- age   1:    1395896 bytes,    1395896 total
- age   2:     517680 bytes,    1913576 total
- age   3:     191712 bytes,    2105288 total
- age   4:     171216 bytes,    2276504 total
- age   5:     424224 bytes,    2700728 total
- age   6:     447512 bytes,    3148240 total
- age   7:     137992 bytes,    3286232 total
- age   8:      98784 bytes,    3385016 total
: 93212K->3877K(109248K), 0.0047540 secs] 172958K->83715K(502464K), 0.0048660 secs] [Times: user=0.03 sys=0.00, real=0.01 secs] 
Heap after GC invocations=135 (full 1):
 par new generation   total 109248K, used 3877K [0x00000000d5a00000, 0x00000000dda00000, 0x00000000dda00000)
  eden space 87424K,   0% used [0x00000000d5a00000, 0x00000000d5a00000, 0x00000000daf60000)
  from space 21824K,  17% used [0x00000000daf60000, 0x00000000db329420, 0x00000000dc4b0000)
  to   space 21824K,   0% used [0x00000000dc4b0000, 0x00000000dc4b0000, 0x00000000dda00000)
 concurrent mark-sweep generation total 393216K, used 79838K [0x00000000dda00000, 0x00000000f5a00000, 0x00000000f5a00000)
 concurrent-mark-sweep perm gen total 54228K, used 34770K [0x00000000f5a00000, 0x00000000f8ef5000, 0x0000000100000000)
}
2015-03-18T13:26:29.290-0400: 508091.466: Total time for which application threads were stopped: 0.0054030 seconds
{Heap before GC invocations=135 (full 1):
 par new generation   total 109248K, used 91301K [0x00000000d5a00000, 0x00000000dda00000, 0x00000000dda00000)
  eden space 87424K, 100% used [0x00000000d5a00000, 0x00000000daf60000, 0x00000000daf60000)
  from space 21824K,  17% used [0x00000000daf60000, 0x00000000db329420, 0x00000000dc4b0000)
  to   space 21824K,   0% used [0x00000000dc4b0000, 0x00000000dc4b0000, 0x00000000dda00000)
 concurrent mark-sweep generation total 393216K, used 79838K [0x00000000dda00000, 0x00000000f5a00000, 0x00000000f5a00000)
 concurrent-mark-sweep perm gen total 54228K, used 34774K [0x00000000f5a00000, 0x00000000f8ef5000, 0x0000000100000000)
2015-03-18T13:26:29.315-0400: 508091.491: [GC2015-03-18T13:26:29.315-0400: 508091.491: [ParNew
Desired survivor size 20112992 bytes, new threshold 8 (max 8)
- age   1:    2832888 bytes,    2832888 total
- age   2:     131536 bytes,    2964424 total
- age   3:     388696 bytes,    3353120 total
- age   4:     191712 bytes,    3544832 total
- age   5:     171000 bytes,    3715832 total
- age   6:     423664 bytes,    4139496 total
- age   7:     435544 bytes,    4575040 total
- age   8:     137992 bytes,    4713032 total
: 91301K->6450K(109248K), 0.0056050 secs] 171139K->86387K(502464K), 0.0057270 secs] [Times: user=0.03 sys=0.00, real=0.01 secs] 
Heap after GC invocations=136 (full 1):
 par new generation   total 109248K, used 6450K [0x00000000d5a00000, 0x00000000dda00000, 0x00000000dda00000)
  eden space 87424K,   0% used [0x00000000d5a00000, 0x00000000d5a00000, 0x00000000daf60000)
  from space 21824K,  29% used [0x00000000dc4b0000, 0x00000000dcafcab8, 0x00000000dda00000)
  to   space 21824K,   0% used [0x00000000daf60000, 0x00000000daf60000, 0x00000000dc4b0000)
 concurrent mark-sweep generation total 393216K, used 79937K [0x00000000dda00000, 0x00000000f5a00000, 0x00000000f5a00000)
 concurrent-mark-sweep perm gen total 54228K, used 34774K [0x00000000f5a00000, 0x00000000f8ef5000, 0x0000000100000000)
}
2015-03-18T13:26:29.321-0400: 508091.496: Total time for which application threads were stopped: 0.0062370 seconds
{Heap before GC invocations=136 (full 1):
 par new generation   total 109248K, used 93860K [0x00000000d5a00000, 0x00000000dda00000, 0x00000000dda00000)
  eden space 87424K,  99% used [0x00000000d5a00000, 0x00000000daf5c598, 0x00000000daf60000)
  from space 21824K,  29% used [0x00000000dc4b0000, 0x00000000dcafcab8, 0x00000000dda00000)
  to   space 21824K,   0% used [0x00000000daf60000, 0x00000000daf60000, 0x00000000dc4b0000)
 concurrent mark-sweep generation total 393216K, used 79937K [0x00000000dda00000, 0x00000000f5a00000, 0x00000000f5a00000)
 concurrent-mark-sweep perm gen total 54228K, used 34774K [0x00000000f5a00000, 0x00000000f8ef5000, 0x0000000100000000)
2015-03-18T13:26:29.347-0400: 508091.522: [GC2015-03-18T13:26:29.347-0400: 508091.522: [ParNew
Desired survivor size 20112992 bytes, new threshold 8 (max 8)
- age   1:    2520176 bytes,    2520176 total
- age   2:    1360432 bytes,    3880608 total
- age   3:     131536 bytes,    4012144 total
- age   4:     388696 bytes,    4400840 total
- age   5:     191672 bytes,    4592512 total
- age   6:     171000 bytes,    4763512 total
- age   7:     423664 bytes,    5187176 total
- age   8:     435544 bytes,    5622720 total
: 93860K->6717K(109248K), 0.0071890 secs] 173797K->86791K(502464K), 0.0073090 secs] [Times: user=0.04 sys=0.00, real=0.01 secs] 
Heap after GC invocations=137 (full 1):
 par new generation   total 109248K, used 6717K [0x00000000d5a00000, 0x00000000dda00000, 0x00000000dda00000)
  eden space 87424K,   0% used [0x00000000d5a00000, 0x00000000d5a00000, 0x00000000daf60000)
  from space 21824K,  30% used [0x00000000daf60000, 0x00000000db5ef590, 0x00000000dc4b0000)
  to   space 21824K,   0% used [0x00000000dc4b0000, 0x00000000dc4b0000, 0x00000000dda00000)
 concurrent mark-sweep generation total 393216K, used 80074K [0x00000000dda00000, 0x00000000f5a00000, 0x00000000f5a00000)
 concurrent-mark-sweep perm gen total 54228K, used 34774K [0x00000000f5a00000, 0x00000000f8ef5000, 0x0000000100000000)
}
2015-03-18T13:26:29.354-0400: 508091.530: Total time for which application threads were stopped: 0.0077950 seconds
{Heap before GC invocations=137 (full 1):
 par new generation   total 109248K, used 94141K [0x00000000d5a00000, 0x00000000dda00000, 0x00000000dda00000)
  eden space 87424K, 100% used [0x00000000d5a00000, 0x00000000daf60000, 0x00000000daf60000)
  from space 21824K,  30% used [0x00000000daf60000, 0x00000000db5ef590, 0x00000000dc4b0000)
  to   space 21824K,   0% used [0x00000000dc4b0000, 0x00000000dc4b0000, 0x00000000dda00000)
 concurrent mark-sweep generation total 393216K, used 80074K [0x00000000dda00000, 0x00000000f5a00000, 0x00000000f5a00000)
 concurrent-mark-sweep perm gen total 54228K, used 34774K [0x00000000f5a00000, 0x00000000f8ef5000, 0x0000000100000000)
2015-03-18T13:26:29.380-0400: 508091.556: [GC2015-03-18T13:26:29.380-0400: 508091.556: [ParNew
Desired survivor size 20112992 bytes, new threshold 8 (max 8)
- age   1:    1822632 bytes,    1822632 total
- age   2:    1123832 bytes,    2946464 total
- age   3:    1360352 bytes,    4306816 total
- age   4:     131536 bytes,    4438352 total
- age   5:     388696 bytes,    4827048 total
- age   6:     191672 bytes,    5018720 total
- age   7:     171000 bytes,    5189720 total
- age   8:     423664 bytes,    5613384 total
: 94141K->7093K(109248K), 0.0073670 secs] 174215K->87595K(502464K), 0.0075060 secs] [Times: user=0.04 sys=0.00, real=0.01 secs] 
Heap after GC invocations=138 (full 1):
 par new generation   total 109248K, used 7093K [0x00000000d5a00000, 0x00000000dda00000, 0x00000000dda00000)
  eden space 87424K,   0% used [0x00000000d5a00000, 0x00000000d5a00000, 0x00000000daf60000)
  from space 21824K,  32% used [0x00000000dc4b0000, 0x00000000dcb9d570, 0x00000000dda00000)
  to   space 21824K,   0% used [0x00000000daf60000, 0x00000000daf60000, 0x00000000dc4b0000)
 concurrent mark-sweep generation total 393216K, used 80502K [0x00000000dda00000, 0x00000000f5a00000, 0x00000000f5a00000)
 concurrent-mark-sweep perm gen total 54228K, used 34774K [0x00000000f5a00000, 0x00000000f8ef5000, 0x0000000100000000)
}
2015-03-18T13:26:29.388-0400: 508091.563: Total time for which application threads were stopped: 0.0080270 seconds
{Heap before GC invocations=138 (full 1):
 par new generation   total 109248K, used 94517K [0x00000000d5a00000, 0x00000000dda00000, 0x00000000dda00000)
  eden space 87424K, 100% used [0x00000000d5a00000, 0x00000000daf60000, 0x00000000daf60000)
  from space 21824K,  32% used [0x00000000dc4b0000, 0x00000000dcb9d570, 0x00000000dda00000)
  to   space 21824K,   0% used [0x00000000daf60000, 0x00000000daf60000, 0x00000000dc4b0000)
 concurrent mark-sweep generation total 393216K, used 80502K [0x00000000dda00000, 0x00000000f5a00000, 0x00000000f5a00000)
 concurrent-mark-sweep perm gen total 54228K, used 34775K [0x00000000f5a00000, 0x00000000f8ef5000, 0x0000000100000000)
2015-03-18T13:26:29.413-0400: 508091.589: [GC2015-03-18T13:26:29.413-0400: 508091.589: [ParNew
Desired survivor size 20112992 bytes, new threshold 8 (max 8)
- age   1:    1285840 bytes,    1285840 total
- age   2:     305560 bytes,    1591400 total
- age   3:    1123696 bytes,    2715096 total
- age   4:    1360352 bytes,    4075448 total
- age   5:     131536 bytes,    4206984 total
- age   6:     388696 bytes,    4595680 total
- age   7:     191672 bytes,    4787352 total
- age   8:     171000 bytes,    4958352 total
: 94517K->6475K(109248K), 0.0070370 secs] 175019K->87398K(502464K), 0.0071540 secs] [Times: user=0.03 sys=0.00, real=0.01 secs] 
Heap after GC invocations=139 (full 1):
 par new generation   total 109248K, used 6475K [0x00000000d5a00000, 0x00000000dda00000, 0x00000000dda00000)
  eden space 87424K,   0% used [0x00000000d5a00000, 0x00000000d5a00000, 0x00000000daf60000)
  from space 21824K,  29% used [0x00000000daf60000, 0x00000000db5b2f40, 0x00000000dc4b0000)
  to   space 21824K,   0% used [0x00000000dc4b0000, 0x00000000dc4b0000, 0x00000000dda00000)
 concurrent mark-sweep generation total 393216K, used 80922K [0x00000000dda00000, 0x00000000f5a00000, 0x00000000f5a00000)
 concurrent-mark-sweep perm gen total 54228K, used 34775K [0x00000000f5a00000, 0x00000000f8ef5000, 0x0000000100000000)
}
2015-03-18T13:26:29.420-0400: 508091.596: Total time for which application threads were stopped: 0.0076520 seconds
{Heap before GC invocations=139 (full 1):
 par new generation   total 109248K, used 93899K [0x00000000d5a00000, 0x00000000dda00000, 0x00000000dda00000)
  eden space 87424K, 100% used [0x00000000d5a00000, 0x00000000daf60000, 0x00000000daf60000)
  from space 21824K,  29% used [0x00000000daf60000, 0x00000000db5b2f40, 0x00000000dc4b0000)
  to   space 21824K,   0% used [0x00000000dc4b0000, 0x00000000dc4b0000, 0x00000000dda00000)
 concurrent mark-sweep generation total 393216K, used 80922K [0x00000000dda00000, 0x00000000f5a00000, 0x00000000f5a00000)
 concurrent-mark-sweep perm gen total 54228K, used 34775K [0x00000000f5a00000, 0x00000000f8ef5000, 0x0000000100000000)
2015-03-18T13:26:29.445-0400: 508091.620: [GC2015-03-18T13:26:29.445-0400: 508091.620: [ParNew
Desired survivor size 20112992 bytes, new threshold 8 (max 8)
- age   1:    1543280 bytes,    1543280 total
- age   2:      87400 bytes,    1630680 total
- age   3:     305136 bytes,    1935816 total
- age   4:    1123416 bytes,    3059232 total
- age   5:    1359992 bytes,    4419224 total
- age   6:     130120 bytes,    4549344 total
- age   7:     388000 bytes,    4937344 total
- age   8:     191264 bytes,    5128608 total
: 93899K->6563K(109248K), 0.0069270 secs] 174822K->87654K(502464K), 0.0070470 secs] [Times: user=0.03 sys=0.00, real=0.01 secs] 
Heap after GC invocations=140 (full 1):
 par new generation   total 109248K, used 6563K [0x00000000d5a00000, 0x00000000dda00000, 0x00000000dda00000)
  eden space 87424K,   0% used [0x00000000d5a00000, 0x00000000d5a00000, 0x00000000daf60000)
  from space 21824K,  30% used [0x00000000dc4b0000, 0x00000000dcb18cd0, 0x00000000dda00000)
  to   space 21824K,   0% used [0x00000000daf60000, 0x00000000daf60000, 0x00000000dc4b0000)
 concurrent mark-sweep generation total 393216K, used 81091K [0x00000000dda00000, 0x00000000f5a00000, 0x00000000f5a00000)
 concurrent-mark-sweep perm gen total 54228K, used 34775K [0x00000000f5a00000, 0x00000000f8ef5000, 0x0000000100000000)
}
2015-03-18T13:26:29.452-0400: 508091.627: Total time for which application threads were stopped: 0.0075960 seconds
{Heap before GC invocations=140 (full 1):
 par new generation   total 109248K, used 93987K [0x00000000d5a00000, 0x00000000dda00000, 0x00000000dda00000)
  eden space 87424K, 100% used [0x00000000d5a00000, 0x00000000daf60000, 0x00000000daf60000)
  from space 21824K,  30% used [0x00000000dc4b0000, 0x00000000dcb18cd0, 0x00000000dda00000)
  to   space 21824K,   0% used [0x00000000daf60000, 0x00000000daf60000, 0x00000000dc4b0000)
 concurrent mark-sweep generation total 393216K, used 81091K [0x00000000dda00000, 0x00000000f5a00000, 0x00000000f5a00000)
 concurrent-mark-sweep perm gen total 54228K, used 34776K [0x00000000f5a00000, 0x00000000f8ef5000, 0x0000000100000000)
2015-03-18T13:26:29.478-0400: 508091.653: [GC2015-03-18T13:26:29.478-0400: 508091.653: [ParNew
Desired survivor size 20112992 bytes, new threshold 8 (max 8)
- age   1:    2217824 bytes,    2217824 total
- age   2:     551600 bytes,    2769424 total
- age   3:      86960 bytes,    2856384 total
- age   4:     305016 bytes,    3161400 total
- age   5:    1123040 bytes,    4284440 total
- age   6:    1359488 bytes,    5643928 total
- age   7:     129640 bytes,    5773568 total
- age   8:     387832 bytes,    6161400 total
: 93987K->6969K(109248K), 0.0078480 secs] 175078K->88250K(502464K), 0.0079530 secs] [Times: user=0.04 sys=0.00, real=0.00 secs] 
Heap after GC invocations=141 (full 1):
 par new generation   total 109248K, used 6969K [0x00000000d5a00000, 0x00000000dda00000, 0x00000000dda00000)
  eden space 87424K,   0% used [0x00000000d5a00000, 0x00000000d5a00000, 0x00000000daf60000)
  from space 21824K,  31% used [0x00000000daf60000, 0x00000000db62e620, 0x00000000dc4b0000)
  to   space 21824K,   0% used [0x00000000dc4b0000, 0x00000000dc4b0000, 0x00000000dda00000)
 concurrent mark-sweep generation total 393216K, used 81280K [0x00000000dda00000, 0x00000000f5a00000, 0x00000000f5a00000)
 concurrent-mark-sweep perm gen total 54228K, used 34776K [0x00000000f5a00000, 0x00000000f8ef5000, 0x0000000100000000)
}
2015-03-18T13:26:29.486-0400: 508091.661: Total time for which application threads were stopped: 0.0086980 seconds
{Heap before GC invocations=141 (full 1):
 par new generation   total 109248K, used 94391K [0x00000000d5a00000, 0x00000000dda00000, 0x00000000dda00000)
  eden space 87424K,  99% used [0x00000000d5a00000, 0x00000000daf5f850, 0x00000000daf60000)
  from space 21824K,  31% used [0x00000000daf60000, 0x00000000db62e620, 0x00000000dc4b0000)
  to   space 21824K,   0% used [0x00000000dc4b0000, 0x00000000dc4b0000, 0x00000000dda00000)
 concurrent mark-sweep generation total 393216K, used 81280K [0x00000000dda00000, 0x00000000f5a00000, 0x00000000f5a00000)
 concurrent-mark-sweep perm gen total 54228K, used 34780K [0x00000000f5a00000, 0x00000000f8ef5000, 0x0000000100000000)
2015-03-18T13:26:29.512-0400: 508091.687: [GC2015-03-18T13:26:29.512-0400: 508091.687: [ParNew
Desired survivor size 20112992 bytes, new threshold 8 (max 8)
- age   1:    3651184 bytes,    3651184 total
- age   2:    1209960 bytes,    4861144 total
- age   3:     551112 bytes,    5412256 total
- age   4:      86888 bytes,    5499144 total
- age   5:     304944 bytes,    5804088 total
- age   6:    1122816 bytes,    6926904 total
- age   7:    1359080 bytes,    8285984 total
- age   8:     129544 bytes,    8415528 total
: 94391K->11579K(109248K), 0.0095510 secs] 175672K->93241K(502464K), 0.0096820 secs] [Times: user=0.05 sys=0.00, real=0.01 secs] 
Heap after GC invocations=142 (full 1):
 par new generation   total 109248K, used 11579K [0x00000000d5a00000, 0x00000000dda00000, 0x00000000dda00000)
  eden space 87424K,   0% used [0x00000000d5a00000, 0x00000000d5a00000, 0x00000000daf60000)
  from space 21824K,  53% used [0x00000000dc4b0000, 0x00000000dcffed18, 0x00000000dda00000)
  to   space 21824K,   0% used [0x00000000daf60000, 0x00000000daf60000, 0x00000000dc4b0000)
 concurrent mark-sweep generation total 393216K, used 81662K [0x00000000dda00000, 0x00000000f5a00000, 0x00000000f5a00000)
 concurrent-mark-sweep perm gen total 54228K, used 34780K [0x00000000f5a00000, 0x00000000f8ef5000, 0x0000000100000000)
}
2015-03-18T13:26:29.522-0400: 508091.697: Total time for which application threads were stopped: 0.0102400 seconds
{Heap before GC invocations=142 (full 1):
 par new generation   total 109248K, used 99003K [0x00000000d5a00000, 0x00000000dda00000, 0x00000000dda00000)
  eden space 87424K, 100% used [0x00000000d5a00000, 0x00000000daf60000, 0x00000000daf60000)
  from space 21824K,  53% used [0x00000000dc4b0000, 0x00000000dcffed18, 0x00000000dda00000)
  to   space 21824K,   0% used [0x00000000daf60000, 0x00000000daf60000, 0x00000000dc4b0000)
 concurrent mark-sweep generation total 393216K, used 81662K [0x00000000dda00000, 0x00000000f5a00000, 0x00000000f5a00000)
 concurrent-mark-sweep perm gen total 54228K, used 34782K [0x00000000f5a00000, 0x00000000f8ef5000, 0x0000000100000000)
2015-03-18T13:26:29.549-0400: 508091.724: [GC2015-03-18T13:26:29.549-0400: 508091.724: [ParNew
Desired survivor size 20112992 bytes, new threshold 8 (max 8)
- age   1:    4205296 bytes,    4205296 total
- age   2:    2462984 bytes,    6668280 total
- age   3:    1209728 bytes,    7878008 total
- age   4:     551112 bytes,    8429120 total
- age   5:      86888 bytes,    8516008 total
- age   6:     304944 bytes,    8820952 total
- age   7:    1122816 bytes,    9943768 total
- age   8:    1359080 bytes,   11302848 total
: 99003K->13105K(109248K), 0.0098040 secs] 180665K->94896K(502464K), 0.0099360 secs] [Times: user=0.06 sys=0.00, real=0.01 secs] 
Heap after GC invocations=143 (full 1):
 par new generation   total 109248K, used 13105K [0x00000000d5a00000, 0x00000000dda00000, 0x00000000dda00000)
  eden space 87424K,   0% used [0x00000000d5a00000, 0x00000000d5a00000, 0x00000000daf60000)
  from space 21824K,  60% used [0x00000000daf60000, 0x00000000dbc2c540, 0x00000000dc4b0000)
  to   space 21824K,   0% used [0x00000000dc4b0000, 0x00000000dc4b0000, 0x00000000dda00000)
 concurrent mark-sweep generation total 393216K, used 81790K [0x00000000dda00000, 0x00000000f5a00000, 0x00000000f5a00000)
 concurrent-mark-sweep perm gen total 54228K, used 34782K [0x00000000f5a00000, 0x00000000f8ef5000, 0x0000000100000000)
}
2015-03-18T13:26:29.559-0400: 508091.734: Total time for which application threads were stopped: 0.0104670 seconds
{Heap before GC invocations=143 (full 1):
 par new generation   total 109248K, used 100529K [0x00000000d5a00000, 0x00000000dda00000, 0x00000000dda00000)
  eden space 87424K, 100% used [0x00000000d5a00000, 0x00000000daf60000, 0x00000000daf60000)
  from space 21824K,  60% used [0x00000000daf60000, 0x00000000dbc2c540, 0x00000000dc4b0000)
  to   space 21824K,   0% used [0x00000000dc4b0000, 0x00000000dc4b0000, 0x00000000dda00000)
 concurrent mark-sweep generation total 393216K, used 81790K [0x00000000dda00000, 0x00000000f5a00000, 0x00000000f5a00000)
 concurrent-mark-sweep perm gen total 54228K, used 34784K [0x00000000f5a00000, 0x00000000f8ef5000, 0x0000000100000000)
2015-03-18T13:26:29.587-0400: 508091.763: [GC2015-03-18T13:26:29.587-0400: 508091.763: [ParNew
Desired survivor size 20112992 bytes, new threshold 8 (max 8)
- age   1:    2613896 bytes,    2613896 total
- age   2:    2657336 bytes,    5271232 total
- age   3:    2462728 bytes,    7733960 total
- age   4:    1209512 bytes,    8943472 total
- age   5:     551112 bytes,    9494584 total
- age   6:      86616 bytes,    9581200 total
- age   7:     304944 bytes,    9886144 total
- age   8:    1122816 bytes,   11008960 total
: 100529K->14055K(109248K), 0.0109610 secs] 182320K->97176K(502464K), 0.0111190 secs] [Times: user=0.06 sys=0.00, real=0.01 secs] 
Heap after GC invocations=144 (full 1):
 par new generation   total 109248K, used 14055K [0x00000000d5a00000, 0x00000000dda00000, 0x00000000dda00000)
  eden space 87424K,   0% used [0x00000000d5a00000, 0x00000000d5a00000, 0x00000000daf60000)
  from space 21824K,  64% used [0x00000000dc4b0000, 0x00000000dd269f90, 0x00000000dda00000)
  to   space 21824K,   0% used [0x00000000daf60000, 0x00000000daf60000, 0x00000000dc4b0000)
 concurrent mark-sweep generation total 393216K, used 83120K [0x00000000dda00000, 0x00000000f5a00000, 0x00000000f5a00000)
 concurrent-mark-sweep perm gen total 54228K, used 34784K [0x00000000f5a00000, 0x00000000f8ef5000, 0x0000000100000000)
}
2015-03-18T13:26:29.599-0400: 508091.774: Total time for which application threads were stopped: 0.0116560 seconds
{Heap before GC invocations=144 (full 1):
 par new generation   total 109248K, used 101479K [0x00000000d5a00000, 0x00000000dda00000, 0x00000000dda00000)
  eden space 87424K, 100% used [0x00000000d5a00000, 0x00000000daf60000, 0x00000000daf60000)
  from space 21824K,  64% used [0x00000000dc4b0000, 0x00000000dd269f90, 0x00000000dda00000)
  to   space 21824K,   0% used [0x00000000daf60000, 0x00000000daf60000, 0x00000000dc4b0000)
 concurrent mark-sweep generation total 393216K, used 83120K [0x00000000dda00000, 0x00000000f5a00000, 0x00000000f5a00000)
 concurrent-mark-sweep perm gen total 54228K, used 34784K [0x00000000f5a00000, 0x00000000f8ef5000, 0x0000000100000000)
2015-03-18T13:26:29.625-0400: 508091.801: [GC2015-03-18T13:26:29.625-0400: 508091.801: [ParNew
Desired survivor size 20112992 bytes, new threshold 8 (max 8)
- age   1:    2257032 bytes,    2257032 total
- age   2:    1216528 bytes,    3473560 total
- age   3:    2657200 bytes,    6130760 total
- age   4:    2462728 bytes,    8593488 total
- age   5:    1209512 bytes,    9803000 total
- age   6:     551112 bytes,   10354112 total
- age   7:      86616 bytes,   10440728 total
- age   8:     304944 bytes,   10745672 total
: 101479K->12748K(109248K), 0.0097940 secs] 184600K->96968K(502464K), 0.0099340 secs] [Times: user=0.05 sys=0.00, real=0.01 secs] 
Heap after GC invocations=145 (full 1):
 par new generation   total 109248K, used 12748K [0x00000000d5a00000, 0x00000000dda00000, 0x00000000dda00000)
  eden space 87424K,   0% used [0x00000000d5a00000, 0x00000000d5a00000, 0x00000000daf60000)
  from space 21824K,  58% used [0x00000000daf60000, 0x00000000dbbd3200, 0x00000000dc4b0000)
  to   space 21824K,   0% used [0x00000000dc4b0000, 0x00000000dc4b0000, 0x00000000dda00000)
 concurrent mark-sweep generation total 393216K, used 84219K [0x00000000dda00000, 0x00000000f5a00000, 0x00000000f5a00000)
 concurrent-mark-sweep perm gen total 54228K, used 34784K [0x00000000f5a00000, 0x00000000f8ef5000, 0x0000000100000000)
}
2015-03-18T13:26:29.635-0400: 508091.811: Total time for which application threads were stopped: 0.0104440 seconds
{Heap before GC invocations=145 (full 1):
 par new generation   total 109248K, used 100172K [0x00000000d5a00000, 0x00000000dda00000, 0x00000000dda00000)
  eden space 87424K, 100% used [0x00000000d5a00000, 0x00000000daf60000, 0x00000000daf60000)
  from space 21824K,  58% used [0x00000000daf60000, 0x00000000dbbd3200, 0x00000000dc4b0000)
  to   space 21824K,   0% used [0x00000000dc4b0000, 0x00000000dc4b0000, 0x00000000dda00000)
 concurrent mark-sweep generation total 393216K, used 84219K [0x00000000dda00000, 0x00000000f5a00000, 0x00000000f5a00000)
 concurrent-mark-sweep perm gen total 54228K, used 34786K [0x00000000f5a00000, 0x00000000f8ef5000, 0x0000000100000000)
2015-03-18T13:26:29.661-0400: 508091.837: [GC2015-03-18T13:26:29.661-0400: 508091.837: [ParNew
Desired survivor size 20112992 bytes, new threshold 8 (max 8)
- age   1:    1872968 bytes,    1872968 total
- age   2:     105128 bytes,    1978096 total
- age   3:    1216048 bytes,    3194144 total
- age   4:    2657200 bytes,    5851344 total
- age   5:    2462728 bytes,    8314072 total
- age   6:    1209512 bytes,    9523584 total
- age   7:     551112 bytes,   10074696 total
- age   8:      86616 bytes,   10161312 total
: 100172K->14195K(109248K), 0.0086460 secs] 184392K->98715K(502464K), 0.0087990 secs] [Times: user=0.05 sys=0.00, real=0.01 secs] 
Heap after GC invocations=146 (full 1):
 par new generation   total 109248K, used 14195K [0x00000000d5a00000, 0x00000000dda00000, 0x00000000dda00000)
  eden space 87424K,   0% used [0x00000000d5a00000, 0x00000000d5a00000, 0x00000000daf60000)
  from space 21824K,  65% used [0x00000000dc4b0000, 0x00000000dd28cfd0, 0x00000000dda00000)
  to   space 21824K,   0% used [0x00000000daf60000, 0x00000000daf60000, 0x00000000dc4b0000)
 concurrent mark-sweep generation total 393216K, used 84519K [0x00000000dda00000, 0x00000000f5a00000, 0x00000000f5a00000)
 concurrent-mark-sweep perm gen total 54228K, used 34786K [0x00000000f5a00000, 0x00000000f8ef5000, 0x0000000100000000)
}
2015-03-18T13:26:29.670-0400: 508091.846: Total time for which application threads were stopped: 0.0093210 seconds
{Heap before GC invocations=146 (full 1):
 par new generation   total 109248K, used 101616K [0x00000000d5a00000, 0x00000000dda00000, 0x00000000dda00000)
  eden space 87424K,  99% used [0x00000000d5a00000, 0x00000000daf5f408, 0x00000000daf60000)
  from space 21824K,  65% used [0x00000000dc4b0000, 0x00000000dd28cfd0, 0x00000000dda00000)
  to   space 21824K,   0% used [0x00000000daf60000, 0x00000000daf60000, 0x00000000dc4b0000)
 concurrent mark-sweep generation total 393216K, used 84519K [0x00000000dda00000, 0x00000000f5a00000, 0x00000000f5a00000)
 concurrent-mark-sweep perm gen total 54228K, used 34786K [0x00000000f5a00000, 0x00000000f8ef5000, 0x0000000100000000)
2015-03-18T13:26:29.696-0400: 508091.871: [GC2015-03-18T13:26:29.696-0400: 508091.871: [ParNew
Desired survivor size 20112992 bytes, new threshold 8 (max 8)
- age   1:    1583416 bytes,    1583416 total
- age   2:     103616 bytes,    1687032 total
- age   3:     104880 bytes,    1791912 total
- age   4:    1215760 bytes,    3007672 total
- age   5:    2657200 bytes,    5664872 total
- age   6:    2462512 bytes,    8127384 total
- age   7:    1209240 bytes,    9336624 total
- age   8:     551112 bytes,    9887736 total
: 101616K->12174K(109248K), 0.0081770 secs] 186136K->96780K(502464K), 0.0083150 secs] [Times: user=0.04 sys=0.00, real=0.01 secs] 
Heap after GC invocations=147 (full 1):
 par new generation   total 109248K, used 12174K [0x00000000d5a00000, 0x00000000dda00000, 0x00000000dda00000)
  eden space 87424K,   0% used [0x00000000d5a00000, 0x00000000d5a00000, 0x00000000daf60000)
  from space 21824K,  55% used [0x00000000daf60000, 0x00000000dbb43980, 0x00000000dc4b0000)
  to   space 21824K,   0% used [0x00000000dc4b0000, 0x00000000dc4b0000, 0x00000000dda00000)
 concurrent mark-sweep generation total 393216K, used 84606K [0x00000000dda00000, 0x00000000f5a00000, 0x00000000f5a00000)
 concurrent-mark-sweep perm gen total 54228K, used 34786K [0x00000000f5a00000, 0x00000000f8ef5000, 0x0000000100000000)
}
2015-03-18T13:26:29.704-0400: 508091.880: Total time for which application threads were stopped: 0.0088330 seconds
{Heap before GC invocations=147 (full 1):
 par new generation   total 109248K, used 99580K [0x00000000d5a00000, 0x00000000dda00000, 0x00000000dda00000)
  eden space 87424K,  99% used [0x00000000d5a00000, 0x00000000daf5b7b8, 0x00000000daf60000)
  from space 21824K,  55% used [0x00000000daf60000, 0x00000000dbb43980, 0x00000000dc4b0000)
  to   space 21824K,   0% used [0x00000000dc4b0000, 0x00000000dc4b0000, 0x00000000dda00000)
 concurrent mark-sweep generation total 393216K, used 84606K [0x00000000dda00000, 0x00000000f5a00000, 0x00000000f5a00000)
 concurrent-mark-sweep perm gen total 54228K, used 34786K [0x00000000f5a00000, 0x00000000f8ef5000, 0x0000000100000000)
2015-03-18T13:26:29.729-0400: 508091.905: [GC2015-03-18T13:26:29.729-0400: 508091.905: [ParNew
Desired survivor size 20112992 bytes, new threshold 8 (max 8)
- age   1:    1905392 bytes,    1905392 total
- age   2:      87072 bytes,    1992464 total
- age   3:     103064 bytes,    2095528 total
- age   4:     104592 bytes,    2200120 total
- age   5:    1215760 bytes,    3415880 total
- age   6:    2656984 bytes,    6072864 total
- age   7:    2462240 bytes,    8535104 total
- age   8:    1209240 bytes,    9744344 total
: 99580K->13145K(109248K), 0.0089910 secs] 184186K->98294K(502464K), 0.0091420 secs] [Times: user=0.04 sys=0.00, real=0.01 secs] 
Heap after GC invocations=148 (full 1):
 par new generation   total 109248K, used 13145K [0x00000000d5a00000, 0x00000000dda00000, 0x00000000dda00000)
  eden space 87424K,   0% used [0x00000000d5a00000, 0x00000000d5a00000, 0x00000000daf60000)
  from space 21824K,  60% used [0x00000000dc4b0000, 0x00000000dd1866e0, 0x00000000dda00000)
  to   space 21824K,   0% used [0x00000000daf60000, 0x00000000daf60000, 0x00000000dc4b0000)
 concurrent mark-sweep generation total 393216K, used 85148K [0x00000000dda00000, 0x00000000f5a00000, 0x00000000f5a00000)
 concurrent-mark-sweep perm gen total 54228K, used 34786K [0x00000000f5a00000, 0x00000000f8ef5000, 0x0000000100000000)
}
2015-03-18T13:26:29.739-0400: 508091.914: Total time for which application threads were stopped: 0.0096470 seconds
{Heap before GC invocations=148 (full 1):
 par new generation   total 109248K, used 100569K [0x00000000d5a00000, 0x00000000dda00000, 0x00000000dda00000)
  eden space 87424K, 100% used [0x00000000d5a00000, 0x00000000daf60000, 0x00000000daf60000)
  from space 21824K,  60% used [0x00000000dc4b0000, 0x00000000dd1866e0, 0x00000000dda00000)
  to   space 21824K,   0% used [0x00000000daf60000, 0x00000000daf60000, 0x00000000dc4b0000)
 concurrent mark-sweep generation total 393216K, used 85148K [0x00000000dda00000, 0x00000000f5a00000, 0x00000000f5a00000)
 concurrent-mark-sweep perm gen total 54228K, used 34786K [0x00000000f5a00000, 0x00000000f8ef5000, 0x0000000100000000)
2015-03-18T13:26:29.764-0400: 508091.939: [GC2015-03-18T13:26:29.764-0400: 508091.939: [ParNew
Desired survivor size 20112992 bytes, new threshold 8 (max 8)
- age   1:    2322952 bytes,    2322952 total
- age   2:     111872 bytes,    2434824 total
- age   3:      86768 bytes,    2521592 total
- age   4:     102920 bytes,    2624512 total
- age   5:     104592 bytes,    2729104 total
- age   6:    1215760 bytes,    3944864 total
- age   7:    2657048 bytes,    6601912 total
- age   8:    2462240 bytes,    9064152 total
: 100569K->11518K(109248K), 0.0087560 secs] 185718K->97852K(502464K), 0.0088850 secs] [Times: user=0.04 sys=0.00, real=0.01 secs] 
Heap after GC invocations=149 (full 1):
 par new generation   total 109248K, used 11518K [0x00000000d5a00000, 0x00000000dda00000, 0x00000000dda00000)
  eden space 87424K,   0% used [0x00000000d5a00000, 0x00000000d5a00000, 0x00000000daf60000)
  from space 21824K,  52% used [0x00000000daf60000, 0x00000000dba9fb80, 0x00000000dc4b0000)
  to   space 21824K,   0% used [0x00000000dc4b0000, 0x00000000dc4b0000, 0x00000000dda00000)
 concurrent mark-sweep generation total 393216K, used 86333K [0x00000000dda00000, 0x00000000f5a00000, 0x00000000f5a00000)
 concurrent-mark-sweep perm gen total 54228K, used 34786K [0x00000000f5a00000, 0x00000000f8ef5000, 0x0000000100000000)
}
2015-03-18T13:26:29.773-0400: 508091.948: Total time for which application threads were stopped: 0.0094890 seconds
{Heap before GC invocations=149 (full 1):
 par new generation   total 109248K, used 98942K [0x00000000d5a00000, 0x00000000dda00000, 0x00000000dda00000)
  eden space 87424K, 100% used [0x00000000d5a00000, 0x00000000daf60000, 0x00000000daf60000)
  from space 21824K,  52% used [0x00000000daf60000, 0x00000000dba9fb80, 0x00000000dc4b0000)
  to   space 21824K,   0% used [0x00000000dc4b0000, 0x00000000dc4b0000, 0x00000000dda00000)
 concurrent mark-sweep generation total 393216K, used 86333K [0x00000000dda00000, 0x00000000f5a00000, 0x00000000f5a00000)
 concurrent-mark-sweep perm gen total 54228K, used 34787K [0x00000000f5a00000, 0x00000000f8ef5000, 0x0000000100000000)
2015-03-18T13:26:29.798-0400: 508091.973: [GC2015-03-18T13:26:29.798-0400: 508091.973: [ParNew
Desired survivor size 20112992 bytes, new threshold 8 (max 8)
- age   1:    2343480 bytes,    2343480 total
- age   2:     100920 bytes,    2444400 total
- age   3:     111496 bytes,    2555896 total
- age   4:      85528 bytes,    2641424 total
- age   5:     102848 bytes,    2744272 total
- age   6:     104520 bytes,    2848792 total
- age   7:    1215376 bytes,    4064168 total
- age   8:    2656912 bytes,    6721080 total
: 98942K->8328K(109248K), 0.0094560 secs] 185276K->97070K(502464K), 0.0096040 secs] [Times: user=0.04 sys=0.00, real=0.01 secs] 
Heap after GC invocations=150 (full 1):
 par new generation   total 109248K, used 8328K [0x00000000d5a00000, 0x00000000dda00000, 0x00000000dda00000)
  eden space 87424K,   0% used [0x00000000d5a00000, 0x00000000d5a00000, 0x00000000daf60000)
  from space 21824K,  38% used [0x00000000dc4b0000, 0x00000000dccd2288, 0x00000000dda00000)
  to   space 21824K,   0% used [0x00000000daf60000, 0x00000000daf60000, 0x00000000dc4b0000)
 concurrent mark-sweep generation total 393216K, used 88741K [0x00000000dda00000, 0x00000000f5a00000, 0x00000000f5a00000)
 concurrent-mark-sweep perm gen total 54228K, used 34787K [0x00000000f5a00000, 0x00000000f8ef5000, 0x0000000100000000)
}
2015-03-18T13:26:29.807-0400: 508091.983: Total time for which application threads were stopped: 0.0103090 seconds
{Heap before GC invocations=150 (full 1):
 par new generation   total 109248K, used 95752K [0x00000000d5a00000, 0x00000000dda00000, 0x00000000dda00000)
  eden space 87424K, 100% used [0x00000000d5a00000, 0x00000000daf60000, 0x00000000daf60000)
  from space 21824K,  38% used [0x00000000dc4b0000, 0x00000000dccd2288, 0x00000000dda00000)
  to   space 21824K,   0% used [0x00000000daf60000, 0x00000000daf60000, 0x00000000dc4b0000)
 concurrent mark-sweep generation total 393216K, used 88741K [0x00000000dda00000, 0x00000000f5a00000, 0x00000000f5a00000)
 concurrent-mark-sweep perm gen total 54228K, used 34790K [0x00000000f5a00000, 0x00000000f8ef5000, 0x0000000100000000)
2015-03-18T13:26:29.832-0400: 508092.008: [GC2015-03-18T13:26:29.832-0400: 508092.008: [ParNew
Desired survivor size 20112992 bytes, new threshold 8 (max 8)
- age   1:    1763176 bytes,    1763176 total
- age   2:     196136 bytes,    1959312 total
- age   3:     100920 bytes,    2060232 total
- age   4:      96664 bytes,    2156896 total
- age   5:      85528 bytes,    2242424 total
- age   6:     102848 bytes,    2345272 total
- age   7:     104520 bytes,    2449792 total
- age   8:    1215200 bytes,    3664992 total
: 95752K->6112K(109248K), 0.0081790 secs] 184494K->97451K(502464K), 0.0083000 secs] [Times: user=0.03 sys=0.00, real=0.01 secs] 
Heap after GC invocations=151 (full 1):
 par new generation   total 109248K, used 6112K [0x00000000d5a00000, 0x00000000dda00000, 0x00000000dda00000)
  eden space 87424K,   0% used [0x00000000d5a00000, 0x00000000d5a00000, 0x00000000daf60000)
  from space 21824K,  28% used [0x00000000daf60000, 0x00000000db558200, 0x00000000dc4b0000)
  to   space 21824K,   0% used [0x00000000dc4b0000, 0x00000000dc4b0000, 0x00000000dda00000)
 concurrent mark-sweep generation total 393216K, used 91339K [0x00000000dda00000, 0x00000000f5a00000, 0x00000000f5a00000)
 concurrent-mark-sweep perm gen total 54228K, used 34790K [0x00000000f5a00000, 0x00000000f8ef5000, 0x0000000100000000)
}
2015-03-18T13:26:29.840-0400: 508092.016: Total time for which application threads were stopped: 0.0088160 seconds
{Heap before GC invocations=151 (full 1):
 par new generation   total 109248K, used 93536K [0x00000000d5a00000, 0x00000000dda00000, 0x00000000dda00000)
  eden space 87424K, 100% used [0x00000000d5a00000, 0x00000000daf60000, 0x00000000daf60000)
  from space 21824K,  28% used [0x00000000daf60000, 0x00000000db558200, 0x00000000dc4b0000)
  to   space 21824K,   0% used [0x00000000dc4b0000, 0x00000000dc4b0000, 0x00000000dda00000)
 concurrent mark-sweep generation total 393216K, used 91339K [0x00000000dda00000, 0x00000000f5a00000, 0x00000000f5a00000)
 concurrent-mark-sweep perm gen total 54228K, used 34790K [0x00000000f5a00000, 0x00000000f8ef5000, 0x0000000100000000)
2015-03-18T13:26:29.864-0400: 508092.040: [GC2015-03-18T13:26:29.865-0400: 508092.040: [ParNew
Desired survivor size 20112992 bytes, new threshold 8 (max 8)
- age   1:    2121888 bytes,    2121888 total
- age   2:     416256 bytes,    2538144 total
- age   3:     196136 bytes,    2734280 total
- age   4:     100920 bytes,    2835200 total
- age   5:      96664 bytes,    2931864 total
- age   6:      85528 bytes,    3017392 total
- age   7:     102848 bytes,    3120240 total
- age   8:     104520 bytes,    3224760 total
: 93536K->4845K(109248K), 0.0056870 secs] 184875K->97374K(502464K), 0.0057970 secs] [Times: user=0.02 sys=0.00, real=0.01 secs] 
Heap after GC invocations=152 (full 1):
 par new generation   total 109248K, used 4845K [0x00000000d5a00000, 0x00000000dda00000, 0x00000000dda00000)
  eden space 87424K,   0% used [0x00000000d5a00000, 0x00000000d5a00000, 0x00000000daf60000)
  from space 21824K,  22% used [0x00000000dc4b0000, 0x00000000dc96b700, 0x00000000dda00000)
  to   space 21824K,   0% used [0x00000000daf60000, 0x00000000daf60000, 0x00000000dc4b0000)
 concurrent mark-sweep generation total 393216K, used 92528K [0x00000000dda00000, 0x00000000f5a00000, 0x00000000f5a00000)
 concurrent-mark-sweep perm gen total 54228K, used 34790K [0x00000000f5a00000, 0x00000000f8ef5000, 0x0000000100000000)
}
2015-03-18T13:26:29.870-0400: 508092.046: Total time for which application threads were stopped: 0.0063220 seconds
{Heap before GC invocations=152 (full 1):
 par new generation   total 109248K, used 92269K [0x00000000d5a00000, 0x00000000dda00000, 0x00000000dda00000)
  eden space 87424K, 100% used [0x00000000d5a00000, 0x00000000daf60000, 0x00000000daf60000)
  from space 21824K,  22% used [0x00000000dc4b0000, 0x00000000dc96b700, 0x00000000dda00000)
  to   space 21824K,   0% used [0x00000000daf60000, 0x00000000daf60000, 0x00000000dc4b0000)
 concurrent mark-sweep generation total 393216K, used 92528K [0x00000000dda00000, 0x00000000f5a00000, 0x00000000f5a00000)
 concurrent-mark-sweep perm gen total 54228K, used 34793K [0x00000000f5a00000, 0x00000000f8ef5000, 0x0000000100000000)
2015-03-18T13:26:29.897-0400: 508092.073: [GC2015-03-18T13:26:29.897-0400: 508092.073: [ParNew
Desired survivor size 20112992 bytes, new threshold 8 (max 8)
- age   1:    1151432 bytes,    1151432 total
- age   2:     544352 bytes,    1695784 total
- age   3:     416184 bytes,    2111968 total
- age   4:     196064 bytes,    2308032 total
- age   5:      97616 bytes,    2405648 total
- age   6:      96400 bytes,    2502048 total
- age   7:      84848 bytes,    2586896 total
- age   8:     102800 bytes,    2689696 total
: 92269K->3134K(109248K), 0.0046110 secs] 184798K->95766K(502464K), 0.0047160 secs] [Times: user=0.02 sys=0.00, real=0.00 secs] 
Heap after GC invocations=153 (full 1):
 par new generation   total 109248K, used 3134K [0x00000000d5a00000, 0x00000000dda00000, 0x00000000dda00000)
  eden space 87424K,   0% used [0x00000000d5a00000, 0x00000000d5a00000, 0x00000000daf60000)
  from space 21824K,  14% used [0x00000000daf60000, 0x00000000db26f900, 0x00000000dc4b0000)
  to   space 21824K,   0% used [0x00000000dc4b0000, 0x00000000dc4b0000, 0x00000000dda00000)
 concurrent mark-sweep generation total 393216K, used 92632K [0x00000000dda00000, 0x00000000f5a00000, 0x00000000f5a00000)
 concurrent-mark-sweep perm gen total 54228K, used 34793K [0x00000000f5a00000, 0x00000000f8ef5000, 0x0000000100000000)
}
2015-03-18T13:26:29.902-0400: 508092.078: Total time for which application threads were stopped: 0.0052670 seconds
{Heap before GC invocations=153 (full 1):
 par new generation   total 109248K, used 90557K [0x00000000d5a00000, 0x00000000dda00000, 0x00000000dda00000)
  eden space 87424K,  99% used [0x00000000d5a00000, 0x00000000daf5fb00, 0x00000000daf60000)
  from space 21824K,  14% used [0x00000000daf60000, 0x00000000db26f900, 0x00000000dc4b0000)
  to   space 21824K,   0% used [0x00000000dc4b0000, 0x00000000dc4b0000, 0x00000000dda00000)
 concurrent mark-sweep generation total 393216K, used 92632K [0x00000000dda00000, 0x00000000f5a00000, 0x00000000f5a00000)
 concurrent-mark-sweep perm gen total 54228K, used 34793K [0x00000000f5a00000, 0x00000000f8ef5000, 0x0000000100000000)
2015-03-18T13:26:29.927-0400: 508092.103: [GC2015-03-18T13:26:29.927-0400: 508092.103: [ParNew
Desired survivor size 20112992 bytes, new threshold 8 (max 8)
- age   1:    1228304 bytes,    1228304 total
- age   2:     183784 bytes,    1412088 total
- age   3:     478680 bytes,    1890768 total
- age   4:     416112 bytes,    2306880 total
- age   5:     195776 bytes,    2502656 total
- age   6:      97112 bytes,    2599768 total
- age   7:      95256 bytes,    2695024 total
- age   8:      84256 bytes,    2779280 total
: 90557K->3405K(109248K), 0.0045960 secs] 183189K->96140K(502464K), 0.0047240 secs] [Times: user=0.02 sys=0.00, real=0.01 secs] 
Heap after GC invocations=154 (full 1):
 par new generation   total 109248K, used 3405K [0x00000000d5a00000, 0x00000000dda00000, 0x00000000dda00000)
  eden space 87424K,   0% used [0x00000000d5a00000, 0x00000000d5a00000, 0x00000000daf60000)
  from space 21824K,  15% used [0x00000000dc4b0000, 0x00000000dc803580, 0x00000000dda00000)
  to   space 21824K,   0% used [0x00000000daf60000, 0x00000000daf60000, 0x00000000dc4b0000)
 concurrent mark-sweep generation total 393216K, used 92735K [0x00000000dda00000, 0x00000000f5a00000, 0x00000000f5a00000)
 concurrent-mark-sweep perm gen total 54228K, used 34793K [0x00000000f5a00000, 0x00000000f8ef5000, 0x0000000100000000)
}
2015-03-18T13:26:29.932-0400: 508092.107: Total time for which application threads were stopped: 0.0052390 seconds
{Heap before GC invocations=154 (full 1):
 par new generation   total 109248K, used 90817K [0x00000000d5a00000, 0x00000000dda00000, 0x00000000dda00000)
  eden space 87424K,  99% used [0x00000000d5a00000, 0x00000000daf5d1f8, 0x00000000daf60000)
  from space 21824K,  15% used [0x00000000dc4b0000, 0x00000000dc803580, 0x00000000dda00000)
  to   space 21824K,   0% used [0x00000000daf60000, 0x00000000daf60000, 0x00000000dc4b0000)
 concurrent mark-sweep generation total 393216K, used 92735K [0x00000000dda00000, 0x00000000f5a00000, 0x00000000f5a00000)
 concurrent-mark-sweep perm gen total 54228K, used 34806K [0x00000000f5a00000, 0x00000000f8ef5000, 0x0000000100000000)
2015-03-18T13:26:29.958-0400: 508092.134: [GC2015-03-18T13:26:29.958-0400: 508092.134: [ParNew
Desired survivor size 20112992 bytes, new threshold 8 (max 8)
- age   1:    3370864 bytes,    3370864 total
- age   2:     139472 bytes,    3510336 total
- age   3:     182784 bytes,    3693120 total
- age   4:     352184 bytes,    4045304 total
- age   5:     416112 bytes,    4461416 total
- age   6:     195344 bytes,    4656760 total
- age   7:      96840 bytes,    4753600 total
- age   8:      94984 bytes,    4848584 total
: 90817K->5857K(109248K), 0.0055520 secs] 183553K->98676K(502464K), 0.0056620 secs] [Times: user=0.02 sys=0.00, real=0.00 secs] 
Heap after GC invocations=155 (full 1):
 par new generation   total 109248K, used 5857K [0x00000000d5a00000, 0x00000000dda00000, 0x00000000dda00000)
  eden space 87424K,   0% used [0x00000000d5a00000, 0x00000000d5a00000, 0x00000000daf60000)
  from space 21824K,  26% used [0x00000000daf60000, 0x00000000db5184b0, 0x00000000dc4b0000)
  to   space 21824K,   0% used [0x00000000dc4b0000, 0x00000000dc4b0000, 0x00000000dda00000)
 concurrent mark-sweep generation total 393216K, used 92819K [0x00000000dda00000, 0x00000000f5a00000, 0x00000000f5a00000)
 concurrent-mark-sweep perm gen total 54228K, used 34806K [0x00000000f5a00000, 0x00000000f8ef5000, 0x0000000100000000)
}
2015-03-18T13:26:29.964-0400: 508092.139: Total time for which application threads were stopped: 0.0062050 seconds
2015-03-18T13:26:29.980-0400: 508092.155: Total time for which application threads were stopped: 0.0006280 seconds
2015-03-18T13:26:29.980-0400: 508092.156: Total time for which application threads were stopped: 0.0002630 seconds
{Heap before GC invocations=155 (full 1):
 par new generation   total 109248K, used 93281K [0x00000000d5a00000, 0x00000000dda00000, 0x00000000dda00000)
  eden space 87424K, 100% used [0x00000000d5a00000, 0x00000000daf60000, 0x00000000daf60000)
  from space 21824K,  26% used [0x00000000daf60000, 0x00000000db5184b0, 0x00000000dc4b0000)
  to   space 21824K,   0% used [0x00000000dc4b0000, 0x00000000dc4b0000, 0x00000000dda00000)
 concurrent mark-sweep generation total 393216K, used 92819K [0x00000000dda00000, 0x00000000f5a00000, 0x00000000f5a00000)
 concurrent-mark-sweep perm gen total 54228K, used 34810K [0x00000000f5a00000, 0x00000000f8ef5000, 0x0000000100000000)
2015-03-18T13:26:29.991-0400: 508092.166: [GC2015-03-18T13:26:29.991-0400: 508092.167: [ParNew
Desired survivor size 20112992 bytes, new threshold 8 (max 8)
- age   1:    2936504 bytes,    2936504 total
- age   2:    1426248 bytes,    4362752 total
- age   3:     139432 bytes,    4502184 total
- age   4:     167864 bytes,    4670048 total
- age   5:     347200 bytes,    5017248 total
- age   6:     411128 bytes,    5428376 total
- age   7:     190360 bytes,    5618736 total
- age   8:      96840 bytes,    5715576 total
: 93281K->8404K(109248K), 0.0058890 secs] 186100K->101313K(502464K), 0.0059950 secs] [Times: user=0.02 sys=0.00, real=0.00 secs] 
Heap after GC invocations=156 (full 1):
 par new generation   total 109248K, used 8404K [0x00000000d5a00000, 0x00000000dda00000, 0x00000000dda00000)
  eden space 87424K,   0% used [0x00000000d5a00000, 0x00000000d5a00000, 0x00000000daf60000)
  from space 21824K,  38% used [0x00000000dc4b0000, 0x00000000dcce5040, 0x00000000dda00000)
  to   space 21824K,   0% used [0x00000000daf60000, 0x00000000daf60000, 0x00000000dc4b0000)
 concurrent mark-sweep generation total 393216K, used 92909K [0x00000000dda00000, 0x00000000f5a00000, 0x00000000f5a00000)
 concurrent-mark-sweep perm gen total 54228K, used 34810K [0x00000000f5a00000, 0x00000000f8ef5000, 0x0000000100000000)
}
2015-03-18T13:26:29.997-0400: 508092.173: Total time for which application threads were stopped: 0.0065110 seconds
{Heap before GC invocations=156 (full 1):
 par new generation   total 109248K, used 95828K [0x00000000d5a00000, 0x00000000dda00000, 0x00000000dda00000)
  eden space 87424K, 100% used [0x00000000d5a00000, 0x00000000daf60000, 0x00000000daf60000)
  from space 21824K,  38% used [0x00000000dc4b0000, 0x00000000dcce5040, 0x00000000dda00000)
  to   space 21824K,   0% used [0x00000000daf60000, 0x00000000daf60000, 0x00000000dc4b0000)
 concurrent mark-sweep generation total 393216K, used 92909K [0x00000000dda00000, 0x00000000f5a00000, 0x00000000f5a00000)
 concurrent-mark-sweep perm gen total 54228K, used 34817K [0x00000000f5a00000, 0x00000000f8ef5000, 0x0000000100000000)
2015-03-18T13:26:30.023-0400: 508092.199: [GC2015-03-18T13:26:30.023-0400: 508092.199: [ParNew
Desired survivor size 20112992 bytes, new threshold 8 (max 8)
- age   1:    2939320 bytes,    2939320 total
- age   2:     953008 bytes,    3892328 total
- age   3:    1422768 bytes,    5315096 total
- age   4:     139432 bytes,    5454528 total
- age   5:     167864 bytes,    5622392 total
- age   6:     347200 bytes,    5969592 total
- age   7:     411128 bytes,    6380720 total
- age   8:     190360 bytes,    6571080 total
: 95828K->7949K(109248K), 0.0060250 secs] 188737K->100954K(502464K), 0.0061610 secs] [Times: user=0.04 sys=0.00, real=0.01 secs] 
Heap after GC invocations=157 (full 1):
 par new generation   total 109248K, used 7949K [0x00000000d5a00000, 0x00000000dda00000, 0x00000000dda00000)
  eden space 87424K,   0% used [0x00000000d5a00000, 0x00000000d5a00000, 0x00000000daf60000)
  from space 21824K,  36% used [0x00000000daf60000, 0x00000000db7234c8, 0x00000000dc4b0000)
  to   space 21824K,   0% used [0x00000000dc4b0000, 0x00000000dc4b0000, 0x00000000dda00000)
 concurrent mark-sweep generation total 393216K, used 93005K [0x00000000dda00000, 0x00000000f5a00000, 0x00000000f5a00000)
 concurrent-mark-sweep perm gen total 54228K, used 34817K [0x00000000f5a00000, 0x00000000f8ef5000, 0x0000000100000000)
}
2015-03-18T13:26:30.029-0400: 508092.205: Total time for which application threads were stopped: 0.0066480 seconds
{Heap before GC invocations=157 (full 1):
 par new generation   total 109248K, used 95373K [0x00000000d5a00000, 0x00000000dda00000, 0x00000000dda00000)
  eden space 87424K, 100% used [0x00000000d5a00000, 0x00000000daf60000, 0x00000000daf60000)
  from space 21824K,  36% used [0x00000000daf60000, 0x00000000db7234c8, 0x00000000dc4b0000)
  to   space 21824K,   0% used [0x00000000dc4b0000, 0x00000000dc4b0000, 0x00000000dda00000)
 concurrent mark-sweep generation total 393216K, used 93005K [0x00000000dda00000, 0x00000000f5a00000, 0x00000000f5a00000)
 concurrent-mark-sweep perm gen total 54228K, used 34820K [0x00000000f5a00000, 0x00000000f8ef5000, 0x0000000100000000)
2015-03-18T13:26:30.055-0400: 508092.231: [GC2015-03-18T13:26:30.055-0400: 508092.231: [ParNew
Desired survivor size 20112992 bytes, new threshold 8 (max 8)
- age   1:    2363608 bytes,    2363608 total
- age   2:     264728 bytes,    2628336 total
- age   3:     825976 bytes,    3454312 total
- age   4:    1422768 bytes,    4877080 total
- age   5:     139432 bytes,    5016512 total
- age   6:     167864 bytes,    5184376 total
- age   7:     347200 bytes,    5531576 total
- age   8:     411128 bytes,    5942704 total
: 95373K->8136K(109248K), 0.0063610 secs] 188378K->101330K(502464K), 0.0064790 secs] [Times: user=0.03 sys=0.00, real=0.01 secs] 
Heap after GC invocations=158 (full 1):
 par new generation   total 109248K, used 8136K [0x00000000d5a00000, 0x00000000dda00000, 0x00000000dda00000)
  eden space 87424K,   0% used [0x00000000d5a00000, 0x00000000d5a00000, 0x00000000daf60000)
  from space 21824K,  37% used [0x00000000dc4b0000, 0x00000000dcca21e0, 0x00000000dda00000)
  to   space 21824K,   0% used [0x00000000daf60000, 0x00000000daf60000, 0x00000000dc4b0000)
 concurrent mark-sweep generation total 393216K, used 93194K [0x00000000dda00000, 0x00000000f5a00000, 0x00000000f5a00000)
 concurrent-mark-sweep perm gen total 54228K, used 34820K [0x00000000f5a00000, 0x00000000f8ef5000, 0x0000000100000000)
}
2015-03-18T13:26:30.061-0400: 508092.237: Total time for which application threads were stopped: 0.0070350 seconds
{Heap before GC invocations=158 (full 1):
 par new generation   total 109248K, used 95556K [0x00000000d5a00000, 0x00000000dda00000, 0x00000000dda00000)
  eden space 87424K,  99% used [0x00000000d5a00000, 0x00000000daf5f068, 0x00000000daf60000)
  from space 21824K,  37% used [0x00000000dc4b0000, 0x00000000dcca21e0, 0x00000000dda00000)
  to   space 21824K,   0% used [0x00000000daf60000, 0x00000000daf60000, 0x00000000dc4b0000)
 concurrent mark-sweep generation total 393216K, used 93194K [0x00000000dda00000, 0x00000000f5a00000, 0x00000000f5a00000)
 concurrent-mark-sweep perm gen total 54228K, used 34823K [0x00000000f5a00000, 0x00000000f8ef5000, 0x0000000100000000)
2015-03-18T13:26:30.086-0400: 508092.262: [GC2015-03-18T13:26:30.086-0400: 508092.262: [ParNew
Desired survivor size 20112992 bytes, new threshold 8 (max 8)
- age   1:    1954296 bytes,    1954296 total
- age   2:     682144 bytes,    2636440 total
- age   3:     264048 bytes,    2900488 total
- age   4:     825464 bytes,    3725952 total
- age   5:    1427480 bytes,    5153432 total
- age   6:     137752 bytes,    5291184 total
- age   7:     167576 bytes,    5458760 total
- age   8:     346864 bytes,    5805624 total
: 95556K->7947K(109248K), 0.0066100 secs] 188750K->101545K(502464K), 0.0067370 secs] [Times: user=0.03 sys=0.00, real=0.01 secs] 
Heap after GC invocations=159 (full 1):
 par new generation   total 109248K, used 7947K [0x00000000d5a00000, 0x00000000dda00000, 0x00000000dda00000)
  eden space 87424K,   0% used [0x00000000d5a00000, 0x00000000d5a00000, 0x00000000daf60000)
  from space 21824K,  36% used [0x00000000daf60000, 0x00000000db722f18, 0x00000000dc4b0000)
  to   space 21824K,   0% used [0x00000000dc4b0000, 0x00000000dc4b0000, 0x00000000dda00000)
 concurrent mark-sweep generation total 393216K, used 93597K [0x00000000dda00000, 0x00000000f5a00000, 0x00000000f5a00000)
 concurrent-mark-sweep perm gen total 54228K, used 34823K [0x00000000f5a00000, 0x00000000f8ef5000, 0x0000000100000000)
}
2015-03-18T13:26:30.093-0400: 508092.268: Total time for which application threads were stopped: 0.0073010 seconds
{Heap before GC invocations=159 (full 1):
 par new generation   total 109248K, used 95371K [0x00000000d5a00000, 0x00000000dda00000, 0x00000000dda00000)
  eden space 87424K, 100% used [0x00000000d5a00000, 0x00000000daf60000, 0x00000000daf60000)
  from space 21824K,  36% used [0x00000000daf60000, 0x00000000db722f18, 0x00000000dc4b0000)
  to   space 21824K,   0% used [0x00000000dc4b0000, 0x00000000dc4b0000, 0x00000000dda00000)
 concurrent mark-sweep generation total 393216K, used 93597K [0x00000000dda00000, 0x00000000f5a00000, 0x00000000f5a00000)
 concurrent-mark-sweep perm gen total 54228K, used 34828K [0x00000000f5a00000, 0x00000000f8ef5000, 0x0000000100000000)
2015-03-18T13:26:30.118-0400: 508092.293: [GC2015-03-18T13:26:30.118-0400: 508092.293: [ParNew
Desired survivor size 20112992 bytes, new threshold 8 (max 8)
- age   1:    2060880 bytes,    2060880 total
- age   2:     579448 bytes,    2640328 total
- age   3:     679704 bytes,    3320032 total
- age   4:     263808 bytes,    3583840 total
- age   5:     825224 bytes,    4409064 total
- age   6:    1421408 bytes,    5830472 total
- age   7:     137464 bytes,    5967936 total
- age   8:     167024 bytes,    6134960 total
: 95371K->7518K(109248K), 0.0070210 secs] 188969K->101460K(502464K), 0.0071300 secs] [Times: user=0.04 sys=0.00, real=0.00 secs] 
Heap after GC invocations=160 (full 1):
 par new generation   total 109248K, used 7518K [0x00000000d5a00000, 0x00000000dda00000, 0x00000000dda00000)
  eden space 87424K,   0% used [0x00000000d5a00000, 0x00000000d5a00000, 0x00000000daf60000)
  from space 21824K,  34% used [0x00000000dc4b0000, 0x00000000dcc07880, 0x00000000dda00000)
  to   space 21824K,   0% used [0x00000000daf60000, 0x00000000daf60000, 0x00000000dc4b0000)
 concurrent mark-sweep generation total 393216K, used 93942K [0x00000000dda00000, 0x00000000f5a00000, 0x00000000f5a00000)
 concurrent-mark-sweep perm gen total 54228K, used 34828K [0x00000000f5a00000, 0x00000000f8ef5000, 0x0000000100000000)
}
2015-03-18T13:26:30.125-0400: 508092.301: Total time for which application threads were stopped: 0.0077110 seconds
{Heap before GC invocations=160 (full 1):
 par new generation   total 109248K, used 94942K [0x00000000d5a00000, 0x00000000dda00000, 0x00000000dda00000)
  eden space 87424K, 100% used [0x00000000d5a00000, 0x00000000daf60000, 0x00000000daf60000)
  from space 21824K,  34% used [0x00000000dc4b0000, 0x00000000dcc07880, 0x00000000dda00000)
  to   space 21824K,   0% used [0x00000000daf60000, 0x00000000daf60000, 0x00000000dc4b0000)
 concurrent mark-sweep generation total 393216K, used 93942K [0x00000000dda00000, 0x00000000f5a00000, 0x00000000f5a00000)
 concurrent-mark-sweep perm gen total 54228K, used 34833K [0x00000000f5a00000, 0x00000000f8ef5000, 0x0000000100000000)
2015-03-18T13:26:30.158-0400: 508092.334: [GC2015-03-18T13:26:30.159-0400: 508092.334: [ParNew
Desired survivor size 20112992 bytes, new threshold 8 (max 8)
- age   1:    1624936 bytes,    1624936 total
- age   2:    1359928 bytes,    2984864 total
- age   3:     578816 bytes,    3563680 total
- age   4:     679704 bytes,    4243384 total
- age   5:     258880 bytes,    4502264 total
- age   6:     825224 bytes,    5327488 total
- age   7:    1421408 bytes,    6748896 total
- age   8:     137464 bytes,    6886360 total
: 94942K->9179K(109248K), 0.0067070 secs] 188884K->103287K(502464K), 0.0068430 secs] [Times: user=0.03 sys=0.00, real=0.00 secs] 
Heap after GC invocations=161 (full 1):
 par new generation   total 109248K, used 9179K [0x00000000d5a00000, 0x00000000dda00000, 0x00000000dda00000)
  eden space 87424K,   0% used [0x00000000d5a00000, 0x00000000d5a00000, 0x00000000daf60000)
  from space 21824K,  42% used [0x00000000daf60000, 0x00000000db856c88, 0x00000000dc4b0000)
  to   space 21824K,   0% used [0x00000000dc4b0000, 0x00000000dc4b0000, 0x00000000dda00000)
 concurrent mark-sweep generation total 393216K, used 94108K [0x00000000dda00000, 0x00000000f5a00000, 0x00000000f5a00000)
 concurrent-mark-sweep perm gen total 54228K, used 34833K [0x00000000f5a00000, 0x00000000f8ef5000, 0x0000000100000000)
}
2015-03-18T13:26:30.165-0400: 508092.341: Total time for which application threads were stopped: 0.0073410 seconds
{Heap before GC invocations=161 (full 1):
 par new generation   total 109248K, used 96603K [0x00000000d5a00000, 0x00000000dda00000, 0x00000000dda00000)
  eden space 87424K, 100% used [0x00000000d5a00000, 0x00000000daf60000, 0x00000000daf60000)
  from space 21824K,  42% used [0x00000000daf60000, 0x00000000db856c88, 0x00000000dc4b0000)
  to   space 21824K,   0% used [0x00000000dc4b0000, 0x00000000dc4b0000, 0x00000000dda00000)
 concurrent mark-sweep generation total 393216K, used 94108K [0x00000000dda00000, 0x00000000f5a00000, 0x00000000f5a00000)
 concurrent-mark-sweep perm gen total 54228K, used 34837K [0x00000000f5a00000, 0x00000000f8ef5000, 0x0000000100000000)
2015-03-18T13:26:30.200-0400: 508092.376: [GC2015-03-18T13:26:30.200-0400: 508092.376: [ParNew
Desired survivor size 20112992 bytes, new threshold 8 (max 8)
- age   1:    2301640 bytes,    2301640 total
- age   2:     434952 bytes,    2736592 total
- age   3:    1359296 bytes,    4095888 total
- age   4:     578776 bytes,    4674664 total
- age   5:     678736 bytes,    5353400 total
- age   6:     257840 bytes,    5611240 total
- age   7:     825224 bytes,    6436464 total
- age   8:    1421408 bytes,    7857872 total
: 96603K->9582K(109248K), 0.0073310 secs] 190711K->103827K(502464K), 0.0074460 secs] [Times: user=0.03 sys=0.00, real=0.01 secs] 
Heap after GC invocations=162 (full 1):
 par new generation   total 109248K, used 9582K [0x00000000d5a00000, 0x00000000dda00000, 0x00000000dda00000)
  eden space 87424K,   0% used [0x00000000d5a00000, 0x00000000d5a00000, 0x00000000daf60000)
  from space 21824K,  43% used [0x00000000dc4b0000, 0x00000000dce0bb90, 0x00000000dda00000)
  to   space 21824K,   0% used [0x00000000daf60000, 0x00000000daf60000, 0x00000000dc4b0000)
 concurrent mark-sweep generation total 393216K, used 94244K [0x00000000dda00000, 0x00000000f5a00000, 0x00000000f5a00000)
 concurrent-mark-sweep perm gen total 54228K, used 34837K [0x00000000f5a00000, 0x00000000f8ef5000, 0x0000000100000000)
}
2015-03-18T13:26:30.208-0400: 508092.383: Total time for which application threads were stopped: 0.0080160 seconds
{Heap before GC invocations=162 (full 1):
 par new generation   total 109248K, used 97000K [0x00000000d5a00000, 0x00000000dda00000, 0x00000000dda00000)
  eden space 87424K,  99% used [0x00000000d5a00000, 0x00000000daf5e558, 0x00000000daf60000)
  from space 21824K,  43% used [0x00000000dc4b0000, 0x00000000dce0bb90, 0x00000000dda00000)
  to   space 21824K,   0% used [0x00000000daf60000, 0x00000000daf60000, 0x00000000dc4b0000)
 concurrent mark-sweep generation total 393216K, used 94244K [0x00000000dda00000, 0x00000000f5a00000, 0x00000000f5a00000)
 concurrent-mark-sweep perm gen total 54228K, used 34839K [0x00000000f5a00000, 0x00000000f8ef5000, 0x0000000100000000)
2015-03-18T13:26:30.236-0400: 508092.411: [GC2015-03-18T13:26:30.236-0400: 508092.411: [ParNew
Desired survivor size 20112992 bytes, new threshold 8 (max 8)
- age   1:     990128 bytes,     990128 total
- age   2:    1200344 bytes,    2190472 total
- age   3:     434184 bytes,    2624656 total
- age   4:    1359024 bytes,    3983680 total
- age   5:     578736 bytes,    4562416 total
- age   6:     678736 bytes,    5241152 total
- age   7:     257760 bytes,    5498912 total
- age   8:     824976 bytes,    6323888 total
: 97000K->8391K(109248K), 0.0084370 secs] 191245K->104028K(502464K), 0.0085810 secs] [Times: user=0.04 sys=0.00, real=0.01 secs] 
Heap after GC invocations=163 (full 1):
 par new generation   total 109248K, used 8391K [0x00000000d5a00000, 0x00000000dda00000, 0x00000000dda00000)
  eden space 87424K,   0% used [0x00000000d5a00000, 0x00000000d5a00000, 0x00000000daf60000)
  from space 21824K,  38% used [0x00000000daf60000, 0x00000000db791ff8, 0x00000000dc4b0000)
  to   space 21824K,   0% used [0x00000000dc4b0000, 0x00000000dc4b0000, 0x00000000dda00000)
 concurrent mark-sweep generation total 393216K, used 95636K [0x00000000dda00000, 0x00000000f5a00000, 0x00000000f5a00000)
 concurrent-mark-sweep perm gen total 54228K, used 34839K [0x00000000f5a00000, 0x00000000f8ef5000, 0x0000000100000000)
}
2015-03-18T13:26:30.244-0400: 508092.420: Total time for which application threads were stopped: 0.0092900 seconds
2015-03-18T13:26:30.269-0400: 508092.445: Total time for which application threads were stopped: 0.0005700 seconds
{Heap before GC invocations=163 (full 1):
 par new generation   total 109248K, used 95815K [0x00000000d5a00000, 0x00000000dda00000, 0x00000000dda00000)
  eden space 87424K, 100% used [0x00000000d5a00000, 0x00000000daf60000, 0x00000000daf60000)
  from space 21824K,  38% used [0x00000000daf60000, 0x00000000db791ff8, 0x00000000dc4b0000)
  to   space 21824K,   0% used [0x00000000dc4b0000, 0x00000000dc4b0000, 0x00000000dda00000)
 concurrent mark-sweep generation total 393216K, used 95636K [0x00000000dda00000, 0x00000000f5a00000, 0x00000000f5a00000)
 concurrent-mark-sweep perm gen total 54228K, used 34839K [0x00000000f5a00000, 0x00000000f8ef5000, 0x0000000100000000)
2015-03-18T13:26:30.274-0400: 508092.450: [GC2015-03-18T13:26:30.274-0400: 508092.450: [ParNew
Desired survivor size 20112992 bytes, new threshold 8 (max 8)
- age   1:     683528 bytes,     683528 total
- age   2:     492424 bytes,    1175952 total
- age   3:    1199168 bytes,    2375120 total
- age   4:     433968 bytes,    2809088 total
- age   5:    1358904 bytes,    4167992 total
- age   6:     577776 bytes,    4745768 total
- age   7:     676472 bytes,    5422240 total
- age   8:     257568 bytes,    5679808 total
: 95815K->6989K(109248K), 0.0072000 secs] 191452K->103439K(502464K), 0.0073110 secs] [Times: user=0.03 sys=0.00, real=0.01 secs] 
Heap after GC invocations=164 (full 1):
 par new generation   total 109248K, used 6989K [0x00000000d5a00000, 0x00000000dda00000, 0x00000000dda00000)
  eden space 87424K,   0% used [0x00000000d5a00000, 0x00000000d5a00000, 0x00000000daf60000)
  from space 21824K,  32% used [0x00000000dc4b0000, 0x00000000dcb837f8, 0x00000000dda00000)
  to   space 21824K,   0% used [0x00000000daf60000, 0x00000000daf60000, 0x00000000dc4b0000)
 concurrent mark-sweep generation total 393216K, used 96449K [0x00000000dda00000, 0x00000000f5a00000, 0x00000000f5a00000)
 concurrent-mark-sweep perm gen total 54228K, used 34839K [0x00000000f5a00000, 0x00000000f8ef5000, 0x0000000100000000)
}
2015-03-18T13:26:30.282-0400: 508092.457: Total time for which application threads were stopped: 0.0077670 seconds
2015-03-18T13:26:30.284-0400: 508092.459: Total time for which application threads were stopped: 0.0004290 seconds
2015-03-18T13:26:30.284-0400: 508092.460: Total time for which application threads were stopped: 0.0003160 seconds
{Heap before GC invocations=164 (full 1):
 par new generation   total 109248K, used 94413K [0x00000000d5a00000, 0x00000000dda00000, 0x00000000dda00000)
  eden space 87424K, 100% used [0x00000000d5a00000, 0x00000000daf60000, 0x00000000daf60000)
  from space 21824K,  32% used [0x00000000dc4b0000, 0x00000000dcb837f8, 0x00000000dda00000)
  to   space 21824K,   0% used [0x00000000daf60000, 0x00000000daf60000, 0x00000000dc4b0000)
 concurrent mark-sweep generation total 393216K, used 96449K [0x00000000dda00000, 0x00000000f5a00000, 0x00000000f5a00000)
 concurrent-mark-sweep perm gen total 54228K, used 34842K [0x00000000f5a00000, 0x00000000f8ef5000, 0x0000000100000000)
2015-03-18T13:26:30.310-0400: 508092.485: [GC2015-03-18T13:26:30.310-0400: 508092.485: [ParNew
Desired survivor size 20112992 bytes, new threshold 8 (max 8)
- age   1:    2759880 bytes,    2759880 total
- age   2:     177152 bytes,    2937032 total
- age   3:     364552 bytes,    3301584 total
- age   4:    1198512 bytes,    4500096 total
- age   5:     433728 bytes,    4933824 total
- age   6:    1358584 bytes,    6292408 total
- age   7:     577608 bytes,    6870016 total
- age   8:     676304 bytes,    7546320 total
: 94413K->10316K(109248K), 0.0071300 secs] 190863K->106828K(502464K), 0.0072630 secs] [Times: user=0.03 sys=0.00, real=0.00 secs] 
Heap after GC invocations=165 (full 1):
 par new generation   total 109248K, used 10316K [0x00000000d5a00000, 0x00000000dda00000, 0x00000000dda00000)
  eden space 87424K,   0% used [0x00000000d5a00000, 0x00000000d5a00000, 0x00000000daf60000)
  from space 21824K,  47% used [0x00000000daf60000, 0x00000000db973340, 0x00000000dc4b0000)
  to   space 21824K,   0% used [0x00000000dc4b0000, 0x00000000dc4b0000, 0x00000000dda00000)
 concurrent mark-sweep generation total 393216K, used 96511K [0x00000000dda00000, 0x00000000f5a00000, 0x00000000f5a00000)
 concurrent-mark-sweep perm gen total 54228K, used 34842K [0x00000000f5a00000, 0x00000000f8ef5000, 0x0000000100000000)
}
2015-03-18T13:26:30.317-0400: 508092.492: Total time for which application threads were stopped: 0.0077900 seconds
{Heap before GC invocations=165 (full 1):
 par new generation   total 109248K, used 97740K [0x00000000d5a00000, 0x00000000dda00000, 0x00000000dda00000)
  eden space 87424K, 100% used [0x00000000d5a00000, 0x00000000daf60000, 0x00000000daf60000)
  from space 21824K,  47% used [0x00000000daf60000, 0x00000000db973340, 0x00000000dc4b0000)
  to   space 21824K,   0% used [0x00000000dc4b0000, 0x00000000dc4b0000, 0x00000000dda00000)
 concurrent mark-sweep generation total 393216K, used 96511K [0x00000000dda00000, 0x00000000f5a00000, 0x00000000f5a00000)
 concurrent-mark-sweep perm gen total 54228K, used 34843K [0x00000000f5a00000, 0x00000000f8ef5000, 0x0000000100000000)
2015-03-18T13:26:30.343-0400: 508092.518: [GC2015-03-18T13:26:30.343-0400: 508092.518: [ParNew
Desired survivor size 20112992 bytes, new threshold 8 (max 8)
- age   1:     688472 bytes,     688472 total
- age   2:    1880360 bytes,    2568832 total
- age   3:     176760 bytes,    2745592 total
- age   4:     363376 bytes,    3108968 total
- age   5:    1197952 bytes,    4306920 total
- age   6:     432888 bytes,    4739808 total
- age   7:    1357912 bytes,    6097720 total
- age   8:     577216 bytes,    6674936 total
: 97740K->7093K(109248K), 0.0073370 secs] 194252K->104076K(502464K), 0.0074570 secs] [Times: user=0.03 sys=0.00, real=0.01 secs] 
Heap after GC invocations=166 (full 1):
 par new generation   total 109248K, used 7093K [0x00000000d5a00000, 0x00000000dda00000, 0x00000000dda00000)
  eden space 87424K,   0% used [0x00000000d5a00000, 0x00000000d5a00000, 0x00000000daf60000)
  from space 21824K,  32% used [0x00000000dc4b0000, 0x00000000dcb9d418, 0x00000000dda00000)
  to   space 21824K,   0% used [0x00000000daf60000, 0x00000000daf60000, 0x00000000dc4b0000)
 concurrent mark-sweep generation total 393216K, used 96983K [0x00000000dda00000, 0x00000000f5a00000, 0x00000000f5a00000)
 concurrent-mark-sweep perm gen total 54228K, used 34843K [0x00000000f5a00000, 0x00000000f8ef5000, 0x0000000100000000)
}
2015-03-18T13:26:30.350-0400: 508092.526: Total time for which application threads were stopped: 0.0079850 seconds
{Heap before GC invocations=166 (full 1):
 par new generation   total 109248K, used 94511K [0x00000000d5a00000, 0x00000000dda00000, 0x00000000dda00000)
  eden space 87424K,  99% used [0x00000000d5a00000, 0x00000000daf5eaf8, 0x00000000daf60000)
  from space 21824K,  32% used [0x00000000dc4b0000, 0x00000000dcb9d418, 0x00000000dda00000)
  to   space 21824K,   0% used [0x00000000daf60000, 0x00000000daf60000, 0x00000000dc4b0000)
 concurrent mark-sweep generation total 393216K, used 96983K [0x00000000dda00000, 0x00000000f5a00000, 0x00000000f5a00000)
 concurrent-mark-sweep perm gen total 54228K, used 34844K [0x00000000f5a00000, 0x00000000f8ef5000, 0x0000000100000000)
2015-03-18T13:26:30.377-0400: 508092.553: [GC2015-03-18T13:26:30.377-0400: 508092.553: [ParNew
Desired survivor size 20112992 bytes, new threshold 8 (max 8)
- age   1:    2124256 bytes,    2124256 total
- age   2:     135728 bytes,    2259984 total
- age   3:    1753976 bytes,    4013960 total
- age   4:     176488 bytes,    4190448 total
- age   5:     363376 bytes,    4553824 total
- age   6:    1197952 bytes,    5751776 total
- age   7:     432888 bytes,    6184664 total
- age   8:    1357872 bytes,    7542536 total
: 94511K->10328K(109248K), 0.0082900 secs] 191495K->107880K(502464K), 0.0084320 secs] [Times: user=0.04 sys=0.00, real=0.00 secs] 
Heap after GC invocations=167 (full 1):
 par new generation   total 109248K, used 10328K [0x00000000d5a00000, 0x00000000dda00000, 0x00000000dda00000)
  eden space 87424K,   0% used [0x00000000d5a00000, 0x00000000d5a00000, 0x00000000daf60000)
  from space 21824K,  47% used [0x00000000daf60000, 0x00000000db976350, 0x00000000dc4b0000)
  to   space 21824K,   0% used [0x00000000dc4b0000, 0x00000000dc4b0000, 0x00000000dda00000)
 concurrent mark-sweep generation total 393216K, used 97551K [0x00000000dda00000, 0x00000000f5a00000, 0x00000000f5a00000)
 concurrent-mark-sweep perm gen total 54228K, used 34844K [0x00000000f5a00000, 0x00000000f8ef5000, 0x0000000100000000)
}
2015-03-18T13:26:30.386-0400: 508092.561: Total time for which application threads were stopped: 0.0091750 seconds
2015-03-18T13:26:30.399-0400: 508092.575: Total time for which application threads were stopped: 0.0004790 seconds
2015-03-18T13:26:30.399-0400: 508092.575: Total time for which application threads were stopped: 0.0002980 seconds
{Heap before GC invocations=167 (full 1):
 par new generation   total 109248K, used 97752K [0x00000000d5a00000, 0x00000000dda00000, 0x00000000dda00000)
  eden space 87424K, 100% used [0x00000000d5a00000, 0x00000000daf60000, 0x00000000daf60000)
  from space 21824K,  47% used [0x00000000daf60000, 0x00000000db976350, 0x00000000dc4b0000)
  to   space 21824K,   0% used [0x00000000dc4b0000, 0x00000000dc4b0000, 0x00000000dda00000)
 concurrent mark-sweep generation total 393216K, used 97551K [0x00000000dda00000, 0x00000000f5a00000, 0x00000000f5a00000)
 concurrent-mark-sweep perm gen total 54228K, used 34848K [0x00000000f5a00000, 0x00000000f8ef5000, 0x0000000100000000)
2015-03-18T13:26:30.412-0400: 508092.587: [GC2015-03-18T13:26:30.412-0400: 508092.587: [ParNew
Desired survivor size 20112992 bytes, new threshold 8 (max 8)
- age   1:    2198272 bytes,    2198272 total
- age   2:    1595216 bytes,    3793488 total
- age   3:     135400 bytes,    3928888 total
- age   4:    1751776 bytes,    5680664 total
- age   5:     176488 bytes,    5857152 total
- age   6:     363376 bytes,    6220528 total
- age   7:    1197952 bytes,    7418480 total
- age   8:     432888 bytes,    7851368 total
: 97752K->9534K(109248K), 0.0088310 secs] 195304K->108416K(502464K), 0.0089680 secs] [Times: user=0.04 sys=0.00, real=0.01 secs] 
Heap after GC invocations=168 (full 1):
 par new generation   total 109248K, used 9534K [0x00000000d5a00000, 0x00000000dda00000, 0x00000000dda00000)
  eden space 87424K,   0% used [0x00000000d5a00000, 0x00000000d5a00000, 0x00000000daf60000)
  from space 21824K,  43% used [0x00000000dc4b0000, 0x00000000dcdffb78, 0x00000000dda00000)
  to   space 21824K,   0% used [0x00000000daf60000, 0x00000000daf60000, 0x00000000dc4b0000)
 concurrent mark-sweep generation total 393216K, used 98881K [0x00000000dda00000, 0x00000000f5a00000, 0x00000000f5a00000)
 concurrent-mark-sweep perm gen total 54228K, used 34848K [0x00000000f5a00000, 0x00000000f8ef5000, 0x0000000100000000)
}
2015-03-18T13:26:30.421-0400: 508092.596: Total time for which application threads were stopped: 0.0095760 seconds
{Heap before GC invocations=168 (full 1):
 par new generation   total 109248K, used 96958K [0x00000000d5a00000, 0x00000000dda00000, 0x00000000dda00000)
  eden space 87424K, 100% used [0x00000000d5a00000, 0x00000000daf60000, 0x00000000daf60000)
  from space 21824K,  43% used [0x00000000dc4b0000, 0x00000000dcdffb78, 0x00000000dda00000)
  to   space 21824K,   0% used [0x00000000daf60000, 0x00000000daf60000, 0x00000000dc4b0000)
 concurrent mark-sweep generation total 393216K, used 98881K [0x00000000dda00000, 0x00000000f5a00000, 0x00000000f5a00000)
 concurrent-mark-sweep perm gen total 54228K, used 34848K [0x00000000f5a00000, 0x00000000f8ef5000, 0x0000000100000000)
2015-03-18T13:26:30.443-0400: 508092.619: [GC2015-03-18T13:26:30.444-0400: 508092.619: [ParNew
Desired survivor size 20112992 bytes, new threshold 8 (max 8)
- age   1:    1225616 bytes,    1225616 total
- age   2:    1160680 bytes,    2386296 total
- age   3:    1593584 bytes,    3979880 total
- age   4:     132232 bytes,    4112112 total
- age   5:    1751696 bytes,    5863808 total
- age   6:     176488 bytes,    6040296 total
- age   7:     363376 bytes,    6403672 total
- age   8:    1197952 bytes,    7601624 total
: 96958K->11917K(109248K), 0.0077370 secs] 195840K->111229K(502464K), 0.0078910 secs] [Times: user=0.03 sys=0.00, real=0.01 secs] 
Heap after GC invocations=169 (full 1):
 par new generation   total 109248K, used 11917K [0x00000000d5a00000, 0x00000000dda00000, 0x00000000dda00000)
  eden space 87424K,   0% used [0x00000000d5a00000, 0x00000000d5a00000, 0x00000000daf60000)
  from space 21824K,  54% used [0x00000000daf60000, 0x00000000dbb035c8, 0x00000000dc4b0000)
  to   space 21824K,   0% used [0x00000000dc4b0000, 0x00000000dc4b0000, 0x00000000dda00000)
 concurrent mark-sweep generation total 393216K, used 99311K [0x00000000dda00000, 0x00000000f5a00000, 0x00000000f5a00000)
 concurrent-mark-sweep perm gen total 54228K, used 34848K [0x00000000f5a00000, 0x00000000f8ef5000, 0x0000000100000000)
}
2015-03-18T13:26:30.451-0400: 508092.627: Total time for which application threads were stopped: 0.0085140 seconds
{Heap before GC invocations=169 (full 1):
 par new generation   total 109248K, used 99340K [0x00000000d5a00000, 0x00000000dda00000, 0x00000000dda00000)
  eden space 87424K,  99% used [0x00000000d5a00000, 0x00000000daf5fc60, 0x00000000daf60000)
  from space 21824K,  54% used [0x00000000daf60000, 0x00000000dbb035c8, 0x00000000dc4b0000)
  to   space 21824K,   0% used [0x00000000dc4b0000, 0x00000000dc4b0000, 0x00000000dda00000)
 concurrent mark-sweep generation total 393216K, used 99311K [0x00000000dda00000, 0x00000000f5a00000, 0x00000000f5a00000)
 concurrent-mark-sweep perm gen total 54228K, used 34855K [0x00000000f5a00000, 0x00000000f8ef5000, 0x0000000100000000)
2015-03-18T13:26:30.473-0400: 508092.649: [GC2015-03-18T13:26:30.474-0400: 508092.649: [ParNew
Desired survivor size 20112992 bytes, new threshold 8 (max 8)
- age   1:    1834224 bytes,    1834224 total
- age   2:     357560 bytes,    2191784 total
- age   3:    1160392 bytes,    3352176 total
- age   4:    1593440 bytes,    4945616 total
- age   5:     132232 bytes,    5077848 total
- age   6:    1751696 bytes,    6829544 total
- age   7:     176488 bytes,    7006032 total
- age   8:     363376 bytes,    7369408 total
: 99340K->8895K(109248K), 0.0084360 secs] 198652K->109379K(502464K), 0.0085630 secs] [Times: user=0.04 sys=0.00, real=0.01 secs] 
Heap after GC invocations=170 (full 1):
 par new generation   total 109248K, used 8895K [0x00000000d5a00000, 0x00000000dda00000, 0x00000000dda00000)
  eden space 87424K,   0% used [0x00000000d5a00000, 0x00000000d5a00000, 0x00000000daf60000)
  from space 21824K,  40% used [0x00000000dc4b0000, 0x00000000dcd5ff70, 0x00000000dda00000)
  to   space 21824K,   0% used [0x00000000daf60000, 0x00000000daf60000, 0x00000000dc4b0000)
 concurrent mark-sweep generation total 393216K, used 100483K [0x00000000dda00000, 0x00000000f5a00000, 0x00000000f5a00000)
 concurrent-mark-sweep perm gen total 54228K, used 34855K [0x00000000f5a00000, 0x00000000f8ef5000, 0x0000000100000000)
}
2015-03-18T13:26:30.482-0400: 508092.658: Total time for which application threads were stopped: 0.0091790 seconds
{Heap before GC invocations=170 (full 1):
 par new generation   total 109248K, used 96298K [0x00000000d5a00000, 0x00000000dda00000, 0x00000000dda00000)
  eden space 87424K,  99% used [0x00000000d5a00000, 0x00000000daf5abd0, 0x00000000daf60000)
  from space 21824K,  40% used [0x00000000dc4b0000, 0x00000000dcd5ff70, 0x00000000dda00000)
  to   space 21824K,   0% used [0x00000000daf60000, 0x00000000daf60000, 0x00000000dc4b0000)
 concurrent mark-sweep generation total 393216K, used 100483K [0x00000000dda00000, 0x00000000f5a00000, 0x00000000f5a00000)
 concurrent-mark-sweep perm gen total 54228K, used 34857K [0x00000000f5a00000, 0x00000000f8ef5000, 0x0000000100000000)
2015-03-18T13:26:30.508-0400: 508092.684: [GC2015-03-18T13:26:30.508-0400: 508092.684: [ParNew
Desired survivor size 20112992 bytes, new threshold 8 (max 8)
- age   1:    2153160 bytes,    2153160 total
- age   2:     207200 bytes,    2360360 total
- age   3:     356704 bytes,    2717064 total
- age   4:    1159984 bytes,    3877048 total
- age   5:    1592912 bytes,    5469960 total
- age   6:     132192 bytes,    5602152 total
- age   7:    1752544 bytes,    7354696 total
- age   8:     176488 bytes,    7531184 total
: 96298K->12574K(109248K), 0.0075950 secs] 196782K->113425K(502464K), 0.0077380 secs] [Times: user=0.03 sys=0.00, real=0.00 secs] 
Heap after GC invocations=171 (full 1):
 par new generation   total 109248K, used 12574K [0x00000000d5a00000, 0x00000000dda00000, 0x00000000dda00000)
  eden space 87424K,   0% used [0x00000000d5a00000, 0x00000000d5a00000, 0x00000000daf60000)
  from space 21824K,  57% used [0x00000000daf60000, 0x00000000dbba7900, 0x00000000dc4b0000)
  to   space 21824K,   0% used [0x00000000dc4b0000, 0x00000000dc4b0000, 0x00000000dda00000)
 concurrent mark-sweep generation total 393216K, used 100850K [0x00000000dda00000, 0x00000000f5a00000, 0x00000000f5a00000)
 concurrent-mark-sweep perm gen total 54228K, used 34857K [0x00000000f5a00000, 0x00000000f8ef5000, 0x0000000100000000)
}
2015-03-18T13:26:30.516-0400: 508092.692: Total time for which application threads were stopped: 0.0083050 seconds
{Heap before GC invocations=171 (full 1):
 par new generation   total 109248K, used 99998K [0x00000000d5a00000, 0x00000000dda00000, 0x00000000dda00000)
  eden space 87424K, 100% used [0x00000000d5a00000, 0x00000000daf60000, 0x00000000daf60000)
  from space 21824K,  57% used [0x00000000daf60000, 0x00000000dbba7900, 0x00000000dc4b0000)
  to   space 21824K,   0% used [0x00000000dc4b0000, 0x00000000dc4b0000, 0x00000000dda00000)
 concurrent mark-sweep generation total 393216K, used 100850K [0x00000000dda00000, 0x00000000f5a00000, 0x00000000f5a00000)
 concurrent-mark-sweep perm gen total 54228K, used 34858K [0x00000000f5a00000, 0x00000000f8ef5000, 0x0000000100000000)
2015-03-18T13:26:30.539-0400: 508092.714: [GC2015-03-18T13:26:30.539-0400: 508092.714: [ParNew
Desired survivor size 20112992 bytes, new threshold 8 (max 8)
- age   1:    1269728 bytes,    1269728 total
- age   2:    1340872 bytes,    2610600 total
- age   3:     206960 bytes,    2817560 total
- age   4:     356296 bytes,    3173856 total
- age   5:    1159528 bytes,    4333384 total
- age   6:    1592184 bytes,    5925568 total
- age   7:     132024 bytes,    6057592 total
- age   8:    1751512 bytes,    7809104 total
: 99998K->10230K(109248K), 0.0073580 secs] 200849K->111255K(502464K), 0.0074910 secs] [Times: user=0.03 sys=0.00, real=0.00 secs] 
Heap after GC invocations=172 (full 1):
 par new generation   total 109248K, used 10230K [0x00000000d5a00000, 0x00000000dda00000, 0x00000000dda00000)
  eden space 87424K,   0% used [0x00000000d5a00000, 0x00000000d5a00000, 0x00000000daf60000)
  from space 21824K,  46% used [0x00000000dc4b0000, 0x00000000dceadaa0, 0x00000000dda00000)
  to   space 21824K,   0% used [0x00000000daf60000, 0x00000000daf60000, 0x00000000dc4b0000)
 concurrent mark-sweep generation total 393216K, used 101025K [0x00000000dda00000, 0x00000000f5a00000, 0x00000000f5a00000)
 concurrent-mark-sweep perm gen total 54228K, used 34858K [0x00000000f5a00000, 0x00000000f8ef5000, 0x0000000100000000)
}
2015-03-18T13:26:30.546-0400: 508092.722: Total time for which application threads were stopped: 0.0080600 seconds
{Heap before GC invocations=172 (full 1):
 par new generation   total 109248K, used 97654K [0x00000000d5a00000, 0x00000000dda00000, 0x00000000dda00000)
  eden space 87424K, 100% used [0x00000000d5a00000, 0x00000000daf60000, 0x00000000daf60000)
  from space 21824K,  46% used [0x00000000dc4b0000, 0x00000000dceadaa0, 0x00000000dda00000)
  to   space 21824K,   0% used [0x00000000daf60000, 0x00000000daf60000, 0x00000000dc4b0000)
 concurrent mark-sweep generation total 393216K, used 101025K [0x00000000dda00000, 0x00000000f5a00000, 0x00000000f5a00000)
 concurrent-mark-sweep perm gen total 54228K, used 34858K [0x00000000f5a00000, 0x00000000f8ef5000, 0x0000000100000000)
2015-03-18T13:26:30.568-0400: 508092.743: [GC2015-03-18T13:26:30.568-0400: 508092.743: [ParNew
Desired survivor size 20112992 bytes, new threshold 8 (max 8)
- age   1:    1304048 bytes,    1304048 total
- age   2:     148520 bytes,    1452568 total
- age   3:    1207344 bytes,    2659912 total
- age   4:     206960 bytes,    2866872 total
- age   5:     356296 bytes,    3223168 total
- age   6:    1159528 bytes,    4382696 total
- age   7:    1592184 bytes,    5974880 total
- age   8:     132024 bytes,    6106904 total
: 97654K->7424K(109248K), 0.0088820 secs] 198679K->110173K(502464K), 0.0090440 secs] [Times: user=0.04 sys=0.00, real=0.00 secs] 
Heap after GC invocations=173 (full 1):
 par new generation   total 109248K, used 7424K [0x00000000d5a00000, 0x00000000dda00000, 0x00000000dda00000)
  eden space 87424K,   0% used [0x00000000d5a00000, 0x00000000d5a00000, 0x00000000daf60000)
  from space 21824K,  34% used [0x00000000daf60000, 0x00000000db6a02c0, 0x00000000dc4b0000)
  to   space 21824K,   0% used [0x00000000dc4b0000, 0x00000000dc4b0000, 0x00000000dda00000)
 concurrent mark-sweep generation total 393216K, used 102748K [0x00000000dda00000, 0x00000000f5a00000, 0x00000000f5a00000)
 concurrent-mark-sweep perm gen total 54228K, used 34858K [0x00000000f5a00000, 0x00000000f8ef5000, 0x0000000100000000)
}
2015-03-18T13:26:30.577-0400: 508092.752: Total time for which application threads were stopped: 0.0096100 seconds
{Heap before GC invocations=173 (full 1):
 par new generation   total 109248K, used 94848K [0x00000000d5a00000, 0x00000000dda00000, 0x00000000dda00000)
  eden space 87424K, 100% used [0x00000000d5a00000, 0x00000000daf60000, 0x00000000daf60000)
  from space 21824K,  34% used [0x00000000daf60000, 0x00000000db6a02c0, 0x00000000dc4b0000)
  to   space 21824K,   0% used [0x00000000dc4b0000, 0x00000000dc4b0000, 0x00000000dda00000)
 concurrent mark-sweep generation total 393216K, used 102748K [0x00000000dda00000, 0x00000000f5a00000, 0x00000000f5a00000)
 concurrent-mark-sweep perm gen total 54228K, used 34858K [0x00000000f5a00000, 0x00000000f8ef5000, 0x0000000100000000)
2015-03-18T13:26:30.598-0400: 508092.774: [GC2015-03-18T13:26:30.598-0400: 508092.774: [ParNew
Desired survivor size 20112992 bytes, new threshold 8 (max 8)
- age   1:    1100336 bytes,    1100336 total
- age   2:     276432 bytes,    1376768 total
- age   3:     134040 bytes,    1510808 total
- age   4:    1075608 bytes,    2586416 total
- age   5:     206144 bytes,    2792560 total
- age   6:     355208 bytes,    3147768 total
- age   7:    1159528 bytes,    4307296 total
- age   8:    1592184 bytes,    5899480 total
: 94848K->8101K(109248K), 0.0063180 secs] 197597K->110981K(502464K), 0.0064540 secs] [Times: user=0.02 sys=0.00, real=0.00 secs] 
Heap after GC invocations=174 (full 1):
 par new generation   total 109248K, used 8101K [0x00000000d5a00000, 0x00000000dda00000, 0x00000000dda00000)
  eden space 87424K,   0% used [0x00000000d5a00000, 0x00000000d5a00000, 0x00000000daf60000)
  from space 21824K,  37% used [0x00000000dc4b0000, 0x00000000dcc995a0, 0x00000000dda00000)
  to   space 21824K,   0% used [0x00000000daf60000, 0x00000000daf60000, 0x00000000dc4b0000)
 concurrent mark-sweep generation total 393216K, used 102880K [0x00000000dda00000, 0x00000000f5a00000, 0x00000000f5a00000)
 concurrent-mark-sweep perm gen total 54228K, used 34858K [0x00000000f5a00000, 0x00000000f8ef5000, 0x0000000100000000)
}
2015-03-18T13:26:30.605-0400: 508092.781: Total time for which application threads were stopped: 0.0070400 seconds
{Heap before GC invocations=174 (full 1):
 par new generation   total 109248K, used 95525K [0x00000000d5a00000, 0x00000000dda00000, 0x00000000dda00000)
  eden space 87424K, 100% used [0x00000000d5a00000, 0x00000000daf60000, 0x00000000daf60000)
  from space 21824K,  37% used [0x00000000dc4b0000, 0x00000000dcc995a0, 0x00000000dda00000)
  to   space 21824K,   0% used [0x00000000daf60000, 0x00000000daf60000, 0x00000000dc4b0000)
 concurrent mark-sweep generation total 393216K, used 102880K [0x00000000dda00000, 0x00000000f5a00000, 0x00000000f5a00000)
 concurrent-mark-sweep perm gen total 54228K, used 34859K [0x00000000f5a00000, 0x00000000f8ef5000, 0x0000000100000000)
2015-03-18T13:26:30.628-0400: 508092.804: [GC2015-03-18T13:26:30.628-0400: 508092.804: [ParNew
Desired survivor size 20112992 bytes, new threshold 8 (max 8)
- age   1:    1755432 bytes,    1755432 total
- age   2:     249680 bytes,    2005112 total
- age   3:     276216 bytes,    2281328 total
- age   4:     133024 bytes,    2414352 total
- age   5:    1075128 bytes,    3489480 total
- age   6:     205928 bytes,    3695408 total
- age   7:     349840 bytes,    4045248 total
- age   8:    1159288 bytes,    5204536 total
: 95525K->7021K(109248K), 0.0076850 secs] 198405K->111463K(502464K), 0.0078410 secs] [Times: user=0.03 sys=0.00, real=0.00 secs] 
Heap after GC invocations=175 (full 1):
 par new generation   total 109248K, used 7021K [0x00000000d5a00000, 0x00000000dda00000, 0x00000000dda00000)
  eden space 87424K,   0% used [0x00000000d5a00000, 0x00000000d5a00000, 0x00000000daf60000)
  from space 21824K,  32% used [0x00000000daf60000, 0x00000000db63b580, 0x00000000dc4b0000)
  to   space 21824K,   0% used [0x00000000dc4b0000, 0x00000000dc4b0000, 0x00000000dda00000)
 concurrent mark-sweep generation total 393216K, used 104441K [0x00000000dda00000, 0x00000000f5a00000, 0x00000000f5a00000)
 concurrent-mark-sweep perm gen total 54228K, used 34859K [0x00000000f5a00000, 0x00000000f8ef5000, 0x0000000100000000)
}
2015-03-18T13:26:30.636-0400: 508092.812: Total time for which application threads were stopped: 0.0084300 seconds
{Heap before GC invocations=175 (full 1):
 par new generation   total 109248K, used 94439K [0x00000000d5a00000, 0x00000000dda00000, 0x00000000dda00000)
  eden space 87424K,  99% used [0x00000000d5a00000, 0x00000000daf5e860, 0x00000000daf60000)
  from space 21824K,  32% used [0x00000000daf60000, 0x00000000db63b580, 0x00000000dc4b0000)
  to   space 21824K,   0% used [0x00000000dc4b0000, 0x00000000dc4b0000, 0x00000000dda00000)
 concurrent mark-sweep generation total 393216K, used 104441K [0x00000000dda00000, 0x00000000f5a00000, 0x00000000f5a00000)
 concurrent-mark-sweep perm gen total 54228K, used 34864K [0x00000000f5a00000, 0x00000000f8ef5000, 0x0000000100000000)
2015-03-18T13:26:30.668-0400: 508092.843: [GC2015-03-18T13:26:30.668-0400: 508092.843: [ParNew
Desired survivor size 20112992 bytes, new threshold 8 (max 8)
- age   1:     987944 bytes,     987944 total
- age   2:     162552 bytes,    1150496 total
- age   3:     245648 bytes,    1396144 total
- age   4:     149600 bytes,    1545744 total
- age   5:     132624 bytes,    1678368 total
- age   6:    1075032 bytes,    2753400 total
- age   7:     205928 bytes,    2959328 total
- age   8:     349808 bytes,    3309136 total
: 94439K->4871K(109248K), 0.0061140 secs] 198881K->110448K(502464K), 0.0062370 secs] [Times: user=0.03 sys=0.00, real=0.00 secs] 
Heap after GC invocations=176 (full 1):
 par new generation   total 109248K, used 4871K [0x00000000d5a00000, 0x00000000dda00000, 0x00000000dda00000)
  eden space 87424K,   0% used [0x00000000d5a00000, 0x00000000d5a00000, 0x00000000daf60000)
  from space 21824K,  22% used [0x00000000dc4b0000, 0x00000000dc971d60, 0x00000000dda00000)
  to   space 21824K,   0% used [0x00000000daf60000, 0x00000000daf60000, 0x00000000dc4b0000)
 concurrent mark-sweep generation total 393216K, used 105577K [0x00000000dda00000, 0x00000000f5a00000, 0x00000000f5a00000)
 concurrent-mark-sweep perm gen total 54228K, used 34864K [0x00000000f5a00000, 0x00000000f8ef5000, 0x0000000100000000)
}
2015-03-18T13:26:30.674-0400: 508092.849: Total time for which application threads were stopped: 0.0068650 seconds
2015-03-18T13:26:30.694-0400: 508092.870: Total time for which application threads were stopped: 0.0004990 seconds
{Heap before GC invocations=176 (full 1):
 par new generation   total 109248K, used 92295K [0x00000000d5a00000, 0x00000000dda00000, 0x00000000dda00000)
  eden space 87424K, 100% used [0x00000000d5a00000, 0x00000000daf60000, 0x00000000daf60000)
  from space 21824K,  22% used [0x00000000dc4b0000, 0x00000000dc971d60, 0x00000000dda00000)
  to   space 21824K,   0% used [0x00000000daf60000, 0x00000000daf60000, 0x00000000dc4b0000)
 concurrent mark-sweep generation total 393216K, used 105577K [0x00000000dda00000, 0x00000000f5a00000, 0x00000000f5a00000)
 concurrent-mark-sweep perm gen total 54228K, used 34871K [0x00000000f5a00000, 0x00000000f8ef5000, 0x0000000100000000)
2015-03-18T13:26:30.701-0400: 508092.877: [GC2015-03-18T13:26:30.701-0400: 508092.877: [ParNew
Desired survivor size 20112992 bytes, new threshold 8 (max 8)
- age   1:    3761680 bytes,    3761680 total
- age   2:     242000 bytes,    4003680 total
- age   3:     161464 bytes,    4165144 total
- age   4:     118448 bytes,    4283592 total
- age   5:     149232 bytes,    4432824 total
- age   6:     132504 bytes,    4565328 total
- age   7:    1074752 bytes,    5640080 total
- age   8:     205760 bytes,    5845840 total
: 92295K->6391K(109248K), 0.0066460 secs] 197872K->112317K(502464K), 0.0067610 secs] [Times: user=0.03 sys=0.00, real=0.01 secs] 
Heap after GC invocations=177 (full 1):
 par new generation   total 109248K, used 6391K [0x00000000d5a00000, 0x00000000dda00000, 0x00000000dda00000)
  eden space 87424K,   0% used [0x00000000d5a00000, 0x00000000d5a00000, 0x00000000daf60000)
  from space 21824K,  29% used [0x00000000daf60000, 0x00000000db59dc48, 0x00000000dc4b0000)
  to   space 21824K,   0% used [0x00000000dc4b0000, 0x00000000dc4b0000, 0x00000000dda00000)
 concurrent mark-sweep generation total 393216K, used 105925K [0x00000000dda00000, 0x00000000f5a00000, 0x00000000f5a00000)
 concurrent-mark-sweep perm gen total 54228K, used 34871K [0x00000000f5a00000, 0x00000000f8ef5000, 0x0000000100000000)
}
2015-03-18T13:26:30.708-0400: 508092.884: Total time for which application threads were stopped: 0.0072950 seconds
{Heap before GC invocations=177 (full 1):
 par new generation   total 109248K, used 93815K [0x00000000d5a00000, 0x00000000dda00000, 0x00000000dda00000)
  eden space 87424K, 100% used [0x00000000d5a00000, 0x00000000daf60000, 0x00000000daf60000)
  from space 21824K,  29% used [0x00000000daf60000, 0x00000000db59dc48, 0x00000000dc4b0000)
  to   space 21824K,   0% used [0x00000000dc4b0000, 0x00000000dc4b0000, 0x00000000dda00000)
 concurrent mark-sweep generation total 393216K, used 105925K [0x00000000dda00000, 0x00000000f5a00000, 0x00000000f5a00000)
 concurrent-mark-sweep perm gen total 54228K, used 34872K [0x00000000f5a00000, 0x00000000f8ef5000, 0x0000000100000000)
2015-03-18T13:26:30.731-0400: 508092.907: [GC2015-03-18T13:26:30.731-0400: 508092.907: [ParNew
Desired survivor size 20112992 bytes, new threshold 8 (max 8)
- age   1:    1714064 bytes,    1714064 total
- age   2:    2843568 bytes,    4557632 total
- age   3:     241856 bytes,    4799488 total
- age   4:     161320 bytes,    4960808 total
- age   5:     118016 bytes,    5078824 total
- age   6:     149136 bytes,    5227960 total
- age   7:     132384 bytes,    5360344 total
- age   8:    1074632 bytes,    6434976 total
: 93815K->9314K(109248K), 0.0065580 secs] 199741K->115443K(502464K), 0.0066880 secs] [Times: user=0.03 sys=0.00, real=0.01 secs] 
Heap after GC invocations=178 (full 1):
 par new generation   total 109248K, used 9314K [0x00000000d5a00000, 0x00000000dda00000, 0x00000000dda00000)
  eden space 87424K,   0% used [0x00000000d5a00000, 0x00000000d5a00000, 0x00000000daf60000)
  from space 21824K,  42% used [0x00000000dc4b0000, 0x00000000dcdc89c0, 0x00000000dda00000)
  to   space 21824K,   0% used [0x00000000daf60000, 0x00000000daf60000, 0x00000000dc4b0000)
 concurrent mark-sweep generation total 393216K, used 106128K [0x00000000dda00000, 0x00000000f5a00000, 0x00000000f5a00000)
 concurrent-mark-sweep perm gen total 54228K, used 34872K [0x00000000f5a00000, 0x00000000f8ef5000, 0x0000000100000000)
}
2015-03-18T13:26:30.738-0400: 508092.914: Total time for which application threads were stopped: 0.0072310 seconds
2015-03-18T13:26:30.739-0400: 508092.915: Total time for which application threads were stopped: 0.0004120 seconds
2015-03-18T13:26:30.740-0400: 508092.915: Total time for which application threads were stopped: 0.0003120 seconds
{Heap before GC invocations=178 (full 1):
 par new generation   total 109248K, used 96737K [0x00000000d5a00000, 0x00000000dda00000, 0x00000000dda00000)
  eden space 87424K,  99% used [0x00000000d5a00000, 0x00000000daf5fe20, 0x00000000daf60000)
  from space 21824K,  42% used [0x00000000dc4b0000, 0x00000000dcdc89c0, 0x00000000dda00000)
  to   space 21824K,   0% used [0x00000000daf60000, 0x00000000daf60000, 0x00000000dc4b0000)
 concurrent mark-sweep generation total 393216K, used 106128K [0x00000000dda00000, 0x00000000f5a00000, 0x00000000f5a00000)
 concurrent-mark-sweep perm gen total 54228K, used 34874K [0x00000000f5a00000, 0x00000000f8ef5000, 0x0000000100000000)
2015-03-18T13:26:30.766-0400: 508092.941: [GC2015-03-18T13:26:30.766-0400: 508092.942: [ParNew
Desired survivor size 20112992 bytes, new threshold 8 (max 8)
- age   1:    3941128 bytes,    3941128 total
- age   2:     888448 bytes,    4829576 total
- age   3:    2842456 bytes,    7672032 total
- age   4:     241624 bytes,    7913656 total
- age   5:     160824 bytes,    8074480 total
- age   6:     117896 bytes,    8192376 total
- age   7:     149016 bytes,    8341392 total
- age   8:     132152 bytes,    8473544 total
: 96737K->10562K(109248K), 0.0090390 secs] 202866K->117751K(502464K), 0.0091630 secs] [Times: user=0.04 sys=0.00, real=0.01 secs] 
Heap after GC invocations=179 (full 1):
 par new generation   total 109248K, used 10562K [0x00000000d5a00000, 0x00000000dda00000, 0x00000000dda00000)
  eden space 87424K,   0% used [0x00000000d5a00000, 0x00000000d5a00000, 0x00000000daf60000)
  from space 21824K,  48% used [0x00000000daf60000, 0x00000000db9b0a80, 0x00000000dc4b0000)
  to   space 21824K,   0% used [0x00000000dc4b0000, 0x00000000dc4b0000, 0x00000000dda00000)
 concurrent mark-sweep generation total 393216K, used 107189K [0x00000000dda00000, 0x00000000f5a00000, 0x00000000f5a00000)
 concurrent-mark-sweep perm gen total 54228K, used 34874K [0x00000000f5a00000, 0x00000000f8ef5000, 0x0000000100000000)
}
2015-03-18T13:26:30.775-0400: 508092.951: Total time for which application threads were stopped: 0.0096850 seconds
2015-03-18T13:26:30.784-0400: 508092.960: Total time for which application threads were stopped: 0.0005220 seconds
2015-03-18T13:26:30.784-0400: 508092.960: Total time for which application threads were stopped: 0.0002460 seconds
{Heap before GC invocations=179 (full 1):
 par new generation   total 109248K, used 97986K [0x00000000d5a00000, 0x00000000dda00000, 0x00000000dda00000)
  eden space 87424K, 100% used [0x00000000d5a00000, 0x00000000daf60000, 0x00000000daf60000)
  from space 21824K,  48% used [0x00000000daf60000, 0x00000000db9b0a80, 0x00000000dc4b0000)
  to   space 21824K,   0% used [0x00000000dc4b0000, 0x00000000dc4b0000, 0x00000000dda00000)
 concurrent mark-sweep generation total 393216K, used 107189K [0x00000000dda00000, 0x00000000f5a00000, 0x00000000f5a00000)
 concurrent-mark-sweep perm gen total 54228K, used 34874K [0x00000000f5a00000, 0x00000000f8ef5000, 0x0000000100000000)
2015-03-18T13:26:30.803-0400: 508092.978: [GC2015-03-18T13:26:30.803-0400: 508092.978: [ParNew
Desired survivor size 20112992 bytes, new threshold 8 (max 8)
- age   1:    1889128 bytes,    1889128 total
- age   2:    3265728 bytes,    5154856 total
- age   3:     888120 bytes,    6042976 total
- age   4:    2839368 bytes,    8882344 total
- age   5:     241624 bytes,    9123968 total
- age   6:     160824 bytes,    9284792 total
- age   7:     117896 bytes,    9402688 total
- age   8:     149016 bytes,    9551704 total
: 97986K->14169K(109248K), 0.0081410 secs] 205175K->121490K(502464K), 0.0082840 secs] [Times: user=0.04 sys=0.00, real=0.01 secs] 
Heap after GC invocations=180 (full 1):
 par new generation   total 109248K, used 14169K [0x00000000d5a00000, 0x00000000dda00000, 0x00000000dda00000)
  eden space 87424K,   0% used [0x00000000d5a00000, 0x00000000d5a00000, 0x00000000daf60000)
  from space 21824K,  64% used [0x00000000dc4b0000, 0x00000000dd286740, 0x00000000dda00000)
  to   space 21824K,   0% used [0x00000000daf60000, 0x00000000daf60000, 0x00000000dc4b0000)
 concurrent mark-sweep generation total 393216K, used 107320K [0x00000000dda00000, 0x00000000f5a00000, 0x00000000f5a00000)
 concurrent-mark-sweep perm gen total 54228K, used 34874K [0x00000000f5a00000, 0x00000000f8ef5000, 0x0000000100000000)
}
2015-03-18T13:26:30.811-0400: 508092.987: Total time for which application threads were stopped: 0.0088220 seconds
{Heap before GC invocations=180 (full 1):
 par new generation   total 109248K, used 101593K [0x00000000d5a00000, 0x00000000dda00000, 0x00000000dda00000)
  eden space 87424K, 100% used [0x00000000d5a00000, 0x00000000daf60000, 0x00000000daf60000)
  from space 21824K,  64% used [0x00000000dc4b0000, 0x00000000dd286740, 0x00000000dda00000)
  to   space 21824K,   0% used [0x00000000daf60000, 0x00000000daf60000, 0x00000000dc4b0000)
 concurrent mark-sweep generation total 393216K, used 107320K [0x00000000dda00000, 0x00000000f5a00000, 0x00000000f5a00000)
 concurrent-mark-sweep perm gen total 54228K, used 34875K [0x00000000f5a00000, 0x00000000f8ef5000, 0x0000000100000000)
2015-03-18T13:26:30.838-0400: 508093.014: [GC2015-03-18T13:26:30.838-0400: 508093.014: [ParNew
Desired survivor size 20112992 bytes, new threshold 8 (max 8)
- age   1:    2052744 bytes,    2052744 total
- age   2:     922000 bytes,    2974744 total
- age   3:    3264904 bytes,    6239648 total
- age   4:     888024 bytes,    7127672 total
- age   5:    2838912 bytes,    9966584 total
- age   6:     241408 bytes,   10207992 total
- age   7:     160680 bytes,   10368672 total
- age   8:     117752 bytes,   10486424 total
: 101593K->11283K(109248K), 0.0091230 secs] 208914K->118752K(502464K), 0.0092660 secs] [Times: user=0.05 sys=0.00, real=0.01 secs] 
Heap after GC invocations=181 (full 1):
 par new generation   total 109248K, used 11283K [0x00000000d5a00000, 0x00000000dda00000, 0x00000000dda00000)
  eden space 87424K,   0% used [0x00000000d5a00000, 0x00000000d5a00000, 0x00000000daf60000)
  from space 21824K,  51% used [0x00000000daf60000, 0x00000000dba64f10, 0x00000000dc4b0000)
  to   space 21824K,   0% used [0x00000000dc4b0000, 0x00000000dc4b0000, 0x00000000dda00000)
 concurrent mark-sweep generation total 393216K, used 107468K [0x00000000dda00000, 0x00000000f5a00000, 0x00000000f5a00000)
 concurrent-mark-sweep perm gen total 54228K, used 34875K [0x00000000f5a00000, 0x00000000f8ef5000, 0x0000000100000000)
}
2015-03-18T13:26:30.847-0400: 508093.023: Total time for which application threads were stopped: 0.0097880 seconds
{Heap before GC invocations=181 (full 1):
 par new generation   total 109248K, used 98707K [0x00000000d5a00000, 0x00000000dda00000, 0x00000000dda00000)
  eden space 87424K, 100% used [0x00000000d5a00000, 0x00000000daf60000, 0x00000000daf60000)
  from space 21824K,  51% used [0x00000000daf60000, 0x00000000dba64f10, 0x00000000dc4b0000)
  to   space 21824K,   0% used [0x00000000dc4b0000, 0x00000000dc4b0000, 0x00000000dda00000)
 concurrent mark-sweep generation total 393216K, used 107468K [0x00000000dda00000, 0x00000000f5a00000, 0x00000000f5a00000)
 concurrent-mark-sweep perm gen total 54228K, used 34877K [0x00000000f5a00000, 0x00000000f8ef5000, 0x0000000100000000)
2015-03-18T13:26:30.873-0400: 508093.048: [GC2015-03-18T13:26:30.873-0400: 508093.048: [ParNew
Desired survivor size 20112992 bytes, new threshold 8 (max 8)
- age   1:    1853528 bytes,    1853528 total
- age   2:     803032 bytes,    2656560 total
- age   3:     921696 bytes,    3578256 total
- age   4:    3264440 bytes,    6842696 total
- age   5:     888024 bytes,    7730720 total
- age   6:    2838912 bytes,   10569632 total
- age   7:     241408 bytes,   10811040 total
- age   8:     160752 bytes,   10971792 total
: 98707K->15235K(109248K), 0.0097940 secs] 206176K->122822K(502464K), 0.0099490 secs] [Times: user=0.05 sys=0.00, real=0.01 secs] 
Heap after GC invocations=182 (full 1):
 par new generation   total 109248K, used 15235K [0x00000000d5a00000, 0x00000000dda00000, 0x00000000dda00000)
  eden space 87424K,   0% used [0x00000000d5a00000, 0x00000000d5a00000, 0x00000000daf60000)
  from space 21824K,  69% used [0x00000000dc4b0000, 0x00000000dd390f88, 0x00000000dda00000)
  to   space 21824K,   0% used [0x00000000daf60000, 0x00000000daf60000, 0x00000000dc4b0000)
 concurrent mark-sweep generation total 393216K, used 107586K [0x00000000dda00000, 0x00000000f5a00000, 0x00000000f5a00000)
 concurrent-mark-sweep perm gen total 54228K, used 34877K [0x00000000f5a00000, 0x00000000f8ef5000, 0x0000000100000000)
}
2015-03-18T13:26:30.883-0400: 508093.058: Total time for which application threads were stopped: 0.0104910 seconds
{Heap before GC invocations=182 (full 1):
 par new generation   total 109248K, used 102659K [0x00000000d5a00000, 0x00000000dda00000, 0x00000000dda00000)
  eden space 87424K, 100% used [0x00000000d5a00000, 0x00000000daf60000, 0x00000000daf60000)
  from space 21824K,  69% used [0x00000000dc4b0000, 0x00000000dd390f88, 0x00000000dda00000)
  to   space 21824K,   0% used [0x00000000daf60000, 0x00000000daf60000, 0x00000000dc4b0000)
 concurrent mark-sweep generation total 393216K, used 107586K [0x00000000dda00000, 0x00000000f5a00000, 0x00000000f5a00000)
 concurrent-mark-sweep perm gen total 54228K, used 34877K [0x00000000f5a00000, 0x00000000f8ef5000, 0x0000000100000000)
2015-03-18T13:26:30.909-0400: 508093.085: [GC2015-03-18T13:26:30.909-0400: 508093.085: [ParNew
Desired survivor size 20112992 bytes, new threshold 8 (max 8)
- age   1:    2215208 bytes,    2215208 total
- age   2:     362696 bytes,    2577904 total
- age   3:     799904 bytes,    3377808 total
- age   4:     921544 bytes,    4299352 total
- age   5:    3259512 bytes,    7558864 total
- age   6:     888024 bytes,    8446888 total
- age   7:    2838912 bytes,   11285800 total
- age   8:     241408 bytes,   11527208 total
: 102659K->13937K(109248K), 0.0101330 secs] 210246K->121684K(502464K), 0.0102670 secs] [Times: user=0.05 sys=0.00, real=0.01 secs] 
Heap after GC invocations=183 (full 1):
 par new generation   total 109248K, used 13937K [0x00000000d5a00000, 0x00000000dda00000, 0x00000000dda00000)
  eden space 87424K,   0% used [0x00000000d5a00000, 0x00000000d5a00000, 0x00000000daf60000)
  from space 21824K,  63% used [0x00000000daf60000, 0x00000000dbcfc6c8, 0x00000000dc4b0000)
  to   space 21824K,   0% used [0x00000000dc4b0000, 0x00000000dc4b0000, 0x00000000dda00000)
 concurrent mark-sweep generation total 393216K, used 107746K [0x00000000dda00000, 0x00000000f5a00000, 0x00000000f5a00000)
 concurrent-mark-sweep perm gen total 54228K, used 34877K [0x00000000f5a00000, 0x00000000f8ef5000, 0x0000000100000000)
}
2015-03-18T13:26:30.919-0400: 508093.095: Total time for which application threads were stopped: 0.0107520 seconds
{Heap before GC invocations=183 (full 1):
 par new generation   total 109248K, used 101351K [0x00000000d5a00000, 0x00000000dda00000, 0x00000000dda00000)
  eden space 87424K,  99% used [0x00000000d5a00000, 0x00000000daf5d700, 0x00000000daf60000)
  from space 21824K,  63% used [0x00000000daf60000, 0x00000000dbcfc6c8, 0x00000000dc4b0000)
  to   space 21824K,   0% used [0x00000000dc4b0000, 0x00000000dc4b0000, 0x00000000dda00000)
 concurrent mark-sweep generation total 393216K, used 107746K [0x00000000dda00000, 0x00000000f5a00000, 0x00000000f5a00000)
 concurrent-mark-sweep perm gen total 54228K, used 34878K [0x00000000f5a00000, 0x00000000f8ef5000, 0x0000000100000000)
2015-03-18T13:26:30.946-0400: 508093.121: [GC2015-03-18T13:26:30.946-0400: 508093.121: [ParNew
Desired survivor size 20112992 bytes, new threshold 8 (max 8)
- age   1:    1476424 bytes,    1476424 total
- age   2:     725344 bytes,    2201768 total
- age   3:     362552 bytes,    2564320 total
- age   4:     799488 bytes,    3363808 total
- age   5:     920232 bytes,    4284040 total
- age   6:    3259512 bytes,    7543552 total
- age   7:     888024 bytes,    8431576 total
- age   8:    2838848 bytes,   11270424 total
: 101351K->12489K(109248K), 0.0122620 secs] 209097K->120473K(502464K), 0.0124070 secs] [Times: user=0.06 sys=0.00, real=0.02 secs] 
Heap after GC invocations=184 (full 1):
 par new generation   total 109248K, used 12489K [0x00000000d5a00000, 0x00000000dda00000, 0x00000000dda00000)
  eden space 87424K,   0% used [0x00000000d5a00000, 0x00000000d5a00000, 0x00000000daf60000)
  from space 21824K,  57% used [0x00000000dc4b0000, 0x00000000dd0e2530, 0x00000000dda00000)
  to   space 21824K,   0% used [0x00000000daf60000, 0x00000000daf60000, 0x00000000dc4b0000)
 concurrent mark-sweep generation total 393216K, used 107984K [0x00000000dda00000, 0x00000000f5a00000, 0x00000000f5a00000)
 concurrent-mark-sweep perm gen total 54228K, used 34878K [0x00000000f5a00000, 0x00000000f8ef5000, 0x0000000100000000)
}
2015-03-18T13:26:30.958-0400: 508093.134: Total time for which application threads were stopped: 0.0129200 seconds
{Heap before GC invocations=184 (full 1):
 par new generation   total 109248K, used 99890K [0x00000000d5a00000, 0x00000000dda00000, 0x00000000dda00000)
  eden space 87424K,  99% used [0x00000000d5a00000, 0x00000000daf5a540, 0x00000000daf60000)
  from space 21824K,  57% used [0x00000000dc4b0000, 0x00000000dd0e2530, 0x00000000dda00000)
  to   space 21824K,   0% used [0x00000000daf60000, 0x00000000daf60000, 0x00000000dc4b0000)
 concurrent mark-sweep generation total 393216K, used 107984K [0x00000000dda00000, 0x00000000f5a00000, 0x00000000f5a00000)
 concurrent-mark-sweep perm gen total 54228K, used 34880K [0x00000000f5a00000, 0x00000000f8ef5000, 0x0000000100000000)
2015-03-18T13:26:30.984-0400: 508093.160: [GC2015-03-18T13:26:30.984-0400: 508093.160: [ParNew
Desired survivor size 20112992 bytes, new threshold 8 (max 8)
- age   1:    2177104 bytes,    2177104 total
- age   2:      80872 bytes,    2257976 total
- age   3:     721464 bytes,    2979440 total
- age   4:     362552 bytes,    3341992 total
- age   5:     799488 bytes,    4141480 total
- age   6:     920232 bytes,    5061712 total
- age   7:    3259512 bytes,    8321224 total
- age   8:     888024 bytes,    9209248 total
: 99890K->13440K(109248K), 0.0147580 secs] 207874K->124200K(502464K), 0.0148910 secs] [Times: user=0.06 sys=0.00, real=0.02 secs] 
Heap after GC invocations=185 (full 1):
 par new generation   total 109248K, used 13440K [0x00000000d5a00000, 0x00000000dda00000, 0x00000000dda00000)
  eden space 87424K,   0% used [0x00000000d5a00000, 0x00000000d5a00000, 0x00000000daf60000)
  from space 21824K,  61% used [0x00000000daf60000, 0x00000000dbc802f8, 0x00000000dc4b0000)
  to   space 21824K,   0% used [0x00000000dc4b0000, 0x00000000dc4b0000, 0x00000000dda00000)
 concurrent mark-sweep generation total 393216K, used 110760K [0x00000000dda00000, 0x00000000f5a00000, 0x00000000f5a00000)
 concurrent-mark-sweep perm gen total 54228K, used 34880K [0x00000000f5a00000, 0x00000000f8ef5000, 0x0000000100000000)
}
2015-03-18T13:26:30.999-0400: 508093.175: Total time for which application threads were stopped: 0.0154340 seconds
{Heap before GC invocations=185 (full 1):
 par new generation   total 109248K, used 100864K [0x00000000d5a00000, 0x00000000dda00000, 0x00000000dda00000)
  eden space 87424K, 100% used [0x00000000d5a00000, 0x00000000daf60000, 0x00000000daf60000)
  from space 21824K,  61% used [0x00000000daf60000, 0x00000000dbc802f8, 0x00000000dc4b0000)
  to   space 21824K,   0% used [0x00000000dc4b0000, 0x00000000dc4b0000, 0x00000000dda00000)
 concurrent mark-sweep generation total 393216K, used 110760K [0x00000000dda00000, 0x00000000f5a00000, 0x00000000f5a00000)
 concurrent-mark-sweep perm gen total 54228K, used 34881K [0x00000000f5a00000, 0x00000000f8ef5000, 0x0000000100000000)
2015-03-18T13:26:31.027-0400: 508093.202: [GC2015-03-18T13:26:31.027-0400: 508093.202: [ParNew
Desired survivor size 20112992 bytes, new threshold 8 (max 8)
- age   1:    1923216 bytes,    1923216 total
- age   2:      92152 bytes,    2015368 total
- age   3:      80352 bytes,    2095720 total
- age   4:     721312 bytes,    2817032 total
- age   5:     361848 bytes,    3178880 total
- age   6:     798416 bytes,    3977296 total
- age   7:     918400 bytes,    4895696 total
- age   8:    3238824 bytes,    8134520 total
: 100864K->10606K(109248K), 0.0107040 secs] 211624K->122236K(502464K), 0.0108340 secs] [Times: user=0.05 sys=0.00, real=0.02 secs] 
Heap after GC invocations=186 (full 1):
 par new generation   total 109248K, used 10606K [0x00000000d5a00000, 0x00000000dda00000, 0x00000000dda00000)
  eden space 87424K,   0% used [0x00000000d5a00000, 0x00000000d5a00000, 0x00000000daf60000)
  from space 21824K,  48% used [0x00000000dc4b0000, 0x00000000dcf0b8d0, 0x00000000dda00000)
  to   space 21824K,   0% used [0x00000000daf60000, 0x00000000daf60000, 0x00000000dc4b0000)
 concurrent mark-sweep generation total 393216K, used 111630K [0x00000000dda00000, 0x00000000f5a00000, 0x00000000f5a00000)
 concurrent-mark-sweep perm gen total 54228K, used 34881K [0x00000000f5a00000, 0x00000000f8ef5000, 0x0000000100000000)
}
2015-03-18T13:26:31.038-0400: 508093.213: Total time for which application threads were stopped: 0.0113370 seconds
{Heap before GC invocations=186 (full 1):
 par new generation   total 109248K, used 98030K [0x00000000d5a00000, 0x00000000dda00000, 0x00000000dda00000)
  eden space 87424K, 100% used [0x00000000d5a00000, 0x00000000daf60000, 0x00000000daf60000)
  from space 21824K,  48% used [0x00000000dc4b0000, 0x00000000dcf0b8d0, 0x00000000dda00000)
  to   space 21824K,   0% used [0x00000000daf60000, 0x00000000daf60000, 0x00000000dc4b0000)
 concurrent mark-sweep generation total 393216K, used 111630K [0x00000000dda00000, 0x00000000f5a00000, 0x00000000f5a00000)
 concurrent-mark-sweep perm gen total 54228K, used 34881K [0x00000000f5a00000, 0x00000000f8ef5000, 0x0000000100000000)
2015-03-18T13:26:31.064-0400: 508093.240: [GC2015-03-18T13:26:31.064-0400: 508093.240: [ParNew
Desired survivor size 20112992 bytes, new threshold 8 (max 8)
- age   1:    1869616 bytes,    1869616 total
- age   2:     139656 bytes,    2009272 total
- age   3:      91848 bytes,    2101120 total
- age   4:      80352 bytes,    2181472 total
- age   5:     721312 bytes,    2902784 total
- age   6:     361416 bytes,    3264200 total
- age   7:     798416 bytes,    4062616 total
- age   8:     917856 bytes,    4980472 total
: 98030K->6741K(109248K), 0.0119750 secs] 209660K->121538K(502464K), 0.0121090 secs] [Times: user=0.05 sys=0.00, real=0.01 secs] 
Heap after GC invocations=187 (full 1):
 par new generation   total 109248K, used 6741K [0x00000000d5a00000, 0x00000000dda00000, 0x00000000dda00000)
  eden space 87424K,   0% used [0x00000000d5a00000, 0x00000000d5a00000, 0x00000000daf60000)
  from space 21824K,  30% used [0x00000000daf60000, 0x00000000db5f54c0, 0x00000000dc4b0000)
  to   space 21824K,   0% used [0x00000000dc4b0000, 0x00000000dc4b0000, 0x00000000dda00000)
 concurrent mark-sweep generation total 393216K, used 114797K [0x00000000dda00000, 0x00000000f5a00000, 0x00000000f5a00000)
 concurrent-mark-sweep perm gen total 54228K, used 34881K [0x00000000f5a00000, 0x00000000f8ef5000, 0x0000000100000000)
}
2015-03-18T13:26:31.077-0400: 508093.252: Total time for which application threads were stopped: 0.0126100 seconds
{Heap before GC invocations=187 (full 1):
 par new generation   total 109248K, used 94165K [0x00000000d5a00000, 0x00000000dda00000, 0x00000000dda00000)
  eden space 87424K, 100% used [0x00000000d5a00000, 0x00000000daf60000, 0x00000000daf60000)
  from space 21824K,  30% used [0x00000000daf60000, 0x00000000db5f54c0, 0x00000000dc4b0000)
  to   space 21824K,   0% used [0x00000000dc4b0000, 0x00000000dc4b0000, 0x00000000dda00000)
 concurrent mark-sweep generation total 393216K, used 114797K [0x00000000dda00000, 0x00000000f5a00000, 0x00000000f5a00000)
 concurrent-mark-sweep perm gen total 54228K, used 34881K [0x00000000f5a00000, 0x00000000f8ef5000, 0x0000000100000000)
2015-03-18T13:26:31.103-0400: 508093.278: [GC2015-03-18T13:26:31.103-0400: 508093.278: [ParNew
Desired survivor size 20112992 bytes, new threshold 8 (max 8)
- age   1:    1669504 bytes,    1669504 total
- age   2:     107544 bytes,    1777048 total
- age   3:     139656 bytes,    1916704 total
- age   4:      91848 bytes,    2008552 total
- age   5:      80352 bytes,    2088904 total
- age   6:     721096 bytes,    2810000 total
- age   7:     361416 bytes,    3171416 total
- age   8:     798144 bytes,    3969560 total
: 94165K->5894K(109248K), 0.0068810 secs] 208962K->121591K(502464K), 0.0070170 secs] [Times: user=0.03 sys=0.00, real=0.01 secs] 
Heap after GC invocations=188 (full 1):
 par new generation   total 109248K, used 5894K [0x00000000d5a00000, 0x00000000dda00000, 0x00000000dda00000)
  eden space 87424K,   0% used [0x00000000d5a00000, 0x00000000d5a00000, 0x00000000daf60000)
  from space 21824K,  27% used [0x00000000dc4b0000, 0x00000000dca71b80, 0x00000000dda00000)
  to   space 21824K,   0% used [0x00000000daf60000, 0x00000000daf60000, 0x00000000dc4b0000)
 concurrent mark-sweep generation total 393216K, used 115696K [0x00000000dda00000, 0x00000000f5a00000, 0x00000000f5a00000)
 concurrent-mark-sweep perm gen total 54228K, used 34881K [0x00000000f5a00000, 0x00000000f8ef5000, 0x0000000100000000)
}
2015-03-18T13:26:31.110-0400: 508093.285: Total time for which application threads were stopped: 0.0075170 seconds
{Heap before GC invocations=188 (full 1):
 par new generation   total 109248K, used 93311K [0x00000000d5a00000, 0x00000000dda00000, 0x00000000dda00000)
  eden space 87424K,  99% used [0x00000000d5a00000, 0x00000000daf5e1c0, 0x00000000daf60000)
  from space 21824K,  27% used [0x00000000dc4b0000, 0x00000000dca71b80, 0x00000000dda00000)
  to   space 21824K,   0% used [0x00000000daf60000, 0x00000000daf60000, 0x00000000dc4b0000)
 concurrent mark-sweep generation total 393216K, used 115696K [0x00000000dda00000, 0x00000000f5a00000, 0x00000000f5a00000)
 concurrent-mark-sweep perm gen total 54228K, used 34881K [0x00000000f5a00000, 0x00000000f8ef5000, 0x0000000100000000)
2015-03-18T13:26:31.134-0400: 508093.310: [GC2015-03-18T13:26:31.134-0400: 508093.310: [ParNew
Desired survivor size 20112992 bytes, new threshold 8 (max 8)
- age   1:    1112856 bytes,    1112856 total
- age   2:      94848 bytes,    1207704 total
- age   3:     107544 bytes,    1315248 total
- age   4:     139512 bytes,    1454760 total
- age   5:      91848 bytes,    1546608 total
- age   6:      80352 bytes,    1626960 total
- age   7:     721120 bytes,    2348080 total
- age   8:     361416 bytes,    2709496 total
: 93311K->3412K(109248K), 0.0063420 secs] 209007K->119890K(502464K), 0.0064630 secs] [Times: user=0.04 sys=0.00, real=0.01 secs] 
Heap after GC invocations=189 (full 1):
 par new generation   total 109248K, used 3412K [0x00000000d5a00000, 0x00000000dda00000, 0x00000000dda00000)
  eden space 87424K,   0% used [0x00000000d5a00000, 0x00000000d5a00000, 0x00000000daf60000)
  from space 21824K,  15% used [0x00000000daf60000, 0x00000000db2b5000, 0x00000000dc4b0000)
  to   space 21824K,   0% used [0x00000000dc4b0000, 0x00000000dc4b0000, 0x00000000dda00000)
 concurrent mark-sweep generation total 393216K, used 116478K [0x00000000dda00000, 0x00000000f5a00000, 0x00000000f5a00000)
 concurrent-mark-sweep perm gen total 54228K, used 34881K [0x00000000f5a00000, 0x00000000f8ef5000, 0x0000000100000000)
}
2015-03-18T13:26:31.141-0400: 508093.316: Total time for which application threads were stopped: 0.0069640 seconds
{Heap before GC invocations=189 (full 1):
 par new generation   total 109248K, used 90836K [0x00000000d5a00000, 0x00000000dda00000, 0x00000000dda00000)
  eden space 87424K, 100% used [0x00000000d5a00000, 0x00000000daf60000, 0x00000000daf60000)
  from space 21824K,  15% used [0x00000000daf60000, 0x00000000db2b5000, 0x00000000dc4b0000)
  to   space 21824K,   0% used [0x00000000dc4b0000, 0x00000000dc4b0000, 0x00000000dda00000)
 concurrent mark-sweep generation total 393216K, used 116478K [0x00000000dda00000, 0x00000000f5a00000, 0x00000000f5a00000)
 concurrent-mark-sweep perm gen total 54228K, used 34881K [0x00000000f5a00000, 0x00000000f8ef5000, 0x0000000100000000)
2015-03-18T13:26:31.166-0400: 508093.341: [GC2015-03-18T13:26:31.166-0400: 508093.341: [ParNew
Desired survivor size 20112992 bytes, new threshold 8 (max 8)
- age   1:    1708224 bytes,    1708224 total
- age   2:      89600 bytes,    1797824 total
- age   3:      94696 bytes,    1892520 total
- age   4:     107544 bytes,    2000064 total
- age   5:     139512 bytes,    2139576 total
- age   6:      91632 bytes,    2231208 total
- age   7:      80352 bytes,    2311560 total
- age   8:     720824 bytes,    3032384 total
: 90836K->4219K(109248K), 0.0050040 secs] 207314K->121052K(502464K), 0.0051510 secs] [Times: user=0.02 sys=0.00, real=0.01 secs] 
Heap after GC invocations=190 (full 1):
 par new generation   total 109248K, used 4219K [0x00000000d5a00000, 0x00000000dda00000, 0x00000000dda00000)
  eden space 87424K,   0% used [0x00000000d5a00000, 0x00000000d5a00000, 0x00000000daf60000)
  from space 21824K,  19% used [0x00000000dc4b0000, 0x00000000dc8ced00, 0x00000000dda00000)
  to   space 21824K,   0% used [0x00000000daf60000, 0x00000000daf60000, 0x00000000dc4b0000)
 concurrent mark-sweep generation total 393216K, used 116833K [0x00000000dda00000, 0x00000000f5a00000, 0x00000000f5a00000)
 concurrent-mark-sweep perm gen total 54228K, used 34881K [0x00000000f5a00000, 0x00000000f8ef5000, 0x0000000100000000)
}
2015-03-18T13:26:31.171-0400: 508093.346: Total time for which application threads were stopped: 0.0057270 seconds
{Heap before GC invocations=190 (full 1):
 par new generation   total 109248K, used 91641K [0x00000000d5a00000, 0x00000000dda00000, 0x00000000dda00000)
  eden space 87424K,  99% used [0x00000000d5a00000, 0x00000000daf5f8a8, 0x00000000daf60000)
  from space 21824K,  19% used [0x00000000dc4b0000, 0x00000000dc8ced00, 0x00000000dda00000)
  to   space 21824K,   0% used [0x00000000daf60000, 0x00000000daf60000, 0x00000000dc4b0000)
 concurrent mark-sweep generation total 393216K, used 116833K [0x00000000dda00000, 0x00000000f5a00000, 0x00000000f5a00000)
 concurrent-mark-sweep perm gen total 54228K, used 34881K [0x00000000f5a00000, 0x00000000f8ef5000, 0x0000000100000000)
2015-03-18T13:26:31.196-0400: 508093.371: [GC2015-03-18T13:26:31.196-0400: 508093.371: [ParNew
Desired survivor size 20112992 bytes, new threshold 8 (max 8)
- age   1:    2358448 bytes,    2358448 total
- age   2:      84064 bytes,    2442512 total
- age   3:      89600 bytes,    2532112 total
- age   4:      94696 bytes,    2626808 total
- age   5:     107544 bytes,    2734352 total
- age   6:     139296 bytes,    2873648 total
- age   7:      91200 bytes,    2964848 total
- age   8:      79808 bytes,    3044656 total
: 91641K->3854K(109248K), 0.0055360 secs] 208475K->121394K(502464K), 0.0056450 secs] [Times: user=0.03 sys=0.00, real=0.01 secs] 
Heap after GC invocations=191 (full 1):
 par new generation   total 109248K, used 3854K [0x00000000d5a00000, 0x00000000dda00000, 0x00000000dda00000)
  eden space 87424K,   0% used [0x00000000d5a00000, 0x00000000d5a00000, 0x00000000daf60000)
  from space 21824K,  17% used [0x00000000daf60000, 0x00000000db323b40, 0x00000000dc4b0000)
  to   space 21824K,   0% used [0x00000000dc4b0000, 0x00000000dc4b0000, 0x00000000dda00000)
 concurrent mark-sweep generation total 393216K, used 117539K [0x00000000dda00000, 0x00000000f5a00000, 0x00000000f5a00000)
 concurrent-mark-sweep perm gen total 54228K, used 34881K [0x00000000f5a00000, 0x00000000f8ef5000, 0x0000000100000000)
}
2015-03-18T13:26:31.202-0400: 508093.377: Total time for which application threads were stopped: 0.0061530 seconds
{Heap before GC invocations=191 (full 1):
 par new generation   total 109248K, used 91278K [0x00000000d5a00000, 0x00000000dda00000, 0x00000000dda00000)
  eden space 87424K, 100% used [0x00000000d5a00000, 0x00000000daf60000, 0x00000000daf60000)
  from space 21824K,  17% used [0x00000000daf60000, 0x00000000db323b40, 0x00000000dc4b0000)
  to   space 21824K,   0% used [0x00000000dc4b0000, 0x00000000dc4b0000, 0x00000000dda00000)
 concurrent mark-sweep generation total 393216K, used 117539K [0x00000000dda00000, 0x00000000f5a00000, 0x00000000f5a00000)
 concurrent-mark-sweep perm gen total 54228K, used 34881K [0x00000000f5a00000, 0x00000000f8ef5000, 0x0000000100000000)
2015-03-18T13:26:31.226-0400: 508093.401: [GC2015-03-18T13:26:31.226-0400: 508093.401: [ParNew
Desired survivor size 20112992 bytes, new threshold 8 (max 8)
- age   1:    2466120 bytes,    2466120 total
- age   2:      82064 bytes,    2548184 total
- age   3:      83992 bytes,    2632176 total
- age   4:      89528 bytes,    2721704 total
- age   5:      94624 bytes,    2816328 total
- age   6:     106920 bytes,    2923248 total
- age   7:     139224 bytes,    3062472 total
- age   8:      90832 bytes,    3153304 total
: 91278K->4652K(109248K), 0.0051850 secs] 208818K->122271K(502464K), 0.0053220 secs] [Times: user=0.02 sys=0.00, real=0.01 secs] 
Heap after GC invocations=192 (full 1):
 par new generation   total 109248K, used 4652K [0x00000000d5a00000, 0x00000000dda00000, 0x00000000dda00000)
  eden space 87424K,   0% used [0x00000000d5a00000, 0x00000000d5a00000, 0x00000000daf60000)
  from space 21824K,  21% used [0x00000000dc4b0000, 0x00000000dc93b030, 0x00000000dda00000)
  to   space 21824K,   0% used [0x00000000daf60000, 0x00000000daf60000, 0x00000000dc4b0000)
 concurrent mark-sweep generation total 393216K, used 117619K [0x00000000dda00000, 0x00000000f5a00000, 0x00000000f5a00000)
 concurrent-mark-sweep perm gen total 54228K, used 34881K [0x00000000f5a00000, 0x00000000f8ef5000, 0x0000000100000000)
}
2015-03-18T13:26:31.231-0400: 508093.407: Total time for which application threads were stopped: 0.0058280 seconds
{Heap before GC invocations=192 (full 1):
 par new generation   total 109248K, used 92076K [0x00000000d5a00000, 0x00000000dda00000, 0x00000000dda00000)
  eden space 87424K, 100% used [0x00000000d5a00000, 0x00000000daf60000, 0x00000000daf60000)
  from space 21824K,  21% used [0x00000000dc4b0000, 0x00000000dc93b030, 0x00000000dda00000)
  to   space 21824K,   0% used [0x00000000daf60000, 0x00000000daf60000, 0x00000000dc4b0000)
 concurrent mark-sweep generation total 393216K, used 117619K [0x00000000dda00000, 0x00000000f5a00000, 0x00000000f5a00000)
 concurrent-mark-sweep perm gen total 54228K, used 34881K [0x00000000f5a00000, 0x00000000f8ef5000, 0x0000000100000000)
2015-03-18T13:26:31.253-0400: 508093.429: [GC2015-03-18T13:26:31.253-0400: 508093.429: [ParNew
Desired survivor size 20112992 bytes, new threshold 8 (max 8)
- age   1:    2224096 bytes,    2224096 total
- age   2:     128024 bytes,    2352120 total
- age   3:      81992 bytes,    2434112 total
- age   4:      83920 bytes,    2518032 total
- age   5:      89456 bytes,    2607488 total
- age   6:      94552 bytes,    2702040 total
- age   7:     106320 bytes,    2808360 total
- age   8:     139152 bytes,    2947512 total
: 92076K->3586K(109248K), 0.0050340 secs] 209695K->121295K(502464K), 0.0051470 secs] [Times: user=0.03 sys=0.00, real=0.01 secs] 
Heap after GC invocations=193 (full 1):
 par new generation   total 109248K, used 3586K [0x00000000d5a00000, 0x00000000dda00000, 0x00000000dda00000)
  eden space 87424K,   0% used [0x00000000d5a00000, 0x00000000d5a00000, 0x00000000daf60000)
  from space 21824K,  16% used [0x00000000daf60000, 0x00000000db2e0810, 0x00000000dc4b0000)
  to   space 21824K,   0% used [0x00000000dc4b0000, 0x00000000dc4b0000, 0x00000000dda00000)
 concurrent mark-sweep generation total 393216K, used 117709K [0x00000000dda00000, 0x00000000f5a00000, 0x00000000f5a00000)
 concurrent-mark-sweep perm gen total 54228K, used 34881K [0x00000000f5a00000, 0x00000000f8ef5000, 0x0000000100000000)
}
2015-03-18T13:26:31.259-0400: 508093.434: Total time for which application threads were stopped: 0.0057070 seconds
{Heap before GC invocations=193 (full 1):
 par new generation   total 109248K, used 91010K [0x00000000d5a00000, 0x00000000dda00000, 0x00000000dda00000)
  eden space 87424K, 100% used [0x00000000d5a00000, 0x00000000daf60000, 0x00000000daf60000)
  from space 21824K,  16% used [0x00000000daf60000, 0x00000000db2e0810, 0x00000000dc4b0000)
  to   space 21824K,   0% used [0x00000000dc4b0000, 0x00000000dc4b0000, 0x00000000dda00000)
 concurrent mark-sweep generation total 393216K, used 117709K [0x00000000dda00000, 0x00000000f5a00000, 0x00000000f5a00000)
 concurrent-mark-sweep perm gen total 54228K, used 34882K [0x00000000f5a00000, 0x00000000f8ef5000, 0x0000000100000000)
2015-03-18T13:26:31.280-0400: 508093.456: [GC2015-03-18T13:26:31.281-0400: 508093.456: [ParNew
Desired survivor size 20112992 bytes, new threshold 8 (max 8)
- age   1:    2133896 bytes,    2133896 total
- age   2:     367016 bytes,    2500912 total
- age   3:     127952 bytes,    2628864 total
- age   4:      81920 bytes,    2710784 total
- age   5:      83848 bytes,    2794632 total
- age   6:      89360 bytes,    2883992 total
- age   7:      94168 bytes,    2978160 total
- age   8:     106272 bytes,    3084432 total
: 91010K->4405K(109248K), 0.0043900 secs] 208719K->122252K(502464K), 0.0045020 secs] [Times: user=0.02 sys=0.00, real=0.00 secs] 
Heap after GC invocations=194 (full 1):
 par new generation   total 109248K, used 4405K [0x00000000d5a00000, 0x00000000dda00000, 0x00000000dda00000)
  eden space 87424K,   0% used [0x00000000d5a00000, 0x00000000d5a00000, 0x00000000daf60000)
  from space 21824K,  20% used [0x00000000dc4b0000, 0x00000000dc8fd610, 0x00000000dda00000)
  to   space 21824K,   0% used [0x00000000daf60000, 0x00000000daf60000, 0x00000000dc4b0000)
 concurrent mark-sweep generation total 393216K, used 117847K [0x00000000dda00000, 0x00000000f5a00000, 0x00000000f5a00000)
 concurrent-mark-sweep perm gen total 54228K, used 34882K [0x00000000f5a00000, 0x00000000f8ef5000, 0x0000000100000000)
}
2015-03-18T13:26:31.285-0400: 508093.461: Total time for which application threads were stopped: 0.0050050 seconds
{Heap before GC invocations=194 (full 1):
 par new generation   total 109248K, used 91829K [0x00000000d5a00000, 0x00000000dda00000, 0x00000000dda00000)
  eden space 87424K, 100% used [0x00000000d5a00000, 0x00000000daf60000, 0x00000000daf60000)
  from space 21824K,  20% used [0x00000000dc4b0000, 0x00000000dc8fd610, 0x00000000dda00000)
  to   space 21824K,   0% used [0x00000000daf60000, 0x00000000daf60000, 0x00000000dc4b0000)
 concurrent mark-sweep generation total 393216K, used 117847K [0x00000000dda00000, 0x00000000f5a00000, 0x00000000f5a00000)
 concurrent-mark-sweep perm gen total 54228K, used 34882K [0x00000000f5a00000, 0x00000000f8ef5000, 0x0000000100000000)
2015-03-18T13:26:31.308-0400: 508093.484: [GC2015-03-18T13:26:31.309-0400: 508093.484: [ParNew
Desired survivor size 20112992 bytes, new threshold 8 (max 8)
- age   1:     977464 bytes,     977464 total
- age   2:     637464 bytes,    1614928 total
- age   3:     366920 bytes,    1981848 total
- age   4:     127856 bytes,    2109704 total
- age   5:      81848 bytes,    2191552 total
- age   6:      83224 bytes,    2274776 total
- age   7:      89016 bytes,    2363792 total
- age   8:      94096 bytes,    2457888 total
: 91829K->3078K(109248K), 0.0042170 secs] 209676K->121030K(502464K), 0.0043190 secs] [Times: user=0.02 sys=0.00, real=0.00 secs] 
Heap after GC invocations=195 (full 1):
 par new generation   total 109248K, used 3078K [0x00000000d5a00000, 0x00000000dda00000, 0x00000000dda00000)
  eden space 87424K,   0% used [0x00000000d5a00000, 0x00000000d5a00000, 0x00000000daf60000)
  from space 21824K,  14% used [0x00000000daf60000, 0x00000000db261858, 0x00000000dc4b0000)
  to   space 21824K,   0% used [0x00000000dc4b0000, 0x00000000dc4b0000, 0x00000000dda00000)
 concurrent mark-sweep generation total 393216K, used 117952K [0x00000000dda00000, 0x00000000f5a00000, 0x00000000f5a00000)
 concurrent-mark-sweep perm gen total 54228K, used 34882K [0x00000000f5a00000, 0x00000000f8ef5000, 0x0000000100000000)
}
2015-03-18T13:26:31.313-0400: 508093.488: Total time for which application threads were stopped: 0.0049400 seconds
{Heap before GC invocations=195 (full 1):
 par new generation   total 109248K, used 90502K [0x00000000d5a00000, 0x00000000dda00000, 0x00000000dda00000)
  eden space 87424K, 100% used [0x00000000d5a00000, 0x00000000daf60000, 0x00000000daf60000)
  from space 21824K,  14% used [0x00000000daf60000, 0x00000000db261858, 0x00000000dc4b0000)
  to   space 21824K,   0% used [0x00000000dc4b0000, 0x00000000dc4b0000, 0x00000000dda00000)
 concurrent mark-sweep generation total 393216K, used 117952K [0x00000000dda00000, 0x00000000f5a00000, 0x00000000f5a00000)
 concurrent-mark-sweep perm gen total 54228K, used 34883K [0x00000000f5a00000, 0x00000000f8ef5000, 0x0000000100000000)
2015-03-18T13:26:31.351-0400: 508093.527: [GC2015-03-18T13:26:31.351-0400: 508093.527: [ParNew
Desired survivor size 20112992 bytes, new threshold 8 (max 8)
- age   1:     428288 bytes,     428288 total
- age   2:     402992 bytes,     831280 total
- age   3:     637104 bytes,    1468384 total
- age   4:     366584 bytes,    1834968 total
- age   5:     127256 bytes,    1962224 total
- age   6:      80624 bytes,    2042848 total
- age   7:      82960 bytes,    2125808 total
- age   8:      88752 bytes,    2214560 total
: 90502K->3359K(109248K), 0.0043790 secs] 208454K->121406K(502464K), 0.0045060 secs] [Times: user=0.03 sys=0.00, real=0.00 secs] 
Heap after GC invocations=196 (full 1):
 par new generation   total 109248K, used 3359K [0x00000000d5a00000, 0x00000000dda00000, 0x00000000dda00000)
  eden space 87424K,   0% used [0x00000000d5a00000, 0x00000000d5a00000, 0x00000000daf60000)
  from space 21824K,  15% used [0x00000000dc4b0000, 0x00000000dc7f7fd0, 0x00000000dda00000)
  to   space 21824K,   0% used [0x00000000daf60000, 0x00000000daf60000, 0x00000000dc4b0000)
 concurrent mark-sweep generation total 393216K, used 118046K [0x00000000dda00000, 0x00000000f5a00000, 0x00000000f5a00000)
 concurrent-mark-sweep perm gen total 54228K, used 34883K [0x00000000f5a00000, 0x00000000f8ef5000, 0x0000000100000000)
}
2015-03-18T13:26:31.356-0400: 508093.531: Total time for which application threads were stopped: 0.0050070 seconds
2015-03-18T13:26:31.373-0400: 508093.549: Total time for which application threads were stopped: 0.0003900 seconds
2015-03-18T13:26:31.374-0400: 508093.550: Total time for which application threads were stopped: 0.0002470 seconds
2015-03-18T13:26:31.449-0400: 508093.624: Total time for which application threads were stopped: 0.0006900 seconds
2015-03-18T13:26:31.451-0400: 508093.627: Total time for which application threads were stopped: 0.0003020 seconds
2015-03-18T13:26:31.452-0400: 508093.627: Total time for which application threads were stopped: 0.0002520 seconds
2015-03-18T13:26:31.452-0400: 508093.628: Total time for which application threads were stopped: 0.0002380 seconds
{Heap before GC invocations=196 (full 1):
 par new generation   total 109248K, used 90778K [0x00000000d5a00000, 0x00000000dda00000, 0x00000000dda00000)
  eden space 87424K,  99% used [0x00000000d5a00000, 0x00000000daf5e878, 0x00000000daf60000)
  from space 21824K,  15% used [0x00000000dc4b0000, 0x00000000dc7f7fd0, 0x00000000dda00000)
  to   space 21824K,   0% used [0x00000000daf60000, 0x00000000daf60000, 0x00000000dc4b0000)
 concurrent mark-sweep generation total 393216K, used 118046K [0x00000000dda00000, 0x00000000f5a00000, 0x00000000f5a00000)
 concurrent-mark-sweep perm gen total 54228K, used 34888K [0x00000000f5a00000, 0x00000000f8ef5000, 0x0000000100000000)
2015-03-18T13:26:31.456-0400: 508093.632: [GC2015-03-18T13:26:31.456-0400: 508093.632: [ParNew
Desired survivor size 20112992 bytes, new threshold 8 (max 8)
- age   1:    3322792 bytes,    3322792 total
- age   2:     251488 bytes,    3574280 total
- age   3:     269288 bytes,    3843568 total
- age   4:     633952 bytes,    4477520 total
- age   5:     366080 bytes,    4843600 total
- age   6:     127136 bytes,    4970736 total
- age   7:      80456 bytes,    5051192 total
- age   8:      82792 bytes,    5133984 total
: 90778K->5508K(109248K), 0.0064360 secs] 208824K->123643K(502464K), 0.0065490 secs] [Times: user=0.03 sys=0.00, real=0.01 secs] 
Heap after GC invocations=197 (full 1):
 par new generation   total 109248K, used 5508K [0x00000000d5a00000, 0x00000000dda00000, 0x00000000dda00000)
  eden space 87424K,   0% used [0x00000000d5a00000, 0x00000000d5a00000, 0x00000000daf60000)
  from space 21824K,  25% used [0x00000000daf60000, 0x00000000db4c1348, 0x00000000dc4b0000)
  to   space 21824K,   0% used [0x00000000dc4b0000, 0x00000000dc4b0000, 0x00000000dda00000)
 concurrent mark-sweep generation total 393216K, used 118134K [0x00000000dda00000, 0x00000000f5a00000, 0x00000000f5a00000)
 concurrent-mark-sweep perm gen total 54228K, used 34888K [0x00000000f5a00000, 0x00000000f8ef5000, 0x0000000100000000)
}
2015-03-18T13:26:31.463-0400: 508093.638: Total time for which application threads were stopped: 0.0069050 seconds
2015-03-18T13:26:31.465-0400: 508093.640: Total time for which application threads were stopped: 0.0003410 seconds
{Heap before GC invocations=197 (full 1):
 par new generation   total 109248K, used 92922K [0x00000000d5a00000, 0x00000000dda00000, 0x00000000dda00000)
  eden space 87424K,  99% used [0x00000000d5a00000, 0x00000000daf5d810, 0x00000000daf60000)
  from space 21824K,  25% used [0x00000000daf60000, 0x00000000db4c1348, 0x00000000dc4b0000)
  to   space 21824K,   0% used [0x00000000dc4b0000, 0x00000000dc4b0000, 0x00000000dda00000)
 concurrent mark-sweep generation total 393216K, used 118134K [0x00000000dda00000, 0x00000000f5a00000, 0x00000000f5a00000)
 concurrent-mark-sweep perm gen total 54228K, used 34889K [0x00000000f5a00000, 0x00000000f8ef5000, 0x0000000100000000)
2015-03-18T13:26:31.517-0400: 508093.692: [GC2015-03-18T13:26:31.517-0400: 508093.692: [ParNew
Desired survivor size 20112992 bytes, new threshold 8 (max 8)
- age   1:    1349488 bytes,    1349488 total
- age   2:    3096352 bytes,    4445840 total
- age   3:     251488 bytes,    4697328 total
- age   4:     269288 bytes,    4966616 total
- age   5:     633912 bytes,    5600528 total
- age   6:     366080 bytes,    5966608 total
- age   7:     127296 bytes,    6093904 total
- age   8:      80456 bytes,    6174360 total
: 92922K->8606K(109248K), 0.0068370 secs] 211057K->126823K(502464K), 0.0069720 secs] [Times: user=0.04 sys=0.00, real=0.01 secs] 
Heap after GC invocations=198 (full 1):
 par new generation   total 109248K, used 8606K [0x00000000d5a00000, 0x00000000dda00000, 0x00000000dda00000)
  eden space 87424K,   0% used [0x00000000d5a00000, 0x00000000d5a00000, 0x00000000daf60000)
  from space 21824K,  39% used [0x00000000dc4b0000, 0x00000000dcd17828, 0x00000000dda00000)
  to   space 21824K,   0% used [0x00000000daf60000, 0x00000000daf60000, 0x00000000dc4b0000)
 concurrent mark-sweep generation total 393216K, used 118217K [0x00000000dda00000, 0x00000000f5a00000, 0x00000000f5a00000)
 concurrent-mark-sweep perm gen total 54228K, used 34889K [0x00000000f5a00000, 0x00000000f8ef5000, 0x0000000100000000)
}
2015-03-18T13:26:31.524-0400: 508093.699: Total time for which application threads were stopped: 0.0074480 seconds
{Heap before GC invocations=198 (full 1):
 par new generation   total 109248K, used 96030K [0x00000000d5a00000, 0x00000000dda00000, 0x00000000dda00000)
  eden space 87424K, 100% used [0x00000000d5a00000, 0x00000000daf60000, 0x00000000daf60000)
  from space 21824K,  39% used [0x00000000dc4b0000, 0x00000000dcd17828, 0x00000000dda00000)
  to   space 21824K,   0% used [0x00000000daf60000, 0x00000000daf60000, 0x00000000dc4b0000)
 concurrent mark-sweep generation total 393216K, used 118217K [0x00000000dda00000, 0x00000000f5a00000, 0x00000000f5a00000)
 concurrent-mark-sweep perm gen total 54228K, used 34890K [0x00000000f5a00000, 0x00000000f8ef5000, 0x0000000100000000)
2015-03-18T13:26:31.552-0400: 508093.727: [GC2015-03-18T13:26:31.552-0400: 508093.727: [ParNew
Desired survivor size 20112992 bytes, new threshold 8 (max 8)
- age   1:    2247160 bytes,    2247160 total
- age   2:    1148064 bytes,    3395224 total
- age   3:    3095192 bytes,    6490416 total
- age   4:     251328 bytes,    6741744 total
- age   5:     269248 bytes,    7010992 total
- age   6:     633912 bytes,    7644904 total
- age   7:     366080 bytes,    8010984 total
- age   8:     127136 bytes,    8138120 total
: 96030K->10456K(109248K), 0.0081420 secs] 214247K->128753K(502464K), 0.0082640 secs] [Times: user=0.03 sys=0.00, real=0.01 secs] 
Heap after GC invocations=199 (full 1):
 par new generation   total 109248K, used 10456K [0x00000000d5a00000, 0x00000000dda00000, 0x00000000dda00000)
  eden space 87424K,   0% used [0x00000000d5a00000, 0x00000000d5a00000, 0x00000000daf60000)
  from space 21824K,  47% used [0x00000000daf60000, 0x00000000db9960a8, 0x00000000dc4b0000)
  to   space 21824K,   0% used [0x00000000dc4b0000, 0x00000000dc4b0000, 0x00000000dda00000)
 concurrent mark-sweep generation total 393216K, used 118297K [0x00000000dda00000, 0x00000000f5a00000, 0x00000000f5a00000)
 concurrent-mark-sweep perm gen total 54228K, used 34890K [0x00000000f5a00000, 0x00000000f8ef5000, 0x0000000100000000)
}
2015-03-18T13:26:31.560-0400: 508093.736: Total time for which application threads were stopped: 0.0088270 seconds
{Heap before GC invocations=199 (full 1):
 par new generation   total 109248K, used 97880K [0x00000000d5a00000, 0x00000000dda00000, 0x00000000dda00000)
  eden space 87424K, 100% used [0x00000000d5a00000, 0x00000000daf60000, 0x00000000daf60000)
  from space 21824K,  47% used [0x00000000daf60000, 0x00000000db9960a8, 0x00000000dc4b0000)
  to   space 21824K,   0% used [0x00000000dc4b0000, 0x00000000dc4b0000, 0x00000000dda00000)
 concurrent mark-sweep generation total 393216K, used 118297K [0x00000000dda00000, 0x00000000f5a00000, 0x00000000f5a00000)
 concurrent-mark-sweep perm gen total 54228K, used 34891K [0x00000000f5a00000, 0x00000000f8ef5000, 0x0000000100000000)
2015-03-18T13:26:31.591-0400: 508093.767: [GC2015-03-18T13:26:31.591-0400: 508093.767: [ParNew
Desired survivor size 20112992 bytes, new threshold 8 (max 8)
- age   1:    1224376 bytes,    1224376 total
- age   2:    1729208 bytes,    2953584 total
- age   3:    1144816 bytes,    4098400 total
- age   4:    3095120 bytes,    7193520 total
- age   5:     251328 bytes,    7444848 total
- age   6:     269248 bytes,    7714096 total
- age   7:     633912 bytes,    8348008 total
- age   8:     366080 bytes,    8714088 total
: 97880K->10404K(109248K), 0.0082690 secs] 216177K->128828K(502464K), 0.0083890 secs] [Times: user=0.03 sys=0.00, real=0.01 secs] 
Heap after GC invocations=200 (full 1):
 par new generation   total 109248K, used 10404K [0x00000000d5a00000, 0x00000000dda00000, 0x00000000dda00000)
  eden space 87424K,   0% used [0x00000000d5a00000, 0x00000000d5a00000, 0x00000000daf60000)
  from space 21824K,  47% used [0x00000000dc4b0000, 0x00000000dced92d8, 0x00000000dda00000)
  to   space 21824K,   0% used [0x00000000daf60000, 0x00000000daf60000, 0x00000000dc4b0000)
 concurrent mark-sweep generation total 393216K, used 118424K [0x00000000dda00000, 0x00000000f5a00000, 0x00000000f5a00000)
 concurrent-mark-sweep perm gen total 54228K, used 34891K [0x00000000f5a00000, 0x00000000f8ef5000, 0x0000000100000000)
}
2015-03-18T13:26:31.600-0400: 508093.775: Total time for which application threads were stopped: 0.0091400 seconds
2015-03-18T13:26:31.627-0400: 508093.803: Total time for which application threads were stopped: 0.0005120 seconds
{Heap before GC invocations=200 (full 1):
 par new generation   total 109248K, used 97828K [0x00000000d5a00000, 0x00000000dda00000, 0x00000000dda00000)
  eden space 87424K, 100% used [0x00000000d5a00000, 0x00000000daf60000, 0x00000000daf60000)
  from space 21824K,  47% used [0x00000000dc4b0000, 0x00000000dced92d8, 0x00000000dda00000)
  to   space 21824K,   0% used [0x00000000daf60000, 0x00000000daf60000, 0x00000000dc4b0000)
 concurrent mark-sweep generation total 393216K, used 118424K [0x00000000dda00000, 0x00000000f5a00000, 0x00000000f5a00000)
 concurrent-mark-sweep perm gen total 54228K, used 34891K [0x00000000f5a00000, 0x00000000f8ef5000, 0x0000000100000000)
2015-03-18T13:26:31.637-0400: 508093.813: [GC2015-03-18T13:26:31.638-0400: 508093.813: [ParNew
Desired survivor size 20112992 bytes, new threshold 8 (max 8)
- age   1:    5032992 bytes,    5032992 total
- age   2:     328296 bytes,    5361288 total
- age   3:    1728800 bytes,    7090088 total
- age   4:    1144648 bytes,    8234736 total
- age   5:    3095080 bytes,   11329816 total
- age   6:     251328 bytes,   11581144 total
- age   7:     269248 bytes,   11850392 total
- age   8:     633912 bytes,   12484304 total
: 97828K->14656K(109248K), 0.0112160 secs] 216252K->133440K(502464K), 0.0113650 secs] [Times: user=0.05 sys=0.00, real=0.01 secs] 
Heap after GC invocations=201 (full 1):
 par new generation   total 109248K, used 14656K [0x00000000d5a00000, 0x00000000dda00000, 0x00000000dda00000)
  eden space 87424K,   0% used [0x00000000d5a00000, 0x00000000d5a00000, 0x00000000daf60000)
  from space 21824K,  67% used [0x00000000daf60000, 0x00000000dbdb01c0, 0x00000000dc4b0000)
  to   space 21824K,   0% used [0x00000000dc4b0000, 0x00000000dc4b0000, 0x00000000dda00000)
 concurrent mark-sweep generation total 393216K, used 118784K [0x00000000dda00000, 0x00000000f5a00000, 0x00000000f5a00000)
 concurrent-mark-sweep perm gen total 54228K, used 34891K [0x00000000f5a00000, 0x00000000f8ef5000, 0x0000000100000000)
}
2015-03-18T13:26:31.649-0400: 508093.825: Total time for which application threads were stopped: 0.0119740 seconds
{Heap before GC invocations=201 (full 1):
 par new generation   total 109248K, used 102054K [0x00000000d5a00000, 0x00000000dda00000, 0x00000000dda00000)
  eden space 87424K,  99% used [0x00000000d5a00000, 0x00000000daf597d0, 0x00000000daf60000)
  from space 21824K,  67% used [0x00000000daf60000, 0x00000000dbdb01c0, 0x00000000dc4b0000)
  to   space 21824K,   0% used [0x00000000dc4b0000, 0x00000000dc4b0000, 0x00000000dda00000)
 concurrent mark-sweep generation total 393216K, used 118784K [0x00000000dda00000, 0x00000000f5a00000, 0x00000000f5a00000)
 concurrent-mark-sweep perm gen total 54228K, used 34891K [0x00000000f5a00000, 0x00000000f8ef5000, 0x0000000100000000)
2015-03-18T13:26:31.678-0400: 508093.853: [GC2015-03-18T13:26:31.678-0400: 508093.853: [ParNew
Desired survivor size 20112992 bytes, new threshold 8 (max 8)
- age   1:    2237808 bytes,    2237808 total
- age   2:    4161240 bytes,    6399048 total
- age   3:     328080 bytes,    6727128 total
- age   4:    1728528 bytes,    8455656 total
- age   5:    1139720 bytes,    9595376 total
- age   6:    3084288 bytes,   12679664 total
- age   7:     251328 bytes,   12930992 total
- age   8:     269248 bytes,   13200240 total
: 102054K->16463K(109248K), 0.0115160 secs] 220838K->135869K(502464K), 0.0116570 secs] [Times: user=0.05 sys=0.00, real=0.01 secs] 
Heap after GC invocations=202 (full 1):
 par new generation   total 109248K, used 16463K [0x00000000d5a00000, 0x00000000dda00000, 0x00000000dda00000)
  eden space 87424K,   0% used [0x00000000d5a00000, 0x00000000d5a00000, 0x00000000daf60000)
  from space 21824K,  75% used [0x00000000dc4b0000, 0x00000000dd4c3f40, 0x00000000dda00000)
  to   space 21824K,   0% used [0x00000000daf60000, 0x00000000daf60000, 0x00000000dc4b0000)
 concurrent mark-sweep generation total 393216K, used 119405K [0x00000000dda00000, 0x00000000f5a00000, 0x00000000f5a00000)
 concurrent-mark-sweep perm gen total 54228K, used 34891K [0x00000000f5a00000, 0x00000000f8ef5000, 0x0000000100000000)
}
2015-03-18T13:26:31.690-0400: 508093.865: Total time for which application threads were stopped: 0.0124310 seconds
{Heap before GC invocations=202 (full 1):
 par new generation   total 109248K, used 103872K [0x00000000d5a00000, 0x00000000dda00000, 0x00000000dda00000)
  eden space 87424K,  99% used [0x00000000d5a00000, 0x00000000daf5c330, 0x00000000daf60000)
  from space 21824K,  75% used [0x00000000dc4b0000, 0x00000000dd4c3f40, 0x00000000dda00000)
  to   space 21824K,   0% used [0x00000000daf60000, 0x00000000daf60000, 0x00000000dc4b0000)
 concurrent mark-sweep generation total 393216K, used 119405K [0x00000000dda00000, 0x00000000f5a00000, 0x00000000f5a00000)
 concurrent-mark-sweep perm gen total 54228K, used 34891K [0x00000000f5a00000, 0x00000000f8ef5000, 0x0000000100000000)
2015-03-18T13:26:31.718-0400: 508093.894: [GC2015-03-18T13:26:31.718-0400: 508093.894: [ParNew
Desired survivor size 20112992 bytes, new threshold 8 (max 8)
- age   1:    1792392 bytes,    1792392 total
- age   2:     890352 bytes,    2682744 total
- age   3:    4160384 bytes,    6843128 total
- age   4:     326792 bytes,    7169920 total
- age   5:    1728248 bytes,    8898168 total
- age   6:    1138432 bytes,   10036600 total
- age   7:    2887704 bytes,   12924304 total
- age   8:     251328 bytes,   13175632 total
: 103872K->18618K(109248K), 0.0113890 secs] 223278K->138293K(502464K), 0.0115700 secs] [Times: user=0.06 sys=0.00, real=0.01 secs] 
Heap after GC invocations=203 (full 1):
 par new generation   total 109248K, used 18618K [0x00000000d5a00000, 0x00000000dda00000, 0x00000000dda00000)
  eden space 87424K,   0% used [0x00000000d5a00000, 0x00000000d5a00000, 0x00000000daf60000)
  from space 21824K,  85% used [0x00000000daf60000, 0x00000000dc18e8c0, 0x00000000dc4b0000)
  to   space 21824K,   0% used [0x00000000dc4b0000, 0x00000000dc4b0000, 0x00000000dda00000)
 concurrent mark-sweep generation total 393216K, used 119675K [0x00000000dda00000, 0x00000000f5a00000, 0x00000000f5a00000)
 concurrent-mark-sweep perm gen total 54228K, used 34891K [0x00000000f5a00000, 0x00000000f8ef5000, 0x0000000100000000)
}
2015-03-18T13:26:31.730-0400: 508093.906: Total time for which application threads were stopped: 0.0121930 seconds
{Heap before GC invocations=203 (full 1):
 par new generation   total 109248K, used 106042K [0x00000000d5a00000, 0x00000000dda00000, 0x00000000dda00000)
  eden space 87424K, 100% used [0x00000000d5a00000, 0x00000000daf60000, 0x00000000daf60000)
  from space 21824K,  85% used [0x00000000daf60000, 0x00000000dc18e8c0, 0x00000000dc4b0000)
  to   space 21824K,   0% used [0x00000000dc4b0000, 0x00000000dc4b0000, 0x00000000dda00000)
 concurrent mark-sweep generation total 393216K, used 119675K [0x00000000dda00000, 0x00000000f5a00000, 0x00000000f5a00000)
 concurrent-mark-sweep perm gen total 54228K, used 34894K [0x00000000f5a00000, 0x00000000f8ef5000, 0x0000000100000000)
2015-03-18T13:26:31.758-0400: 508093.933: [GC2015-03-18T13:26:31.758-0400: 508093.933: [ParNew
Desired survivor size 20112992 bytes, new threshold 8 (max 8)
- age   1:    1296256 bytes,    1296256 total
- age   2:     198128 bytes,    1494384 total
- age   3:     886728 bytes,    2381112 total
- age   4:    4160160 bytes,    6541272 total
- age   5:     326792 bytes,    6868064 total
- age   6:    1728248 bytes,    8596312 total
- age   7:    1133488 bytes,    9729800 total
- age   8:    2868808 bytes,   12598608 total
: 106042K->15856K(109248K), 0.0113360 secs] 225717K->135781K(502464K), 0.0115070 secs] [Times: user=0.06 sys=0.00, real=0.01 secs] 
Heap after GC invocations=204 (full 1):
 par new generation   total 109248K, used 15856K [0x00000000d5a00000, 0x00000000dda00000, 0x00000000dda00000)
  eden space 87424K,   0% used [0x00000000d5a00000, 0x00000000d5a00000, 0x00000000daf60000)
  from space 21824K,  72% used [0x00000000dc4b0000, 0x00000000dd42c0c0, 0x00000000dda00000)
  to   space 21824K,   0% used [0x00000000daf60000, 0x00000000daf60000, 0x00000000dc4b0000)
 concurrent mark-sweep generation total 393216K, used 119925K [0x00000000dda00000, 0x00000000f5a00000, 0x00000000f5a00000)
 concurrent-mark-sweep perm gen total 54228K, used 34894K [0x00000000f5a00000, 0x00000000f8ef5000, 0x0000000100000000)
}
2015-03-18T13:26:31.769-0400: 508093.945: Total time for which application threads were stopped: 0.0121760 seconds
{Heap before GC invocations=204 (full 1):
 par new generation   total 109248K, used 103269K [0x00000000d5a00000, 0x00000000dda00000, 0x00000000dda00000)
  eden space 87424K,  99% used [0x00000000d5a00000, 0x00000000daf5d468, 0x00000000daf60000)
  from space 21824K,  72% used [0x00000000dc4b0000, 0x00000000dd42c0c0, 0x00000000dda00000)
  to   space 21824K,   0% used [0x00000000daf60000, 0x00000000daf60000, 0x00000000dc4b0000)
 concurrent mark-sweep generation total 393216K, used 119925K [0x00000000dda00000, 0x00000000f5a00000, 0x00000000f5a00000)
 concurrent-mark-sweep perm gen total 54228K, used 34897K [0x00000000f5a00000, 0x00000000f8ef5000, 0x0000000100000000)
2015-03-18T13:26:31.797-0400: 508093.972: [GC2015-03-18T13:26:31.797-0400: 508093.972: [ParNew
Desired survivor size 20112992 bytes, new threshold 8 (max 8)
- age   1:    1371144 bytes,    1371144 total
- age   2:     389016 bytes,    1760160 total
- age   3:     194536 bytes,    1954696 total
- age   4:     886728 bytes,    2841424 total
- age   5:    4159680 bytes,    7001104 total
- age   6:     326520 bytes,    7327624 total
- age   7:    1728248 bytes,    9055872 total
- age   8:    1133488 bytes,   10189360 total
: 103269K->13191K(109248K), 0.0125650 secs] 223194K->135562K(502464K), 0.0127520 secs] [Times: user=0.06 sys=0.00, real=0.02 secs] 
Heap after GC invocations=205 (full 1):
 par new generation   total 109248K, used 13191K [0x00000000d5a00000, 0x00000000dda00000, 0x00000000dda00000)
  eden space 87424K,   0% used [0x00000000d5a00000, 0x00000000d5a00000, 0x00000000daf60000)
  from space 21824K,  60% used [0x00000000daf60000, 0x00000000dbc41dc0, 0x00000000dc4b0000)
  to   space 21824K,   0% used [0x00000000dc4b0000, 0x00000000dc4b0000, 0x00000000dda00000)
 concurrent mark-sweep generation total 393216K, used 122371K [0x00000000dda00000, 0x00000000f5a00000, 0x00000000f5a00000)
 concurrent-mark-sweep perm gen total 54228K, used 34897K [0x00000000f5a00000, 0x00000000f8ef5000, 0x0000000100000000)
}
2015-03-18T13:26:31.809-0400: 508093.985: Total time for which application threads were stopped: 0.0134040 seconds
2015-03-18T13:26:31.832-0400: 508094.008: Total time for which application threads were stopped: 0.0006470 seconds
2015-03-18T13:26:31.833-0400: 508094.009: Total time for which application threads were stopped: 0.0003420 seconds
{Heap before GC invocations=205 (full 1):
 par new generation   total 109248K, used 100615K [0x00000000d5a00000, 0x00000000dda00000, 0x00000000dda00000)
  eden space 87424K, 100% used [0x00000000d5a00000, 0x00000000daf60000, 0x00000000daf60000)
  from space 21824K,  60% used [0x00000000daf60000, 0x00000000dbc41dc0, 0x00000000dc4b0000)
  to   space 21824K,   0% used [0x00000000dc4b0000, 0x00000000dc4b0000, 0x00000000dda00000)
 concurrent mark-sweep generation total 393216K, used 122371K [0x00000000dda00000, 0x00000000f5a00000, 0x00000000f5a00000)
 concurrent-mark-sweep perm gen total 54228K, used 34897K [0x00000000f5a00000, 0x00000000f8ef5000, 0x0000000100000000)
2015-03-18T13:26:31.839-0400: 508094.014: [GC2015-03-18T13:26:31.839-0400: 508094.015: [ParNew
Desired survivor size 20112992 bytes, new threshold 8 (max 8)
- age   1:    1501608 bytes,    1501608 total
- age   2:     269072 bytes,    1770680 total
- age   3:     386632 bytes,    2157312 total
- age   4:     194536 bytes,    2351848 total
- age   5:     886728 bytes,    3238576 total
- age   6:    4159648 bytes,    7398224 total
- age   7:     326520 bytes,    7724744 total
- age   8:    1728056 bytes,    9452800 total
: 100615K->12105K(109248K), 0.0102120 secs] 222986K->135586K(502464K), 0.0103430 secs] [Times: user=0.05 sys=0.00, real=0.01 secs] 
Heap after GC invocations=206 (full 1):
 par new generation   total 109248K, used 12105K [0x00000000d5a00000, 0x00000000dda00000, 0x00000000dda00000)
  eden space 87424K,   0% used [0x00000000d5a00000, 0x00000000d5a00000, 0x00000000daf60000)
  from space 21824K,  55% used [0x00000000dc4b0000, 0x00000000dd082760, 0x00000000dda00000)
  to   space 21824K,   0% used [0x00000000daf60000, 0x00000000daf60000, 0x00000000dc4b0000)
 concurrent mark-sweep generation total 393216K, used 123480K [0x00000000dda00000, 0x00000000f5a00000, 0x00000000f5a00000)
 concurrent-mark-sweep perm gen total 54228K, used 34897K [0x00000000f5a00000, 0x00000000f8ef5000, 0x0000000100000000)
}
2015-03-18T13:26:31.849-0400: 508094.025: Total time for which application threads were stopped: 0.0108590 seconds
{Heap before GC invocations=206 (full 1):
 par new generation   total 109248K, used 99529K [0x00000000d5a00000, 0x00000000dda00000, 0x00000000dda00000)
  eden space 87424K, 100% used [0x00000000d5a00000, 0x00000000daf60000, 0x00000000daf60000)
  from space 21824K,  55% used [0x00000000dc4b0000, 0x00000000dd082760, 0x00000000dda00000)
  to   space 21824K,   0% used [0x00000000daf60000, 0x00000000daf60000, 0x00000000dc4b0000)
 concurrent mark-sweep generation total 393216K, used 123480K [0x00000000dda00000, 0x00000000f5a00000, 0x00000000f5a00000)
 concurrent-mark-sweep perm gen total 54228K, used 34897K [0x00000000f5a00000, 0x00000000f8ef5000, 0x0000000100000000)
2015-03-18T13:26:31.877-0400: 508094.052: [GC2015-03-18T13:26:31.877-0400: 508094.052: [ParNew
Desired survivor size 20112992 bytes, new threshold 8 (max 8)
- age   1:    2360992 bytes,    2360992 total
- age   2:     176944 bytes,    2537936 total
- age   3:     268776 bytes,    2806712 total
- age   4:     381832 bytes,    3188544 total
- age   5:     193496 bytes,    3382040 total
- age   6:     886544 bytes,    4268584 total
- age   7:    4159584 bytes,    8428168 total
- age   8:     326520 bytes,    8754688 total
: 99529K->10815K(109248K), 0.0098550 secs] 223010K->135991K(502464K), 0.0099990 secs] [Times: user=0.04 sys=0.00, real=0.01 secs] 
Heap after GC invocations=207 (full 1):
 par new generation   total 109248K, used 10815K [0x00000000d5a00000, 0x00000000dda00000, 0x00000000dda00000)
  eden space 87424K,   0% used [0x00000000d5a00000, 0x00000000d5a00000, 0x00000000daf60000)
  from space 21824K,  49% used [0x00000000daf60000, 0x00000000db9efd50, 0x00000000dc4b0000)
  to   space 21824K,   0% used [0x00000000dc4b0000, 0x00000000dc4b0000, 0x00000000dda00000)
 concurrent mark-sweep generation total 393216K, used 125176K [0x00000000dda00000, 0x00000000f5a00000, 0x00000000f5a00000)
 concurrent-mark-sweep perm gen total 54228K, used 34897K [0x00000000f5a00000, 0x00000000f8ef5000, 0x0000000100000000)
}
2015-03-18T13:26:31.887-0400: 508094.062: Total time for which application threads were stopped: 0.0107870 seconds
{Heap before GC invocations=207 (full 1):
 par new generation   total 109248K, used 98222K [0x00000000d5a00000, 0x00000000dda00000, 0x00000000dda00000)
  eden space 87424K,  99% used [0x00000000d5a00000, 0x00000000daf5bb20, 0x00000000daf60000)
  from space 21824K,  49% used [0x00000000daf60000, 0x00000000db9efd50, 0x00000000dc4b0000)
  to   space 21824K,   0% used [0x00000000dc4b0000, 0x00000000dc4b0000, 0x00000000dda00000)
 concurrent mark-sweep generation total 393216K, used 125176K [0x00000000dda00000, 0x00000000f5a00000, 0x00000000f5a00000)
 concurrent-mark-sweep perm gen total 54228K, used 34898K [0x00000000f5a00000, 0x00000000f8ef5000, 0x0000000100000000)
2015-03-18T13:26:31.914-0400: 508094.089: [GC2015-03-18T13:26:31.914-0400: 508094.089: [ParNew
Desired survivor size 20112992 bytes, new threshold 8 (max 8)
- age   1:    1696504 bytes,    1696504 total
- age   2:     735656 bytes,    2432160 total
- age   3:     176288 bytes,    2608448 total
- age   4:     267192 bytes,    2875640 total
- age   5:     381760 bytes,    3257400 total
- age   6:     193448 bytes,    3450848 total
- age   7:     885912 bytes,    4336760 total
- age   8:    4161168 bytes,    8497928 total
: 98222K->13324K(109248K), 0.0077300 secs] 223398K->138846K(502464K), 0.0078560 secs] [Times: user=0.04 sys=0.00, real=0.01 secs] 
Heap after GC invocations=208 (full 1):
 par new generation   total 109248K, used 13324K [0x00000000d5a00000, 0x00000000dda00000, 0x00000000dda00000)
  eden space 87424K,   0% used [0x00000000d5a00000, 0x00000000d5a00000, 0x00000000daf60000)
  from space 21824K,  61% used [0x00000000dc4b0000, 0x00000000dd1b3120, 0x00000000dda00000)
  to   space 21824K,   0% used [0x00000000daf60000, 0x00000000daf60000, 0x00000000dc4b0000)
 concurrent mark-sweep generation total 393216K, used 125521K [0x00000000dda00000, 0x00000000f5a00000, 0x00000000f5a00000)
 concurrent-mark-sweep perm gen total 54228K, used 34898K [0x00000000f5a00000, 0x00000000f8ef5000, 0x0000000100000000)
}
2015-03-18T13:26:31.922-0400: 508094.097: Total time for which application threads were stopped: 0.0084150 seconds
{Heap before GC invocations=208 (full 1):
 par new generation   total 109248K, used 100748K [0x00000000d5a00000, 0x00000000dda00000, 0x00000000dda00000)
  eden space 87424K, 100% used [0x00000000d5a00000, 0x00000000daf60000, 0x00000000daf60000)
  from space 21824K,  61% used [0x00000000dc4b0000, 0x00000000dd1b3120, 0x00000000dda00000)
  to   space 21824K,   0% used [0x00000000daf60000, 0x00000000daf60000, 0x00000000dc4b0000)
 concurrent mark-sweep generation total 393216K, used 125521K [0x00000000dda00000, 0x00000000f5a00000, 0x00000000f5a00000)
 concurrent-mark-sweep perm gen total 54228K, used 34898K [0x00000000f5a00000, 0x00000000f8ef5000, 0x0000000100000000)
2015-03-18T13:26:31.946-0400: 508094.122: [GC2015-03-18T13:26:31.947-0400: 508094.122: [ParNew
Desired survivor size 20112992 bytes, new threshold 8 (max 8)
- age   1:    1970208 bytes,    1970208 total
- age   2:     129976 bytes,    2100184 total
- age   3:     735656 bytes,    2835840 total
- age   4:     175992 bytes,    3011832 total
- age   5:     267160 bytes,    3278992 total
- age   6:     381760 bytes,    3660752 total
- age   7:     193448 bytes,    3854200 total
- age   8:     885912 bytes,    4740112 total
: 100748K->6961K(109248K), 0.0107460 secs] 226270K->136553K(502464K), 0.0108840 secs] [Times: user=0.05 sys=0.00, real=0.02 secs] 
Heap after GC invocations=209 (full 1):
 par new generation   total 109248K, used 6961K [0x00000000d5a00000, 0x00000000dda00000, 0x00000000dda00000)
  eden space 87424K,   0% used [0x00000000d5a00000, 0x00000000d5a00000, 0x00000000daf60000)
  from space 21824K,  31% used [0x00000000daf60000, 0x00000000db62c408, 0x00000000dc4b0000)
  to   space 21824K,   0% used [0x00000000dc4b0000, 0x00000000dc4b0000, 0x00000000dda00000)
 concurrent mark-sweep generation total 393216K, used 129592K [0x00000000dda00000, 0x00000000f5a00000, 0x00000000f5a00000)
 concurrent-mark-sweep perm gen total 54228K, used 34898K [0x00000000f5a00000, 0x00000000f8ef5000, 0x0000000100000000)
}
2015-03-18T13:26:31.957-0400: 508094.133: Total time for which application threads were stopped: 0.0114150 seconds
{Heap before GC invocations=209 (full 1):
 par new generation   total 109248K, used 94377K [0x00000000d5a00000, 0x00000000dda00000, 0x00000000dda00000)
  eden space 87424K,  99% used [0x00000000d5a00000, 0x00000000daf5e280, 0x00000000daf60000)
  from space 21824K,  31% used [0x00000000daf60000, 0x00000000db62c408, 0x00000000dc4b0000)
  to   space 21824K,   0% used [0x00000000dc4b0000, 0x00000000dc4b0000, 0x00000000dda00000)
 concurrent mark-sweep generation total 393216K, used 129592K [0x00000000dda00000, 0x00000000f5a00000, 0x00000000f5a00000)
 concurrent-mark-sweep perm gen total 54228K, used 34898K [0x00000000f5a00000, 0x00000000f8ef5000, 0x0000000100000000)
2015-03-18T13:26:31.981-0400: 508094.157: [GC2015-03-18T13:26:31.981-0400: 508094.157: [ParNew
Desired survivor size 20112992 bytes, new threshold 8 (max 8)
- age   1:    2260056 bytes,    2260056 total
- age   2:     381208 bytes,    2641264 total
- age   3:     129800 bytes,    2771064 total
- age   4:     735432 bytes,    3506496 total
- age   5:     175960 bytes,    3682456 total
- age   6:     266776 bytes,    3949232 total
- age   7:     381712 bytes,    4330944 total
- age   8:     193352 bytes,    4524296 total
: 94377K->5460K(109248K), 0.0061440 secs] 223970K->135921K(502464K), 0.0062610 secs] [Times: user=0.03 sys=0.00, real=0.01 secs] 
Heap after GC invocations=210 (full 1):
 par new generation   total 109248K, used 5460K [0x00000000d5a00000, 0x00000000dda00000, 0x00000000dda00000)
  eden space 87424K,   0% used [0x00000000d5a00000, 0x00000000d5a00000, 0x00000000daf60000)
  from space 21824K,  25% used [0x00000000dc4b0000, 0x00000000dca05280, 0x00000000dda00000)
  to   space 21824K,   0% used [0x00000000daf60000, 0x00000000daf60000, 0x00000000dc4b0000)
 concurrent mark-sweep generation total 393216K, used 130460K [0x00000000dda00000, 0x00000000f5a00000, 0x00000000f5a00000)
 concurrent-mark-sweep perm gen total 54228K, used 34898K [0x00000000f5a00000, 0x00000000f8ef5000, 0x0000000100000000)
}
2015-03-18T13:26:31.987-0400: 508094.163: Total time for which application threads were stopped: 0.0067790 seconds
{Heap before GC invocations=210 (full 1):
 par new generation   total 109248K, used 92884K [0x00000000d5a00000, 0x00000000dda00000, 0x00000000dda00000)
  eden space 87424K, 100% used [0x00000000d5a00000, 0x00000000daf60000, 0x00000000daf60000)
  from space 21824K,  25% used [0x00000000dc4b0000, 0x00000000dca05280, 0x00000000dda00000)
  to   space 21824K,   0% used [0x00000000daf60000, 0x00000000daf60000, 0x00000000dc4b0000)
 concurrent mark-sweep generation total 393216K, used 130460K [0x00000000dda00000, 0x00000000f5a00000, 0x00000000f5a00000)
 concurrent-mark-sweep perm gen total 54228K, used 34899K [0x00000000f5a00000, 0x00000000f8ef5000, 0x0000000100000000)
2015-03-18T13:26:32.011-0400: 508094.186: [GC2015-03-18T13:26:32.011-0400: 508094.186: [ParNew
Desired survivor size 20112992 bytes, new threshold 8 (max 8)
- age   1:    1371968 bytes,    1371968 total
- age   2:     974952 bytes,    2346920 total
- age   3:     381208 bytes,    2728128 total
- age   4:     129800 bytes,    2857928 total
- age   5:     735664 bytes,    3593592 total
- age   6:     175896 bytes,    3769488 total
- age   7:     266776 bytes,    4036264 total
- age   8:     381712 bytes,    4417976 total
: 92884K->5994K(109248K), 0.0058700 secs] 223345K->136646K(502464K), 0.0059970 secs] [Times: user=0.03 sys=0.00, real=0.00 secs] 
Heap after GC invocations=211 (full 1):
 par new generation   total 109248K, used 5994K [0x00000000d5a00000, 0x00000000dda00000, 0x00000000dda00000)
  eden space 87424K,   0% used [0x00000000d5a00000, 0x00000000d5a00000, 0x00000000daf60000)
  from space 21824K,  27% used [0x00000000daf60000, 0x00000000db53a980, 0x00000000dc4b0000)
  to   space 21824K,   0% used [0x00000000dc4b0000, 0x00000000dc4b0000, 0x00000000dda00000)
 concurrent mark-sweep generation total 393216K, used 130652K [0x00000000dda00000, 0x00000000f5a00000, 0x00000000f5a00000)
 concurrent-mark-sweep perm gen total 54228K, used 34899K [0x00000000f5a00000, 0x00000000f8ef5000, 0x0000000100000000)
}
2015-03-18T13:26:32.017-0400: 508094.192: Total time for which application threads were stopped: 0.0065250 seconds
{Heap before GC invocations=211 (full 1):
 par new generation   total 109248K, used 93418K [0x00000000d5a00000, 0x00000000dda00000, 0x00000000dda00000)
  eden space 87424K, 100% used [0x00000000d5a00000, 0x00000000daf60000, 0x00000000daf60000)
  from space 21824K,  27% used [0x00000000daf60000, 0x00000000db53a980, 0x00000000dc4b0000)
  to   space 21824K,   0% used [0x00000000dc4b0000, 0x00000000dc4b0000, 0x00000000dda00000)
 concurrent mark-sweep generation total 393216K, used 130652K [0x00000000dda00000, 0x00000000f5a00000, 0x00000000f5a00000)
 concurrent-mark-sweep perm gen total 54228K, used 34899K [0x00000000f5a00000, 0x00000000f8ef5000, 0x0000000100000000)
2015-03-18T13:26:32.043-0400: 508094.218: [GC2015-03-18T13:26:32.043-0400: 508094.219: [ParNew
Desired survivor size 20112992 bytes, new threshold 8 (max 8)
- age   1:    2602184 bytes,    2602184 total
- age   2:     389136 bytes,    2991320 total
- age   3:     974616 bytes,    3965936 total
- age   4:     381208 bytes,    4347144 total
- age   5:     129800 bytes,    4476944 total
- age   6:     735432 bytes,    5212376 total
- age   7:     175896 bytes,    5388272 total
- age   8:     266776 bytes,    5655048 total
: 93418K->6542K(109248K), 0.0060930 secs] 224070K->137570K(502464K), 0.0062250 secs] [Times: user=0.03 sys=0.00, real=0.01 secs] 
Heap after GC invocations=212 (full 1):
 par new generation   total 109248K, used 6542K [0x00000000d5a00000, 0x00000000dda00000, 0x00000000dda00000)
  eden space 87424K,   0% used [0x00000000d5a00000, 0x00000000d5a00000, 0x00000000daf60000)
  from space 21824K,  29% used [0x00000000dc4b0000, 0x00000000dcb13910, 0x00000000dda00000)
  to   space 21824K,   0% used [0x00000000daf60000, 0x00000000daf60000, 0x00000000dc4b0000)
 concurrent mark-sweep generation total 393216K, used 131028K [0x00000000dda00000, 0x00000000f5a00000, 0x00000000f5a00000)
 concurrent-mark-sweep perm gen total 54228K, used 34899K [0x00000000f5a00000, 0x00000000f8ef5000, 0x0000000100000000)
}
2015-03-18T13:26:32.049-0400: 508094.225: Total time for which application threads were stopped: 0.0067470 seconds
{Heap before GC invocations=212 (full 1):
 par new generation   total 109248K, used 93966K [0x00000000d5a00000, 0x00000000dda00000, 0x00000000dda00000)
  eden space 87424K, 100% used [0x00000000d5a00000, 0x00000000daf60000, 0x00000000daf60000)
  from space 21824K,  29% used [0x00000000dc4b0000, 0x00000000dcb13910, 0x00000000dda00000)
  to   space 21824K,   0% used [0x00000000daf60000, 0x00000000daf60000, 0x00000000dc4b0000)
 concurrent mark-sweep generation total 393216K, used 131028K [0x00000000dda00000, 0x00000000f5a00000, 0x00000000f5a00000)
 concurrent-mark-sweep perm gen total 54228K, used 34899K [0x00000000f5a00000, 0x00000000f8ef5000, 0x0000000100000000)
2015-03-18T13:26:32.075-0400: 508094.251: [GC2015-03-18T13:26:32.075-0400: 508094.251: [ParNew
Desired survivor size 20112992 bytes, new threshold 8 (max 8)
- age   1:    1260768 bytes,    1260768 total
- age   2:     729280 bytes,    1990048 total
- age   3:     389136 bytes,    2379184 total
- age   4:     974616 bytes,    3353800 total
- age   5:     381208 bytes,    3735008 total
- age   6:     128720 bytes,    3863728 total
- age   7:     734944 bytes,    4598672 total
- age   8:     174536 bytes,    4773208 total
: 93966K->7194K(109248K), 0.0055460 secs] 224994K->138489K(502464K), 0.0056790 secs] [Times: user=0.02 sys=0.00, real=0.01 secs] 
Heap after GC invocations=213 (full 1):
 par new generation   total 109248K, used 7194K [0x00000000d5a00000, 0x00000000dda00000, 0x00000000dda00000)
  eden space 87424K,   0% used [0x00000000d5a00000, 0x00000000d5a00000, 0x00000000daf60000)
  from space 21824K,  32% used [0x00000000daf60000, 0x00000000db6668c0, 0x00000000dc4b0000)
  to   space 21824K,   0% used [0x00000000dc4b0000, 0x00000000dc4b0000, 0x00000000dda00000)
 concurrent mark-sweep generation total 393216K, used 131295K [0x00000000dda00000, 0x00000000f5a00000, 0x00000000f5a00000)
 concurrent-mark-sweep perm gen total 54228K, used 34899K [0x00000000f5a00000, 0x00000000f8ef5000, 0x0000000100000000)
}
2015-03-18T13:26:32.081-0400: 508094.256: Total time for which application threads were stopped: 0.0061680 seconds
{Heap before GC invocations=213 (full 1):
 par new generation   total 109248K, used 94618K [0x00000000d5a00000, 0x00000000dda00000, 0x00000000dda00000)
  eden space 87424K, 100% used [0x00000000d5a00000, 0x00000000daf60000, 0x00000000daf60000)
  from space 21824K,  32% used [0x00000000daf60000, 0x00000000db6668c0, 0x00000000dc4b0000)
  to   space 21824K,   0% used [0x00000000dc4b0000, 0x00000000dc4b0000, 0x00000000dda00000)
 concurrent mark-sweep generation total 393216K, used 131295K [0x00000000dda00000, 0x00000000f5a00000, 0x00000000f5a00000)
 concurrent-mark-sweep perm gen total 54228K, used 34899K [0x00000000f5a00000, 0x00000000f8ef5000, 0x0000000100000000)
2015-03-18T13:26:32.105-0400: 508094.281: [GC2015-03-18T13:26:32.105-0400: 508094.281: [ParNew
Desired survivor size 20112992 bytes, new threshold 8 (max 8)
- age   1:    1662944 bytes,    1662944 total
- age   2:      80784 bytes,    1743728 total
- age   3:     729280 bytes,    2473008 total
- age   4:     388984 bytes,    2861992 total
- age   5:     974616 bytes,    3836608 total
- age   6:     380992 bytes,    4217600 total
- age   7:     128720 bytes,    4346320 total
- age   8:     734672 bytes,    5080992 total
: 94618K->5910K(109248K), 0.0054540 secs] 225913K->137378K(502464K), 0.0055730 secs] [Times: user=0.03 sys=0.00, real=0.01 secs] 
Heap after GC invocations=214 (full 1):
 par new generation   total 109248K, used 5910K [0x00000000d5a00000, 0x00000000dda00000, 0x00000000dda00000)
  eden space 87424K,   0% used [0x00000000d5a00000, 0x00000000d5a00000, 0x00000000daf60000)
  from space 21824K,  27% used [0x00000000dc4b0000, 0x00000000dca75b70, 0x00000000dda00000)
  to   space 21824K,   0% used [0x00000000daf60000, 0x00000000daf60000, 0x00000000dc4b0000)
 concurrent mark-sweep generation total 393216K, used 131467K [0x00000000dda00000, 0x00000000f5a00000, 0x00000000f5a00000)
 concurrent-mark-sweep perm gen total 54228K, used 34899K [0x00000000f5a00000, 0x00000000f8ef5000, 0x0000000100000000)
}
2015-03-18T13:26:32.111-0400: 508094.286: Total time for which application threads were stopped: 0.0060710 seconds
{Heap before GC invocations=214 (full 1):
 par new generation   total 109248K, used 93334K [0x00000000d5a00000, 0x00000000dda00000, 0x00000000dda00000)
  eden space 87424K, 100% used [0x00000000d5a00000, 0x00000000daf60000, 0x00000000daf60000)
  from space 21824K,  27% used [0x00000000dc4b0000, 0x00000000dca75b70, 0x00000000dda00000)
  to   space 21824K,   0% used [0x00000000daf60000, 0x00000000daf60000, 0x00000000dc4b0000)
 concurrent mark-sweep generation total 393216K, used 131467K [0x00000000dda00000, 0x00000000f5a00000, 0x00000000f5a00000)
 concurrent-mark-sweep perm gen total 54228K, used 34899K [0x00000000f5a00000, 0x00000000f8ef5000, 0x0000000100000000)
2015-03-18T13:26:32.134-0400: 508094.310: [GC2015-03-18T13:26:32.134-0400: 508094.310: [ParNew
Desired survivor size 20112992 bytes, new threshold 8 (max 8)
- age   1:    1681176 bytes,    1681176 total
- age   2:      76288 bytes,    1757464 total
- age   3:      80704 bytes,    1838168 total
- age   4:     729136 bytes,    2567304 total
- age   5:     388984 bytes,    2956288 total
- age   6:     974616 bytes,    3930904 total
- age   7:     380992 bytes,    4311896 total
- age   8:     128720 bytes,    4440616 total
: 93334K->6468K(109248K), 0.0060240 secs] 224802K->138655K(502464K), 0.0061460 secs] [Times: user=0.02 sys=0.00, real=0.01 secs] 
Heap after GC invocations=215 (full 1):
 par new generation   total 109248K, used 6468K [0x00000000d5a00000, 0x00000000dda00000, 0x00000000dda00000)
  eden space 87424K,   0% used [0x00000000d5a00000, 0x00000000d5a00000, 0x00000000daf60000)
  from space 21824K,  29% used [0x00000000daf60000, 0x00000000db5b1360, 0x00000000dc4b0000)
  to   space 21824K,   0% used [0x00000000dc4b0000, 0x00000000dc4b0000, 0x00000000dda00000)
 concurrent mark-sweep generation total 393216K, used 132187K [0x00000000dda00000, 0x00000000f5a00000, 0x00000000f5a00000)
 concurrent-mark-sweep perm gen total 54228K, used 34899K [0x00000000f5a00000, 0x00000000f8ef5000, 0x0000000100000000)
}
2015-03-18T13:26:32.141-0400: 508094.316: Total time for which application threads were stopped: 0.0066680 seconds
{Heap before GC invocations=215 (full 1):
 par new generation   total 109248K, used 93892K [0x00000000d5a00000, 0x00000000dda00000, 0x00000000dda00000)
  eden space 87424K, 100% used [0x00000000d5a00000, 0x00000000daf60000, 0x00000000daf60000)
  from space 21824K,  29% used [0x00000000daf60000, 0x00000000db5b1360, 0x00000000dc4b0000)
  to   space 21824K,   0% used [0x00000000dc4b0000, 0x00000000dc4b0000, 0x00000000dda00000)
 concurrent mark-sweep generation total 393216K, used 132187K [0x00000000dda00000, 0x00000000f5a00000, 0x00000000f5a00000)
 concurrent-mark-sweep perm gen total 54228K, used 34899K [0x00000000f5a00000, 0x00000000f8ef5000, 0x0000000100000000)
2015-03-18T13:26:32.163-0400: 508094.339: [GC2015-03-18T13:26:32.164-0400: 508094.339: [ParNew
Desired survivor size 20112992 bytes, new threshold 8 (max 8)
- age   1:    1749736 bytes,    1749736 total
- age   2:      81912 bytes,    1831648 total
- age   3:      76136 bytes,    1907784 total
- age   4:      80704 bytes,    1988488 total
- age   5:     729136 bytes,    2717624 total
- age   6:     388984 bytes,    3106608 total
- age   7:     974616 bytes,    4081224 total
- age   8:     380992 bytes,    4462216 total
: 93892K->6084K(109248K), 0.0051700 secs] 226079K->138400K(502464K), 0.0053010 secs] [Times: user=0.03 sys=0.00, real=0.01 secs] 
Heap after GC invocations=216 (full 1):
 par new generation   total 109248K, used 6084K [0x00000000d5a00000, 0x00000000dda00000, 0x00000000dda00000)
  eden space 87424K,   0% used [0x00000000d5a00000, 0x00000000d5a00000, 0x00000000daf60000)
  from space 21824K,  27% used [0x00000000dc4b0000, 0x00000000dcaa1318, 0x00000000dda00000)
  to   space 21824K,   0% used [0x00000000daf60000, 0x00000000daf60000, 0x00000000dc4b0000)
 concurrent mark-sweep generation total 393216K, used 132315K [0x00000000dda00000, 0x00000000f5a00000, 0x00000000f5a00000)
 concurrent-mark-sweep perm gen total 54228K, used 34899K [0x00000000f5a00000, 0x00000000f8ef5000, 0x0000000100000000)
}
2015-03-18T13:26:32.169-0400: 508094.344: Total time for which application threads were stopped: 0.0057850 seconds
{Heap before GC invocations=216 (full 1):
 par new generation   total 109248K, used 93508K [0x00000000d5a00000, 0x00000000dda00000, 0x00000000dda00000)
  eden space 87424K, 100% used [0x00000000d5a00000, 0x00000000daf60000, 0x00000000daf60000)
  from space 21824K,  27% used [0x00000000dc4b0000, 0x00000000dcaa1318, 0x00000000dda00000)
  to   space 21824K,   0% used [0x00000000daf60000, 0x00000000daf60000, 0x00000000dc4b0000)
 concurrent mark-sweep generation total 393216K, used 132315K [0x00000000dda00000, 0x00000000f5a00000, 0x00000000f5a00000)
 concurrent-mark-sweep perm gen total 54228K, used 34899K [0x00000000f5a00000, 0x00000000f8ef5000, 0x0000000100000000)
2015-03-18T13:26:32.192-0400: 508094.368: [GC2015-03-18T13:26:32.192-0400: 508094.368: [ParNew
Desired survivor size 20112992 bytes, new threshold 8 (max 8)
- age   1:    1677280 bytes,    1677280 total
- age   2:      71584 bytes,    1748864 total
- age   3:      81664 bytes,    1830528 total
- age   4:      76136 bytes,    1906664 total
- age   5:      80704 bytes,    1987368 total
- age   6:     729192 bytes,    2716560 total
- age   7:     388984 bytes,    3105544 total
- age   8:     974616 bytes,    4080160 total
: 93508K->5197K(109248K), 0.0050890 secs] 225824K->137887K(502464K), 0.0052180 secs] [Times: user=0.03 sys=0.00, real=0.00 secs] 
Heap after GC invocations=217 (full 1):
 par new generation   total 109248K, used 5197K [0x00000000d5a00000, 0x00000000dda00000, 0x00000000dda00000)
  eden space 87424K,   0% used [0x00000000d5a00000, 0x00000000d5a00000, 0x00000000daf60000)
  from space 21824K,  23% used [0x00000000daf60000, 0x00000000db4737f8, 0x00000000dc4b0000)
  to   space 21824K,   0% used [0x00000000dc4b0000, 0x00000000dc4b0000, 0x00000000dda00000)
 concurrent mark-sweep generation total 393216K, used 132689K [0x00000000dda00000, 0x00000000f5a00000, 0x00000000f5a00000)
 concurrent-mark-sweep perm gen total 54228K, used 34899K [0x00000000f5a00000, 0x00000000f8ef5000, 0x0000000100000000)
}
2015-03-18T13:26:32.197-0400: 508094.373: Total time for which application threads were stopped: 0.0057450 seconds
{Heap before GC invocations=217 (full 1):
 par new generation   total 109248K, used 92621K [0x00000000d5a00000, 0x00000000dda00000, 0x00000000dda00000)
  eden space 87424K, 100% used [0x00000000d5a00000, 0x00000000daf60000, 0x00000000daf60000)
  from space 21824K,  23% used [0x00000000daf60000, 0x00000000db4737f8, 0x00000000dc4b0000)
  to   space 21824K,   0% used [0x00000000dc4b0000, 0x00000000dc4b0000, 0x00000000dda00000)
 concurrent mark-sweep generation total 393216K, used 132689K [0x00000000dda00000, 0x00000000f5a00000, 0x00000000f5a00000)
 concurrent-mark-sweep perm gen total 54228K, used 34899K [0x00000000f5a00000, 0x00000000f8ef5000, 0x0000000100000000)
2015-03-18T13:26:32.220-0400: 508094.396: [GC2015-03-18T13:26:32.220-0400: 508094.396: [ParNew
Desired survivor size 20112992 bytes, new threshold 8 (max 8)
- age   1:    1675792 bytes,    1675792 total
- age   2:      72456 bytes,    1748248 total
- age   3:      71416 bytes,    1819664 total
- age   4:      81496 bytes,    1901160 total
- age   5:      75776 bytes,    1976936 total
- age   6:      79912 bytes,    2056848 total
- age   7:     728744 bytes,    2785592 total
- age   8:     388840 bytes,    3174432 total
: 92621K->4143K(109248K), 0.0057400 secs] 225311K->137787K(502464K), 0.0058670 secs] [Times: user=0.03 sys=0.00, real=0.00 secs] 
Heap after GC invocations=218 (full 1):
 par new generation   total 109248K, used 4143K [0x00000000d5a00000, 0x00000000dda00000, 0x00000000dda00000)
  eden space 87424K,   0% used [0x00000000d5a00000, 0x00000000d5a00000, 0x00000000daf60000)
  from space 21824K,  18% used [0x00000000dc4b0000, 0x00000000dc8bbdc0, 0x00000000dda00000)
  to   space 21824K,   0% used [0x00000000daf60000, 0x00000000daf60000, 0x00000000dc4b0000)
 concurrent mark-sweep generation total 393216K, used 133643K [0x00000000dda00000, 0x00000000f5a00000, 0x00000000f5a00000)
 concurrent-mark-sweep perm gen total 54228K, used 34899K [0x00000000f5a00000, 0x00000000f8ef5000, 0x0000000100000000)
}
2015-03-18T13:26:32.226-0400: 508094.402: Total time for which application threads were stopped: 0.0063890 seconds
{Heap before GC invocations=218 (full 1):
 par new generation   total 109248K, used 91567K [0x00000000d5a00000, 0x00000000dda00000, 0x00000000dda00000)
  eden space 87424K, 100% used [0x00000000d5a00000, 0x00000000daf60000, 0x00000000daf60000)
  from space 21824K,  18% used [0x00000000dc4b0000, 0x00000000dc8bbdc0, 0x00000000dda00000)
  to   space 21824K,   0% used [0x00000000daf60000, 0x00000000daf60000, 0x00000000dc4b0000)
 concurrent mark-sweep generation total 393216K, used 133643K [0x00000000dda00000, 0x00000000f5a00000, 0x00000000f5a00000)
 concurrent-mark-sweep perm gen total 54228K, used 34900K [0x00000000f5a00000, 0x00000000f8ef5000, 0x0000000100000000)
2015-03-18T13:26:32.246-0400: 508094.422: [GC2015-03-18T13:26:32.246-0400: 508094.422: [ParNew
Desired survivor size 20112992 bytes, new threshold 8 (max 8)
- age   1:    1675864 bytes,    1675864 total
- age   2:     108768 bytes,    1784632 total
- age   3:      72016 bytes,    1856648 total
- age   4:      71104 bytes,    1927752 total
- age   5:      81184 bytes,    2008936 total
- age   6:      75176 bytes,    2084112 total
- age   7:      78664 bytes,    2162776 total
- age   8:     728328 bytes,    2891104 total
: 91567K->3780K(109248K), 0.0049950 secs] 225211K->137806K(502464K), 0.0051100 secs] [Times: user=0.03 sys=0.00, real=0.01 secs] 
Heap after GC invocations=219 (full 1):
 par new generation   total 109248K, used 3780K [0x00000000d5a00000, 0x00000000dda00000, 0x00000000dda00000)
  eden space 87424K,   0% used [0x00000000d5a00000, 0x00000000d5a00000, 0x00000000daf60000)
  from space 21824K,  17% used [0x00000000daf60000, 0x00000000db3113f0, 0x00000000dc4b0000)
  to   space 21824K,   0% used [0x00000000dc4b0000, 0x00000000dc4b0000, 0x00000000dda00000)
 concurrent mark-sweep generation total 393216K, used 134025K [0x00000000dda00000, 0x00000000f5a00000, 0x00000000f5a00000)
 concurrent-mark-sweep perm gen total 54228K, used 34900K [0x00000000f5a00000, 0x00000000f8ef5000, 0x0000000100000000)
}
2015-03-18T13:26:32.251-0400: 508094.427: Total time for which application threads were stopped: 0.0056230 seconds
{Heap before GC invocations=219 (full 1):
 par new generation   total 109248K, used 91204K [0x00000000d5a00000, 0x00000000dda00000, 0x00000000dda00000)
  eden space 87424K, 100% used [0x00000000d5a00000, 0x00000000daf60000, 0x00000000daf60000)
  from space 21824K,  17% used [0x00000000daf60000, 0x00000000db3113f0, 0x00000000dc4b0000)
  to   space 21824K,   0% used [0x00000000dc4b0000, 0x00000000dc4b0000, 0x00000000dda00000)
 concurrent mark-sweep generation total 393216K, used 134025K [0x00000000dda00000, 0x00000000f5a00000, 0x00000000f5a00000)
 concurrent-mark-sweep perm gen total 54228K, used 34903K [0x00000000f5a00000, 0x00000000f8ef5000, 0x0000000100000000)
2015-03-18T13:26:32.280-0400: 508094.456: [GC2015-03-18T13:26:32.280-0400: 508094.456: [ParNew
Desired survivor size 20112992 bytes, new threshold 8 (max 8)
- age   1:    2064592 bytes,    2064592 total
- age   2:     861432 bytes,    2926024 total
- age   3:     108696 bytes,    3034720 total
- age   4:      71944 bytes,    3106664 total
- age   5:      70840 bytes,    3177504 total
- age   6:      80816 bytes,    3258320 total
- age   7:      75128 bytes,    3333448 total
- age   8:      78280 bytes,    3411728 total
: 91204K->4436K(109248K), 0.0067820 secs] 225230K->139175K(502464K), 0.0069010 secs] [Times: user=0.03 sys=0.00, real=0.00 secs] 
Heap after GC invocations=220 (full 1):
 par new generation   total 109248K, used 4436K [0x00000000d5a00000, 0x00000000dda00000, 0x00000000dda00000)
  eden space 87424K,   0% used [0x00000000d5a00000, 0x00000000d5a00000, 0x00000000daf60000)
  from space 21824K,  20% used [0x00000000dc4b0000, 0x00000000dc905280, 0x00000000dda00000)
  to   space 21824K,   0% used [0x00000000daf60000, 0x00000000daf60000, 0x00000000dc4b0000)
 concurrent mark-sweep generation total 393216K, used 134738K [0x00000000dda00000, 0x00000000f5a00000, 0x00000000f5a00000)
 concurrent-mark-sweep perm gen total 54228K, used 34903K [0x00000000f5a00000, 0x00000000f8ef5000, 0x0000000100000000)
}
2015-03-18T13:26:32.287-0400: 508094.463: Total time for which application threads were stopped: 0.0074560 seconds
{Heap before GC invocations=220 (full 1):
 par new generation   total 109248K, used 91860K [0x00000000d5a00000, 0x00000000dda00000, 0x00000000dda00000)
  eden space 87424K, 100% used [0x00000000d5a00000, 0x00000000daf60000, 0x00000000daf60000)
  from space 21824K,  20% used [0x00000000dc4b0000, 0x00000000dc905280, 0x00000000dda00000)
  to   space 21824K,   0% used [0x00000000daf60000, 0x00000000daf60000, 0x00000000dc4b0000)
 concurrent mark-sweep generation total 393216K, used 134738K [0x00000000dda00000, 0x00000000f5a00000, 0x00000000f5a00000)
 concurrent-mark-sweep perm gen total 54228K, used 34903K [0x00000000f5a00000, 0x00000000f8ef5000, 0x0000000100000000)
2015-03-18T13:26:32.315-0400: 508094.491: [GC2015-03-18T13:26:32.315-0400: 508094.491: [ParNew
Desired survivor size 20112992 bytes, new threshold 8 (max 8)
- age   1:    1813976 bytes,    1813976 total
- age   2:    1841720 bytes,    3655696 total
- age   3:     861336 bytes,    4517032 total
- age   4:     108288 bytes,    4625320 total
- age   5:      71872 bytes,    4697192 total
- age   6:      70768 bytes,    4767960 total
- age   7:      80744 bytes,    4848704 total
- age   8:      75032 bytes,    4923736 total
: 91860K->5666K(109248K), 0.0065170 secs] 226599K->140483K(502464K), 0.0066730 secs] [Times: user=0.04 sys=0.00, real=0.01 secs] 
Heap after GC invocations=221 (full 1):
 par new generation   total 109248K, used 5666K [0x00000000d5a00000, 0x00000000dda00000, 0x00000000dda00000)
  eden space 87424K,   0% used [0x00000000d5a00000, 0x00000000d5a00000, 0x00000000daf60000)
  from space 21824K,  25% used [0x00000000daf60000, 0x00000000db4e8bc0, 0x00000000dc4b0000)
  to   space 21824K,   0% used [0x00000000dc4b0000, 0x00000000dc4b0000, 0x00000000dda00000)
 concurrent mark-sweep generation total 393216K, used 134816K [0x00000000dda00000, 0x00000000f5a00000, 0x00000000f5a00000)
 concurrent-mark-sweep perm gen total 54228K, used 34903K [0x00000000f5a00000, 0x00000000f8ef5000, 0x0000000100000000)
}
2015-03-18T13:26:32.322-0400: 508094.498: Total time for which application threads were stopped: 0.0071710 seconds
{Heap before GC invocations=221 (full 1):
 par new generation   total 109248K, used 93090K [0x00000000d5a00000, 0x00000000dda00000, 0x00000000dda00000)
  eden space 87424K, 100% used [0x00000000d5a00000, 0x00000000daf60000, 0x00000000daf60000)
  from space 21824K,  25% used [0x00000000daf60000, 0x00000000db4e8bc0, 0x00000000dc4b0000)
  to   space 21824K,   0% used [0x00000000dc4b0000, 0x00000000dc4b0000, 0x00000000dda00000)
 concurrent mark-sweep generation total 393216K, used 134816K [0x00000000dda00000, 0x00000000f5a00000, 0x00000000f5a00000)
 concurrent-mark-sweep perm gen total 54228K, used 34904K [0x00000000f5a00000, 0x00000000f8ef5000, 0x0000000100000000)
2015-03-18T13:26:32.355-0400: 508094.531: [GC2015-03-18T13:26:32.355-0400: 508094.531: [ParNew
Desired survivor size 20112992 bytes, new threshold 8 (max 8)
- age   1:    1453672 bytes,    1453672 total
- age   2:    1032120 bytes,    2485792 total
- age   3:    1841464 bytes,    4327256 total
- age   4:     861080 bytes,    5188336 total
- age   5:     108288 bytes,    5296624 total
- age   6:      71600 bytes,    5368224 total
- age   7:      70768 bytes,    5438992 total
- age   8:      80744 bytes,    5519736 total
: 93090K->7019K(109248K), 0.0068620 secs] 227907K->141911K(502464K), 0.0069830 secs] [Times: user=0.04 sys=0.00, real=0.01 secs] 
Heap after GC invocations=222 (full 1):
 par new generation   total 109248K, used 7019K [0x00000000d5a00000, 0x00000000dda00000, 0x00000000dda00000)
  eden space 87424K,   0% used [0x00000000d5a00000, 0x00000000d5a00000, 0x00000000daf60000)
  from space 21824K,  32% used [0x00000000dc4b0000, 0x00000000dcb8ad70, 0x00000000dda00000)
  to   space 21824K,   0% used [0x00000000daf60000, 0x00000000daf60000, 0x00000000dc4b0000)
 concurrent mark-sweep generation total 393216K, used 134891K [0x00000000dda00000, 0x00000000f5a00000, 0x00000000f5a00000)
 concurrent-mark-sweep perm gen total 54228K, used 34904K [0x00000000f5a00000, 0x00000000f8ef5000, 0x0000000100000000)
}
2015-03-18T13:26:32.362-0400: 508094.538: Total time for which application threads were stopped: 0.0076050 seconds
2015-03-18T13:26:32.368-0400: 508094.544: Total time for which application threads were stopped: 0.0004530 seconds
{Heap before GC invocations=222 (full 1):
 par new generation   total 109248K, used 94443K [0x00000000d5a00000, 0x00000000dda00000, 0x00000000dda00000)
  eden space 87424K, 100% used [0x00000000d5a00000, 0x00000000daf60000, 0x00000000daf60000)
  from space 21824K,  32% used [0x00000000dc4b0000, 0x00000000dcb8ad70, 0x00000000dda00000)
  to   space 21824K,   0% used [0x00000000daf60000, 0x00000000daf60000, 0x00000000dc4b0000)
 concurrent mark-sweep generation total 393216K, used 134891K [0x00000000dda00000, 0x00000000f5a00000, 0x00000000f5a00000)
 concurrent-mark-sweep perm gen total 54228K, used 34905K [0x00000000f5a00000, 0x00000000f8ef5000, 0x0000000100000000)
2015-03-18T13:26:32.394-0400: 508094.569: [GC2015-03-18T13:26:32.394-0400: 508094.569: [ParNew
Desired survivor size 20112992 bytes, new threshold 8 (max 8)
- age   1:    3198152 bytes,    3198152 total
- age   2:     694992 bytes,    3893144 total
- age   3:    1031912 bytes,    4925056 total
- age   4:    1841008 bytes,    6766064 total
- age   5:     860904 bytes,    7626968 total
- age   6:     108216 bytes,    7735184 total
- age   7:      71528 bytes,    7806712 total
- age   8:      70672 bytes,    7877384 total
: 94443K->9072K(109248K), 0.0090100 secs] 229335K->144044K(502464K), 0.0091560 secs] [Times: user=0.04 sys=0.00, real=0.01 secs] 
Heap after GC invocations=223 (full 1):
 par new generation   total 109248K, used 9072K [0x00000000d5a00000, 0x00000000dda00000, 0x00000000dda00000)
  eden space 87424K,   0% used [0x00000000d5a00000, 0x00000000d5a00000, 0x00000000daf60000)
  from space 21824K,  41% used [0x00000000daf60000, 0x00000000db83c1e0, 0x00000000dc4b0000)
  to   space 21824K,   0% used [0x00000000dc4b0000, 0x00000000dc4b0000, 0x00000000dda00000)
 concurrent mark-sweep generation total 393216K, used 134972K [0x00000000dda00000, 0x00000000f5a00000, 0x00000000f5a00000)
 concurrent-mark-sweep perm gen total 54228K, used 34905K [0x00000000f5a00000, 0x00000000f8ef5000, 0x0000000100000000)
}
2015-03-18T13:26:32.403-0400: 508094.578: Total time for which application threads were stopped: 0.0096990 seconds
2015-03-18T13:26:32.405-0400: 508094.580: Total time for which application threads were stopped: 0.0004520 seconds
2015-03-18T13:26:32.405-0400: 508094.581: Total time for which application threads were stopped: 0.0003610 seconds
{Heap before GC invocations=223 (full 1):
 par new generation   total 109248K, used 96496K [0x00000000d5a00000, 0x00000000dda00000, 0x00000000dda00000)
  eden space 87424K, 100% used [0x00000000d5a00000, 0x00000000daf60000, 0x00000000daf60000)
  from space 21824K,  41% used [0x00000000daf60000, 0x00000000db83c1e0, 0x00000000dc4b0000)
  to   space 21824K,   0% used [0x00000000dc4b0000, 0x00000000dc4b0000, 0x00000000dda00000)
 concurrent mark-sweep generation total 393216K, used 134972K [0x00000000dda00000, 0x00000000f5a00000, 0x00000000f5a00000)
 concurrent-mark-sweep perm gen total 54228K, used 34906K [0x00000000f5a00000, 0x00000000f8ef5000, 0x0000000100000000)
2015-03-18T13:26:32.431-0400: 508094.607: [GC2015-03-18T13:26:32.431-0400: 508094.607: [ParNew
Desired survivor size 20112992 bytes, new threshold 8 (max 8)
- age   1:    3550136 bytes,    3550136 total
- age   2:    1909464 bytes,    5459600 total
- age   3:     694888 bytes,    6154488 total
- age   4:    1031912 bytes,    7186400 total
- age   5:    1840968 bytes,    9027368 total
- age   6:     860864 bytes,    9888232 total
- age   7:     108216 bytes,    9996448 total
- age   8:      71528 bytes,   10067976 total
: 96496K->13051K(109248K), 0.0107620 secs] 231468K->148094K(502464K), 0.0108990 secs] [Times: user=0.05 sys=0.00, real=0.01 secs] 
Heap after GC invocations=224 (full 1):
 par new generation   total 109248K, used 13051K [0x00000000d5a00000, 0x00000000dda00000, 0x00000000dda00000)
  eden space 87424K,   0% used [0x00000000d5a00000, 0x00000000d5a00000, 0x00000000daf60000)
  from space 21824K,  59% used [0x00000000dc4b0000, 0x00000000dd16ed00, 0x00000000dda00000)
  to   space 21824K,   0% used [0x00000000daf60000, 0x00000000daf60000, 0x00000000dc4b0000)
 concurrent mark-sweep generation total 393216K, used 135043K [0x00000000dda00000, 0x00000000f5a00000, 0x00000000f5a00000)
 concurrent-mark-sweep perm gen total 54228K, used 34906K [0x00000000f5a00000, 0x00000000f8ef5000, 0x0000000100000000)
}
2015-03-18T13:26:32.442-0400: 508094.618: Total time for which application threads were stopped: 0.0114220 seconds
{Heap before GC invocations=224 (full 1):
 par new generation   total 109248K, used 100475K [0x00000000d5a00000, 0x00000000dda00000, 0x00000000dda00000)
  eden space 87424K, 100% used [0x00000000d5a00000, 0x00000000daf60000, 0x00000000daf60000)
  from space 21824K,  59% used [0x00000000dc4b0000, 0x00000000dd16ed00, 0x00000000dda00000)
  to   space 21824K,   0% used [0x00000000daf60000, 0x00000000daf60000, 0x00000000dc4b0000)
 concurrent mark-sweep generation total 393216K, used 135043K [0x00000000dda00000, 0x00000000f5a00000, 0x00000000f5a00000)
 concurrent-mark-sweep perm gen total 54228K, used 34906K [0x00000000f5a00000, 0x00000000f8ef5000, 0x0000000100000000)
2015-03-18T13:26:32.468-0400: 508094.644: [GC2015-03-18T13:26:32.468-0400: 508094.644: [ParNew
Desired survivor size 20112992 bytes, new threshold 8 (max 8)
- age   1:    1732040 bytes,    1732040 total
- age   2:    2651424 bytes,    4383464 total
- age   3:    1909368 bytes,    6292832 total
- age   4:     694360 bytes,    6987192 total
- age   5:    1031744 bytes,    8018936 total
- age   6:    1840824 bytes,    9859760 total
- age   7:     860768 bytes,   10720528 total
- age   8:     108144 bytes,   10828672 total
: 100475K->13296K(109248K), 0.0096170 secs] 235518K->148410K(502464K), 0.0097530 secs] [Times: user=0.04 sys=0.00, real=0.01 secs] 
Heap after GC invocations=225 (full 1):
 par new generation   total 109248K, used 13296K [0x00000000d5a00000, 0x00000000dda00000, 0x00000000dda00000)
  eden space 87424K,   0% used [0x00000000d5a00000, 0x00000000d5a00000, 0x00000000daf60000)
  from space 21824K,  60% used [0x00000000daf60000, 0x00000000dbc5c010, 0x00000000dc4b0000)
  to   space 21824K,   0% used [0x00000000dc4b0000, 0x00000000dc4b0000, 0x00000000dda00000)
 concurrent mark-sweep generation total 393216K, used 135114K [0x00000000dda00000, 0x00000000f5a00000, 0x00000000f5a00000)
 concurrent-mark-sweep perm gen total 54228K, used 34906K [0x00000000f5a00000, 0x00000000f8ef5000, 0x0000000100000000)
}
2015-03-18T13:26:32.478-0400: 508094.653: Total time for which application threads were stopped: 0.0102520 seconds
{Heap before GC invocations=225 (full 1):
 par new generation   total 109248K, used 100713K [0x00000000d5a00000, 0x00000000dda00000, 0x00000000dda00000)
  eden space 87424K,  99% used [0x00000000d5a00000, 0x00000000daf5e468, 0x00000000daf60000)
  from space 21824K,  60% used [0x00000000daf60000, 0x00000000dbc5c010, 0x00000000dc4b0000)
  to   space 21824K,   0% used [0x00000000dc4b0000, 0x00000000dc4b0000, 0x00000000dda00000)
 concurrent mark-sweep generation total 393216K, used 135114K [0x00000000dda00000, 0x00000000f5a00000, 0x00000000f5a00000)
 concurrent-mark-sweep perm gen total 54228K, used 34908K [0x00000000f5a00000, 0x00000000f8ef5000, 0x0000000100000000)
2015-03-18T13:26:32.503-0400: 508094.679: [GC2015-03-18T13:26:32.503-0400: 508094.679: [ParNew
Desired survivor size 20112992 bytes, new threshold 8 (max 8)
- age   1:    1661336 bytes,    1661336 total
- age   2:     184672 bytes,    1846008 total
- age   3:    2650576 bytes,    4496584 total
- age   4:    1909264 bytes,    6405848 total
- age   5:     694328 bytes,    7100176 total
- age   6:    1031712 bytes,    8131888 total
- age   7:    1840792 bytes,    9972680 total
- age   8:     860768 bytes,   10833448 total
: 100713K->18521K(109248K), 0.0092020 secs] 235827K->153744K(502464K), 0.0093340 secs] [Times: user=0.03 sys=0.00, real=0.01 secs] 
Heap after GC invocations=226 (full 1):
 par new generation   total 109248K, used 18521K [0x00000000d5a00000, 0x00000000dda00000, 0x00000000dda00000)
  eden space 87424K,   0% used [0x00000000d5a00000, 0x00000000d5a00000, 0x00000000daf60000)
  from space 21824K,  84% used [0x00000000dc4b0000, 0x00000000dd6c6600, 0x00000000dda00000)
  to   space 21824K,   0% used [0x00000000daf60000, 0x00000000daf60000, 0x00000000dc4b0000)
 concurrent mark-sweep generation total 393216K, used 135223K [0x00000000dda00000, 0x00000000f5a00000, 0x00000000f5a00000)
 concurrent-mark-sweep perm gen total 54228K, used 34908K [0x00000000f5a00000, 0x00000000f8ef5000, 0x0000000100000000)
}
2015-03-18T13:26:32.513-0400: 508094.688: Total time for which application threads were stopped: 0.0098600 seconds
{Heap before GC invocations=226 (full 1):
 par new generation   total 109248K, used 105945K [0x00000000d5a00000, 0x00000000dda00000, 0x00000000dda00000)
  eden space 87424K, 100% used [0x00000000d5a00000, 0x00000000daf60000, 0x00000000daf60000)
  from space 21824K,  84% used [0x00000000dc4b0000, 0x00000000dd6c6600, 0x00000000dda00000)
  to   space 21824K,   0% used [0x00000000daf60000, 0x00000000daf60000, 0x00000000dc4b0000)
 concurrent mark-sweep generation total 393216K, used 135223K [0x00000000dda00000, 0x00000000f5a00000, 0x00000000f5a00000)
 concurrent-mark-sweep perm gen total 54228K, used 34910K [0x00000000f5a00000, 0x00000000f8ef5000, 0x0000000100000000)
2015-03-18T13:26:32.541-0400: 508094.716: [GC2015-03-18T13:26:32.541-0400: 508094.716: [ParNew
Desired survivor size 20112992 bytes, new threshold 8 (max 8)
- age   1:    1648320 bytes,    1648320 total
- age   2:     568992 bytes,    2217312 total
- age   3:     184672 bytes,    2401984 total
- age   4:    2650280 bytes,    5052264 total
- age   5:    1909048 bytes,    6961312 total
- age   6:     694056 bytes,    7655368 total
- age   7:    1031712 bytes,    8687080 total
- age   8:    1840792 bytes,   10527872 total
: 105945K->11160K(109248K), 0.0106020 secs] 241168K->147228K(502464K), 0.0107350 secs] [Times: user=0.04 sys=0.00, real=0.01 secs] 
Heap after GC invocations=227 (full 1):
 par new generation   total 109248K, used 11160K [0x00000000d5a00000, 0x00000000dda00000, 0x00000000dda00000)
  eden space 87424K,   0% used [0x00000000d5a00000, 0x00000000d5a00000, 0x00000000daf60000)
  from space 21824K,  51% used [0x00000000daf60000, 0x00000000dba46090, 0x00000000dc4b0000)
  to   space 21824K,   0% used [0x00000000dc4b0000, 0x00000000dc4b0000, 0x00000000dda00000)
 concurrent mark-sweep generation total 393216K, used 136068K [0x00000000dda00000, 0x00000000f5a00000, 0x00000000f5a00000)
 concurrent-mark-sweep perm gen total 54228K, used 34910K [0x00000000f5a00000, 0x00000000f8ef5000, 0x0000000100000000)
}
2015-03-18T13:26:32.551-0400: 508094.727: Total time for which application threads were stopped: 0.0112860 seconds
2015-03-18T13:26:32.555-0400: 508094.730: Total time for which application threads were stopped: 0.0005020 seconds
2015-03-18T13:26:32.556-0400: 508094.732: Total time for which application threads were stopped: 0.0002900 seconds
2015-03-18T13:26:32.561-0400: 508094.737: Total time for which application threads were stopped: 0.0003390 seconds
2015-03-18T13:26:32.562-0400: 508094.737: Total time for which application threads were stopped: 0.0002580 seconds
2015-03-18T13:26:32.574-0400: 508094.749: Total time for which application threads were stopped: 0.0004600 seconds
2015-03-18T13:26:32.578-0400: 508094.753: Total time for which application threads were stopped: 0.0003540 seconds
{Heap before GC invocations=227 (full 1):
 par new generation   total 109248K, used 98584K [0x00000000d5a00000, 0x00000000dda00000, 0x00000000dda00000)
  eden space 87424K, 100% used [0x00000000d5a00000, 0x00000000daf60000, 0x00000000daf60000)
  from space 21824K,  51% used [0x00000000daf60000, 0x00000000dba46090, 0x00000000dc4b0000)
  to   space 21824K,   0% used [0x00000000dc4b0000, 0x00000000dc4b0000, 0x00000000dda00000)
 concurrent mark-sweep generation total 393216K, used 136068K [0x00000000dda00000, 0x00000000f5a00000, 0x00000000f5a00000)
 concurrent-mark-sweep perm gen total 54228K, used 34929K [0x00000000f5a00000, 0x00000000f8ef5000, 0x0000000100000000)
2015-03-18T13:26:32.583-0400: 508094.758: [GC2015-03-18T13:26:32.583-0400: 508094.758: [ParNew
Desired survivor size 20112992 bytes, new threshold 8 (max 8)
- age   1:    2557776 bytes,    2557776 total
- age   2:     535520 bytes,    3093296 total
- age   3:     440544 bytes,    3533840 total
- age   4:     184672 bytes,    3718512 total
- age   5:    2649232 bytes,    6367744 total
- age   6:    1909048 bytes,    8276792 total
- age   7:     694056 bytes,    8970848 total
- age   8:    1031712 bytes,   10002560 total
: 98584K->13426K(109248K), 0.0107810 secs] 234652K->151296K(502464K), 0.0109280 secs] [Times: user=0.05 sys=0.00, real=0.01 secs] 
Heap after GC invocations=228 (full 1):
 par new generation   total 109248K, used 13426K [0x00000000d5a00000, 0x00000000dda00000, 0x00000000dda00000)
  eden space 87424K,   0% used [0x00000000d5a00000, 0x00000000d5a00000, 0x00000000daf60000)
  from space 21824K,  61% used [0x00000000dc4b0000, 0x00000000dd1cc970, 0x00000000dda00000)
  to   space 21824K,   0% used [0x00000000daf60000, 0x00000000daf60000, 0x00000000dc4b0000)
 concurrent mark-sweep generation total 393216K, used 137869K [0x00000000dda00000, 0x00000000f5a00000, 0x00000000f5a00000)
 concurrent-mark-sweep perm gen total 54228K, used 34929K [0x00000000f5a00000, 0x00000000f8ef5000, 0x0000000100000000)
}
2015-03-18T13:26:32.594-0400: 508094.769: Total time for which application threads were stopped: 0.0113640 seconds
2015-03-18T13:26:32.597-0400: 508094.772: Total time for which application threads were stopped: 0.0004480 seconds
{Heap before GC invocations=228 (full 1):
 par new generation   total 109248K, used 100850K [0x00000000d5a00000, 0x00000000dda00000, 0x00000000dda00000)
  eden space 87424K, 100% used [0x00000000d5a00000, 0x00000000daf60000, 0x00000000daf60000)
  from space 21824K,  61% used [0x00000000dc4b0000, 0x00000000dd1cc970, 0x00000000dda00000)
  to   space 21824K,   0% used [0x00000000daf60000, 0x00000000daf60000, 0x00000000dc4b0000)
 concurrent mark-sweep generation total 393216K, used 137869K [0x00000000dda00000, 0x00000000f5a00000, 0x00000000f5a00000)
 concurrent-mark-sweep perm gen total 54228K, used 34929K [0x00000000f5a00000, 0x00000000f8ef5000, 0x0000000100000000)
2015-03-18T13:26:32.618-0400: 508094.794: [GC2015-03-18T13:26:32.619-0400: 508094.794: [ParNew
Desired survivor size 20112992 bytes, new threshold 8 (max 8)
- age   1:    1616400 bytes,    1616400 total
- age   2:    1148040 bytes,    2764440 total
- age   3:     535080 bytes,    3299520 total
- age   4:     440504 bytes,    3740024 total
- age   5:     184672 bytes,    3924696 total
- age   6:    2649208 bytes,    6573904 total
- age   7:    1909048 bytes,    8482952 total
- age   8:     694056 bytes,    9177008 total
: 100850K->11801K(109248K), 0.0097720 secs] 238720K->150686K(502464K), 0.0099080 secs] [Times: user=0.04 sys=0.00, real=0.01 secs] 
Heap after GC invocations=229 (full 1):
 par new generation   total 109248K, used 11801K [0x00000000d5a00000, 0x00000000dda00000, 0x00000000dda00000)
  eden space 87424K,   0% used [0x00000000d5a00000, 0x00000000d5a00000, 0x00000000daf60000)
  from space 21824K,  54% used [0x00000000daf60000, 0x00000000dbae6640, 0x00000000dc4b0000)
  to   space 21824K,   0% used [0x00000000dc4b0000, 0x00000000dc4b0000, 0x00000000dda00000)
 concurrent mark-sweep generation total 393216K, used 138884K [0x00000000dda00000, 0x00000000f5a00000, 0x00000000f5a00000)
 concurrent-mark-sweep perm gen total 54228K, used 34929K [0x00000000f5a00000, 0x00000000f8ef5000, 0x0000000100000000)
}
2015-03-18T13:26:32.628-0400: 508094.804: Total time for which application threads were stopped: 0.0104590 seconds
2015-03-18T13:26:32.638-0400: 508094.813: Total time for which application threads were stopped: 0.0004340 seconds
{Heap before GC invocations=229 (full 1):
 par new generation   total 109248K, used 99225K [0x00000000d5a00000, 0x00000000dda00000, 0x00000000dda00000)
  eden space 87424K, 100% used [0x00000000d5a00000, 0x00000000daf60000, 0x00000000daf60000)
  from space 21824K,  54% used [0x00000000daf60000, 0x00000000dbae6640, 0x00000000dc4b0000)
  to   space 21824K,   0% used [0x00000000dc4b0000, 0x00000000dc4b0000, 0x00000000dda00000)
 concurrent mark-sweep generation total 393216K, used 138884K [0x00000000dda00000, 0x00000000f5a00000, 0x00000000f5a00000)
 concurrent-mark-sweep perm gen total 54228K, used 34931K [0x00000000f5a00000, 0x00000000f8ef5000, 0x0000000100000000)
2015-03-18T13:26:32.656-0400: 508094.831: [GC2015-03-18T13:26:32.656-0400: 508094.831: [ParNew
Desired survivor size 20112992 bytes, new threshold 8 (max 8)
- age   1:    2782176 bytes,    2782176 total
- age   2:     158888 bytes,    2941064 total
- age   3:    1147752 bytes,    4088816 total
- age   4:     534928 bytes,    4623744 total
- age   5:     424040 bytes,    5047784 total
- age   6:     184672 bytes,    5232456 total
- age   7:    2649208 bytes,    7881664 total
- age   8:    1909048 bytes,    9790712 total
: 99225K->10880K(109248K), 0.0093470 secs] 238110K->150445K(502464K), 0.0094820 secs] [Times: user=0.05 sys=0.00, real=0.01 secs] 
Heap after GC invocations=230 (full 1):
 par new generation   total 109248K, used 10880K [0x00000000d5a00000, 0x00000000dda00000, 0x00000000dda00000)
  eden space 87424K,   0% used [0x00000000d5a00000, 0x00000000d5a00000, 0x00000000daf60000)
  from space 21824K,  49% used [0x00000000dc4b0000, 0x00000000dcf50328, 0x00000000dda00000)
  to   space 21824K,   0% used [0x00000000daf60000, 0x00000000daf60000, 0x00000000dc4b0000)
 concurrent mark-sweep generation total 393216K, used 139565K [0x00000000dda00000, 0x00000000f5a00000, 0x00000000f5a00000)
 concurrent-mark-sweep perm gen total 54228K, used 34931K [0x00000000f5a00000, 0x00000000f8ef5000, 0x0000000100000000)
}
2015-03-18T13:26:32.665-0400: 508094.841: Total time for which application threads were stopped: 0.0100550 seconds
2015-03-18T13:26:32.667-0400: 508094.843: Total time for which application threads were stopped: 0.0004060 seconds
{Heap before GC invocations=230 (full 1):
 par new generation   total 109248K, used 98294K [0x00000000d5a00000, 0x00000000dda00000, 0x00000000dda00000)
  eden space 87424K,  99% used [0x00000000d5a00000, 0x00000000daf5d550, 0x00000000daf60000)
  from space 21824K,  49% used [0x00000000dc4b0000, 0x00000000dcf50328, 0x00000000dda00000)
  to   space 21824K,   0% used [0x00000000daf60000, 0x00000000daf60000, 0x00000000dc4b0000)
 concurrent mark-sweep generation total 393216K, used 139565K [0x00000000dda00000, 0x00000000f5a00000, 0x00000000f5a00000)
 concurrent-mark-sweep perm gen total 54228K, used 34933K [0x00000000f5a00000, 0x00000000f8ef5000, 0x0000000100000000)
2015-03-18T13:26:32.692-0400: 508094.868: [GC2015-03-18T13:26:32.692-0400: 508094.868: [ParNew
Desired survivor size 20112992 bytes, new threshold 8 (max 8)
- age   1:    1249464 bytes,    1249464 total
- age   2:     814768 bytes,    2064232 total
- age   3:     158744 bytes,    2222976 total
- age   4:    1147752 bytes,    3370728 total
- age   5:     534928 bytes,    3905656 total
- age   6:     424064 bytes,    4329720 total
- age   7:     184672 bytes,    4514392 total
- age   8:    2649208 bytes,    7163600 total
: 98294K->10474K(109248K), 0.0099520 secs] 237859K->151912K(502464K), 0.0101160 secs] [Times: user=0.04 sys=0.00, real=0.01 secs] 
Heap after GC invocations=231 (full 1):
 par new generation   total 109248K, used 10474K [0x00000000d5a00000, 0x00000000dda00000, 0x00000000dda00000)
  eden space 87424K,   0% used [0x00000000d5a00000, 0x00000000d5a00000, 0x00000000daf60000)
  from space 21824K,  47% used [0x00000000daf60000, 0x00000000db99abb0, 0x00000000dc4b0000)
  to   space 21824K,   0% used [0x00000000dc4b0000, 0x00000000dc4b0000, 0x00000000dda00000)
 concurrent mark-sweep generation total 393216K, used 141437K [0x00000000dda00000, 0x00000000f5a00000, 0x00000000f5a00000)
 concurrent-mark-sweep perm gen total 54228K, used 34933K [0x00000000f5a00000, 0x00000000f8ef5000, 0x0000000100000000)
}
2015-03-18T13:26:32.702-0400: 508094.878: Total time for which application threads were stopped: 0.0106420 seconds
{Heap before GC invocations=231 (full 1):
 par new generation   total 109248K, used 97898K [0x00000000d5a00000, 0x00000000dda00000, 0x00000000dda00000)
  eden space 87424K, 100% used [0x00000000d5a00000, 0x00000000daf60000, 0x00000000daf60000)
  from space 21824K,  47% used [0x00000000daf60000, 0x00000000db99abb0, 0x00000000dc4b0000)
  to   space 21824K,   0% used [0x00000000dc4b0000, 0x00000000dc4b0000, 0x00000000dda00000)
 concurrent mark-sweep generation total 393216K, used 141437K [0x00000000dda00000, 0x00000000f5a00000, 0x00000000f5a00000)
 concurrent-mark-sweep perm gen total 54228K, used 34933K [0x00000000f5a00000, 0x00000000f8ef5000, 0x0000000100000000)
2015-03-18T13:26:32.728-0400: 508094.904: [GC2015-03-18T13:26:32.729-0400: 508094.904: [ParNew
Desired survivor size 20112992 bytes, new threshold 8 (max 8)
- age   1:    1760176 bytes,    1760176 total
- age   2:     181536 bytes,    1941712 total
- age   3:     814728 bytes,    2756440 total
- age   4:     158712 bytes,    2915152 total
- age   5:    1147752 bytes,    4062904 total
- age   6:     534712 bytes,    4597616 total
- age   7:     423768 bytes,    5021384 total
- age   8:     184672 bytes,    5206056 total
: 97898K->7077K(109248K), 0.0089410 secs] 239336K->151104K(502464K), 0.0090760 secs] [Times: user=0.04 sys=0.00, real=0.00 secs] 
Heap after GC invocations=232 (full 1):
 par new generation   total 109248K, used 7077K [0x00000000d5a00000, 0x00000000dda00000, 0x00000000dda00000)
  eden space 87424K,   0% used [0x00000000d5a00000, 0x00000000d5a00000, 0x00000000daf60000)
  from space 21824K,  32% used [0x00000000dc4b0000, 0x00000000dcb99610, 0x00000000dda00000)
  to   space 21824K,   0% used [0x00000000daf60000, 0x00000000daf60000, 0x00000000dc4b0000)
 concurrent mark-sweep generation total 393216K, used 144027K [0x00000000dda00000, 0x00000000f5a00000, 0x00000000f5a00000)
 concurrent-mark-sweep perm gen total 54228K, used 34933K [0x00000000f5a00000, 0x00000000f8ef5000, 0x0000000100000000)
}
2015-03-18T13:26:32.738-0400: 508094.913: Total time for which application threads were stopped: 0.0095900 seconds
{Heap before GC invocations=232 (full 1):
 par new generation   total 109248K, used 94501K [0x00000000d5a00000, 0x00000000dda00000, 0x00000000dda00000)
  eden space 87424K, 100% used [0x00000000d5a00000, 0x00000000daf60000, 0x00000000daf60000)
  from space 21824K,  32% used [0x00000000dc4b0000, 0x00000000dcb99610, 0x00000000dda00000)
  to   space 21824K,   0% used [0x00000000daf60000, 0x00000000daf60000, 0x00000000dc4b0000)
 concurrent mark-sweep generation total 393216K, used 144027K [0x00000000dda00000, 0x00000000f5a00000, 0x00000000f5a00000)
 concurrent-mark-sweep perm gen total 54228K, used 34933K [0x00000000f5a00000, 0x00000000f8ef5000, 0x0000000100000000)
2015-03-18T13:26:32.763-0400: 508094.939: [GC2015-03-18T13:26:32.763-0400: 508094.939: [ParNew
Desired survivor size 20112992 bytes, new threshold 8 (max 8)
- age   1:    1552320 bytes,    1552320 total
- age   2:      74384 bytes,    1626704 total
- age   3:     181408 bytes,    1808112 total
- age   4:     814232 bytes,    2622344 total
- age   5:     158640 bytes,    2780984 total
- age   6:    1147248 bytes,    3928232 total
- age   7:     534032 bytes,    4462264 total
- age   8:     423448 bytes,    4885712 total
: 94501K->6943K(109248K), 0.0059930 secs] 238528K->151157K(502464K), 0.0061100 secs] [Times: user=0.03 sys=0.00, real=0.01 secs] 
Heap after GC invocations=233 (full 1):
 par new generation   total 109248K, used 6943K [0x00000000d5a00000, 0x00000000dda00000, 0x00000000dda00000)
  eden space 87424K,   0% used [0x00000000d5a00000, 0x00000000d5a00000, 0x00000000daf60000)
  from space 21824K,  31% used [0x00000000daf60000, 0x00000000db627ed8, 0x00000000dc4b0000)
  to   space 21824K,   0% used [0x00000000dc4b0000, 0x00000000dc4b0000, 0x00000000dda00000)
 concurrent mark-sweep generation total 393216K, used 144214K [0x00000000dda00000, 0x00000000f5a00000, 0x00000000f5a00000)
 concurrent-mark-sweep perm gen total 54228K, used 34933K [0x00000000f5a00000, 0x00000000f8ef5000, 0x0000000100000000)
}
2015-03-18T13:26:32.770-0400: 508094.945: Total time for which application threads were stopped: 0.0066490 seconds
{Heap before GC invocations=233 (full 1):
 par new generation   total 109248K, used 94367K [0x00000000d5a00000, 0x00000000dda00000, 0x00000000dda00000)
  eden space 87424K, 100% used [0x00000000d5a00000, 0x00000000daf60000, 0x00000000daf60000)
  from space 21824K,  31% used [0x00000000daf60000, 0x00000000db627ed8, 0x00000000dc4b0000)
  to   space 21824K,   0% used [0x00000000dc4b0000, 0x00000000dc4b0000, 0x00000000dda00000)
 concurrent mark-sweep generation total 393216K, used 144214K [0x00000000dda00000, 0x00000000f5a00000, 0x00000000f5a00000)
 concurrent-mark-sweep perm gen total 54228K, used 34933K [0x00000000f5a00000, 0x00000000f8ef5000, 0x0000000100000000)
2015-03-18T13:26:32.795-0400: 508094.971: [GC2015-03-18T13:26:32.795-0400: 508094.971: [ParNew
Desired survivor size 20112992 bytes, new threshold 8 (max 8)
- age   1:    1880048 bytes,    1880048 total
- age   2:     146184 bytes,    2026232 total
- age   3:      74384 bytes,    2100616 total
- age   4:     181408 bytes,    2282024 total
- age   5:     814232 bytes,    3096256 total
- age   6:     158424 bytes,    3254680 total
- age   7:    1146976 bytes,    4401656 total
- age   8:     534032 bytes,    4935688 total
: 94367K->5761K(109248K), 0.0059960 secs] 238581K->150396K(502464K), 0.0061090 secs] [Times: user=0.02 sys=0.00, real=0.01 secs] 
Heap after GC invocations=234 (full 1):
 par new generation   total 109248K, used 5761K [0x00000000d5a00000, 0x00000000dda00000, 0x00000000dda00000)
  eden space 87424K,   0% used [0x00000000d5a00000, 0x00000000d5a00000, 0x00000000daf60000)
  from space 21824K,  26% used [0x00000000dc4b0000, 0x00000000dca50678, 0x00000000dda00000)
  to   space 21824K,   0% used [0x00000000daf60000, 0x00000000daf60000, 0x00000000dc4b0000)
 concurrent mark-sweep generation total 393216K, used 144634K [0x00000000dda00000, 0x00000000f5a00000, 0x00000000f5a00000)
 concurrent-mark-sweep perm gen total 54228K, used 34933K [0x00000000f5a00000, 0x00000000f8ef5000, 0x0000000100000000)
}
2015-03-18T13:26:32.801-0400: 508094.977: Total time for which application threads were stopped: 0.0066340 seconds
{Heap before GC invocations=234 (full 1):
 par new generation   total 109248K, used 93185K [0x00000000d5a00000, 0x00000000dda00000, 0x00000000dda00000)
  eden space 87424K, 100% used [0x00000000d5a00000, 0x00000000daf60000, 0x00000000daf60000)
  from space 21824K,  26% used [0x00000000dc4b0000, 0x00000000dca50678, 0x00000000dda00000)
  to   space 21824K,   0% used [0x00000000daf60000, 0x00000000daf60000, 0x00000000dc4b0000)
 concurrent mark-sweep generation total 393216K, used 144634K [0x00000000dda00000, 0x00000000f5a00000, 0x00000000f5a00000)
 concurrent-mark-sweep perm gen total 54228K, used 34935K [0x00000000f5a00000, 0x00000000f8ef5000, 0x0000000100000000)
2015-03-18T13:26:32.827-0400: 508095.003: [GC2015-03-18T13:26:32.827-0400: 508095.003: [ParNew
Desired survivor size 20112992 bytes, new threshold 8 (max 8)
- age   1:    2126600 bytes,    2126600 total
- age   2:     443232 bytes,    2569832 total
- age   3:     146000 bytes,    2715832 total
- age   4:      74232 bytes,    2790064 total
- age   5:     181408 bytes,    2971472 total
- age   6:     814016 bytes,    3785488 total
- age   7:     158208 bytes,    3943696 total
- age   8:    1146496 bytes,    5090192 total
: 93185K->7446K(109248K), 0.0061920 secs] 237820K->152604K(502464K), 0.0063230 secs] [Times: user=0.03 sys=0.00, real=0.01 secs] 
Heap after GC invocations=235 (full 1):
 par new generation   total 109248K, used 7446K [0x00000000d5a00000, 0x00000000dda00000, 0x00000000dda00000)
  eden space 87424K,   0% used [0x00000000d5a00000, 0x00000000d5a00000, 0x00000000daf60000)
  from space 21824K,  34% used [0x00000000daf60000, 0x00000000db6a5a88, 0x00000000dc4b0000)
  to   space 21824K,   0% used [0x00000000dc4b0000, 0x00000000dc4b0000, 0x00000000dda00000)
 concurrent mark-sweep generation total 393216K, used 145158K [0x00000000dda00000, 0x00000000f5a00000, 0x00000000f5a00000)
 concurrent-mark-sweep perm gen total 54228K, used 34935K [0x00000000f5a00000, 0x00000000f8ef5000, 0x0000000100000000)
}
2015-03-18T13:26:32.833-0400: 508095.009: Total time for which application threads were stopped: 0.0068470 seconds
{Heap before GC invocations=235 (full 1):
 par new generation   total 109248K, used 94870K [0x00000000d5a00000, 0x00000000dda00000, 0x00000000dda00000)
  eden space 87424K, 100% used [0x00000000d5a00000, 0x00000000daf60000, 0x00000000daf60000)
  from space 21824K,  34% used [0x00000000daf60000, 0x00000000db6a5a88, 0x00000000dc4b0000)
  to   space 21824K,   0% used [0x00000000dc4b0000, 0x00000000dc4b0000, 0x00000000dda00000)
 concurrent mark-sweep generation total 393216K, used 145158K [0x00000000dda00000, 0x00000000f5a00000, 0x00000000f5a00000)
 concurrent-mark-sweep perm gen total 54228K, used 34935K [0x00000000f5a00000, 0x00000000f8ef5000, 0x0000000100000000)
2015-03-18T13:26:32.860-0400: 508095.036: [GC2015-03-18T13:26:32.860-0400: 508095.036: [ParNew
Desired survivor size 20112992 bytes, new threshold 8 (max 8)
- age   1:    1235088 bytes,    1235088 total
- age   2:     275904 bytes,    1510992 total
- age   3:     443080 bytes,    1954072 total
- age   4:     146000 bytes,    2100072 total
- age   5:      74232 bytes,    2174304 total
- age   6:     181408 bytes,    2355712 total
- age   7:     814016 bytes,    3169728 total
- age   8:     158208 bytes,    3327936 total
: 94870K->3659K(109248K), 0.0080390 secs] 240028K->149940K(502464K), 0.0081740 secs] [Times: user=0.03 sys=0.00, real=0.01 secs] 
Heap after GC invocations=236 (full 1):
 par new generation   total 109248K, used 3659K [0x00000000d5a00000, 0x00000000dda00000, 0x00000000dda00000)
  eden space 87424K,   0% used [0x00000000d5a00000, 0x00000000d5a00000, 0x00000000daf60000)
  from space 21824K,  16% used [0x00000000dc4b0000, 0x00000000dc842f60, 0x00000000dda00000)
  to   space 21824K,   0% used [0x00000000daf60000, 0x00000000daf60000, 0x00000000dc4b0000)
 concurrent mark-sweep generation total 393216K, used 146280K [0x00000000dda00000, 0x00000000f5a00000, 0x00000000f5a00000)
 concurrent-mark-sweep perm gen total 54228K, used 34935K [0x00000000f5a00000, 0x00000000f8ef5000, 0x0000000100000000)
}
2015-03-18T13:26:32.869-0400: 508095.044: Total time for which application threads were stopped: 0.0088890 seconds
{Heap before GC invocations=236 (full 1):
 par new generation   total 109248K, used 91083K [0x00000000d5a00000, 0x00000000dda00000, 0x00000000dda00000)
  eden space 87424K,  99% used [0x00000000d5a00000, 0x00000000daf5fed0, 0x00000000daf60000)
  from space 21824K,  16% used [0x00000000dc4b0000, 0x00000000dc842f60, 0x00000000dda00000)
  to   space 21824K,   0% used [0x00000000daf60000, 0x00000000daf60000, 0x00000000dc4b0000)
 concurrent mark-sweep generation total 393216K, used 146280K [0x00000000dda00000, 0x00000000f5a00000, 0x00000000f5a00000)
 concurrent-mark-sweep perm gen total 54228K, used 34936K [0x00000000f5a00000, 0x00000000f8ef5000, 0x0000000100000000)
2015-03-18T13:26:32.896-0400: 508095.072: [GC2015-03-18T13:26:32.897-0400: 508095.072: [ParNew
Desired survivor size 20112992 bytes, new threshold 8 (max 8)
- age   1:    2106400 bytes,    2106400 total
- age   2:      92784 bytes,    2199184 total
- age   3:     149256 bytes,    2348440 total
- age   4:     443080 bytes,    2791520 total
- age   5:     145784 bytes,    2937304 total
- age   6:      74232 bytes,    3011536 total
- age   7:     181136 bytes,    3192672 total
- age   8:     813864 bytes,    4006536 total
: 91083K->5546K(109248K), 0.0071610 secs] 237364K->151988K(502464K), 0.0073160 secs] [Times: user=0.03 sys=0.00, real=0.01 secs] 
Heap after GC invocations=237 (full 1):
 par new generation   total 109248K, used 5546K [0x00000000d5a00000, 0x00000000dda00000, 0x00000000dda00000)
  eden space 87424K,   0% used [0x00000000d5a00000, 0x00000000d5a00000, 0x00000000daf60000)
  from space 21824K,  25% used [0x00000000daf60000, 0x00000000db4caa48, 0x00000000dc4b0000)
  to   space 21824K,   0% used [0x00000000dc4b0000, 0x00000000dc4b0000, 0x00000000dda00000)
 concurrent mark-sweep generation total 393216K, used 146442K [0x00000000dda00000, 0x00000000f5a00000, 0x00000000f5a00000)
 concurrent-mark-sweep perm gen total 54228K, used 34936K [0x00000000f5a00000, 0x00000000f8ef5000, 0x0000000100000000)
}
2015-03-18T13:26:32.904-0400: 508095.079: Total time for which application threads were stopped: 0.0083040 seconds
{Heap before GC invocations=237 (full 1):
 par new generation   total 109248K, used 92959K [0x00000000d5a00000, 0x00000000dda00000, 0x00000000dda00000)
  eden space 87424K,  99% used [0x00000000d5a00000, 0x00000000daf5d3f8, 0x00000000daf60000)
  from space 21824K,  25% used [0x00000000daf60000, 0x00000000db4caa48, 0x00000000dc4b0000)
  to   space 21824K,   0% used [0x00000000dc4b0000, 0x00000000dc4b0000, 0x00000000dda00000)
 concurrent mark-sweep generation total 393216K, used 146442K [0x00000000dda00000, 0x00000000f5a00000, 0x00000000f5a00000)
 concurrent-mark-sweep perm gen total 54228K, used 34936K [0x00000000f5a00000, 0x00000000f8ef5000, 0x0000000100000000)
2015-03-18T13:26:32.930-0400: 508095.106: [GC2015-03-18T13:26:32.930-0400: 508095.106: [ParNew
Desired survivor size 20112992 bytes, new threshold 8 (max 8)
- age   1:    1514008 bytes,    1514008 total
- age   2:     729536 bytes,    2243544 total
- age   3:      92616 bytes,    2336160 total
- age   4:     149080 bytes,    2485240 total
- age   5:     442912 bytes,    2928152 total
- age   6:     145328 bytes,    3073480 total
- age   7:      73776 bytes,    3147256 total
- age   8:     180992 bytes,    3328248 total
: 92959K->3954K(109248K), 0.0065210 secs] 239401K->151193K(502464K), 0.0066400 secs] [Times: user=0.03 sys=0.00, real=0.00 secs] 
Heap after GC invocations=238 (full 1):
 par new generation   total 109248K, used 3954K [0x00000000d5a00000, 0x00000000dda00000, 0x00000000dda00000)
  eden space 87424K,   0% used [0x00000000d5a00000, 0x00000000d5a00000, 0x00000000daf60000)
  from space 21824K,  18% used [0x00000000dc4b0000, 0x00000000dc88c928, 0x00000000dda00000)
  to   space 21824K,   0% used [0x00000000daf60000, 0x00000000daf60000, 0x00000000dc4b0000)
 concurrent mark-sweep generation total 393216K, used 147239K [0x00000000dda00000, 0x00000000f5a00000, 0x00000000f5a00000)
 concurrent-mark-sweep perm gen total 54228K, used 34936K [0x00000000f5a00000, 0x00000000f8ef5000, 0x0000000100000000)
}
2015-03-18T13:26:32.937-0400: 508095.113: Total time for which application threads were stopped: 0.0072030 seconds
{Heap before GC invocations=238 (full 1):
 par new generation   total 109248K, used 91323K [0x00000000d5a00000, 0x00000000dda00000, 0x00000000dda00000)
  eden space 87424K,  99% used [0x00000000d5a00000, 0x00000000daf52678, 0x00000000daf60000)
  from space 21824K,  18% used [0x00000000dc4b0000, 0x00000000dc88c928, 0x00000000dda00000)
  to   space 21824K,   0% used [0x00000000daf60000, 0x00000000daf60000, 0x00000000dc4b0000)
 concurrent mark-sweep generation total 393216K, used 147239K [0x00000000dda00000, 0x00000000f5a00000, 0x00000000f5a00000)
 concurrent-mark-sweep perm gen total 54228K, used 34936K [0x00000000f5a00000, 0x00000000f8ef5000, 0x0000000100000000)
2015-03-18T13:26:32.961-0400: 508095.136: [GC2015-03-18T13:26:32.961-0400: 508095.136: [ParNew
Desired survivor size 20112992 bytes, new threshold 8 (max 8)
- age   1:    2058032 bytes,    2058032 total
- age   2:     210864 bytes,    2268896 total
- age   3:     729248 bytes,    2998144 total
- age   4:      92544 bytes,    3090688 total
- age   5:     148792 bytes,    3239480 total
- age   6:     442840 bytes,    3682320 total
- age   7:     144672 bytes,    3826992 total
- age   8:      73728 bytes,    3900720 total
: 91323K->6005K(109248K), 0.0058440 secs] 238563K->153423K(502464K), 0.0059760 secs] [Times: user=0.02 sys=0.00, real=0.00 secs] 
Heap after GC invocations=239 (full 1):
 par new generation   total 109248K, used 6005K [0x00000000d5a00000, 0x00000000dda00000, 0x00000000dda00000)
  eden space 87424K,   0% used [0x00000000d5a00000, 0x00000000d5a00000, 0x00000000daf60000)
  from space 21824K,  27% used [0x00000000daf60000, 0x00000000db53d480, 0x00000000dc4b0000)
  to   space 21824K,   0% used [0x00000000dc4b0000, 0x00000000dc4b0000, 0x00000000dda00000)
 concurrent mark-sweep generation total 393216K, used 147418K [0x00000000dda00000, 0x00000000f5a00000, 0x00000000f5a00000)
 concurrent-mark-sweep perm gen total 54228K, used 34936K [0x00000000f5a00000, 0x00000000f8ef5000, 0x0000000100000000)
}
2015-03-18T13:26:32.967-0400: 508095.142: Total time for which application threads were stopped: 0.0065470 seconds
{Heap before GC invocations=239 (full 1):
 par new generation   total 109248K, used 93429K [0x00000000d5a00000, 0x00000000dda00000, 0x00000000dda00000)
  eden space 87424K, 100% used [0x00000000d5a00000, 0x00000000daf60000, 0x00000000daf60000)
  from space 21824K,  27% used [0x00000000daf60000, 0x00000000db53d480, 0x00000000dc4b0000)
  to   space 21824K,   0% used [0x00000000dc4b0000, 0x00000000dc4b0000, 0x00000000dda00000)
 concurrent mark-sweep generation total 393216K, used 147418K [0x00000000dda00000, 0x00000000f5a00000, 0x00000000f5a00000)
 concurrent-mark-sweep perm gen total 54228K, used 34937K [0x00000000f5a00000, 0x00000000f8ef5000, 0x0000000100000000)
2015-03-18T13:26:32.992-0400: 508095.167: [GC2015-03-18T13:26:32.992-0400: 508095.168: [ParNew
Desired survivor size 20112992 bytes, new threshold 8 (max 8)
- age   1:    2398760 bytes,    2398760 total
- age   2:     585000 bytes,    2983760 total
- age   3:     210680 bytes,    3194440 total
- age   4:     728952 bytes,    3923392 total
- age   5:      92376 bytes,    4015768 total
- age   6:     148312 bytes,    4164080 total
- age   7:     442384 bytes,    4606464 total
- age   8:     144528 bytes,    4750992 total
: 93429K->5960K(109248K), 0.0071500 secs] 240847K->153452K(502464K), 0.0072670 secs] [Times: user=0.04 sys=0.00, real=0.01 secs] 
Heap after GC invocations=240 (full 1):
 par new generation   total 109248K, used 5960K [0x00000000d5a00000, 0x00000000dda00000, 0x00000000dda00000)
  eden space 87424K,   0% used [0x00000000d5a00000, 0x00000000d5a00000, 0x00000000daf60000)
  from space 21824K,  27% used [0x00000000dc4b0000, 0x00000000dca82190, 0x00000000dda00000)
  to   space 21824K,   0% used [0x00000000daf60000, 0x00000000daf60000, 0x00000000dc4b0000)
 concurrent mark-sweep generation total 393216K, used 147492K [0x00000000dda00000, 0x00000000f5a00000, 0x00000000f5a00000)
 concurrent-mark-sweep perm gen total 54228K, used 34937K [0x00000000f5a00000, 0x00000000f8ef5000, 0x0000000100000000)
}
2015-03-18T13:26:32.999-0400: 508095.175: Total time for which application threads were stopped: 0.0080260 seconds
{Heap before GC invocations=240 (full 1):
 par new generation   total 109248K, used 93384K [0x00000000d5a00000, 0x00000000dda00000, 0x00000000dda00000)
  eden space 87424K, 100% used [0x00000000d5a00000, 0x00000000daf60000, 0x00000000daf60000)
  from space 21824K,  27% used [0x00000000dc4b0000, 0x00000000dca82190, 0x00000000dda00000)
  to   space 21824K,   0% used [0x00000000daf60000, 0x00000000daf60000, 0x00000000dc4b0000)
 concurrent mark-sweep generation total 393216K, used 147492K [0x00000000dda00000, 0x00000000f5a00000, 0x00000000f5a00000)
 concurrent-mark-sweep perm gen total 54228K, used 34937K [0x00000000f5a00000, 0x00000000f8ef5000, 0x0000000100000000)
2015-03-18T13:26:33.022-0400: 508095.198: [GC2015-03-18T13:26:33.022-0400: 508095.198: [ParNew
Desired survivor size 20112992 bytes, new threshold 8 (max 8)
- age   1:    1061312 bytes,    1061312 total
- age   2:    1314032 bytes,    2375344 total
- age   3:     584744 bytes,    2960088 total
- age   4:     210632 bytes,    3170720 total
- age   5:     728960 bytes,    3899680 total
- age   6:      92064 bytes,    3991744 total
- age   7:     147656 bytes,    4139400 total
- age   8:     442312 bytes,    4581712 total
: 93384K->6834K(109248K), 0.0067680 secs] 240876K->154470K(502464K), 0.0068970 secs] [Times: user=0.03 sys=0.00, real=0.01 secs] 
Heap after GC invocations=241 (full 1):
 par new generation   total 109248K, used 6834K [0x00000000d5a00000, 0x00000000dda00000, 0x00000000dda00000)
  eden space 87424K,   0% used [0x00000000d5a00000, 0x00000000d5a00000, 0x00000000daf60000)
  from space 21824K,  31% used [0x00000000daf60000, 0x00000000db60ca80, 0x00000000dc4b0000)
  to   space 21824K,   0% used [0x00000000dc4b0000, 0x00000000dc4b0000, 0x00000000dda00000)
 concurrent mark-sweep generation total 393216K, used 147635K [0x00000000dda00000, 0x00000000f5a00000, 0x00000000f5a00000)
 concurrent-mark-sweep perm gen total 54228K, used 34937K [0x00000000f5a00000, 0x00000000f8ef5000, 0x0000000100000000)
}
2015-03-18T13:26:33.029-0400: 508095.205: Total time for which application threads were stopped: 0.0074060 seconds
{Heap before GC invocations=241 (full 1):
 par new generation   total 109248K, used 94257K [0x00000000d5a00000, 0x00000000dda00000, 0x00000000dda00000)
  eden space 87424K,  99% used [0x00000000d5a00000, 0x00000000daf5fb58, 0x00000000daf60000)
  from space 21824K,  31% used [0x00000000daf60000, 0x00000000db60ca80, 0x00000000dc4b0000)
  to   space 21824K,   0% used [0x00000000dc4b0000, 0x00000000dc4b0000, 0x00000000dda00000)
 concurrent mark-sweep generation total 393216K, used 147635K [0x00000000dda00000, 0x00000000f5a00000, 0x00000000f5a00000)
 concurrent-mark-sweep perm gen total 54228K, used 34937K [0x00000000f5a00000, 0x00000000f8ef5000, 0x0000000100000000)
2015-03-18T13:26:33.056-0400: 508095.232: [GC2015-03-18T13:26:33.056-0400: 508095.232: [ParNew
Desired survivor size 20112992 bytes, new threshold 8 (max 8)
- age   1:    1899224 bytes,    1899224 total
- age   2:     369856 bytes,    2269080 total
- age   3:    1313592 bytes,    3582672 total
- age   4:     584672 bytes,    4167344 total
- age   5:     210536 bytes,    4377880 total
- age   6:     728536 bytes,    5106416 total
- age   7:      91968 bytes,    5198384 total
- age   8:     147560 bytes,    5345944 total
: 94257K->6284K(109248K), 0.0077500 secs] 241893K->154354K(502464K), 0.0078630 secs] [Times: user=0.04 sys=0.00, real=0.01 secs] 
Heap after GC invocations=242 (full 1):
 par new generation   total 109248K, used 6284K [0x00000000d5a00000, 0x00000000dda00000, 0x00000000dda00000)
  eden space 87424K,   0% used [0x00000000d5a00000, 0x00000000d5a00000, 0x00000000daf60000)
  from space 21824K,  28% used [0x00000000dc4b0000, 0x00000000dcad3340, 0x00000000dda00000)
  to   space 21824K,   0% used [0x00000000daf60000, 0x00000000daf60000, 0x00000000dc4b0000)
 concurrent mark-sweep generation total 393216K, used 148069K [0x00000000dda00000, 0x00000000f5a00000, 0x00000000f5a00000)
 concurrent-mark-sweep perm gen total 54228K, used 34937K [0x00000000f5a00000, 0x00000000f8ef5000, 0x0000000100000000)
}
2015-03-18T13:26:33.064-0400: 508095.240: Total time for which application threads were stopped: 0.0086390 seconds
{Heap before GC invocations=242 (full 1):
 par new generation   total 109248K, used 93708K [0x00000000d5a00000, 0x00000000dda00000, 0x00000000dda00000)
  eden space 87424K, 100% used [0x00000000d5a00000, 0x00000000daf60000, 0x00000000daf60000)
  from space 21824K,  28% used [0x00000000dc4b0000, 0x00000000dcad3340, 0x00000000dda00000)
  to   space 21824K,   0% used [0x00000000daf60000, 0x00000000daf60000, 0x00000000dc4b0000)
 concurrent mark-sweep generation total 393216K, used 148069K [0x00000000dda00000, 0x00000000f5a00000, 0x00000000f5a00000)
 concurrent-mark-sweep perm gen total 54228K, used 34937K [0x00000000f5a00000, 0x00000000f8ef5000, 0x0000000100000000)
2015-03-18T13:26:33.089-0400: 508095.265: [GC2015-03-18T13:26:33.089-0400: 508095.265: [ParNew
Desired survivor size 20112992 bytes, new threshold 8 (max 8)
- age   1:    1296096 bytes,    1296096 total
- age   2:     932896 bytes,    2228992 total
- age   3:     369736 bytes,    2598728 total
- age   4:    1313496 bytes,    3912224 total
- age   5:     584264 bytes,    4496488 total
- age   6:     210464 bytes,    4706952 total
- age   7:     728664 bytes,    5435616 total
- age   8:      91896 bytes,    5527512 total
: 93708K->7768K(109248K), 0.0071900 secs] 241778K->155989K(502464K), 0.0073280 secs] [Times: user=0.03 sys=0.00, real=0.00 secs] 
Heap after GC invocations=243 (full 1):
 par new generation   total 109248K, used 7768K [0x00000000d5a00000, 0x00000000dda00000, 0x00000000dda00000)
  eden space 87424K,   0% used [0x00000000d5a00000, 0x00000000d5a00000, 0x00000000daf60000)
  from space 21824K,  35% used [0x00000000daf60000, 0x00000000db6f6288, 0x00000000dc4b0000)
  to   space 21824K,   0% used [0x00000000dc4b0000, 0x00000000dc4b0000, 0x00000000dda00000)
 concurrent mark-sweep generation total 393216K, used 148220K [0x00000000dda00000, 0x00000000f5a00000, 0x00000000f5a00000)
 concurrent-mark-sweep perm gen total 54228K, used 34937K [0x00000000f5a00000, 0x00000000f8ef5000, 0x0000000100000000)
}
2015-03-18T13:26:33.096-0400: 508095.272: Total time for which application threads were stopped: 0.0078530 seconds
{Heap before GC invocations=243 (full 1):
 par new generation   total 109248K, used 95192K [0x00000000d5a00000, 0x00000000dda00000, 0x00000000dda00000)
  eden space 87424K, 100% used [0x00000000d5a00000, 0x00000000daf60000, 0x00000000daf60000)
  from space 21824K,  35% used [0x00000000daf60000, 0x00000000db6f6288, 0x00000000dc4b0000)
  to   space 21824K,   0% used [0x00000000dc4b0000, 0x00000000dc4b0000, 0x00000000dda00000)
 concurrent mark-sweep generation total 393216K, used 148220K [0x00000000dda00000, 0x00000000f5a00000, 0x00000000f5a00000)
 concurrent-mark-sweep perm gen total 54228K, used 34938K [0x00000000f5a00000, 0x00000000f8ef5000, 0x0000000100000000)
2015-03-18T13:26:33.125-0400: 508095.301: [GC2015-03-18T13:26:33.125-0400: 508095.301: [ParNew
Desired survivor size 20112992 bytes, new threshold 8 (max 8)
- age   1:    2236856 bytes,    2236856 total
- age   2:     353048 bytes,    2589904 total
- age   3:     931928 bytes,    3521832 total
- age   4:     369032 bytes,    3890864 total
- age   5:    1313400 bytes,    5204264 total
- age   6:     584168 bytes,    5788432 total
- age   7:     210368 bytes,    5998800 total
- age   8:     728352 bytes,    6727152 total
: 95192K->7834K(109248K), 0.0073380 secs] 243413K->156146K(502464K), 0.0074600 secs] [Times: user=0.03 sys=0.00, real=0.01 secs] 
Heap after GC invocations=244 (full 1):
 par new generation   total 109248K, used 7834K [0x00000000d5a00000, 0x00000000dda00000, 0x00000000dda00000)
  eden space 87424K,   0% used [0x00000000d5a00000, 0x00000000d5a00000, 0x00000000daf60000)
  from space 21824K,  35% used [0x00000000dc4b0000, 0x00000000dcc56b60, 0x00000000dda00000)
  to   space 21824K,   0% used [0x00000000daf60000, 0x00000000daf60000, 0x00000000dc4b0000)
 concurrent mark-sweep generation total 393216K, used 148312K [0x00000000dda00000, 0x00000000f5a00000, 0x00000000f5a00000)
 concurrent-mark-sweep perm gen total 54228K, used 34938K [0x00000000f5a00000, 0x00000000f8ef5000, 0x0000000100000000)
}
2015-03-18T13:26:33.133-0400: 508095.308: Total time for which application threads were stopped: 0.0080570 seconds
{Heap before GC invocations=244 (full 1):
 par new generation   total 109248K, used 95258K [0x00000000d5a00000, 0x00000000dda00000, 0x00000000dda00000)
  eden space 87424K, 100% used [0x00000000d5a00000, 0x00000000daf60000, 0x00000000daf60000)
  from space 21824K,  35% used [0x00000000dc4b0000, 0x00000000dcc56b60, 0x00000000dda00000)
  to   space 21824K,   0% used [0x00000000daf60000, 0x00000000daf60000, 0x00000000dc4b0000)
 concurrent mark-sweep generation total 393216K, used 148312K [0x00000000dda00000, 0x00000000f5a00000, 0x00000000f5a00000)
 concurrent-mark-sweep perm gen total 54228K, used 34939K [0x00000000f5a00000, 0x00000000f8ef5000, 0x0000000100000000)
2015-03-18T13:26:33.159-0400: 508095.334: [GC2015-03-18T13:26:33.159-0400: 508095.334: [ParNew
Desired survivor size 20112992 bytes, new threshold 8 (max 8)
- age   1:    2307800 bytes,    2307800 total
- age   2:    1609168 bytes,    3916968 total
- age   3:     353048 bytes,    4270016 total
- age   4:     931824 bytes,    5201840 total
- age   5:     368912 bytes,    5570752 total
- age   6:    1313400 bytes,    6884152 total
- age   7:     584168 bytes,    7468320 total
- age   8:     210368 bytes,    7678688 total
: 95258K->9993K(109248K), 0.0094750 secs] 243570K->159018K(502464K), 0.0096020 secs] [Times: user=0.03 sys=0.00, real=0.00 secs] 
Heap after GC invocations=245 (full 1):
 par new generation   total 109248K, used 9993K [0x00000000d5a00000, 0x00000000dda00000, 0x00000000dda00000)
  eden space 87424K,   0% used [0x00000000d5a00000, 0x00000000d5a00000, 0x00000000daf60000)
  from space 21824K,  45% used [0x00000000daf60000, 0x00000000db9225f0, 0x00000000dc4b0000)
  to   space 21824K,   0% used [0x00000000dc4b0000, 0x00000000dc4b0000, 0x00000000dda00000)
 concurrent mark-sweep generation total 393216K, used 149025K [0x00000000dda00000, 0x00000000f5a00000, 0x00000000f5a00000)
 concurrent-mark-sweep perm gen total 54228K, used 34939K [0x00000000f5a00000, 0x00000000f8ef5000, 0x0000000100000000)
}
2015-03-18T13:26:33.168-0400: 508095.344: Total time for which application threads were stopped: 0.0103720 seconds
{Heap before GC invocations=245 (full 1):
 par new generation   total 109248K, used 97417K [0x00000000d5a00000, 0x00000000dda00000, 0x00000000dda00000)
  eden space 87424K, 100% used [0x00000000d5a00000, 0x00000000daf60000, 0x00000000daf60000)
  from space 21824K,  45% used [0x00000000daf60000, 0x00000000db9225f0, 0x00000000dc4b0000)
  to   space 21824K,   0% used [0x00000000dc4b0000, 0x00000000dc4b0000, 0x00000000dda00000)
 concurrent mark-sweep generation total 393216K, used 149025K [0x00000000dda00000, 0x00000000f5a00000, 0x00000000f5a00000)
 concurrent-mark-sweep perm gen total 54228K, used 34940K [0x00000000f5a00000, 0x00000000f8ef5000, 0x0000000100000000)
2015-03-18T13:26:33.196-0400: 508095.371: [GC2015-03-18T13:26:33.196-0400: 508095.371: [ParNew
Desired survivor size 20112992 bytes, new threshold 8 (max 8)
- age   1:    1510104 bytes,    1510104 total
- age   2:    1742920 bytes,    3253024 total
- age   3:    1608936 bytes,    4861960 total
- age   4:     352832 bytes,    5214792 total
- age   5:     931552 bytes,    6146344 total
- age   6:     368912 bytes,    6515256 total
- age   7:    1313400 bytes,    7828656 total
- age   8:     584168 bytes,    8412824 total
: 97417K->10599K(109248K), 0.0083700 secs] 246442K->159832K(502464K), 0.0085050 secs] [Times: user=0.04 sys=0.00, real=0.01 secs] 
Heap after GC invocations=246 (full 1):
 par new generation   total 109248K, used 10599K [0x00000000d5a00000, 0x00000000dda00000, 0x00000000dda00000)
  eden space 87424K,   0% used [0x00000000d5a00000, 0x00000000d5a00000, 0x00000000daf60000)
  from space 21824K,  48% used [0x00000000dc4b0000, 0x00000000dcf09c90, 0x00000000dda00000)
  to   space 21824K,   0% used [0x00000000daf60000, 0x00000000daf60000, 0x00000000dc4b0000)
 concurrent mark-sweep generation total 393216K, used 149233K [0x00000000dda00000, 0x00000000f5a00000, 0x00000000f5a00000)
 concurrent-mark-sweep perm gen total 54228K, used 34940K [0x00000000f5a00000, 0x00000000f8ef5000, 0x0000000100000000)
}
2015-03-18T13:26:33.204-0400: 508095.380: Total time for which application threads were stopped: 0.0092340 seconds
{Heap before GC invocations=246 (full 1):
 par new generation   total 109248K, used 98023K [0x00000000d5a00000, 0x00000000dda00000, 0x00000000dda00000)
  eden space 87424K, 100% used [0x00000000d5a00000, 0x00000000daf60000, 0x00000000daf60000)
  from space 21824K,  48% used [0x00000000dc4b0000, 0x00000000dcf09c90, 0x00000000dda00000)
  to   space 21824K,   0% used [0x00000000daf60000, 0x00000000daf60000, 0x00000000dc4b0000)
 concurrent mark-sweep generation total 393216K, used 149233K [0x00000000dda00000, 0x00000000f5a00000, 0x00000000f5a00000)
 concurrent-mark-sweep perm gen total 54228K, used 34940K [0x00000000f5a00000, 0x00000000f8ef5000, 0x0000000100000000)
2015-03-18T13:26:33.231-0400: 508095.407: [GC2015-03-18T13:26:33.231-0400: 508095.407: [ParNew
Desired survivor size 20112992 bytes, new threshold 8 (max 8)
- age   1:     838072 bytes,     838072 total
- age   2:     495096 bytes,    1333168 total
- age   3:    1742760 bytes,    3075928 total
- age   4:    1608936 bytes,    4684864 total
- age   5:     352832 bytes,    5037696 total
- age   6:     931520 bytes,    5969216 total
- age   7:     368880 bytes,    6338096 total
- age   8:    1313368 bytes,    7651464 total
: 98023K->10832K(109248K), 0.0091760 secs] 247256K->160639K(502464K), 0.0092990 secs] [Times: user=0.05 sys=0.00, real=0.01 secs] 
Heap after GC invocations=247 (full 1):
 par new generation   total 109248K, used 10832K [0x00000000d5a00000, 0x00000000dda00000, 0x00000000dda00000)
  eden space 87424K,   0% used [0x00000000d5a00000, 0x00000000d5a00000, 0x00000000daf60000)
  from space 21824K,  49% used [0x00000000daf60000, 0x00000000db9f41f0, 0x00000000dc4b0000)
  to   space 21824K,   0% used [0x00000000dc4b0000, 0x00000000dc4b0000, 0x00000000dda00000)
 concurrent mark-sweep generation total 393216K, used 149807K [0x00000000dda00000, 0x00000000f5a00000, 0x00000000f5a00000)
 concurrent-mark-sweep perm gen total 54228K, used 34940K [0x00000000f5a00000, 0x00000000f8ef5000, 0x0000000100000000)
}
2015-03-18T13:26:33.240-0400: 508095.416: Total time for which application threads were stopped: 0.0101040 seconds
{Heap before GC invocations=247 (full 1):
 par new generation   total 109248K, used 98256K [0x00000000d5a00000, 0x00000000dda00000, 0x00000000dda00000)
  eden space 87424K, 100% used [0x00000000d5a00000, 0x00000000daf60000, 0x00000000daf60000)
  from space 21824K,  49% used [0x00000000daf60000, 0x00000000db9f41f0, 0x00000000dc4b0000)
  to   space 21824K,   0% used [0x00000000dc4b0000, 0x00000000dc4b0000, 0x00000000dda00000)
 concurrent mark-sweep generation total 393216K, used 149807K [0x00000000dda00000, 0x00000000f5a00000, 0x00000000f5a00000)
 concurrent-mark-sweep perm gen total 54228K, used 34943K [0x00000000f5a00000, 0x00000000f8ef5000, 0x0000000100000000)
2015-03-18T13:26:33.268-0400: 508095.444: [GC2015-03-18T13:26:33.268-0400: 508095.444: [ParNew
Desired survivor size 20112992 bytes, new threshold 8 (max 8)
- age   1:    3977432 bytes,    3977432 total
- age   2:     108640 bytes,    4086072 total
- age   3:     271192 bytes,    4357264 total
- age   4:    1742424 bytes,    6099688 total
- age   5:    1608440 bytes,    7708128 total
- age   6:     352648 bytes,    8060776 total
- age   7:     931352 bytes,    8992128 total
- age   8:     368688 bytes,    9360816 total
: 98256K->11518K(109248K), 0.0112710 secs] 248063K->162611K(502464K), 0.0114000 secs] [Times: user=0.05 sys=0.00, real=0.01 secs] 
Heap after GC invocations=248 (full 1):
 par new generation   total 109248K, used 11518K [0x00000000d5a00000, 0x00000000dda00000, 0x00000000dda00000)
  eden space 87424K,   0% used [0x00000000d5a00000, 0x00000000d5a00000, 0x00000000daf60000)
  from space 21824K,  52% used [0x00000000dc4b0000, 0x00000000dcfefab0, 0x00000000dda00000)
  to   space 21824K,   0% used [0x00000000daf60000, 0x00000000daf60000, 0x00000000dc4b0000)
 concurrent mark-sweep generation total 393216K, used 151092K [0x00000000dda00000, 0x00000000f5a00000, 0x00000000f5a00000)
 concurrent-mark-sweep perm gen total 54228K, used 34943K [0x00000000f5a00000, 0x00000000f8ef5000, 0x0000000100000000)
}
2015-03-18T13:26:33.280-0400: 508095.455: Total time for which application threads were stopped: 0.0119670 seconds
{Heap before GC invocations=248 (full 1):
 par new generation   total 109248K, used 98939K [0x00000000d5a00000, 0x00000000dda00000, 0x00000000dda00000)
  eden space 87424K,  99% used [0x00000000d5a00000, 0x00000000daf5f438, 0x00000000daf60000)
  from space 21824K,  52% used [0x00000000dc4b0000, 0x00000000dcfefab0, 0x00000000dda00000)
  to   space 21824K,   0% used [0x00000000daf60000, 0x00000000daf60000, 0x00000000dc4b0000)
 concurrent mark-sweep generation total 393216K, used 151092K [0x00000000dda00000, 0x00000000f5a00000, 0x00000000f5a00000)
 concurrent-mark-sweep perm gen total 54228K, used 34943K [0x00000000f5a00000, 0x00000000f8ef5000, 0x0000000100000000)
2015-03-18T13:26:33.308-0400: 508095.484: [GC2015-03-18T13:26:33.308-0400: 508095.484: [ParNew
Desired survivor size 20112992 bytes, new threshold 8 (max 8)
- age   1:    2540552 bytes,    2540552 total
- age   2:    3197976 bytes,    5738528 total
- age   3:     108640 bytes,    5847168 total
- age   4:     270976 bytes,    6118144 total
- age   5:    1742152 bytes,    7860296 total
- age   6:    1608440 bytes,    9468736 total
- age   7:     352648 bytes,    9821384 total
- age   8:     931352 bytes,   10752736 total
: 98939K->14013K(109248K), 0.0110440 secs] 250032K->165474K(502464K), 0.0111970 secs] [Times: user=0.06 sys=0.00, real=0.02 secs] 
Heap after GC invocations=249 (full 1):
 par new generation   total 109248K, used 14013K [0x00000000d5a00000, 0x00000000dda00000, 0x00000000dda00000)
  eden space 87424K,   0% used [0x00000000d5a00000, 0x00000000d5a00000, 0x00000000daf60000)
  from space 21824K,  64% used [0x00000000daf60000, 0x00000000dbd0f7c8, 0x00000000dc4b0000)
  to   space 21824K,   0% used [0x00000000dc4b0000, 0x00000000dc4b0000, 0x00000000dda00000)
 concurrent mark-sweep generation total 393216K, used 151460K [0x00000000dda00000, 0x00000000f5a00000, 0x00000000f5a00000)
 concurrent-mark-sweep perm gen total 54228K, used 34943K [0x00000000f5a00000, 0x00000000f8ef5000, 0x0000000100000000)
}
2015-03-18T13:26:33.319-0400: 508095.495: Total time for which application threads were stopped: 0.0117400 seconds
{Heap before GC invocations=249 (full 1):
 par new generation   total 109248K, used 101412K [0x00000000d5a00000, 0x00000000dda00000, 0x00000000dda00000)
  eden space 87424K,  99% used [0x00000000d5a00000, 0x00000000daf59908, 0x00000000daf60000)
  from space 21824K,  64% used [0x00000000daf60000, 0x00000000dbd0f7c8, 0x00000000dc4b0000)
  to   space 21824K,   0% used [0x00000000dc4b0000, 0x00000000dc4b0000, 0x00000000dda00000)
 concurrent mark-sweep generation total 393216K, used 151460K [0x00000000dda00000, 0x00000000f5a00000, 0x00000000f5a00000)
 concurrent-mark-sweep perm gen total 54228K, used 34944K [0x00000000f5a00000, 0x00000000f8ef5000, 0x0000000100000000)
2015-03-18T13:26:33.348-0400: 508095.523: [GC2015-03-18T13:26:33.348-0400: 508095.523: [ParNew
Desired survivor size 20112992 bytes, new threshold 8 (max 8)
- age   1:    2194200 bytes,    2194200 total
- age   2:    1271584 bytes,    3465784 total
- age   3:    3197792 bytes,    6663576 total
- age   4:     108520 bytes,    6772096 total
- age   5:     270568 bytes,    7042664 total
- age   6:    1742032 bytes,    8784696 total
- age   7:    1608272 bytes,   10392968 total
- age   8:     352432 bytes,   10745400 total
: 101412K->13364K(109248K), 0.0111520 secs] 252872K->165737K(502464K), 0.0113000 secs] [Times: user=0.06 sys=0.00, real=0.02 secs] 
Heap after GC invocations=250 (full 1):
 par new generation   total 109248K, used 13364K [0x00000000d5a00000, 0x00000000dda00000, 0x00000000dda00000)
  eden space 87424K,   0% used [0x00000000d5a00000, 0x00000000d5a00000, 0x00000000daf60000)
  from space 21824K,  61% used [0x00000000dc4b0000, 0x00000000dd1bd1c0, 0x00000000dda00000)
  to   space 21824K,   0% used [0x00000000daf60000, 0x00000000daf60000, 0x00000000dc4b0000)
 concurrent mark-sweep generation total 393216K, used 152372K [0x00000000dda00000, 0x00000000f5a00000, 0x00000000f5a00000)
 concurrent-mark-sweep perm gen total 54228K, used 34944K [0x00000000f5a00000, 0x00000000f8ef5000, 0x0000000100000000)
}
2015-03-18T13:26:33.359-0400: 508095.535: Total time for which application threads were stopped: 0.0118360 seconds
{Heap before GC invocations=250 (full 1):
 par new generation   total 109248K, used 100761K [0x00000000d5a00000, 0x00000000dda00000, 0x00000000dda00000)
  eden space 87424K,  99% used [0x00000000d5a00000, 0x00000000daf594a0, 0x00000000daf60000)
  from space 21824K,  61% used [0x00000000dc4b0000, 0x00000000dd1bd1c0, 0x00000000dda00000)
  to   space 21824K,   0% used [0x00000000daf60000, 0x00000000daf60000, 0x00000000dc4b0000)
 concurrent mark-sweep generation total 393216K, used 152372K [0x00000000dda00000, 0x00000000f5a00000, 0x00000000f5a00000)
 concurrent-mark-sweep perm gen total 54228K, used 34945K [0x00000000f5a00000, 0x00000000f8ef5000, 0x0000000100000000)
2015-03-18T13:26:33.386-0400: 508095.562: [GC2015-03-18T13:26:33.386-0400: 508095.562: [ParNew
Desired survivor size 20112992 bytes, new threshold 8 (max 8)
- age   1:    2263536 bytes,    2263536 total
- age   2:     773848 bytes,    3037384 total
- age   3:    1271096 bytes,    4308480 total
- age   4:    3197792 bytes,    7506272 total
- age   5:     108520 bytes,    7614792 total
- age   6:     270584 bytes,    7885376 total
- age   7:    1742032 bytes,    9627408 total
- age   8:    1608272 bytes,   11235680 total
: 100761K->18710K(109248K), 0.0091030 secs] 253134K->171434K(502464K), 0.0092540 secs] [Times: user=0.04 sys=0.00, real=0.01 secs] 
Heap after GC invocations=251 (full 1):
 par new generation   total 109248K, used 18710K [0x00000000d5a00000, 0x00000000dda00000, 0x00000000dda00000)
  eden space 87424K,   0% used [0x00000000d5a00000, 0x00000000d5a00000, 0x00000000daf60000)
  from space 21824K,  85% used [0x00000000daf60000, 0x00000000dc1a5900, 0x00000000dc4b0000)
  to   space 21824K,   0% used [0x00000000dc4b0000, 0x00000000dc4b0000, 0x00000000dda00000)
 concurrent mark-sweep generation total 393216K, used 152724K [0x00000000dda00000, 0x00000000f5a00000, 0x00000000f5a00000)
 concurrent-mark-sweep perm gen total 54228K, used 34945K [0x00000000f5a00000, 0x00000000f8ef5000, 0x0000000100000000)
}
2015-03-18T13:26:33.395-0400: 508095.571: Total time for which application threads were stopped: 0.0098800 seconds
{Heap before GC invocations=251 (full 1):
 par new generation   total 109248K, used 106134K [0x00000000d5a00000, 0x00000000dda00000, 0x00000000dda00000)
  eden space 87424K, 100% used [0x00000000d5a00000, 0x00000000daf60000, 0x00000000daf60000)
  from space 21824K,  85% used [0x00000000daf60000, 0x00000000dc1a5900, 0x00000000dc4b0000)
  to   space 21824K,   0% used [0x00000000dc4b0000, 0x00000000dc4b0000, 0x00000000dda00000)
 concurrent mark-sweep generation total 393216K, used 152724K [0x00000000dda00000, 0x00000000f5a00000, 0x00000000f5a00000)
 concurrent-mark-sweep perm gen total 54228K, used 34945K [0x00000000f5a00000, 0x00000000f8ef5000, 0x0000000100000000)
2015-03-18T13:26:33.419-0400: 508095.595: [GC2015-03-18T13:26:33.419-0400: 508095.595: [ParNew
Desired survivor size 20112992 bytes, new threshold 8 (max 8)
- age   1:    1436872 bytes,    1436872 total
- age   2:     383344 bytes,    1820216 total
- age   3:     773512 bytes,    2593728 total
- age   4:    1271096 bytes,    3864824 total
- age   5:    3197792 bytes,    7062616 total
- age   6:     108032 bytes,    7170648 total
- age   7:     270568 bytes,    7441216 total
- age   8:    1742032 bytes,    9183248 total
: 106134K->11434K(109248K), 0.0094730 secs] 258858K->165731K(502464K), 0.0096040 secs] [Times: user=0.04 sys=0.00, real=0.01 secs] 
Heap after GC invocations=252 (full 1):
 par new generation   total 109248K, used 11434K [0x00000000d5a00000, 0x00000000dda00000, 0x00000000dda00000)
  eden space 87424K,   0% used [0x00000000d5a00000, 0x00000000d5a00000, 0x00000000daf60000)
  from space 21824K,  52% used [0x00000000dc4b0000, 0x00000000dcfda850, 0x00000000dda00000)
  to   space 21824K,   0% used [0x00000000daf60000, 0x00000000daf60000, 0x00000000dc4b0000)
 concurrent mark-sweep generation total 393216K, used 154297K [0x00000000dda00000, 0x00000000f5a00000, 0x00000000f5a00000)
 concurrent-mark-sweep perm gen total 54228K, used 34945K [0x00000000f5a00000, 0x00000000f8ef5000, 0x0000000100000000)
}
2015-03-18T13:26:33.429-0400: 508095.604: Total time for which application threads were stopped: 0.0101070 seconds
{Heap before GC invocations=252 (full 1):
 par new generation   total 109248K, used 98858K [0x00000000d5a00000, 0x00000000dda00000, 0x00000000dda00000)
  eden space 87424K, 100% used [0x00000000d5a00000, 0x00000000daf60000, 0x00000000daf60000)
  from space 21824K,  52% used [0x00000000dc4b0000, 0x00000000dcfda850, 0x00000000dda00000)
  to   space 21824K,   0% used [0x00000000daf60000, 0x00000000daf60000, 0x00000000dc4b0000)
 concurrent mark-sweep generation total 393216K, used 154297K [0x00000000dda00000, 0x00000000f5a00000, 0x00000000f5a00000)
 concurrent-mark-sweep perm gen total 54228K, used 34945K [0x00000000f5a00000, 0x00000000f8ef5000, 0x0000000100000000)
2015-03-18T13:26:33.453-0400: 508095.628: [GC2015-03-18T13:26:33.453-0400: 508095.628: [ParNew
Desired survivor size 20112992 bytes, new threshold 8 (max 8)
- age   1:    1091648 bytes,    1091648 total
- age   2:     267952 bytes,    1359600 total
- age   3:     382320 bytes,    1741920 total
- age   4:     773568 bytes,    2515488 total
- age   5:    1271096 bytes,    3786584 total
- age   6:    3197576 bytes,    6984160 total
- age   7:     107760 bytes,    7091920 total
- age   8:     270568 bytes,    7362488 total
: 98858K->13993K(109248K), 0.0090140 secs] 253155K->169995K(502464K), 0.0091560 secs] [Times: user=0.04 sys=0.00, real=0.01 secs] 
Heap after GC invocations=253 (full 1):
 par new generation   total 109248K, used 13993K [0x00000000d5a00000, 0x00000000dda00000, 0x00000000dda00000)
  eden space 87424K,   0% used [0x00000000d5a00000, 0x00000000d5a00000, 0x00000000daf60000)
  from space 21824K,  64% used [0x00000000daf60000, 0x00000000dbd0a780, 0x00000000dc4b0000)
  to   space 21824K,   0% used [0x00000000dc4b0000, 0x00000000dc4b0000, 0x00000000dda00000)
 concurrent mark-sweep generation total 393216K, used 156001K [0x00000000dda00000, 0x00000000f5a00000, 0x00000000f5a00000)
 concurrent-mark-sweep perm gen total 54228K, used 34945K [0x00000000f5a00000, 0x00000000f8ef5000, 0x0000000100000000)
}
2015-03-18T13:26:33.462-0400: 508095.638: Total time for which application threads were stopped: 0.0096500 seconds
{Heap before GC invocations=253 (full 1):
 par new generation   total 109248K, used 101393K [0x00000000d5a00000, 0x00000000dda00000, 0x00000000dda00000)
  eden space 87424K,  99% used [0x00000000d5a00000, 0x00000000daf59f30, 0x00000000daf60000)
  from space 21824K,  64% used [0x00000000daf60000, 0x00000000dbd0a780, 0x00000000dc4b0000)
  to   space 21824K,   0% used [0x00000000dc4b0000, 0x00000000dc4b0000, 0x00000000dda00000)
 concurrent mark-sweep generation total 393216K, used 156001K [0x00000000dda00000, 0x00000000f5a00000, 0x00000000f5a00000)
 concurrent-mark-sweep perm gen total 54228K, used 34945K [0x00000000f5a00000, 0x00000000f8ef5000, 0x0000000100000000)
2015-03-18T13:26:33.487-0400: 508095.663: [GC2015-03-18T13:26:33.487-0400: 508095.663: [ParNew
Desired survivor size 20112992 bytes, new threshold 8 (max 8)
- age   1:    2284496 bytes,    2284496 total
- age   2:      50888 bytes,    2335384 total
- age   3:     171576 bytes,    2506960 total
- age   4:     382320 bytes,    2889280 total
- age   5:     773360 bytes,    3662640 total
- age   6:    1271096 bytes,    4933736 total
- age   7:    3197408 bytes,    8131144 total
- age   8:     107760 bytes,    8238904 total
: 101393K->10041K(109248K), 0.0073850 secs] 257395K->166323K(502464K), 0.0075090 secs] [Times: user=0.03 sys=0.00, real=0.01 secs] 
Heap after GC invocations=254 (full 1):
 par new generation   total 109248K, used 10041K [0x00000000d5a00000, 0x00000000dda00000, 0x00000000dda00000)
  eden space 87424K,   0% used [0x00000000d5a00000, 0x00000000d5a00000, 0x00000000daf60000)
  from space 21824K,  46% used [0x00000000dc4b0000, 0x00000000dce7e6a0, 0x00000000dda00000)
  to   space 21824K,   0% used [0x00000000daf60000, 0x00000000daf60000, 0x00000000dc4b0000)
 concurrent mark-sweep generation total 393216K, used 156282K [0x00000000dda00000, 0x00000000f5a00000, 0x00000000f5a00000)
 concurrent-mark-sweep perm gen total 54228K, used 34945K [0x00000000f5a00000, 0x00000000f8ef5000, 0x0000000100000000)
}
2015-03-18T13:26:33.495-0400: 508095.670: Total time for which application threads were stopped: 0.0080320 seconds
{Heap before GC invocations=254 (full 1):
 par new generation   total 109248K, used 97465K [0x00000000d5a00000, 0x00000000dda00000, 0x00000000dda00000)
  eden space 87424K, 100% used [0x00000000d5a00000, 0x00000000daf60000, 0x00000000daf60000)
  from space 21824K,  46% used [0x00000000dc4b0000, 0x00000000dce7e6a0, 0x00000000dda00000)
  to   space 21824K,   0% used [0x00000000daf60000, 0x00000000daf60000, 0x00000000dc4b0000)
 concurrent mark-sweep generation total 393216K, used 156282K [0x00000000dda00000, 0x00000000f5a00000, 0x00000000f5a00000)
 concurrent-mark-sweep perm gen total 54228K, used 34945K [0x00000000f5a00000, 0x00000000f8ef5000, 0x0000000100000000)
2015-03-18T13:26:33.520-0400: 508095.695: [GC2015-03-18T13:26:33.520-0400: 508095.695: [ParNew
Desired survivor size 20112992 bytes, new threshold 8 (max 8)
- age   1:    1981648 bytes,    1981648 total
- age   2:     725680 bytes,    2707328 total
- age   3:      50264 bytes,    2757592 total
- age   4:     171352 bytes,    2928944 total
- age   5:     382248 bytes,    3311192 total
- age   6:     773312 bytes,    4084504 total
- age   7:    1270688 bytes,    5355192 total
- age   8:    3197288 bytes,    8552480 total
: 97465K->12024K(109248K), 0.0073780 secs] 253747K->168413K(502464K), 0.0075330 secs] [Times: user=0.04 sys=0.00, real=0.00 secs] 
Heap after GC invocations=255 (full 1):
 par new generation   total 109248K, used 12024K [0x00000000d5a00000, 0x00000000dda00000, 0x00000000dda00000)
  eden space 87424K,   0% used [0x00000000d5a00000, 0x00000000d5a00000, 0x00000000daf60000)
  from space 21824K,  55% used [0x00000000daf60000, 0x00000000dbb1e250, 0x00000000dc4b0000)
  to   space 21824K,   0% used [0x00000000dc4b0000, 0x00000000dc4b0000, 0x00000000dda00000)
 concurrent mark-sweep generation total 393216K, used 156389K [0x00000000dda00000, 0x00000000f5a00000, 0x00000000f5a00000)
 concurrent-mark-sweep perm gen total 54228K, used 34945K [0x00000000f5a00000, 0x00000000f8ef5000, 0x0000000100000000)
}
2015-03-18T13:26:33.527-0400: 508095.703: Total time for which application threads were stopped: 0.0080430 seconds
{Heap before GC invocations=255 (full 1):
 par new generation   total 109248K, used 99445K [0x00000000d5a00000, 0x00000000dda00000, 0x00000000dda00000)
  eden space 87424K,  99% used [0x00000000d5a00000, 0x00000000daf5f3f8, 0x00000000daf60000)
  from space 21824K,  55% used [0x00000000daf60000, 0x00000000dbb1e250, 0x00000000dc4b0000)
  to   space 21824K,   0% used [0x00000000dc4b0000, 0x00000000dc4b0000, 0x00000000dda00000)
 concurrent mark-sweep generation total 393216K, used 156389K [0x00000000dda00000, 0x00000000f5a00000, 0x00000000f5a00000)
 concurrent-mark-sweep perm gen total 54228K, used 34946K [0x00000000f5a00000, 0x00000000f8ef5000, 0x0000000100000000)
2015-03-18T13:26:33.550-0400: 508095.725: [GC2015-03-18T13:26:33.550-0400: 508095.725: [ParNew
Desired survivor size 20112992 bytes, new threshold 8 (max 8)
- age   1:    1910960 bytes,    1910960 total
- age   2:      91648 bytes,    2002608 total
- age   3:     725432 bytes,    2728040 total
- age   4:      50232 bytes,    2778272 total
- age   5:     171320 bytes,    2949592 total
- age   6:     382248 bytes,    3331840 total
- age   7:     773312 bytes,    4105152 total
- age   8:    1270688 bytes,    5375840 total
: 99445K->7274K(109248K), 0.0102670 secs] 255834K->166790K(502464K), 0.0103920 secs] [Times: user=0.03 sys=0.00, real=0.01 secs] 
Heap after GC invocations=256 (full 1):
 par new generation   total 109248K, used 7274K [0x00000000d5a00000, 0x00000000dda00000, 0x00000000dda00000)
  eden space 87424K,   0% used [0x00000000d5a00000, 0x00000000d5a00000, 0x00000000daf60000)
  from space 21824K,  33% used [0x00000000dc4b0000, 0x00000000dcbcaae0, 0x00000000dda00000)
  to   space 21824K,   0% used [0x00000000daf60000, 0x00000000daf60000, 0x00000000dc4b0000)
 concurrent mark-sweep generation total 393216K, used 159516K [0x00000000dda00000, 0x00000000f5a00000, 0x00000000f5a00000)
 concurrent-mark-sweep perm gen total 54228K, used 34946K [0x00000000f5a00000, 0x00000000f8ef5000, 0x0000000100000000)
}
2015-03-18T13:26:33.560-0400: 508095.736: Total time for which application threads were stopped: 0.0108950 seconds
{Heap before GC invocations=256 (full 1):
 par new generation   total 109248K, used 94698K [0x00000000d5a00000, 0x00000000dda00000, 0x00000000dda00000)
  eden space 87424K, 100% used [0x00000000d5a00000, 0x00000000daf60000, 0x00000000daf60000)
  from space 21824K,  33% used [0x00000000dc4b0000, 0x00000000dcbcaae0, 0x00000000dda00000)
  to   space 21824K,   0% used [0x00000000daf60000, 0x00000000daf60000, 0x00000000dc4b0000)
 concurrent mark-sweep generation total 393216K, used 159516K [0x00000000dda00000, 0x00000000f5a00000, 0x00000000f5a00000)
 concurrent-mark-sweep perm gen total 54228K, used 34946K [0x00000000f5a00000, 0x00000000f8ef5000, 0x0000000100000000)
2015-03-18T13:26:33.584-0400: 508095.760: [GC2015-03-18T13:26:33.584-0400: 508095.760: [ParNew
Desired survivor size 20112992 bytes, new threshold 8 (max 8)
- age   1:    1895992 bytes,    1895992 total
- age   2:     390584 bytes,    2286576 total
- age   3:      91496 bytes,    2378072 total
- age   4:     725280 bytes,    3103352 total
- age   5:      50232 bytes,    3153584 total
- age   6:     171320 bytes,    3324904 total
- age   7:     382248 bytes,    3707152 total
- age   8:     773312 bytes,    4480464 total
: 94698K->6362K(109248K), 0.0069870 secs] 254214K->167121K(502464K), 0.0071230 secs] [Times: user=0.03 sys=0.00, real=0.01 secs] 
Heap after GC invocations=257 (full 1):
 par new generation   total 109248K, used 6362K [0x00000000d5a00000, 0x00000000dda00000, 0x00000000dda00000)
  eden space 87424K,   0% used [0x00000000d5a00000, 0x00000000d5a00000, 0x00000000daf60000)
  from space 21824K,  29% used [0x00000000daf60000, 0x00000000db596940, 0x00000000dc4b0000)
  to   space 21824K,   0% used [0x00000000dc4b0000, 0x00000000dc4b0000, 0x00000000dda00000)
 concurrent mark-sweep generation total 393216K, used 160759K [0x00000000dda00000, 0x00000000f5a00000, 0x00000000f5a00000)
 concurrent-mark-sweep perm gen total 54228K, used 34946K [0x00000000f5a00000, 0x00000000f8ef5000, 0x0000000100000000)
}
2015-03-18T13:26:33.591-0400: 508095.767: Total time for which application threads were stopped: 0.0076300 seconds
{Heap before GC invocations=257 (full 1):
 par new generation   total 109248K, used 93786K [0x00000000d5a00000, 0x00000000dda00000, 0x00000000dda00000)
  eden space 87424K, 100% used [0x00000000d5a00000, 0x00000000daf60000, 0x00000000daf60000)
  from space 21824K,  29% used [0x00000000daf60000, 0x00000000db596940, 0x00000000dc4b0000)
  to   space 21824K,   0% used [0x00000000dc4b0000, 0x00000000dc4b0000, 0x00000000dda00000)
 concurrent mark-sweep generation total 393216K, used 160759K [0x00000000dda00000, 0x00000000f5a00000, 0x00000000f5a00000)
 concurrent-mark-sweep perm gen total 54228K, used 34946K [0x00000000f5a00000, 0x00000000f8ef5000, 0x0000000100000000)
2015-03-18T13:26:33.614-0400: 508095.790: [GC2015-03-18T13:26:33.614-0400: 508095.790: [ParNew
Desired survivor size 20112992 bytes, new threshold 8 (max 8)
- age   1:    1520320 bytes,    1520320 total
- age   2:     586880 bytes,    2107200 total
- age   3:     390288 bytes,    2497488 total
- age   4:      91424 bytes,    2588912 total
- age   5:     725208 bytes,    3314120 total
- age   6:      50160 bytes,    3364280 total
- age   7:     170912 bytes,    3535192 total
- age   8:     382200 bytes,    3917392 total
: 93786K->4872K(109248K), 0.0058340 secs] 254545K->166389K(502464K), 0.0059440 secs] [Times: user=0.02 sys=0.00, real=0.01 secs] 
Heap after GC invocations=258 (full 1):
 par new generation   total 109248K, used 4872K [0x00000000d5a00000, 0x00000000dda00000, 0x00000000dda00000)
  eden space 87424K,   0% used [0x00000000d5a00000, 0x00000000d5a00000, 0x00000000daf60000)
  from space 21824K,  22% used [0x00000000dc4b0000, 0x00000000dc9720c0, 0x00000000dda00000)
  to   space 21824K,   0% used [0x00000000daf60000, 0x00000000daf60000, 0x00000000dc4b0000)
 concurrent mark-sweep generation total 393216K, used 161517K [0x00000000dda00000, 0x00000000f5a00000, 0x00000000f5a00000)
 concurrent-mark-sweep perm gen total 54228K, used 34946K [0x00000000f5a00000, 0x00000000f8ef5000, 0x0000000100000000)
}
2015-03-18T13:26:33.620-0400: 508095.796: Total time for which application threads were stopped: 0.0064670 seconds
{Heap before GC invocations=258 (full 1):
 par new generation   total 109248K, used 92296K [0x00000000d5a00000, 0x00000000dda00000, 0x00000000dda00000)
  eden space 87424K, 100% used [0x00000000d5a00000, 0x00000000daf60000, 0x00000000daf60000)
  from space 21824K,  22% used [0x00000000dc4b0000, 0x00000000dc9720c0, 0x00000000dda00000)
  to   space 21824K,   0% used [0x00000000daf60000, 0x00000000daf60000, 0x00000000dc4b0000)
 concurrent mark-sweep generation total 393216K, used 161517K [0x00000000dda00000, 0x00000000f5a00000, 0x00000000f5a00000)
 concurrent-mark-sweep perm gen total 54228K, used 34946K [0x00000000f5a00000, 0x00000000f8ef5000, 0x0000000100000000)
2015-03-18T13:26:33.642-0400: 508095.818: [GC2015-03-18T13:26:33.642-0400: 508095.818: [ParNew
Desired survivor size 20112992 bytes, new threshold 8 (max 8)
- age   1:    2329328 bytes,    2329328 total
- age   2:     413672 bytes,    2743000 total
- age   3:     586880 bytes,    3329880 total
- age   4:     390216 bytes,    3720096 total
- age   5:      91328 bytes,    3811424 total
- age   6:     724920 bytes,    4536344 total
- age   7:      49776 bytes,    4586120 total
- age   8:     170568 bytes,    4756688 total
: 92296K->6086K(109248K), 0.0055710 secs] 253813K->167979K(502464K), 0.0056830 secs] [Times: user=0.02 sys=0.00, real=0.00 secs] 
Heap after GC invocations=259 (full 1):
 par new generation   total 109248K, used 6086K [0x00000000d5a00000, 0x00000000dda00000, 0x00000000dda00000)
  eden space 87424K,   0% used [0x00000000d5a00000, 0x00000000d5a00000, 0x00000000daf60000)
  from space 21824K,  27% used [0x00000000daf60000, 0x00000000db551b88, 0x00000000dc4b0000)
  to   space 21824K,   0% used [0x00000000dc4b0000, 0x00000000dc4b0000, 0x00000000dda00000)
 concurrent mark-sweep generation total 393216K, used 161892K [0x00000000dda00000, 0x00000000f5a00000, 0x00000000f5a00000)
 concurrent-mark-sweep perm gen total 54228K, used 34946K [0x00000000f5a00000, 0x00000000f8ef5000, 0x0000000100000000)
}
2015-03-18T13:26:33.648-0400: 508095.824: Total time for which application threads were stopped: 0.0061770 seconds
{Heap before GC invocations=259 (full 1):
 par new generation   total 109248K, used 93510K [0x00000000d5a00000, 0x00000000dda00000, 0x00000000dda00000)
  eden space 87424K, 100% used [0x00000000d5a00000, 0x00000000daf60000, 0x00000000daf60000)
  from space 21824K,  27% used [0x00000000daf60000, 0x00000000db551b88, 0x00000000dc4b0000)
  to   space 21824K,   0% used [0x00000000dc4b0000, 0x00000000dc4b0000, 0x00000000dda00000)
 concurrent mark-sweep generation total 393216K, used 161892K [0x00000000dda00000, 0x00000000f5a00000, 0x00000000f5a00000)
 concurrent-mark-sweep perm gen total 54228K, used 34946K [0x00000000f5a00000, 0x00000000f8ef5000, 0x0000000100000000)
2015-03-18T13:26:33.670-0400: 508095.845: [GC2015-03-18T13:26:33.670-0400: 508095.845: [ParNew
Desired survivor size 20112992 bytes, new threshold 8 (max 8)
- age   1:    2719464 bytes,    2719464 total
- age   2:     702144 bytes,    3421608 total
- age   3:     413408 bytes,    3835016 total
- age   4:     586592 bytes,    4421608 total
- age   5:     390216 bytes,    4811824 total
- age   6:      90896 bytes,    4902720 total
- age   7:     724704 bytes,    5627424 total
- age   8:      48960 bytes,    5676384 total
: 93510K->7181K(109248K), 0.0059070 secs] 255403K->169247K(502464K), 0.0060300 secs] [Times: user=0.02 sys=0.00, real=0.00 secs] 
Heap after GC invocations=260 (full 1):
 par new generation   total 109248K, used 7181K [0x00000000d5a00000, 0x00000000dda00000, 0x00000000dda00000)
  eden space 87424K,   0% used [0x00000000d5a00000, 0x00000000d5a00000, 0x00000000daf60000)
  from space 21824K,  32% used [0x00000000dc4b0000, 0x00000000dcbb3628, 0x00000000dda00000)
  to   space 21824K,   0% used [0x00000000daf60000, 0x00000000daf60000, 0x00000000dc4b0000)
 concurrent mark-sweep generation total 393216K, used 162066K [0x00000000dda00000, 0x00000000f5a00000, 0x00000000f5a00000)
 concurrent-mark-sweep perm gen total 54228K, used 34946K [0x00000000f5a00000, 0x00000000f8ef5000, 0x0000000100000000)
}
2015-03-18T13:26:33.676-0400: 508095.851: Total time for which application threads were stopped: 0.0065040 seconds
{Heap before GC invocations=260 (full 1):
 par new generation   total 109248K, used 94593K [0x00000000d5a00000, 0x00000000dda00000, 0x00000000dda00000)
  eden space 87424K,  99% used [0x00000000d5a00000, 0x00000000daf5cdf0, 0x00000000daf60000)
  from space 21824K,  32% used [0x00000000dc4b0000, 0x00000000dcbb3628, 0x00000000dda00000)
  to   space 21824K,   0% used [0x00000000daf60000, 0x00000000daf60000, 0x00000000dc4b0000)
 concurrent mark-sweep generation total 393216K, used 162066K [0x00000000dda00000, 0x00000000f5a00000, 0x00000000f5a00000)
 concurrent-mark-sweep perm gen total 54228K, used 34947K [0x00000000f5a00000, 0x00000000f8ef5000, 0x0000000100000000)
2015-03-18T13:26:33.699-0400: 508095.874: [GC2015-03-18T13:26:33.699-0400: 508095.874: [ParNew
Desired survivor size 20112992 bytes, new threshold 8 (max 8)
- age   1:    1872240 bytes,    1872240 total
- age   2:    1006760 bytes,    2879000 total
- age   3:     702144 bytes,    3581144 total
- age   4:     413344 bytes,    3994488 total
- age   5:     586592 bytes,    4581080 total
- age   6:     390216 bytes,    4971296 total
- age   7:      90680 bytes,    5061976 total
- age   8:     724704 bytes,    5786680 total
: 94593K->7511K(109248K), 0.0058870 secs] 256659K->169627K(502464K), 0.0059960 secs] [Times: user=0.03 sys=0.00, real=0.00 secs] 
Heap after GC invocations=261 (full 1):
 par new generation   total 109248K, used 7511K [0x00000000d5a00000, 0x00000000dda00000, 0x00000000dda00000)
  eden space 87424K,   0% used [0x00000000d5a00000, 0x00000000d5a00000, 0x00000000daf60000)
  from space 21824K,  34% used [0x00000000daf60000, 0x00000000db6b5f88, 0x00000000dc4b0000)
  to   space 21824K,   0% used [0x00000000dc4b0000, 0x00000000dc4b0000, 0x00000000dda00000)
 concurrent mark-sweep generation total 393216K, used 162115K [0x00000000dda00000, 0x00000000f5a00000, 0x00000000f5a00000)
 concurrent-mark-sweep perm gen total 54228K, used 34947K [0x00000000f5a00000, 0x00000000f8ef5000, 0x0000000100000000)
}
2015-03-18T13:26:33.705-0400: 508095.880: Total time for which application threads were stopped: 0.0065000 seconds
{Heap before GC invocations=261 (full 1):
 par new generation   total 109248K, used 94935K [0x00000000d5a00000, 0x00000000dda00000, 0x00000000dda00000)
  eden space 87424K, 100% used [0x00000000d5a00000, 0x00000000daf60000, 0x00000000daf60000)
  from space 21824K,  34% used [0x00000000daf60000, 0x00000000db6b5f88, 0x00000000dc4b0000)
  to   space 21824K,   0% used [0x00000000dc4b0000, 0x00000000dc4b0000, 0x00000000dda00000)
 concurrent mark-sweep generation total 393216K, used 162115K [0x00000000dda00000, 0x00000000f5a00000, 0x00000000f5a00000)
 concurrent-mark-sweep perm gen total 54228K, used 34947K [0x00000000f5a00000, 0x00000000f8ef5000, 0x0000000100000000)
2015-03-18T13:26:33.727-0400: 508095.902: [GC2015-03-18T13:26:33.727-0400: 508095.902: [ParNew
Desired survivor size 20112992 bytes, new threshold 8 (max 8)
- age   1:    2005952 bytes,    2005952 total
- age   2:     607872 bytes,    2613824 total
- age   3:    1006512 bytes,    3620336 total
- age   4:     702144 bytes,    4322480 total
- age   5:     413344 bytes,    4735824 total
- age   6:     586376 bytes,    5322200 total
- age   7:     390216 bytes,    5712416 total
- age   8:      90408 bytes,    5802824 total
: 94935K->7005K(109248K), 0.0069870 secs] 257051K->169829K(502464K), 0.0071200 secs] [Times: user=0.02 sys=0.00, real=0.01 secs] 
Heap after GC invocations=262 (full 1):
 par new generation   total 109248K, used 7005K [0x00000000d5a00000, 0x00000000dda00000, 0x00000000dda00000)
  eden space 87424K,   0% used [0x00000000d5a00000, 0x00000000d5a00000, 0x00000000daf60000)
  from space 21824K,  32% used [0x00000000dc4b0000, 0x00000000dcb87450, 0x00000000dda00000)
  to   space 21824K,   0% used [0x00000000daf60000, 0x00000000daf60000, 0x00000000dc4b0000)
 concurrent mark-sweep generation total 393216K, used 162824K [0x00000000dda00000, 0x00000000f5a00000, 0x00000000f5a00000)
 concurrent-mark-sweep perm gen total 54228K, used 34947K [0x00000000f5a00000, 0x00000000f8ef5000, 0x0000000100000000)
}
2015-03-18T13:26:33.734-0400: 508095.909: Total time for which application threads were stopped: 0.0076060 seconds
{Heap before GC invocations=262 (full 1):
 par new generation   total 109248K, used 94429K [0x00000000d5a00000, 0x00000000dda00000, 0x00000000dda00000)
  eden space 87424K, 100% used [0x00000000d5a00000, 0x00000000daf60000, 0x00000000daf60000)
  from space 21824K,  32% used [0x00000000dc4b0000, 0x00000000dcb87450, 0x00000000dda00000)
  to   space 21824K,   0% used [0x00000000daf60000, 0x00000000daf60000, 0x00000000dc4b0000)
 concurrent mark-sweep generation total 393216K, used 162824K [0x00000000dda00000, 0x00000000f5a00000, 0x00000000f5a00000)
 concurrent-mark-sweep perm gen total 54228K, used 34947K [0x00000000f5a00000, 0x00000000f8ef5000, 0x0000000100000000)
2015-03-18T13:26:33.756-0400: 508095.932: [GC2015-03-18T13:26:33.756-0400: 508095.932: [ParNew
Desired survivor size 20112992 bytes, new threshold 8 (max 8)
- age   1:    1485432 bytes,    1485432 total
- age   2:     192456 bytes,    1677888 total
- age   3:     608104 bytes,    2285992 total
- age   4:    1006512 bytes,    3292504 total
- age   5:     702144 bytes,    3994648 total
- age   6:     413344 bytes,    4407992 total
- age   7:     586376 bytes,    4994368 total
- age   8:     390216 bytes,    5384584 total
: 94429K->7425K(109248K), 0.0055180 secs] 257253K->170341K(502464K), 0.0056280 secs] [Times: user=0.02 sys=0.00, real=0.01 secs] 
Heap after GC invocations=263 (full 1):
 par new generation   total 109248K, used 7425K [0x00000000d5a00000, 0x00000000dda00000, 0x00000000dda00000)
  eden space 87424K,   0% used [0x00000000d5a00000, 0x00000000d5a00000, 0x00000000daf60000)
  from space 21824K,  34% used [0x00000000daf60000, 0x00000000db6a07f0, 0x00000000dc4b0000)
  to   space 21824K,   0% used [0x00000000dc4b0000, 0x00000000dc4b0000, 0x00000000dda00000)
 concurrent mark-sweep generation total 393216K, used 162915K [0x00000000dda00000, 0x00000000f5a00000, 0x00000000f5a00000)
 concurrent-mark-sweep perm gen total 54228K, used 34947K [0x00000000f5a00000, 0x00000000f8ef5000, 0x0000000100000000)
}
2015-03-18T13:26:33.762-0400: 508095.938: Total time for which application threads were stopped: 0.0061050 seconds
{Heap before GC invocations=263 (full 1):
 par new generation   total 109248K, used 94849K [0x00000000d5a00000, 0x00000000dda00000, 0x00000000dda00000)
  eden space 87424K,  99% used [0x00000000d5a00000, 0x00000000daf5fe80, 0x00000000daf60000)
  from space 21824K,  34% used [0x00000000daf60000, 0x00000000db6a07f0, 0x00000000dc4b0000)
  to   space 21824K,   0% used [0x00000000dc4b0000, 0x00000000dc4b0000, 0x00000000dda00000)
 concurrent mark-sweep generation total 393216K, used 162915K [0x00000000dda00000, 0x00000000f5a00000, 0x00000000f5a00000)
 concurrent-mark-sweep perm gen total 54228K, used 34947K [0x00000000f5a00000, 0x00000000f8ef5000, 0x0000000100000000)
2015-03-18T13:26:33.784-0400: 508095.960: [GC2015-03-18T13:26:33.784-0400: 508095.960: [ParNew
Desired survivor size 20112992 bytes, new threshold 8 (max 8)
- age   1:    1312264 bytes,    1312264 total
- age   2:      72096 bytes,    1384360 total
- age   3:     192024 bytes,    1576384 total
- age   4:     607872 bytes,    2184256 total
- age   5:    1006512 bytes,    3190768 total
- age   6:     702144 bytes,    3892912 total
- age   7:     413344 bytes,    4306256 total
- age   8:     586376 bytes,    4892632 total
: 94849K->6418K(109248K), 0.0057540 secs] 257765K->169717K(502464K), 0.0058860 secs] [Times: user=0.02 sys=0.00, real=0.01 secs] 
Heap after GC invocations=264 (full 1):
 par new generation   total 109248K, used 6418K [0x00000000d5a00000, 0x00000000dda00000, 0x00000000dda00000)
  eden space 87424K,   0% used [0x00000000d5a00000, 0x00000000d5a00000, 0x00000000daf60000)
  from space 21824K,  29% used [0x00000000dc4b0000, 0x00000000dcaf4bc0, 0x00000000dda00000)
  to   space 21824K,   0% used [0x00000000daf60000, 0x00000000daf60000, 0x00000000dc4b0000)
 concurrent mark-sweep generation total 393216K, used 163298K [0x00000000dda00000, 0x00000000f5a00000, 0x00000000f5a00000)
 concurrent-mark-sweep perm gen total 54228K, used 34947K [0x00000000f5a00000, 0x00000000f8ef5000, 0x0000000100000000)
}
2015-03-18T13:26:33.790-0400: 508095.966: Total time for which application threads were stopped: 0.0063840 seconds
{Heap before GC invocations=264 (full 1):
 par new generation   total 109248K, used 93842K [0x00000000d5a00000, 0x00000000dda00000, 0x00000000dda00000)
  eden space 87424K, 100% used [0x00000000d5a00000, 0x00000000daf60000, 0x00000000daf60000)
  from space 21824K,  29% used [0x00000000dc4b0000, 0x00000000dcaf4bc0, 0x00000000dda00000)
  to   space 21824K,   0% used [0x00000000daf60000, 0x00000000daf60000, 0x00000000dc4b0000)
 concurrent mark-sweep generation total 393216K, used 163298K [0x00000000dda00000, 0x00000000f5a00000, 0x00000000f5a00000)
 concurrent-mark-sweep perm gen total 54228K, used 34947K [0x00000000f5a00000, 0x00000000f8ef5000, 0x0000000100000000)
2015-03-18T13:26:33.810-0400: 508095.986: [GC2015-03-18T13:26:33.811-0400: 508095.986: [ParNew
Desired survivor size 20112992 bytes, new threshold 8 (max 8)
- age   1:    1685816 bytes,    1685816 total
- age   2:      56808 bytes,    1742624 total
- age   3:      71880 bytes,    1814504 total
- age   4:     191808 bytes,    2006312 total
- age   5:     607488 bytes,    2613800 total
- age   6:    1005352 bytes,    3619152 total
- age   7:     701616 bytes,    4320768 total
- age   8:     412856 bytes,    4733624 total
: 93842K->6485K(109248K), 0.0062670 secs] 257141K->170358K(502464K), 0.0063760 secs] [Times: user=0.02 sys=0.00, real=0.00 secs] 
Heap after GC invocations=265 (full 1):
 par new generation   total 109248K, used 6485K [0x00000000d5a00000, 0x00000000dda00000, 0x00000000dda00000)
  eden space 87424K,   0% used [0x00000000d5a00000, 0x00000000d5a00000, 0x00000000daf60000)
  from space 21824K,  29% used [0x00000000daf60000, 0x00000000db5b54f0, 0x00000000dc4b0000)
  to   space 21824K,   0% used [0x00000000dc4b0000, 0x00000000dc4b0000, 0x00000000dda00000)
 concurrent mark-sweep generation total 393216K, used 163873K [0x00000000dda00000, 0x00000000f5a00000, 0x00000000f5a00000)
 concurrent-mark-sweep perm gen total 54228K, used 34947K [0x00000000f5a00000, 0x00000000f8ef5000, 0x0000000100000000)
}
2015-03-18T13:26:33.817-0400: 508095.993: Total time for which application threads were stopped: 0.0069030 seconds
{Heap before GC invocations=265 (full 1):
 par new generation   total 109248K, used 93909K [0x00000000d5a00000, 0x00000000dda00000, 0x00000000dda00000)
  eden space 87424K, 100% used [0x00000000d5a00000, 0x00000000daf60000, 0x00000000daf60000)
  from space 21824K,  29% used [0x00000000daf60000, 0x00000000db5b54f0, 0x00000000dc4b0000)
  to   space 21824K,   0% used [0x00000000dc4b0000, 0x00000000dc4b0000, 0x00000000dda00000)
 concurrent mark-sweep generation total 393216K, used 163873K [0x00000000dda00000, 0x00000000f5a00000, 0x00000000f5a00000)
 concurrent-mark-sweep perm gen total 54228K, used 34947K [0x00000000f5a00000, 0x00000000f8ef5000, 0x0000000100000000)
2015-03-18T13:26:33.838-0400: 508096.013: [GC2015-03-18T13:26:33.838-0400: 508096.013: [ParNew
Desired survivor size 20112992 bytes, new threshold 8 (max 8)
- age   1:    1729976 bytes,    1729976 total
- age   2:     547696 bytes,    2277672 total
- age   3:      56536 bytes,    2334208 total
- age   4:      71736 bytes,    2405944 total
- age   5:     191664 bytes,    2597608 total
- age   6:     607008 bytes,    3204616 total
- age   7:    1004896 bytes,    4209512 total
- age   8:     701496 bytes,    4911008 total
: 93909K->5423K(109248K), 0.0059380 secs] 257782K->169702K(502464K), 0.0060530 secs] [Times: user=0.02 sys=0.00, real=0.01 secs] 
Heap after GC invocations=266 (full 1):
 par new generation   total 109248K, used 5423K [0x00000000d5a00000, 0x00000000dda00000, 0x00000000dda00000)
  eden space 87424K,   0% used [0x00000000d5a00000, 0x00000000d5a00000, 0x00000000daf60000)
  from space 21824K,  24% used [0x00000000dc4b0000, 0x00000000dc9fbe68, 0x00000000dda00000)
  to   space 21824K,   0% used [0x00000000daf60000, 0x00000000daf60000, 0x00000000dc4b0000)
 concurrent mark-sweep generation total 393216K, used 164278K [0x00000000dda00000, 0x00000000f5a00000, 0x00000000f5a00000)
 concurrent-mark-sweep perm gen total 54228K, used 34947K [0x00000000f5a00000, 0x00000000f8ef5000, 0x0000000100000000)
}
2015-03-18T13:26:33.844-0400: 508096.019: Total time for which application threads were stopped: 0.0065570 seconds
{Heap before GC invocations=266 (full 1):
 par new generation   total 109248K, used 92847K [0x00000000d5a00000, 0x00000000dda00000, 0x00000000dda00000)
  eden space 87424K, 100% used [0x00000000d5a00000, 0x00000000daf60000, 0x00000000daf60000)
  from space 21824K,  24% used [0x00000000dc4b0000, 0x00000000dc9fbe68, 0x00000000dda00000)
  to   space 21824K,   0% used [0x00000000daf60000, 0x00000000daf60000, 0x00000000dc4b0000)
 concurrent mark-sweep generation total 393216K, used 164278K [0x00000000dda00000, 0x00000000f5a00000, 0x00000000f5a00000)
 concurrent-mark-sweep perm gen total 54228K, used 34948K [0x00000000f5a00000, 0x00000000f8ef5000, 0x0000000100000000)
2015-03-18T13:26:33.870-0400: 508096.045: [GC2015-03-18T13:26:33.870-0400: 508096.045: [ParNew
Desired survivor size 20112992 bytes, new threshold 8 (max 8)
- age   1:    1041976 bytes,    1041976 total
- age   2:     894816 bytes,    1936792 total
- age   3:     547624 bytes,    2484416 total
- age   4:      56104 bytes,    2540520 total
- age   5:      71640 bytes,    2612160 total
- age   6:     190984 bytes,    2803144 total
- age   7:     606936 bytes,    3410080 total
- age   8:    1004824 bytes,    4414904 total
: 92847K->6216K(109248K), 0.0061490 secs] 257126K->171182K(502464K), 0.0062460 secs] [Times: user=0.02 sys=0.00, real=0.00 secs] 
Heap after GC invocations=267 (full 1):
 par new generation   total 109248K, used 6216K [0x00000000d5a00000, 0x00000000dda00000, 0x00000000dda00000)
  eden space 87424K,   0% used [0x00000000d5a00000, 0x00000000d5a00000, 0x00000000daf60000)
  from space 21824K,  28% used [0x00000000daf60000, 0x00000000db5722a0, 0x00000000dc4b0000)
  to   space 21824K,   0% used [0x00000000dc4b0000, 0x00000000dc4b0000, 0x00000000dda00000)
 concurrent mark-sweep generation total 393216K, used 164966K [0x00000000dda00000, 0x00000000f5a00000, 0x00000000f5a00000)
 concurrent-mark-sweep perm gen total 54228K, used 34948K [0x00000000f5a00000, 0x00000000f8ef5000, 0x0000000100000000)
}
2015-03-18T13:26:33.876-0400: 508096.052: Total time for which application threads were stopped: 0.0067500 seconds
{Heap before GC invocations=267 (full 1):
 par new generation   total 109248K, used 93640K [0x00000000d5a00000, 0x00000000dda00000, 0x00000000dda00000)
  eden space 87424K, 100% used [0x00000000d5a00000, 0x00000000daf60000, 0x00000000daf60000)
  from space 21824K,  28% used [0x00000000daf60000, 0x00000000db5722a0, 0x00000000dc4b0000)
  to   space 21824K,   0% used [0x00000000dc4b0000, 0x00000000dc4b0000, 0x00000000dda00000)
 concurrent mark-sweep generation total 393216K, used 164966K [0x00000000dda00000, 0x00000000f5a00000, 0x00000000f5a00000)
 concurrent-mark-sweep perm gen total 54228K, used 34948K [0x00000000f5a00000, 0x00000000f8ef5000, 0x0000000100000000)
2015-03-18T13:26:33.916-0400: 508096.092: [GC2015-03-18T13:26:33.916-0400: 508096.092: [ParNew
Desired survivor size 20112992 bytes, new threshold 8 (max 8)
- age   1:     927048 bytes,     927048 total
- age   2:     186112 bytes,    1113160 total
- age   3:     888584 bytes,    2001744 total
- age   4:     547152 bytes,    2548896 total
- age   5:      56136 bytes,    2605032 total
- age   6:      71568 bytes,    2676600 total
- age   7:     190888 bytes,    2867488 total
- age   8:     606864 bytes,    3474352 total
: 93640K->4642K(109248K), 0.0095660 secs] 258606K->170597K(502464K), 0.0097440 secs] [Times: user=0.04 sys=0.00, real=0.01 secs] 
Heap after GC invocations=268 (full 1):
 par new generation   total 109248K, used 4642K [0x00000000d5a00000, 0x00000000dda00000, 0x00000000dda00000)
  eden space 87424K,   0% used [0x00000000d5a00000, 0x00000000d5a00000, 0x00000000daf60000)
  from space 21824K,  21% used [0x00000000dc4b0000, 0x00000000dc938a20, 0x00000000dda00000)
  to   space 21824K,   0% used [0x00000000daf60000, 0x00000000daf60000, 0x00000000dc4b0000)
 concurrent mark-sweep generation total 393216K, used 165954K [0x00000000dda00000, 0x00000000f5a00000, 0x00000000f5a00000)
 concurrent-mark-sweep perm gen total 54228K, used 34948K [0x00000000f5a00000, 0x00000000f8ef5000, 0x0000000100000000)
}
2015-03-18T13:26:33.926-0400: 508096.102: Total time for which application threads were stopped: 0.0105630 seconds
2015-03-18T13:26:33.970-0400: 508096.146: Total time for which application threads were stopped: 0.0006280 seconds
{Heap before GC invocations=268 (full 1):
 par new generation   total 109248K, used 92066K [0x00000000d5a00000, 0x00000000dda00000, 0x00000000dda00000)
  eden space 87424K, 100% used [0x00000000d5a00000, 0x00000000daf60000, 0x00000000daf60000)
  from space 21824K,  21% used [0x00000000dc4b0000, 0x00000000dc938a20, 0x00000000dda00000)
  to   space 21824K,   0% used [0x00000000daf60000, 0x00000000daf60000, 0x00000000dc4b0000)
 concurrent mark-sweep generation total 393216K, used 165954K [0x00000000dda00000, 0x00000000f5a00000, 0x00000000f5a00000)
 concurrent-mark-sweep perm gen total 54228K, used 34951K [0x00000000f5a00000, 0x00000000f8ef5000, 0x0000000100000000)
2015-03-18T13:26:33.979-0400: 508096.155: [GC2015-03-18T13:26:33.979-0400: 508096.155: [ParNew
Desired survivor size 20112992 bytes, new threshold 8 (max 8)
- age   1:    3332944 bytes,    3332944 total
- age   2:     345080 bytes,    3678024 total
- age   3:     185424 bytes,    3863448 total
- age   4:     888168 bytes,    4751616 total
- age   5:     547112 bytes,    5298728 total
- age   6:      55784 bytes,    5354512 total
- age   7:      71568 bytes,    5426080 total
- age   8:     190888 bytes,    5616968 total
: 92066K->6774K(109248K), 0.0101120 secs] 258021K->173323K(502464K), 0.0102540 secs] [Times: user=0.04 sys=0.00, real=0.01 secs] 
Heap after GC invocations=269 (full 1):
 par new generation   total 109248K, used 6774K [0x00000000d5a00000, 0x00000000dda00000, 0x00000000dda00000)
  eden space 87424K,   0% used [0x00000000d5a00000, 0x00000000d5a00000, 0x00000000daf60000)
  from space 21824K,  31% used [0x00000000daf60000, 0x00000000db5fd970, 0x00000000dc4b0000)
  to   space 21824K,   0% used [0x00000000dc4b0000, 0x00000000dc4b0000, 0x00000000dda00000)
 concurrent mark-sweep generation total 393216K, used 166549K [0x00000000dda00000, 0x00000000f5a00000, 0x00000000f5a00000)
 concurrent-mark-sweep perm gen total 54228K, used 34951K [0x00000000f5a00000, 0x00000000f8ef5000, 0x0000000100000000)
}
2015-03-18T13:26:33.990-0400: 508096.165: Total time for which application threads were stopped: 0.0112430 seconds
{Heap before GC invocations=269 (full 1):
 par new generation   total 109248K, used 94185K [0x00000000d5a00000, 0x00000000dda00000, 0x00000000dda00000)
  eden space 87424K,  99% used [0x00000000d5a00000, 0x00000000daf5ce00, 0x00000000daf60000)
  from space 21824K,  31% used [0x00000000daf60000, 0x00000000db5fd970, 0x00000000dc4b0000)
  to   space 21824K,   0% used [0x00000000dc4b0000, 0x00000000dc4b0000, 0x00000000dda00000)
 concurrent mark-sweep generation total 393216K, used 166549K [0x00000000dda00000, 0x00000000f5a00000, 0x00000000f5a00000)
 concurrent-mark-sweep perm gen total 54228K, used 34951K [0x00000000f5a00000, 0x00000000f8ef5000, 0x0000000100000000)
2015-03-18T13:26:34.026-0400: 508096.202: [GC2015-03-18T13:26:34.026-0400: 508096.202: [ParNew
Desired survivor size 20112992 bytes, new threshold 8 (max 8)
- age   1:     598232 bytes,     598232 total
- age   2:    2320888 bytes,    2919120 total
- age   3:     344912 bytes,    3264032 total
- age   4:     184968 bytes,    3449000 total
- age   5:     888048 bytes,    4337048 total
- age   6:     547040 bytes,    4884088 total
- age   7:      55688 bytes,    4939776 total
- age   8:      71472 bytes,    5011248 total
: 94185K->6896K(109248K), 0.0086460 secs] 260734K->173634K(502464K), 0.0088180 secs] [Times: user=0.03 sys=0.00, real=0.01 secs] 
Heap after GC invocations=270 (full 1):
 par new generation   total 109248K, used 6896K [0x00000000d5a00000, 0x00000000dda00000, 0x00000000dda00000)
  eden space 87424K,   0% used [0x00000000d5a00000, 0x00000000d5a00000, 0x00000000daf60000)
  from space 21824K,  31% used [0x00000000dc4b0000, 0x00000000dcb6c370, 0x00000000dda00000)
  to   space 21824K,   0% used [0x00000000daf60000, 0x00000000daf60000, 0x00000000dc4b0000)
 concurrent mark-sweep generation total 393216K, used 166737K [0x00000000dda00000, 0x00000000f5a00000, 0x00000000f5a00000)
 concurrent-mark-sweep perm gen total 54228K, used 34951K [0x00000000f5a00000, 0x00000000f8ef5000, 0x0000000100000000)
}
2015-03-18T13:26:34.035-0400: 508096.211: Total time for which application threads were stopped: 0.0095010 seconds
{Heap before GC invocations=270 (full 1):
 par new generation   total 109248K, used 94320K [0x00000000d5a00000, 0x00000000dda00000, 0x00000000dda00000)
  eden space 87424K, 100% used [0x00000000d5a00000, 0x00000000daf60000, 0x00000000daf60000)
  from space 21824K,  31% used [0x00000000dc4b0000, 0x00000000dcb6c370, 0x00000000dda00000)
  to   space 21824K,   0% used [0x00000000daf60000, 0x00000000daf60000, 0x00000000dc4b0000)
 concurrent mark-sweep generation total 393216K, used 166737K [0x00000000dda00000, 0x00000000f5a00000, 0x00000000f5a00000)
 concurrent-mark-sweep perm gen total 54228K, used 34952K [0x00000000f5a00000, 0x00000000f8ef5000, 0x0000000100000000)
2015-03-18T13:26:34.073-0400: 508096.249: [GC2015-03-18T13:26:34.073-0400: 508096.249: [ParNew
Desired survivor size 20112992 bytes, new threshold 8 (max 8)
- age   1:    2795496 bytes,    2795496 total
- age   2:     243880 bytes,    3039376 total
- age   3:    2189248 bytes,    5228624 total
- age   4:     344912 bytes,    5573536 total
- age   5:     184928 bytes,    5758464 total
- age   6:     888048 bytes,    6646512 total
- age   7:     547040 bytes,    7193552 total
- age   8:      55688 bytes,    7249240 total
: 94320K->8207K(109248K), 0.0105010 secs] 261058K->175016K(502464K), 0.0106540 secs] [Times: user=0.04 sys=0.00, real=0.01 secs] 
Heap after GC invocations=271 (full 1):
 par new generation   total 109248K, used 8207K [0x00000000d5a00000, 0x00000000dda00000, 0x00000000dda00000)
  eden space 87424K,   0% used [0x00000000d5a00000, 0x00000000d5a00000, 0x00000000daf60000)
  from space 21824K,  37% used [0x00000000daf60000, 0x00000000db763d80, 0x00000000dc4b0000)
  to   space 21824K,   0% used [0x00000000dc4b0000, 0x00000000dc4b0000, 0x00000000dda00000)
 concurrent mark-sweep generation total 393216K, used 166808K [0x00000000dda00000, 0x00000000f5a00000, 0x00000000f5a00000)
 concurrent-mark-sweep perm gen total 54228K, used 34952K [0x00000000f5a00000, 0x00000000f8ef5000, 0x0000000100000000)
}
2015-03-18T13:26:34.084-0400: 508096.259: Total time for which application threads were stopped: 0.0113440 seconds
{Heap before GC invocations=271 (full 1):
 par new generation   total 109248K, used 95631K [0x00000000d5a00000, 0x00000000dda00000, 0x00000000dda00000)
  eden space 87424K, 100% used [0x00000000d5a00000, 0x00000000daf60000, 0x00000000daf60000)
  from space 21824K,  37% used [0x00000000daf60000, 0x00000000db763d80, 0x00000000dc4b0000)
  to   space 21824K,   0% used [0x00000000dc4b0000, 0x00000000dc4b0000, 0x00000000dda00000)
 concurrent mark-sweep generation total 393216K, used 166808K [0x00000000dda00000, 0x00000000f5a00000, 0x00000000f5a00000)
 concurrent-mark-sweep perm gen total 54228K, used 34953K [0x00000000f5a00000, 0x00000000f8ef5000, 0x0000000100000000)
2015-03-18T13:26:34.120-0400: 508096.295: [GC2015-03-18T13:26:34.120-0400: 508096.295: [ParNew
Desired survivor size 20112992 bytes, new threshold 8 (max 8)
- age   1:    3276400 bytes,    3276400 total
- age   2:    1852304 bytes,    5128704 total
- age   3:     243448 bytes,    5372152 total
- age   4:    2188744 bytes,    7560896 total
- age   5:     344704 bytes,    7905600 total
- age   6:     184728 bytes,    8090328 total
- age   7:     887952 bytes,    8978280 total
- age   8:     546944 bytes,    9525224 total
: 95631K->12111K(109248K), 0.0125050 secs] 262440K->178976K(502464K), 0.0126990 secs] [Times: user=0.05 sys=0.00, real=0.01 secs] 
Heap after GC invocations=272 (full 1):
 par new generation   total 109248K, used 12111K [0x00000000d5a00000, 0x00000000dda00000, 0x00000000dda00000)
  eden space 87424K,   0% used [0x00000000d5a00000, 0x00000000d5a00000, 0x00000000daf60000)
  from space 21824K,  55% used [0x00000000dc4b0000, 0x00000000dd083d40, 0x00000000dda00000)
  to   space 21824K,   0% used [0x00000000daf60000, 0x00000000daf60000, 0x00000000dc4b0000)
 concurrent mark-sweep generation total 393216K, used 166864K [0x00000000dda00000, 0x00000000f5a00000, 0x00000000f5a00000)
 concurrent-mark-sweep perm gen total 54228K, used 34953K [0x00000000f5a00000, 0x00000000f8ef5000, 0x0000000100000000)
}
2015-03-18T13:26:34.133-0400: 508096.308: Total time for which application threads were stopped: 0.0133860 seconds
{Heap before GC invocations=272 (full 1):
 par new generation   total 109248K, used 99535K [0x00000000d5a00000, 0x00000000dda00000, 0x00000000dda00000)
  eden space 87424K, 100% used [0x00000000d5a00000, 0x00000000daf60000, 0x00000000daf60000)
  from space 21824K,  55% used [0x00000000dc4b0000, 0x00000000dd083d40, 0x00000000dda00000)
  to   space 21824K,   0% used [0x00000000daf60000, 0x00000000daf60000, 0x00000000dc4b0000)
 concurrent mark-sweep generation total 393216K, used 166864K [0x00000000dda00000, 0x00000000f5a00000, 0x00000000f5a00000)
 concurrent-mark-sweep perm gen total 54228K, used 34953K [0x00000000f5a00000, 0x00000000f8ef5000, 0x0000000100000000)
2015-03-18T13:26:34.169-0400: 508096.345: [GC2015-03-18T13:26:34.169-0400: 508096.345: [ParNew
Desired survivor size 20112992 bytes, new threshold 8 (max 8)
- age   1:    2021552 bytes,    2021552 total
- age   2:    2217272 bytes,    4238824 total
- age   3:    1851920 bytes,    6090744 total
- age   4:     243408 bytes,    6334152 total
- age   5:    2188744 bytes,    8522896 total
- age   6:     344704 bytes,    8867600 total
- age   7:     184728 bytes,    9052328 total
- age   8:     887952 bytes,    9940280 total
: 99535K->12505K(109248K), 0.0138240 secs] 266400K->179908K(502464K), 0.0140100 secs] [Times: user=0.05 sys=0.00, real=0.01 secs] 
Heap after GC invocations=273 (full 1):
 par new generation   total 109248K, used 12505K [0x00000000d5a00000, 0x00000000dda00000, 0x00000000dda00000)
  eden space 87424K,   0% used [0x00000000d5a00000, 0x00000000d5a00000, 0x00000000daf60000)
  from space 21824K,  57% used [0x00000000daf60000, 0x00000000dbb96590, 0x00000000dc4b0000)
  to   space 21824K,   0% used [0x00000000dc4b0000, 0x00000000dc4b0000, 0x00000000dda00000)
 concurrent mark-sweep generation total 393216K, used 167402K [0x00000000dda00000, 0x00000000f5a00000, 0x00000000f5a00000)
 concurrent-mark-sweep perm gen total 54228K, used 34953K [0x00000000f5a00000, 0x00000000f8ef5000, 0x0000000100000000)
}
2015-03-18T13:26:34.183-0400: 508096.359: Total time for which application threads were stopped: 0.0147220 seconds
{Heap before GC invocations=273 (full 1):
 par new generation   total 109248K, used 99929K [0x00000000d5a00000, 0x00000000dda00000, 0x00000000dda00000)
  eden space 87424K, 100% used [0x00000000d5a00000, 0x00000000daf60000, 0x00000000daf60000)
  from space 21824K,  57% used [0x00000000daf60000, 0x00000000dbb96590, 0x00000000dc4b0000)
  to   space 21824K,   0% used [0x00000000dc4b0000, 0x00000000dc4b0000, 0x00000000dda00000)
 concurrent mark-sweep generation total 393216K, used 167402K [0x00000000dda00000, 0x00000000f5a00000, 0x00000000f5a00000)
 concurrent-mark-sweep perm gen total 54228K, used 34953K [0x00000000f5a00000, 0x00000000f8ef5000, 0x0000000100000000)
2015-03-18T13:26:34.219-0400: 508096.395: [GC2015-03-18T13:26:34.219-0400: 508096.395: [ParNew
Desired survivor size 20112992 bytes, new threshold 8 (max 8)
- age   1:    2312728 bytes,    2312728 total
- age   2:    1042544 bytes,    3355272 total
- age   3:    2216768 bytes,    5572040 total
- age   4:    1851824 bytes,    7423864 total
- age   5:     243264 bytes,    7667128 total
- age   6:    2188264 bytes,    9855392 total
- age   7:     344512 bytes,   10199904 total
- age   8:     184488 bytes,   10384392 total
: 99929K->17062K(109248K), 0.0146740 secs] 267332K->185340K(502464K), 0.0148870 secs] [Times: user=0.05 sys=0.00, real=0.01 secs] 
Heap after GC invocations=274 (full 1):
 par new generation   total 109248K, used 17062K [0x00000000d5a00000, 0x00000000dda00000, 0x00000000dda00000)
  eden space 87424K,   0% used [0x00000000d5a00000, 0x00000000d5a00000, 0x00000000daf60000)
  from space 21824K,  78% used [0x00000000dc4b0000, 0x00000000dd559840, 0x00000000dda00000)
  to   space 21824K,   0% used [0x00000000daf60000, 0x00000000daf60000, 0x00000000dc4b0000)
 concurrent mark-sweep generation total 393216K, used 168278K [0x00000000dda00000, 0x00000000f5a00000, 0x00000000f5a00000)
 concurrent-mark-sweep perm gen total 54228K, used 34953K [0x00000000f5a00000, 0x00000000f8ef5000, 0x0000000100000000)
}
2015-03-18T13:26:34.234-0400: 508096.410: Total time for which application threads were stopped: 0.0155880 seconds
{Heap before GC invocations=274 (full 1):
 par new generation   total 109248K, used 104486K [0x00000000d5a00000, 0x00000000dda00000, 0x00000000dda00000)
  eden space 87424K, 100% used [0x00000000d5a00000, 0x00000000daf60000, 0x00000000daf60000)
  from space 21824K,  78% used [0x00000000dc4b0000, 0x00000000dd559840, 0x00000000dda00000)
  to   space 21824K,   0% used [0x00000000daf60000, 0x00000000daf60000, 0x00000000dc4b0000)
 concurrent mark-sweep generation total 393216K, used 168278K [0x00000000dda00000, 0x00000000f5a00000, 0x00000000f5a00000)
 concurrent-mark-sweep perm gen total 54228K, used 34953K [0x00000000f5a00000, 0x00000000f8ef5000, 0x0000000100000000)
2015-03-18T13:26:34.272-0400: 508096.447: [GC2015-03-18T13:26:34.272-0400: 508096.447: [ParNew
Desired survivor size 20112992 bytes, new threshold 8 (max 8)
- age   1:    1574056 bytes,    1574056 total
- age   2:    1244472 bytes,    2818528 total
- age   3:    1042264 bytes,    3860792 total
- age   4:    2216728 bytes,    6077520 total
- age   5:    1851824 bytes,    7929344 total
- age   6:     243264 bytes,    8172608 total
- age   7:    2190784 bytes,   10363392 total
- age   8:     344512 bytes,   10707904 total
: 104486K->12836K(109248K), 0.0135970 secs] 272764K->181297K(502464K), 0.0137680 secs] [Times: user=0.05 sys=0.00, real=0.01 secs] 
Heap after GC invocations=275 (full 1):
 par new generation   total 109248K, used 12836K [0x00000000d5a00000, 0x00000000dda00000, 0x00000000dda00000)
  eden space 87424K,   0% used [0x00000000d5a00000, 0x00000000d5a00000, 0x00000000daf60000)
  from space 21824K,  58% used [0x00000000daf60000, 0x00000000dbbe93a8, 0x00000000dc4b0000)
  to   space 21824K,   0% used [0x00000000dc4b0000, 0x00000000dc4b0000, 0x00000000dda00000)
 concurrent mark-sweep generation total 393216K, used 168460K [0x00000000dda00000, 0x00000000f5a00000, 0x00000000f5a00000)
 concurrent-mark-sweep perm gen total 54228K, used 34953K [0x00000000f5a00000, 0x00000000f8ef5000, 0x0000000100000000)
}
2015-03-18T13:26:34.286-0400: 508096.461: Total time for which application threads were stopped: 0.0144430 seconds
{Heap before GC invocations=275 (full 1):
 par new generation   total 109248K, used 100260K [0x00000000d5a00000, 0x00000000dda00000, 0x00000000dda00000)
  eden space 87424K, 100% used [0x00000000d5a00000, 0x00000000daf60000, 0x00000000daf60000)
  from space 21824K,  58% used [0x00000000daf60000, 0x00000000dbbe93a8, 0x00000000dc4b0000)
  to   space 21824K,   0% used [0x00000000dc4b0000, 0x00000000dc4b0000, 0x00000000dda00000)
 concurrent mark-sweep generation total 393216K, used 168460K [0x00000000dda00000, 0x00000000f5a00000, 0x00000000f5a00000)
 concurrent-mark-sweep perm gen total 54228K, used 34954K [0x00000000f5a00000, 0x00000000f8ef5000, 0x0000000100000000)
2015-03-18T13:26:34.327-0400: 508096.502: [GC2015-03-18T13:26:34.327-0400: 508096.503: [ParNew
Desired survivor size 20112992 bytes, new threshold 8 (max 8)
- age   1:    3117560 bytes,    3117560 total
- age   2:     168688 bytes,    3286248 total
- age   3:    1243784 bytes,    4530032 total
- age   4:    1042264 bytes,    5572296 total
- age   5:    2216768 bytes,    7789064 total
- age   6:    1851824 bytes,    9640888 total
- age   7:     243264 bytes,    9884152 total
- age   8:    2188264 bytes,   12072416 total
: 100260K->18015K(109248K), 0.0151470 secs] 268721K->186816K(502464K), 0.0153630 secs] [Times: user=0.06 sys=0.00, real=0.02 secs] 
Heap after GC invocations=276 (full 1):
 par new generation   total 109248K, used 18015K [0x00000000d5a00000, 0x00000000dda00000, 0x00000000dda00000)
  eden space 87424K,   0% used [0x00000000d5a00000, 0x00000000d5a00000, 0x00000000daf60000)
  from space 21824K,  82% used [0x00000000dc4b0000, 0x00000000dd647f00, 0x00000000dda00000)
  to   space 21824K,   0% used [0x00000000daf60000, 0x00000000daf60000, 0x00000000dc4b0000)
 concurrent mark-sweep generation total 393216K, used 168800K [0x00000000dda00000, 0x00000000f5a00000, 0x00000000f5a00000)
 concurrent-mark-sweep perm gen total 54228K, used 34954K [0x00000000f5a00000, 0x00000000f8ef5000, 0x0000000100000000)
}
2015-03-18T13:26:34.342-0400: 508096.518: Total time for which application threads were stopped: 0.0160950 seconds
{Heap before GC invocations=276 (full 1):
 par new generation   total 109248K, used 105439K [0x00000000d5a00000, 0x00000000dda00000, 0x00000000dda00000)
  eden space 87424K, 100% used [0x00000000d5a00000, 0x00000000daf60000, 0x00000000daf60000)
  from space 21824K,  82% used [0x00000000dc4b0000, 0x00000000dd647f00, 0x00000000dda00000)
  to   space 21824K,   0% used [0x00000000daf60000, 0x00000000daf60000, 0x00000000dc4b0000)
 concurrent mark-sweep generation total 393216K, used 168800K [0x00000000dda00000, 0x00000000f5a00000, 0x00000000f5a00000)
 concurrent-mark-sweep perm gen total 54228K, used 34954K [0x00000000f5a00000, 0x00000000f8ef5000, 0x0000000100000000)
2015-03-18T13:26:34.381-0400: 508096.556: [GC2015-03-18T13:26:34.381-0400: 508096.556: [ParNew
Desired survivor size 20112992 bytes, new threshold 8 (max 8)
- age   1:    2145600 bytes,    2145600 total
- age   2:    1492528 bytes,    3638128 total
- age   3:     168688 bytes,    3806816 total
- age   4:    1243632 bytes,    5050448 total
- age   5:    1042264 bytes,    6092712 total
- age   6:    2216728 bytes,    8309440 total
- age   7:    1851824 bytes,   10161264 total
- age   8:     243264 bytes,   10404528 total
: 105439K->12998K(109248K), 0.0176210 secs] 274240K->183943K(502464K), 0.0178060 secs] [Times: user=0.08 sys=0.00, real=0.02 secs] 
Heap after GC invocations=277 (full 1):
 par new generation   total 109248K, used 12998K [0x00000000d5a00000, 0x00000000dda00000, 0x00000000dda00000)
  eden space 87424K,   0% used [0x00000000d5a00000, 0x00000000d5a00000, 0x00000000daf60000)
  from space 21824K,  59% used [0x00000000daf60000, 0x00000000dbc11920, 0x00000000dc4b0000)
  to   space 21824K,   0% used [0x00000000dc4b0000, 0x00000000dc4b0000, 0x00000000dda00000)
 concurrent mark-sweep generation total 393216K, used 170945K [0x00000000dda00000, 0x00000000f5a00000, 0x00000000f5a00000)
 concurrent-mark-sweep perm gen total 54228K, used 34954K [0x00000000f5a00000, 0x00000000f8ef5000, 0x0000000100000000)
}
2015-03-18T13:26:34.399-0400: 508096.574: Total time for which application threads were stopped: 0.0185060 seconds
{Heap before GC invocations=277 (full 1):
 par new generation   total 109248K, used 100422K [0x00000000d5a00000, 0x00000000dda00000, 0x00000000dda00000)
  eden space 87424K, 100% used [0x00000000d5a00000, 0x00000000daf60000, 0x00000000daf60000)
  from space 21824K,  59% used [0x00000000daf60000, 0x00000000dbc11920, 0x00000000dc4b0000)
  to   space 21824K,   0% used [0x00000000dc4b0000, 0x00000000dc4b0000, 0x00000000dda00000)
 concurrent mark-sweep generation total 393216K, used 170945K [0x00000000dda00000, 0x00000000f5a00000, 0x00000000f5a00000)
 concurrent-mark-sweep perm gen total 54228K, used 34954K [0x00000000f5a00000, 0x00000000f8ef5000, 0x0000000100000000)
2015-03-18T13:26:34.437-0400: 508096.613: [GC2015-03-18T13:26:34.437-0400: 508096.613: [ParNew
Desired survivor size 20112992 bytes, new threshold 8 (max 8)
- age   1:    1484416 bytes,    1484416 total
- age   2:      62272 bytes,    1546688 total
- age   3:    1492392 bytes,    3039080 total
- age   4:     168088 bytes,    3207168 total
- age   5:    1243632 bytes,    4450800 total
- age   6:    1042048 bytes,    5492848 total
- age   7:    2216456 bytes,    7709304 total
- age   8:    1851824 bytes,    9561128 total
: 100422K->11150K(109248K), 0.0125440 secs] 271367K->182335K(502464K), 0.0127470 secs] [Times: user=0.05 sys=0.00, real=0.02 secs] 
Heap after GC invocations=278 (full 1):
 par new generation   total 109248K, used 11150K [0x00000000d5a00000, 0x00000000dda00000, 0x00000000dda00000)
  eden space 87424K,   0% used [0x00000000d5a00000, 0x00000000d5a00000, 0x00000000daf60000)
  from space 21824K,  51% used [0x00000000dc4b0000, 0x00000000dcf939b8, 0x00000000dda00000)
  to   space 21824K,   0% used [0x00000000daf60000, 0x00000000daf60000, 0x00000000dc4b0000)
 concurrent mark-sweep generation total 393216K, used 171185K [0x00000000dda00000, 0x00000000f5a00000, 0x00000000f5a00000)
 concurrent-mark-sweep perm gen total 54228K, used 34954K [0x00000000f5a00000, 0x00000000f8ef5000, 0x0000000100000000)
}
2015-03-18T13:26:34.450-0400: 508096.626: Total time for which application threads were stopped: 0.0135810 seconds
{Heap before GC invocations=278 (full 1):
 par new generation   total 109248K, used 98574K [0x00000000d5a00000, 0x00000000dda00000, 0x00000000dda00000)
  eden space 87424K, 100% used [0x00000000d5a00000, 0x00000000daf60000, 0x00000000daf60000)
  from space 21824K,  51% used [0x00000000dc4b0000, 0x00000000dcf939b8, 0x00000000dda00000)
  to   space 21824K,   0% used [0x00000000daf60000, 0x00000000daf60000, 0x00000000dc4b0000)
 concurrent mark-sweep generation total 393216K, used 171185K [0x00000000dda00000, 0x00000000f5a00000, 0x00000000f5a00000)
 concurrent-mark-sweep perm gen total 54228K, used 34954K [0x00000000f5a00000, 0x00000000f8ef5000, 0x0000000100000000)
2015-03-18T13:26:34.487-0400: 508096.663: [GC2015-03-18T13:26:34.487-0400: 508096.663: [ParNew
Desired survivor size 20112992 bytes, new threshold 8 (max 8)
- age   1:    2231376 bytes,    2231376 total
- age   2:      77720 bytes,    2309096 total
- age   3:      62272 bytes,    2371368 total
- age   4:    1492312 bytes,    3863680 total
- age   5:     168088 bytes,    4031768 total
- age   6:    1243632 bytes,    5275400 total
- age   7:    1041832 bytes,    6317232 total
- age   8:    2216184 bytes,    8533416 total
: 98574K->13849K(109248K), 0.0144620 secs] 269759K->186846K(502464K), 0.0146560 secs] [Times: user=0.05 sys=0.00, real=0.02 secs] 
Heap after GC invocations=279 (full 1):
 par new generation   total 109248K, used 13849K [0x00000000d5a00000, 0x00000000dda00000, 0x00000000dda00000)
  eden space 87424K,   0% used [0x00000000d5a00000, 0x00000000d5a00000, 0x00000000daf60000)
  from space 21824K,  63% used [0x00000000daf60000, 0x00000000dbce6570, 0x00000000dc4b0000)
  to   space 21824K,   0% used [0x00000000dc4b0000, 0x00000000dc4b0000, 0x00000000dda00000)
 concurrent mark-sweep generation total 393216K, used 172996K [0x00000000dda00000, 0x00000000f5a00000, 0x00000000f5a00000)
 concurrent-mark-sweep perm gen total 54228K, used 34954K [0x00000000f5a00000, 0x00000000f8ef5000, 0x0000000100000000)
}
2015-03-18T13:26:34.502-0400: 508096.677: Total time for which application threads were stopped: 0.0153420 seconds
{Heap before GC invocations=279 (full 1):
 par new generation   total 109248K, used 101247K [0x00000000d5a00000, 0x00000000dda00000, 0x00000000dda00000)
  eden space 87424K,  99% used [0x00000000d5a00000, 0x00000000daf598d8, 0x00000000daf60000)
  from space 21824K,  63% used [0x00000000daf60000, 0x00000000dbce6570, 0x00000000dc4b0000)
  to   space 21824K,   0% used [0x00000000dc4b0000, 0x00000000dc4b0000, 0x00000000dda00000)
 concurrent mark-sweep generation total 393216K, used 172996K [0x00000000dda00000, 0x00000000f5a00000, 0x00000000f5a00000)
 concurrent-mark-sweep perm gen total 54228K, used 34954K [0x00000000f5a00000, 0x00000000f8ef5000, 0x0000000100000000)
2015-03-18T13:26:34.539-0400: 508096.715: [GC2015-03-18T13:26:34.539-0400: 508096.715: [ParNew
Desired survivor size 20112992 bytes, new threshold 8 (max 8)
- age   1:    1344600 bytes,    1344600 total
- age   2:      85024 bytes,    1429624 total
- age   3:      77568 bytes,    1507192 total
- age   4:      62120 bytes,    1569312 total
- age   5:    1492248 bytes,    3061560 total
- age   6:     168088 bytes,    3229648 total
- age   7:    1243632 bytes,    4473280 total
- age   8:    1041832 bytes,    5515112 total
: 101247K->6587K(109248K), 0.0133550 secs] 274244K->181756K(502464K), 0.0135460 secs] [Times: user=0.05 sys=0.00, real=0.01 secs] 
Heap after GC invocations=280 (full 1):
 par new generation   total 109248K, used 6587K [0x00000000d5a00000, 0x00000000dda00000, 0x00000000dda00000)
  eden space 87424K,   0% used [0x00000000d5a00000, 0x00000000d5a00000, 0x00000000daf60000)
  from space 21824K,  30% used [0x00000000dc4b0000, 0x00000000dcb1ed60, 0x00000000dda00000)
  to   space 21824K,   0% used [0x00000000daf60000, 0x00000000daf60000, 0x00000000dc4b0000)
 concurrent mark-sweep generation total 393216K, used 175168K [0x00000000dda00000, 0x00000000f5a00000, 0x00000000f5a00000)
 concurrent-mark-sweep perm gen total 54228K, used 34954K [0x00000000f5a00000, 0x00000000f8ef5000, 0x0000000100000000)
}
2015-03-18T13:26:34.553-0400: 508096.728: Total time for which application threads were stopped: 0.0142400 seconds
{Heap before GC invocations=280 (full 1):
 par new generation   total 109248K, used 93996K [0x00000000d5a00000, 0x00000000dda00000, 0x00000000dda00000)
  eden space 87424K,  99% used [0x00000000d5a00000, 0x00000000daf5c378, 0x00000000daf60000)
  from space 21824K,  30% used [0x00000000dc4b0000, 0x00000000dcb1ed60, 0x00000000dda00000)
  to   space 21824K,   0% used [0x00000000daf60000, 0x00000000daf60000, 0x00000000dc4b0000)
 concurrent mark-sweep generation total 393216K, used 175168K [0x00000000dda00000, 0x00000000f5a00000, 0x00000000f5a00000)
 concurrent-mark-sweep perm gen total 54228K, used 34954K [0x00000000f5a00000, 0x00000000f8ef5000, 0x0000000100000000)
2015-03-18T13:26:34.590-0400: 508096.766: [GC2015-03-18T13:26:34.590-0400: 508096.766: [ParNew
Desired survivor size 20112992 bytes, new threshold 8 (max 8)
- age   1:    2252376 bytes,    2252376 total
- age   2:      83536 bytes,    2335912 total
- age   3:      85024 bytes,    2420936 total
- age   4:      77280 bytes,    2498216 total
- age   5:      62120 bytes,    2560336 total
- age   6:    1492248 bytes,    4052584 total
- age   7:     168088 bytes,    4220672 total
- age   8:    1243632 bytes,    5464304 total
: 93996K->8990K(109248K), 0.0099340 secs] 269165K->185184K(502464K), 0.0101120 secs] [Times: user=0.04 sys=0.00, real=0.01 secs] 
Heap after GC invocations=281 (full 1):
 par new generation   total 109248K, used 8990K [0x00000000d5a00000, 0x00000000dda00000, 0x00000000dda00000)
  eden space 87424K,   0% used [0x00000000d5a00000, 0x00000000d5a00000, 0x00000000daf60000)
  from space 21824K,  41% used [0x00000000daf60000, 0x00000000db827930, 0x00000000dc4b0000)
  to   space 21824K,   0% used [0x00000000dc4b0000, 0x00000000dc4b0000, 0x00000000dda00000)
 concurrent mark-sweep generation total 393216K, used 176193K [0x00000000dda00000, 0x00000000f5a00000, 0x00000000f5a00000)
 concurrent-mark-sweep perm gen total 54228K, used 34954K [0x00000000f5a00000, 0x00000000f8ef5000, 0x0000000100000000)
}
2015-03-18T13:26:34.601-0400: 508096.776: Total time for which application threads were stopped: 0.0108190 seconds
{Heap before GC invocations=281 (full 1):
 par new generation   total 109248K, used 96414K [0x00000000d5a00000, 0x00000000dda00000, 0x00000000dda00000)
  eden space 87424K, 100% used [0x00000000d5a00000, 0x00000000daf60000, 0x00000000daf60000)
  from space 21824K,  41% used [0x00000000daf60000, 0x00000000db827930, 0x00000000dc4b0000)
  to   space 21824K,   0% used [0x00000000dc4b0000, 0x00000000dc4b0000, 0x00000000dda00000)
 concurrent mark-sweep generation total 393216K, used 176193K [0x00000000dda00000, 0x00000000f5a00000, 0x00000000f5a00000)
 concurrent-mark-sweep perm gen total 54228K, used 34954K [0x00000000f5a00000, 0x00000000f8ef5000, 0x0000000100000000)
2015-03-18T13:26:34.637-0400: 508096.813: [GC2015-03-18T13:26:34.637-0400: 508096.813: [ParNew
Desired survivor size 20112992 bytes, new threshold 8 (max 8)
- age   1:    1693520 bytes,    1693520 total
- age   2:      80912 bytes,    1774432 total
- age   3:      83232 bytes,    1857664 total
- age   4:      85024 bytes,    1942688 total
- age   5:      77064 bytes,    2019752 total
- age   6:      61904 bytes,    2081656 total
- age   7:    1492032 bytes,    3573688 total
- age   8:     167816 bytes,    3741504 total
: 96414K->5236K(109248K), 0.0091650 secs] 272608K->182647K(502464K), 0.0093550 secs] [Times: user=0.04 sys=0.00, real=0.01 secs] 
Heap after GC invocations=282 (full 1):
 par new generation   total 109248K, used 5236K [0x00000000d5a00000, 0x00000000dda00000, 0x00000000dda00000)
  eden space 87424K,   0% used [0x00000000d5a00000, 0x00000000d5a00000, 0x00000000daf60000)
  from space 21824K,  23% used [0x00000000dc4b0000, 0x00000000dc9cd300, 0x00000000dda00000)
  to   space 21824K,   0% used [0x00000000daf60000, 0x00000000daf60000, 0x00000000dc4b0000)
 concurrent mark-sweep generation total 393216K, used 177410K [0x00000000dda00000, 0x00000000f5a00000, 0x00000000f5a00000)
 concurrent-mark-sweep perm gen total 54228K, used 34954K [0x00000000f5a00000, 0x00000000f8ef5000, 0x0000000100000000)
}
2015-03-18T13:26:34.647-0400: 508096.822: Total time for which application threads were stopped: 0.0100480 seconds
{Heap before GC invocations=282 (full 1):
 par new generation   total 109248K, used 92660K [0x00000000d5a00000, 0x00000000dda00000, 0x00000000dda00000)
  eden space 87424K, 100% used [0x00000000d5a00000, 0x00000000daf60000, 0x00000000daf60000)
  from space 21824K,  23% used [0x00000000dc4b0000, 0x00000000dc9cd300, 0x00000000dda00000)
  to   space 21824K,   0% used [0x00000000daf60000, 0x00000000daf60000, 0x00000000dc4b0000)
 concurrent mark-sweep generation total 393216K, used 177410K [0x00000000dda00000, 0x00000000f5a00000, 0x00000000f5a00000)
 concurrent-mark-sweep perm gen total 54228K, used 34954K [0x00000000f5a00000, 0x00000000f8ef5000, 0x0000000100000000)
2015-03-18T13:26:34.684-0400: 508096.859: [GC2015-03-18T13:26:34.684-0400: 508096.859: [ParNew
Desired survivor size 20112992 bytes, new threshold 8 (max 8)
- age   1:    1596680 bytes,    1596680 total
- age   2:      95848 bytes,    1692528 total
- age   3:      80912 bytes,    1773440 total
- age   4:      83232 bytes,    1856672 total
- age   5:      85024 bytes,    1941696 total
- age   6:      76632 bytes,    2018328 total
- age   7:      61904 bytes,    2080232 total
- age   8:    1491888 bytes,    3572120 total
: 92660K->4049K(109248K), 0.0070850 secs] 270071K->181631K(502464K), 0.0072510 secs] [Times: user=0.03 sys=0.00, real=0.01 secs] 
Heap after GC invocations=283 (full 1):
 par new generation   total 109248K, used 4049K [0x00000000d5a00000, 0x00000000dda00000, 0x00000000dda00000)
  eden space 87424K,   0% used [0x00000000d5a00000, 0x00000000d5a00000, 0x00000000daf60000)
  from space 21824K,  18% used [0x00000000daf60000, 0x00000000db354600, 0x00000000dc4b0000)
  to   space 21824K,   0% used [0x00000000dc4b0000, 0x00000000dc4b0000, 0x00000000dda00000)
 concurrent mark-sweep generation total 393216K, used 177581K [0x00000000dda00000, 0x00000000f5a00000, 0x00000000f5a00000)
 concurrent-mark-sweep perm gen total 54228K, used 34954K [0x00000000f5a00000, 0x00000000f8ef5000, 0x0000000100000000)
}
2015-03-18T13:26:34.691-0400: 508096.867: Total time for which application threads were stopped: 0.0079880 seconds
{Heap before GC invocations=283 (full 1):
 par new generation   total 109248K, used 91473K [0x00000000d5a00000, 0x00000000dda00000, 0x00000000dda00000)
  eden space 87424K, 100% used [0x00000000d5a00000, 0x00000000daf60000, 0x00000000daf60000)
  from space 21824K,  18% used [0x00000000daf60000, 0x00000000db354600, 0x00000000dc4b0000)
  to   space 21824K,   0% used [0x00000000dc4b0000, 0x00000000dc4b0000, 0x00000000dda00000)
 concurrent mark-sweep generation total 393216K, used 177581K [0x00000000dda00000, 0x00000000f5a00000, 0x00000000f5a00000)
 concurrent-mark-sweep perm gen total 54228K, used 34954K [0x00000000f5a00000, 0x00000000f8ef5000, 0x0000000100000000)
2015-03-18T13:26:34.726-0400: 508096.902: [GC2015-03-18T13:26:34.726-0400: 508096.902: [ParNew
Desired survivor size 20112992 bytes, new threshold 8 (max 8)
- age   1:    1711128 bytes,    1711128 total
- age   2:      82672 bytes,    1793800 total
- age   3:      95776 bytes,    1889576 total
- age   4:      80840 bytes,    1970416 total
- age   5:      83160 bytes,    2053576 total
- age   6:      84952 bytes,    2138528 total
- age   7:      76224 bytes,    2214752 total
- age   8:      61856 bytes,    2276608 total
: 91473K->3902K(109248K), 0.0090460 secs] 269055K->182942K(502464K), 0.0092400 secs] [Times: user=0.03 sys=0.00, real=0.01 secs] 
Heap after GC invocations=284 (full 1):
 par new generation   total 109248K, used 3902K [0x00000000d5a00000, 0x00000000dda00000, 0x00000000dda00000)
  eden space 87424K,   0% used [0x00000000d5a00000, 0x00000000d5a00000, 0x00000000daf60000)
  from space 21824K,  17% used [0x00000000dc4b0000, 0x00000000dc87faf0, 0x00000000dda00000)
  to   space 21824K,   0% used [0x00000000daf60000, 0x00000000daf60000, 0x00000000dc4b0000)
 concurrent mark-sweep generation total 393216K, used 179040K [0x00000000dda00000, 0x00000000f5a00000, 0x00000000f5a00000)
 concurrent-mark-sweep perm gen total 54228K, used 34954K [0x00000000f5a00000, 0x00000000f8ef5000, 0x0000000100000000)
}
2015-03-18T13:26:34.736-0400: 508096.911: Total time for which application threads were stopped: 0.0099570 seconds
{Heap before GC invocations=284 (full 1):
 par new generation   total 109248K, used 91322K [0x00000000d5a00000, 0x00000000dda00000, 0x00000000dda00000)
  eden space 87424K,  99% used [0x00000000d5a00000, 0x00000000daf5ef50, 0x00000000daf60000)
  from space 21824K,  17% used [0x00000000dc4b0000, 0x00000000dc87faf0, 0x00000000dda00000)
  to   space 21824K,   0% used [0x00000000daf60000, 0x00000000daf60000, 0x00000000dc4b0000)
 concurrent mark-sweep generation total 393216K, used 179040K [0x00000000dda00000, 0x00000000f5a00000, 0x00000000f5a00000)
 concurrent-mark-sweep perm gen total 54228K, used 34954K [0x00000000f5a00000, 0x00000000f8ef5000, 0x0000000100000000)
2015-03-18T13:26:34.770-0400: 508096.946: [GC2015-03-18T13:26:34.770-0400: 508096.946: [ParNew
Desired survivor size 20112992 bytes, new threshold 8 (max 8)
- age   1:    1955120 bytes,    1955120 total
- age   2:     215048 bytes,    2170168 total
- age   3:      82600 bytes,    2252768 total
- age   4:      95704 bytes,    2348472 total
- age   5:      80768 bytes,    2429240 total
- age   6:      82656 bytes,    2511896 total
- age   7:      84296 bytes,    2596192 total
- age   8:      75904 bytes,    2672096 total
: 91322K->3340K(109248K), 0.0060780 secs] 270362K->182443K(502464K), 0.0062290 secs] [Times: user=0.02 sys=0.00, real=0.00 secs] 
Heap after GC invocations=285 (full 1):
 par new generation   total 109248K, used 3340K [0x00000000d5a00000, 0x00000000dda00000, 0x00000000dda00000)
  eden space 87424K,   0% used [0x00000000d5a00000, 0x00000000d5a00000, 0x00000000daf60000)
  from space 21824K,  15% used [0x00000000daf60000, 0x00000000db2a3370, 0x00000000dc4b0000)
  to   space 21824K,   0% used [0x00000000dc4b0000, 0x00000000dc4b0000, 0x00000000dda00000)
 concurrent mark-sweep generation total 393216K, used 179102K [0x00000000dda00000, 0x00000000f5a00000, 0x00000000f5a00000)
 concurrent-mark-sweep perm gen total 54228K, used 34954K [0x00000000f5a00000, 0x00000000f8ef5000, 0x0000000100000000)
}
2015-03-18T13:26:34.777-0400: 508096.952: Total time for which application threads were stopped: 0.0069580 seconds
{Heap before GC invocations=285 (full 1):
 par new generation   total 109248K, used 90764K [0x00000000d5a00000, 0x00000000dda00000, 0x00000000dda00000)
  eden space 87424K, 100% used [0x00000000d5a00000, 0x00000000daf60000, 0x00000000daf60000)
  from space 21824K,  15% used [0x00000000daf60000, 0x00000000db2a3370, 0x00000000dc4b0000)
  to   space 21824K,   0% used [0x00000000dc4b0000, 0x00000000dc4b0000, 0x00000000dda00000)
 concurrent mark-sweep generation total 393216K, used 179102K [0x00000000dda00000, 0x00000000f5a00000, 0x00000000f5a00000)
 concurrent-mark-sweep perm gen total 54228K, used 34954K [0x00000000f5a00000, 0x00000000f8ef5000, 0x0000000100000000)
2015-03-18T13:26:34.813-0400: 508096.989: [GC2015-03-18T13:26:34.813-0400: 508096.989: [ParNew
Desired survivor size 20112992 bytes, new threshold 8 (max 8)
- age   1:    1665680 bytes,    1665680 total
- age   2:     585960 bytes,    2251640 total
- age   3:     215008 bytes,    2466648 total
- age   4:      82600 bytes,    2549248 total
- age   5:      95704 bytes,    2644952 total
- age   6:      80768 bytes,    2725720 total
- age   7:      82656 bytes,    2808376 total
- age   8:      84296 bytes,    2892672 total
: 90764K->3436K(109248K), 0.0062530 secs] 269867K->182615K(502464K), 0.0064360 secs] [Times: user=0.02 sys=0.00, real=0.01 secs] 
Heap after GC invocations=286 (full 1):
 par new generation   total 109248K, used 3436K [0x00000000d5a00000, 0x00000000dda00000, 0x00000000dda00000)
  eden space 87424K,   0% used [0x00000000d5a00000, 0x00000000d5a00000, 0x00000000daf60000)
  from space 21824K,  15% used [0x00000000dc4b0000, 0x00000000dc80b350, 0x00000000dda00000)
  to   space 21824K,   0% used [0x00000000daf60000, 0x00000000daf60000, 0x00000000dc4b0000)
 concurrent mark-sweep generation total 393216K, used 179178K [0x00000000dda00000, 0x00000000f5a00000, 0x00000000f5a00000)
 concurrent-mark-sweep perm gen total 54228K, used 34954K [0x00000000f5a00000, 0x00000000f8ef5000, 0x0000000100000000)
}
2015-03-18T13:26:34.819-0400: 508096.995: Total time for which application threads were stopped: 0.0071320 seconds
{Heap before GC invocations=286 (full 1):
 par new generation   total 109248K, used 90860K [0x00000000d5a00000, 0x00000000dda00000, 0x00000000dda00000)
  eden space 87424K, 100% used [0x00000000d5a00000, 0x00000000daf60000, 0x00000000daf60000)
  from space 21824K,  15% used [0x00000000dc4b0000, 0x00000000dc80b350, 0x00000000dda00000)
  to   space 21824K,   0% used [0x00000000daf60000, 0x00000000daf60000, 0x00000000dc4b0000)
 concurrent mark-sweep generation total 393216K, used 179178K [0x00000000dda00000, 0x00000000f5a00000, 0x00000000f5a00000)
 concurrent-mark-sweep perm gen total 54228K, used 34955K [0x00000000f5a00000, 0x00000000f8ef5000, 0x0000000100000000)
2015-03-18T13:26:34.854-0400: 508097.029: [GC2015-03-18T13:26:34.854-0400: 508097.029: [ParNew
Desired survivor size 20112992 bytes, new threshold 8 (max 8)
- age   1:    2125376 bytes,    2125376 total
- age   2:     218800 bytes,    2344176 total
- age   3:     585888 bytes,    2930064 total
- age   4:     214936 bytes,    3145000 total
- age   5:      82504 bytes,    3227504 total
- age   6:      94888 bytes,    3322392 total
- age   7:      80176 bytes,    3402568 total
- age   8:      82584 bytes,    3485152 total
: 90860K->5383K(109248K), 0.0067410 secs] 270039K->184645K(502464K), 0.0068810 secs] [Times: user=0.03 sys=0.00, real=0.01 secs] 
Heap after GC invocations=287 (full 1):
 par new generation   total 109248K, used 5383K [0x00000000d5a00000, 0x00000000dda00000, 0x00000000dda00000)
  eden space 87424K,   0% used [0x00000000d5a00000, 0x00000000d5a00000, 0x00000000daf60000)
  from space 21824K,  24% used [0x00000000daf60000, 0x00000000db4a1c00, 0x00000000dc4b0000)
  to   space 21824K,   0% used [0x00000000dc4b0000, 0x00000000dc4b0000, 0x00000000dda00000)
 concurrent mark-sweep generation total 393216K, used 179262K [0x00000000dda00000, 0x00000000f5a00000, 0x00000000f5a00000)
 concurrent-mark-sweep perm gen total 54228K, used 34955K [0x00000000f5a00000, 0x00000000f8ef5000, 0x0000000100000000)
}
2015-03-18T13:26:34.861-0400: 508097.036: Total time for which application threads were stopped: 0.0075810 seconds
{Heap before GC invocations=287 (full 1):
 par new generation   total 109248K, used 92807K [0x00000000d5a00000, 0x00000000dda00000, 0x00000000dda00000)
  eden space 87424K, 100% used [0x00000000d5a00000, 0x00000000daf60000, 0x00000000daf60000)
  from space 21824K,  24% used [0x00000000daf60000, 0x00000000db4a1c00, 0x00000000dc4b0000)
  to   space 21824K,   0% used [0x00000000dc4b0000, 0x00000000dc4b0000, 0x00000000dda00000)
 concurrent mark-sweep generation total 393216K, used 179262K [0x00000000dda00000, 0x00000000f5a00000, 0x00000000f5a00000)
 concurrent-mark-sweep perm gen total 54228K, used 34956K [0x00000000f5a00000, 0x00000000f8ef5000, 0x0000000100000000)
2015-03-18T13:26:34.899-0400: 508097.075: [GC2015-03-18T13:26:34.899-0400: 508097.075: [ParNew
Desired survivor size 20112992 bytes, new threshold 8 (max 8)
- age   1:    1706232 bytes,    1706232 total
- age   2:     251712 bytes,    1957944 total
- age   3:     218480 bytes,    2176424 total
- age   4:     585672 bytes,    2762096 total
- age   5:     214720 bytes,    2976816 total
- age   6:      81640 bytes,    3058456 total
- age   7:      94360 bytes,    3152816 total
- age   8:      79936 bytes,    3232752 total
: 92807K->4190K(109248K), 0.0073350 secs] 272069K->183534K(502464K), 0.0075260 secs] [Times: user=0.03 sys=0.00, real=0.00 secs] 
Heap after GC invocations=288 (full 1):
 par new generation   total 109248K, used 4190K [0x00000000d5a00000, 0x00000000dda00000, 0x00000000dda00000)
  eden space 87424K,   0% used [0x00000000d5a00000, 0x00000000d5a00000, 0x00000000daf60000)
  from space 21824K,  19% used [0x00000000dc4b0000, 0x00000000dc8c7940, 0x00000000dda00000)
  to   space 21824K,   0% used [0x00000000daf60000, 0x00000000daf60000, 0x00000000dc4b0000)
 concurrent mark-sweep generation total 393216K, used 179344K [0x00000000dda00000, 0x00000000f5a00000, 0x00000000f5a00000)
 concurrent-mark-sweep perm gen total 54228K, used 34956K [0x00000000f5a00000, 0x00000000f8ef5000, 0x0000000100000000)
}
2015-03-18T13:26:34.907-0400: 508097.082: Total time for which application threads were stopped: 0.0083290 seconds
{Heap before GC invocations=288 (full 1):
 par new generation   total 109248K, used 91520K [0x00000000d5a00000, 0x00000000dda00000, 0x00000000dda00000)
  eden space 87424K,  99% used [0x00000000d5a00000, 0x00000000daf487f8, 0x00000000daf60000)
  from space 21824K,  19% used [0x00000000dc4b0000, 0x00000000dc8c7940, 0x00000000dda00000)
  to   space 21824K,   0% used [0x00000000daf60000, 0x00000000daf60000, 0x00000000dc4b0000)
 concurrent mark-sweep generation total 393216K, used 179344K [0x00000000dda00000, 0x00000000f5a00000, 0x00000000f5a00000)
 concurrent-mark-sweep perm gen total 54228K, used 34957K [0x00000000f5a00000, 0x00000000f8ef5000, 0x0000000100000000)
2015-03-18T13:26:34.941-0400: 508097.116: [GC2015-03-18T13:26:34.941-0400: 508097.116: [ParNew
Desired survivor size 20112992 bytes, new threshold 8 (max 8)
- age   1:    2538096 bytes,    2538096 total
- age   2:     930432 bytes,    3468528 total
- age   3:     251616 bytes,    3720144 total
- age   4:     218384 bytes,    3938528 total
- age   5:     585224 bytes,    4523752 total
- age   6:     214672 bytes,    4738424 total
- age   7:      81544 bytes,    4819968 total
- age   8:      94288 bytes,    4914256 total
: 91520K->5476K(109248K), 0.0086320 secs] 270864K->184900K(502464K), 0.0088010 secs] [Times: user=0.03 sys=0.00, real=0.01 secs] 
Heap after GC invocations=289 (full 1):
 par new generation   total 109248K, used 5476K [0x00000000d5a00000, 0x00000000dda00000, 0x00000000dda00000)
  eden space 87424K,   0% used [0x00000000d5a00000, 0x00000000d5a00000, 0x00000000daf60000)
  from space 21824K,  25% used [0x00000000daf60000, 0x00000000db4b9210, 0x00000000dc4b0000)
  to   space 21824K,   0% used [0x00000000dc4b0000, 0x00000000dc4b0000, 0x00000000dda00000)
 concurrent mark-sweep generation total 393216K, used 179424K [0x00000000dda00000, 0x00000000f5a00000, 0x00000000f5a00000)
 concurrent-mark-sweep perm gen total 54228K, used 34957K [0x00000000f5a00000, 0x00000000f8ef5000, 0x0000000100000000)
}
2015-03-18T13:26:34.950-0400: 508097.125: Total time for which application threads were stopped: 0.0096490 seconds
{Heap before GC invocations=289 (full 1):
 par new generation   total 109248K, used 92900K [0x00000000d5a00000, 0x00000000dda00000, 0x00000000dda00000)
  eden space 87424K, 100% used [0x00000000d5a00000, 0x00000000daf60000, 0x00000000daf60000)
  from space 21824K,  25% used [0x00000000daf60000, 0x00000000db4b9210, 0x00000000dc4b0000)
  to   space 21824K,   0% used [0x00000000dc4b0000, 0x00000000dc4b0000, 0x00000000dda00000)
 concurrent mark-sweep generation total 393216K, used 179424K [0x00000000dda00000, 0x00000000f5a00000, 0x00000000f5a00000)
 concurrent-mark-sweep perm gen total 54228K, used 34957K [0x00000000f5a00000, 0x00000000f8ef5000, 0x0000000100000000)
2015-03-18T13:26:34.983-0400: 508097.158: [GC2015-03-18T13:26:34.983-0400: 508097.158: [ParNew
Desired survivor size 20112992 bytes, new threshold 8 (max 8)
- age   1:    1624328 bytes,    1624328 total
- age   2:    1849736 bytes,    3474064 total
- age   3:     930256 bytes,    4404320 total
- age   4:     251544 bytes,    4655864 total
- age   5:     218312 bytes,    4874176 total
- age   6:     584816 bytes,    5458992 total
- age   7:     214624 bytes,    5673616 total
- age   8:      81472 bytes,    5755088 total
: 92900K->7981K(109248K), 0.0092230 secs] 272324K->187499K(502464K), 0.0093840 secs] [Times: user=0.04 sys=0.00, real=0.01 secs] 
Heap after GC invocations=290 (full 1):
 par new generation   total 109248K, used 7981K [0x00000000d5a00000, 0x00000000dda00000, 0x00000000dda00000)
  eden space 87424K,   0% used [0x00000000d5a00000, 0x00000000d5a00000, 0x00000000daf60000)
  from space 21824K,  36% used [0x00000000dc4b0000, 0x00000000dcc7b400, 0x00000000dda00000)
  to   space 21824K,   0% used [0x00000000daf60000, 0x00000000daf60000, 0x00000000dc4b0000)
 concurrent mark-sweep generation total 393216K, used 179518K [0x00000000dda00000, 0x00000000f5a00000, 0x00000000f5a00000)
 concurrent-mark-sweep perm gen total 54228K, used 34957K [0x00000000f5a00000, 0x00000000f8ef5000, 0x0000000100000000)
}
2015-03-18T13:26:34.992-0400: 508097.168: Total time for which application threads were stopped: 0.0101130 seconds
{Heap before GC invocations=290 (full 1):
 par new generation   total 109248K, used 95405K [0x00000000d5a00000, 0x00000000dda00000, 0x00000000dda00000)
  eden space 87424K, 100% used [0x00000000d5a00000, 0x00000000daf60000, 0x00000000daf60000)
  from space 21824K,  36% used [0x00000000dc4b0000, 0x00000000dcc7b400, 0x00000000dda00000)
  to   space 21824K,   0% used [0x00000000daf60000, 0x00000000daf60000, 0x00000000dc4b0000)
 concurrent mark-sweep generation total 393216K, used 179518K [0x00000000dda00000, 0x00000000f5a00000, 0x00000000f5a00000)
 concurrent-mark-sweep perm gen total 54228K, used 34957K [0x00000000f5a00000, 0x00000000f8ef5000, 0x0000000100000000)
2015-03-18T13:26:35.045-0400: 508097.220: [GC2015-03-18T13:26:35.045-0400: 508097.220: [ParNew
Desired survivor size 20112992 bytes, new threshold 8 (max 8)
- age   1:     610392 bytes,     610392 total
- age   2:     968768 bytes,    1579160 total
- age   3:    1849496 bytes,    3428656 total
- age   4:     930040 bytes,    4358696 total
- age   5:     250728 bytes,    4609424 total
- age   6:     218192 bytes,    4827616 total
- age   7:     584624 bytes,    5412240 total
- age   8:     214456 bytes,    5626696 total
: 95405K->6986K(109248K), 0.0108220 secs] 274923K->186586K(502464K), 0.0110090 secs] [Times: user=0.04 sys=0.00, real=0.01 secs] 
Heap after GC invocations=291 (full 1):
 par new generation   total 109248K, used 6986K [0x00000000d5a00000, 0x00000000dda00000, 0x00000000dda00000)
  eden space 87424K,   0% used [0x00000000d5a00000, 0x00000000d5a00000, 0x00000000daf60000)
  from space 21824K,  32% used [0x00000000daf60000, 0x00000000db632af8, 0x00000000dc4b0000)
  to   space 21824K,   0% used [0x00000000dc4b0000, 0x00000000dc4b0000, 0x00000000dda00000)
 concurrent mark-sweep generation total 393216K, used 179599K [0x00000000dda00000, 0x00000000f5a00000, 0x00000000f5a00000)
 concurrent-mark-sweep perm gen total 54228K, used 34957K [0x00000000f5a00000, 0x00000000f8ef5000, 0x0000000100000000)
}
2015-03-18T13:26:35.056-0400: 508097.231: Total time for which application threads were stopped: 0.0117010 seconds
{Heap before GC invocations=291 (full 1):
 par new generation   total 109248K, used 94410K [0x00000000d5a00000, 0x00000000dda00000, 0x00000000dda00000)
  eden space 87424K, 100% used [0x00000000d5a00000, 0x00000000daf60000, 0x00000000daf60000)
  from space 21824K,  32% used [0x00000000daf60000, 0x00000000db632af8, 0x00000000dc4b0000)
  to   space 21824K,   0% used [0x00000000dc4b0000, 0x00000000dc4b0000, 0x00000000dda00000)
 concurrent mark-sweep generation total 393216K, used 179599K [0x00000000dda00000, 0x00000000f5a00000, 0x00000000f5a00000)
 concurrent-mark-sweep perm gen total 54228K, used 34958K [0x00000000f5a00000, 0x00000000f8ef5000, 0x0000000100000000)
2015-03-18T13:26:35.095-0400: 508097.271: [GC2015-03-18T13:26:35.095-0400: 508097.271: [ParNew
Desired survivor size 20112992 bytes, new threshold 8 (max 8)
- age   1:    4242136 bytes,    4242136 total
- age   2:     165344 bytes,    4407480 total
- age   3:     839888 bytes,    5247368 total
- age   4:    1849264 bytes,    7096632 total
- age   5:     930000 bytes,    8026632 total
- age   6:     250728 bytes,    8277360 total
- age   7:     218192 bytes,    8495552 total
- age   8:     584624 bytes,    9080176 total
: 94410K->12243K(109248K), 0.0149280 secs] 274010K->192054K(502464K), 0.0150850 secs] [Times: user=0.05 sys=0.00, real=0.02 secs] 
Heap after GC invocations=292 (full 1):
 par new generation   total 109248K, used 12243K [0x00000000d5a00000, 0x00000000dda00000, 0x00000000dda00000)
  eden space 87424K,   0% used [0x00000000d5a00000, 0x00000000d5a00000, 0x00000000daf60000)
  from space 21824K,  56% used [0x00000000dc4b0000, 0x00000000dd0a4e60, 0x00000000dda00000)
  to   space 21824K,   0% used [0x00000000daf60000, 0x00000000daf60000, 0x00000000dc4b0000)
 concurrent mark-sweep generation total 393216K, used 179811K [0x00000000dda00000, 0x00000000f5a00000, 0x00000000f5a00000)
 concurrent-mark-sweep perm gen total 54228K, used 34958K [0x00000000f5a00000, 0x00000000f8ef5000, 0x0000000100000000)
}
2015-03-18T13:26:35.110-0400: 508097.286: Total time for which application threads were stopped: 0.0158330 seconds
{Heap before GC invocations=292 (full 1):
 par new generation   total 109248K, used 99667K [0x00000000d5a00000, 0x00000000dda00000, 0x00000000dda00000)
  eden space 87424K, 100% used [0x00000000d5a00000, 0x00000000daf60000, 0x00000000daf60000)
  from space 21824K,  56% used [0x00000000dc4b0000, 0x00000000dd0a4e60, 0x00000000dda00000)
  to   space 21824K,   0% used [0x00000000daf60000, 0x00000000daf60000, 0x00000000dc4b0000)
 concurrent mark-sweep generation total 393216K, used 179811K [0x00000000dda00000, 0x00000000f5a00000, 0x00000000f5a00000)
 concurrent-mark-sweep perm gen total 54228K, used 34959K [0x00000000f5a00000, 0x00000000f8ef5000, 0x0000000100000000)
2015-03-18T13:26:35.149-0400: 508097.325: [GC2015-03-18T13:26:35.149-0400: 508097.325: [ParNew
Desired survivor size 20112992 bytes, new threshold 8 (max 8)
- age   1:    3698424 bytes,    3698424 total
- age   2:    3153680 bytes,    6852104 total
- age   3:     165304 bytes,    7017408 total
- age   4:     839848 bytes,    7857256 total
- age   5:    1849264 bytes,    9706520 total
- age   6:     930000 bytes,   10636520 total
- age   7:     250728 bytes,   10887248 total
- age   8:     218192 bytes,   11105440 total
: 99667K->13648K(109248K), 0.0167890 secs] 279478K->194033K(502464K), 0.0169860 secs] [Times: user=0.06 sys=0.00, real=0.01 secs] 
Heap after GC invocations=293 (full 1):
 par new generation   total 109248K, used 13648K [0x00000000d5a00000, 0x00000000dda00000, 0x00000000dda00000)
  eden space 87424K,   0% used [0x00000000d5a00000, 0x00000000d5a00000, 0x00000000daf60000)
  from space 21824K,  62% used [0x00000000daf60000, 0x00000000dbcb4380, 0x00000000dc4b0000)
  to   space 21824K,   0% used [0x00000000dc4b0000, 0x00000000dc4b0000, 0x00000000dda00000)
 concurrent mark-sweep generation total 393216K, used 180385K [0x00000000dda00000, 0x00000000f5a00000, 0x00000000f5a00000)
 concurrent-mark-sweep perm gen total 54228K, used 34959K [0x00000000f5a00000, 0x00000000f8ef5000, 0x0000000100000000)
}
2015-03-18T13:26:35.166-0400: 508097.342: Total time for which application threads were stopped: 0.0177370 seconds
{Heap before GC invocations=293 (full 1):
 par new generation   total 109248K, used 101072K [0x00000000d5a00000, 0x00000000dda00000, 0x00000000dda00000)
  eden space 87424K, 100% used [0x00000000d5a00000, 0x00000000daf60000, 0x00000000daf60000)
  from space 21824K,  62% used [0x00000000daf60000, 0x00000000dbcb4380, 0x00000000dc4b0000)
  to   space 21824K,   0% used [0x00000000dc4b0000, 0x00000000dc4b0000, 0x00000000dda00000)
 concurrent mark-sweep generation total 393216K, used 180385K [0x00000000dda00000, 0x00000000f5a00000, 0x00000000f5a00000)
 concurrent-mark-sweep perm gen total 54228K, used 34959K [0x00000000f5a00000, 0x00000000f8ef5000, 0x0000000100000000)
2015-03-18T13:26:35.209-0400: 508097.384: [GC2015-03-18T13:26:35.209-0400: 508097.385: [ParNew
Desired survivor size 20112992 bytes, new threshold 8 (max 8)
- age   1:    1792688 bytes,    1792688 total
- age   2:    1847968 bytes,    3640656 total
- age   3:    3153464 bytes,    6794120 total
- age   4:     165304 bytes,    6959424 total
- age   5:     839848 bytes,    7799272 total
- age   6:    1849264 bytes,    9648536 total
- age   7:     930024 bytes,   10578560 total
- age   8:     250728 bytes,   10829288 total
: 101072K->16224K(109248K), 0.0159610 secs] 281457K->196828K(502464K), 0.0161340 secs] [Times: user=0.06 sys=0.00, real=0.01 secs] 
Heap after GC invocations=294 (full 1):
 par new generation   total 109248K, used 16224K [0x00000000d5a00000, 0x00000000dda00000, 0x00000000dda00000)
  eden space 87424K,   0% used [0x00000000d5a00000, 0x00000000d5a00000, 0x00000000daf60000)
  from space 21824K,  74% used [0x00000000dc4b0000, 0x00000000dd488330, 0x00000000dda00000)
  to   space 21824K,   0% used [0x00000000daf60000, 0x00000000daf60000, 0x00000000dc4b0000)
 concurrent mark-sweep generation total 393216K, used 180604K [0x00000000dda00000, 0x00000000f5a00000, 0x00000000f5a00000)
 concurrent-mark-sweep perm gen total 54228K, used 34959K [0x00000000f5a00000, 0x00000000f8ef5000, 0x0000000100000000)
}
2015-03-18T13:26:35.225-0400: 508097.401: Total time for which application threads were stopped: 0.0168340 seconds
{Heap before GC invocations=294 (full 1):
 par new generation   total 109248K, used 103648K [0x00000000d5a00000, 0x00000000dda00000, 0x00000000dda00000)
  eden space 87424K, 100% used [0x00000000d5a00000, 0x00000000daf60000, 0x00000000daf60000)
  from space 21824K,  74% used [0x00000000dc4b0000, 0x00000000dd488330, 0x00000000dda00000)
  to   space 21824K,   0% used [0x00000000daf60000, 0x00000000daf60000, 0x00000000dc4b0000)
 concurrent mark-sweep generation total 393216K, used 180604K [0x00000000dda00000, 0x00000000f5a00000, 0x00000000f5a00000)
 concurrent-mark-sweep perm gen total 54228K, used 34959K [0x00000000f5a00000, 0x00000000f8ef5000, 0x0000000100000000)
2015-03-18T13:26:35.269-0400: 508097.445: [GC2015-03-18T13:26:35.269-0400: 508097.445: [ParNew
Desired survivor size 20112992 bytes, new threshold 8 (max 8)
- age   1:    1402144 bytes,    1402144 total
- age   2:     694688 bytes,    2096832 total
- age   3:    1847848 bytes,    3944680 total
- age   4:    3153464 bytes,    7098144 total
- age   5:     165304 bytes,    7263448 total
- age   6:     839848 bytes,    8103296 total
- age   7:    1849264 bytes,    9952560 total
- age   8:     930000 bytes,   10882560 total
: 103648K->12404K(109248K), 0.0157950 secs] 284252K->193256K(502464K), 0.0159930 secs] [Times: user=0.06 sys=0.00, real=0.01 secs] 
Heap after GC invocations=295 (full 1):
 par new generation   total 109248K, used 12404K [0x00000000d5a00000, 0x00000000dda00000, 0x00000000dda00000)
  eden space 87424K,   0% used [0x00000000d5a00000, 0x00000000d5a00000, 0x00000000daf60000)
  from space 21824K,  56% used [0x00000000daf60000, 0x00000000dbb7d090, 0x00000000dc4b0000)
  to   space 21824K,   0% used [0x00000000dc4b0000, 0x00000000dc4b0000, 0x00000000dda00000)
 concurrent mark-sweep generation total 393216K, used 180852K [0x00000000dda00000, 0x00000000f5a00000, 0x00000000f5a00000)
 concurrent-mark-sweep perm gen total 54228K, used 34959K [0x00000000f5a00000, 0x00000000f8ef5000, 0x0000000100000000)
}
2015-03-18T13:26:35.285-0400: 508097.461: Total time for which application threads were stopped: 0.0167220 seconds
{Heap before GC invocations=295 (full 1):
 par new generation   total 109248K, used 99828K [0x00000000d5a00000, 0x00000000dda00000, 0x00000000dda00000)
  eden space 87424K, 100% used [0x00000000d5a00000, 0x00000000daf60000, 0x00000000daf60000)
  from space 21824K,  56% used [0x00000000daf60000, 0x00000000dbb7d090, 0x00000000dc4b0000)
  to   space 21824K,   0% used [0x00000000dc4b0000, 0x00000000dc4b0000, 0x00000000dda00000)
 concurrent mark-sweep generation total 393216K, used 180852K [0x00000000dda00000, 0x00000000f5a00000, 0x00000000f5a00000)
 concurrent-mark-sweep perm gen total 54228K, used 34959K [0x00000000f5a00000, 0x00000000f8ef5000, 0x0000000100000000)
2015-03-18T13:26:35.328-0400: 508097.504: [GC2015-03-18T13:26:35.328-0400: 508097.504: [ParNew
Desired survivor size 20112992 bytes, new threshold 8 (max 8)
- age   1:    1331736 bytes,    1331736 total
- age   2:      43608 bytes,    1375344 total
- age   3:     694072 bytes,    2069416 total
- age   4:    1847608 bytes,    3917024 total
- age   5:    3153248 bytes,    7070272 total
- age   6:     165032 bytes,    7235304 total
- age   7:     839848 bytes,    8075152 total
- age   8:    1849264 bytes,    9924416 total
: 99828K->16119K(109248K), 0.0172360 secs] 280680K->197884K(502464K), 0.0174230 secs] [Times: user=0.07 sys=0.00, real=0.02 secs] 
Heap after GC invocations=296 (full 1):
 par new generation   total 109248K, used 16119K [0x00000000d5a00000, 0x00000000dda00000, 0x00000000dda00000)
  eden space 87424K,   0% used [0x00000000d5a00000, 0x00000000d5a00000, 0x00000000daf60000)
  from space 21824K,  73% used [0x00000000dc4b0000, 0x00000000dd46dd00, 0x00000000dda00000)
  to   space 21824K,   0% used [0x00000000daf60000, 0x00000000daf60000, 0x00000000dc4b0000)
 concurrent mark-sweep generation total 393216K, used 181764K [0x00000000dda00000, 0x00000000f5a00000, 0x00000000f5a00000)
 concurrent-mark-sweep perm gen total 54228K, used 34959K [0x00000000f5a00000, 0x00000000f8ef5000, 0x0000000100000000)
}
2015-03-18T13:26:35.346-0400: 508097.521: Total time for which application threads were stopped: 0.0180970 seconds
{Heap before GC invocations=296 (full 1):
 par new generation   total 109248K, used 103539K [0x00000000d5a00000, 0x00000000dda00000, 0x00000000dda00000)
  eden space 87424K,  99% used [0x00000000d5a00000, 0x00000000daf5ef50, 0x00000000daf60000)
  from space 21824K,  73% used [0x00000000dc4b0000, 0x00000000dd46dd00, 0x00000000dda00000)
  to   space 21824K,   0% used [0x00000000daf60000, 0x00000000daf60000, 0x00000000dc4b0000)
 concurrent mark-sweep generation total 393216K, used 181764K [0x00000000dda00000, 0x00000000f5a00000, 0x00000000f5a00000)
 concurrent-mark-sweep perm gen total 54228K, used 34959K [0x00000000f5a00000, 0x00000000f8ef5000, 0x0000000100000000)
2015-03-18T13:26:35.388-0400: 508097.563: [GC2015-03-18T13:26:35.388-0400: 508097.564: [ParNew
Desired survivor size 20112992 bytes, new threshold 8 (max 8)
- age   1:    1250184 bytes,    1250184 total
- age   2:      49696 bytes,    1299880 total
- age   3:      43456 bytes,    1343336 total
- age   4:     693848 bytes,    2037184 total
- age   5:    1847608 bytes,    3884792 total
- age   6:    3153032 bytes,    7037824 total
- age   7:     164760 bytes,    7202584 total
- age   8:     839848 bytes,    8042432 total
: 103539K->10632K(109248K), 0.0158130 secs] 285303K->194206K(502464K), 0.0160040 secs] [Times: user=0.06 sys=0.00, real=0.02 secs] 
Heap after GC invocations=297 (full 1):
 par new generation   total 109248K, used 10632K [0x00000000d5a00000, 0x00000000dda00000, 0x00000000dda00000)
  eden space 87424K,   0% used [0x00000000d5a00000, 0x00000000d5a00000, 0x00000000daf60000)
  from space 21824K,  48% used [0x00000000daf60000, 0x00000000db9c2378, 0x00000000dc4b0000)
  to   space 21824K,   0% used [0x00000000dc4b0000, 0x00000000dc4b0000, 0x00000000dda00000)
 concurrent mark-sweep generation total 393216K, used 183573K [0x00000000dda00000, 0x00000000f5a00000, 0x00000000f5a00000)
 concurrent-mark-sweep perm gen total 54228K, used 34959K [0x00000000f5a00000, 0x00000000f8ef5000, 0x0000000100000000)
}
2015-03-18T13:26:35.404-0400: 508097.580: Total time for which application threads were stopped: 0.0166940 seconds
{Heap before GC invocations=297 (full 1):
 par new generation   total 109248K, used 98044K [0x00000000d5a00000, 0x00000000dda00000, 0x00000000dda00000)
  eden space 87424K,  99% used [0x00000000d5a00000, 0x00000000daf5ccd8, 0x00000000daf60000)
  from space 21824K,  48% used [0x00000000daf60000, 0x00000000db9c2378, 0x00000000dc4b0000)
  to   space 21824K,   0% used [0x00000000dc4b0000, 0x00000000dc4b0000, 0x00000000dda00000)
 concurrent mark-sweep generation total 393216K, used 183573K [0x00000000dda00000, 0x00000000f5a00000, 0x00000000f5a00000)
 concurrent-mark-sweep perm gen total 54228K, used 34959K [0x00000000f5a00000, 0x00000000f8ef5000, 0x0000000100000000)
2015-03-18T13:26:35.446-0400: 508097.622: [GC2015-03-18T13:26:35.446-0400: 508097.622: [ParNew
Desired survivor size 20112992 bytes, new threshold 8 (max 8)
- age   1:    1851824 bytes,    1851824 total
- age   2:      58736 bytes,    1910560 total
- age   3:      49048 bytes,    1959608 total
- age   4:      43008 bytes,    2002616 total
- age   5:     693848 bytes,    2696464 total
- age   6:    1847608 bytes,    4544072 total
- age   7:    3153032 bytes,    7697104 total
- age   8:     164760 bytes,    7861864 total
: 98044K->10316K(109248K), 0.0135110 secs] 281617K->194723K(502464K), 0.0136830 secs] [Times: user=0.05 sys=0.00, real=0.02 secs] 
Heap after GC invocations=298 (full 1):
 par new generation   total 109248K, used 10316K [0x00000000d5a00000, 0x00000000dda00000, 0x00000000dda00000)
  eden space 87424K,   0% used [0x00000000d5a00000, 0x00000000d5a00000, 0x00000000daf60000)
  from space 21824K,  47% used [0x00000000dc4b0000, 0x00000000dcec3290, 0x00000000dda00000)
  to   space 21824K,   0% used [0x00000000daf60000, 0x00000000daf60000, 0x00000000dc4b0000)
 concurrent mark-sweep generation total 393216K, used 184406K [0x00000000dda00000, 0x00000000f5a00000, 0x00000000f5a00000)
 concurrent-mark-sweep perm gen total 54228K, used 34959K [0x00000000f5a00000, 0x00000000f8ef5000, 0x0000000100000000)
}
2015-03-18T13:26:35.460-0400: 508097.635: Total time for which application threads were stopped: 0.0144870 seconds
{Heap before GC invocations=298 (full 1):
 par new generation   total 109248K, used 97740K [0x00000000d5a00000, 0x00000000dda00000, 0x00000000dda00000)
  eden space 87424K, 100% used [0x00000000d5a00000, 0x00000000daf60000, 0x00000000daf60000)
  from space 21824K,  47% used [0x00000000dc4b0000, 0x00000000dcec3290, 0x00000000dda00000)
  to   space 21824K,   0% used [0x00000000daf60000, 0x00000000daf60000, 0x00000000dc4b0000)
 concurrent mark-sweep generation total 393216K, used 184406K [0x00000000dda00000, 0x00000000f5a00000, 0x00000000f5a00000)
 concurrent-mark-sweep perm gen total 54228K, used 34959K [0x00000000f5a00000, 0x00000000f8ef5000, 0x0000000100000000)
2015-03-18T13:26:35.502-0400: 508097.677: [GC2015-03-18T13:26:35.502-0400: 508097.677: [ParNew
Desired survivor size 20112992 bytes, new threshold 8 (max 8)
- age   1:    1819096 bytes,    1819096 total
- age   2:      61208 bytes,    1880304 total
- age   3:      58592 bytes,    1938896 total
- age   4:      49048 bytes,    1987944 total
- age   5:      43008 bytes,    2030952 total
- age   6:     693848 bytes,    2724800 total
- age   7:    1847664 bytes,    4572464 total
- age   8:    3153032 bytes,    7725496 total
: 97740K->10754K(109248K), 0.0121260 secs] 282147K->195325K(502464K), 0.0123110 secs] [Times: user=0.04 sys=0.00, real=0.01 secs] 
Heap after GC invocations=299 (full 1):
 par new generation   total 109248K, used 10754K [0x00000000d5a00000, 0x00000000dda00000, 0x00000000dda00000)
  eden space 87424K,   0% used [0x00000000d5a00000, 0x00000000d5a00000, 0x00000000daf60000)
  from space 21824K,  49% used [0x00000000daf60000, 0x00000000db9e0a40, 0x00000000dc4b0000)
  to   space 21824K,   0% used [0x00000000dc4b0000, 0x00000000dc4b0000, 0x00000000dda00000)
 concurrent mark-sweep generation total 393216K, used 184570K [0x00000000dda00000, 0x00000000f5a00000, 0x00000000f5a00000)
 concurrent-mark-sweep perm gen total 54228K, used 34959K [0x00000000f5a00000, 0x00000000f8ef5000, 0x0000000100000000)
}
2015-03-18T13:26:35.514-0400: 508097.690: Total time for which application threads were stopped: 0.0129980 seconds
{Heap before GC invocations=299 (full 1):
 par new generation   total 109248K, used 98178K [0x00000000d5a00000, 0x00000000dda00000, 0x00000000dda00000)
  eden space 87424K, 100% used [0x00000000d5a00000, 0x00000000daf60000, 0x00000000daf60000)
  from space 21824K,  49% used [0x00000000daf60000, 0x00000000db9e0a40, 0x00000000dc4b0000)
  to   space 21824K,   0% used [0x00000000dc4b0000, 0x00000000dc4b0000, 0x00000000dda00000)
 concurrent mark-sweep generation total 393216K, used 184570K [0x00000000dda00000, 0x00000000f5a00000, 0x00000000f5a00000)
 concurrent-mark-sweep perm gen total 54228K, used 34959K [0x00000000f5a00000, 0x00000000f8ef5000, 0x0000000100000000)
2015-03-18T13:26:35.555-0400: 508097.731: [GC2015-03-18T13:26:35.555-0400: 508097.731: [ParNew
Desired survivor size 20112992 bytes, new threshold 8 (max 8)
- age   1:    1294128 bytes,    1294128 total
- age   2:      97328 bytes,    1391456 total
- age   3:      60752 bytes,    1452208 total
- age   4:      58440 bytes,    1510648 total
- age   5:      49048 bytes,    1559696 total
- age   6:      43008 bytes,    1602704 total
- age   7:     693848 bytes,    2296552 total
- age   8:    1847608 bytes,    4144160 total
: 98178K->5710K(109248K), 0.0152010 secs] 282749K->193363K(502464K), 0.0153560 secs] [Times: user=0.05 sys=0.00, real=0.02 secs] 
Heap after GC invocations=300 (full 1):
 par new generation   total 109248K, used 5710K [0x00000000d5a00000, 0x00000000dda00000, 0x00000000dda00000)
  eden space 87424K,   0% used [0x00000000d5a00000, 0x00000000d5a00000, 0x00000000daf60000)
  from space 21824K,  26% used [0x00000000dc4b0000, 0x00000000dca43910, 0x00000000dda00000)
  to   space 21824K,   0% used [0x00000000daf60000, 0x00000000daf60000, 0x00000000dc4b0000)
 concurrent mark-sweep generation total 393216K, used 187653K [0x00000000dda00000, 0x00000000f5a00000, 0x00000000f5a00000)
 concurrent-mark-sweep perm gen total 54228K, used 34959K [0x00000000f5a00000, 0x00000000f8ef5000, 0x0000000100000000)
}
2015-03-18T13:26:35.571-0400: 508097.746: Total time for which application threads were stopped: 0.0160420 seconds
{Heap before GC invocations=300 (full 1):
 par new generation   total 109248K, used 93122K [0x00000000d5a00000, 0x00000000dda00000, 0x00000000dda00000)
  eden space 87424K,  99% used [0x00000000d5a00000, 0x00000000daf5d260, 0x00000000daf60000)
  from space 21824K,  26% used [0x00000000dc4b0000, 0x00000000dca43910, 0x00000000dda00000)
  to   space 21824K,   0% used [0x00000000daf60000, 0x00000000daf60000, 0x00000000dc4b0000)
 concurrent mark-sweep generation total 393216K, used 187653K [0x00000000dda00000, 0x00000000f5a00000, 0x00000000f5a00000)
 concurrent-mark-sweep perm gen total 54228K, used 34959K [0x00000000f5a00000, 0x00000000f8ef5000, 0x0000000100000000)
2015-03-18T13:26:35.613-0400: 508097.788: [GC2015-03-18T13:26:35.613-0400: 508097.789: [ParNew
Desired survivor size 20112992 bytes, new threshold 8 (max 8)
- age   1:    2024992 bytes,    2024992 total
- age   2:     100240 bytes,    2125232 total
- age   3:      97328 bytes,    2222560 total
- age   4:      60752 bytes,    2283312 total
- age   5:      58440 bytes,    2341752 total
- age   6:      49048 bytes,    2390800 total
- age   7:      43008 bytes,    2433808 total
- age   8:     693848 bytes,    3127656 total
: 93122K->4938K(109248K), 0.0113290 secs] 280775K->194403K(502464K), 0.0115040 secs] [Times: user=0.04 sys=0.00, real=0.01 secs] 
Heap after GC invocations=301 (full 1):
 par new generation   total 109248K, used 4938K [0x00000000d5a00000, 0x00000000dda00000, 0x00000000dda00000)
  eden space 87424K,   0% used [0x00000000d5a00000, 0x00000000d5a00000, 0x00000000daf60000)
  from space 21824K,  22% used [0x00000000daf60000, 0x00000000db432ac0, 0x00000000dc4b0000)
  to   space 21824K,   0% used [0x00000000dc4b0000, 0x00000000dc4b0000, 0x00000000dda00000)
 concurrent mark-sweep generation total 393216K, used 189464K [0x00000000dda00000, 0x00000000f5a00000, 0x00000000f5a00000)
 concurrent-mark-sweep perm gen total 54228K, used 34959K [0x00000000f5a00000, 0x00000000f8ef5000, 0x0000000100000000)
}
2015-03-18T13:26:35.624-0400: 508097.800: Total time for which application threads were stopped: 0.0122420 seconds
{Heap before GC invocations=301 (full 1):
 par new generation   total 109248K, used 92350K [0x00000000d5a00000, 0x00000000dda00000, 0x00000000dda00000)
  eden space 87424K,  99% used [0x00000000d5a00000, 0x00000000daf5d108, 0x00000000daf60000)
  from space 21824K,  22% used [0x00000000daf60000, 0x00000000db432ac0, 0x00000000dc4b0000)
  to   space 21824K,   0% used [0x00000000dc4b0000, 0x00000000dc4b0000, 0x00000000dda00000)
 concurrent mark-sweep generation total 393216K, used 189464K [0x00000000dda00000, 0x00000000f5a00000, 0x00000000f5a00000)
 concurrent-mark-sweep perm gen total 54228K, used 34959K [0x00000000f5a00000, 0x00000000f8ef5000, 0x0000000100000000)
2015-03-18T13:26:35.666-0400: 508097.841: [GC2015-03-18T13:26:35.666-0400: 508097.841: [ParNew
Desired survivor size 20112992 bytes, new threshold 8 (max 8)
- age   1:    1340984 bytes,    1340984 total
- age   2:      95960 bytes,    1436944 total
- age   3:     100240 bytes,    1537184 total
- age   4:      97328 bytes,    1634512 total
- age   5:      60752 bytes,    1695264 total
- age   6:      58440 bytes,    1753704 total
- age   7:      49048 bytes,    1802752 total
- age   8:      43008 bytes,    1845760 total
: 92350K->2416K(109248K), 0.0070080 secs] 281815K->192561K(502464K), 0.0071710 secs] [Times: user=0.02 sys=0.00, real=0.01 secs] 
Heap after GC invocations=302 (full 1):
 par new generation   total 109248K, used 2416K [0x00000000d5a00000, 0x00000000dda00000, 0x00000000dda00000)
  eden space 87424K,   0% used [0x00000000d5a00000, 0x00000000d5a00000, 0x00000000daf60000)
  from space 21824K,  11% used [0x00000000dc4b0000, 0x00000000dc70c258, 0x00000000dda00000)
  to   space 21824K,   0% used [0x00000000daf60000, 0x00000000daf60000, 0x00000000dc4b0000)
 concurrent mark-sweep generation total 393216K, used 190144K [0x00000000dda00000, 0x00000000f5a00000, 0x00000000f5a00000)
 concurrent-mark-sweep perm gen total 54228K, used 34959K [0x00000000f5a00000, 0x00000000f8ef5000, 0x0000000100000000)
}
2015-03-18T13:26:35.673-0400: 508097.848: Total time for which application threads were stopped: 0.0078970 seconds
{Heap before GC invocations=302 (full 1):
 par new generation   total 109248K, used 89840K [0x00000000d5a00000, 0x00000000dda00000, 0x00000000dda00000)
  eden space 87424K, 100% used [0x00000000d5a00000, 0x00000000daf60000, 0x00000000daf60000)
  from space 21824K,  11% used [0x00000000dc4b0000, 0x00000000dc70c258, 0x00000000dda00000)
  to   space 21824K,   0% used [0x00000000daf60000, 0x00000000daf60000, 0x00000000dc4b0000)
 concurrent mark-sweep generation total 393216K, used 190144K [0x00000000dda00000, 0x00000000f5a00000, 0x00000000f5a00000)
 concurrent-mark-sweep perm gen total 54228K, used 34959K [0x00000000f5a00000, 0x00000000f8ef5000, 0x0000000100000000)
2015-03-18T13:26:35.708-0400: 508097.884: [GC2015-03-18T13:26:35.709-0400: 508097.884: [ParNew
Desired survivor size 20112992 bytes, new threshold 8 (max 8)
- age   1:    2230680 bytes,    2230680 total
- age   2:      91880 bytes,    2322560 total
- age   3:      95816 bytes,    2418376 total
- age   4:     100096 bytes,    2518472 total
- age   5:      97184 bytes,    2615656 total
- age   6:      60272 bytes,    2675928 total
- age   7:      57768 bytes,    2733696 total
- age   8:      47800 bytes,    2781496 total
: 89840K->3414K(109248K), 0.0068300 secs] 279985K->193603K(502464K), 0.0070070 secs] [Times: user=0.02 sys=0.00, real=0.00 secs] 
Heap after GC invocations=303 (full 1):
 par new generation   total 109248K, used 3414K [0x00000000d5a00000, 0x00000000dda00000, 0x00000000dda00000)
  eden space 87424K,   0% used [0x00000000d5a00000, 0x00000000d5a00000, 0x00000000daf60000)
  from space 21824K,  15% used [0x00000000daf60000, 0x00000000db2b5ba0, 0x00000000dc4b0000)
  to   space 21824K,   0% used [0x00000000dc4b0000, 0x00000000dc4b0000, 0x00000000dda00000)
 concurrent mark-sweep generation total 393216K, used 190188K [0x00000000dda00000, 0x00000000f5a00000, 0x00000000f5a00000)
 concurrent-mark-sweep perm gen total 54228K, used 34959K [0x00000000f5a00000, 0x00000000f8ef5000, 0x0000000100000000)
}
2015-03-18T13:26:35.716-0400: 508097.891: Total time for which application threads were stopped: 0.0077470 seconds
{Heap before GC invocations=303 (full 1):
 par new generation   total 109248K, used 90838K [0x00000000d5a00000, 0x00000000dda00000, 0x00000000dda00000)
  eden space 87424K, 100% used [0x00000000d5a00000, 0x00000000daf60000, 0x00000000daf60000)
  from space 21824K,  15% used [0x00000000daf60000, 0x00000000db2b5ba0, 0x00000000dc4b0000)
  to   space 21824K,   0% used [0x00000000dc4b0000, 0x00000000dc4b0000, 0x00000000dda00000)
 concurrent mark-sweep generation total 393216K, used 190188K [0x00000000dda00000, 0x00000000f5a00000, 0x00000000f5a00000)
 concurrent-mark-sweep perm gen total 54228K, used 34960K [0x00000000f5a00000, 0x00000000f8ef5000, 0x0000000100000000)
2015-03-18T13:26:35.749-0400: 508097.925: [GC2015-03-18T13:26:35.749-0400: 508097.925: [ParNew
Desired survivor size 20112992 bytes, new threshold 8 (max 8)
- age   1:    1724560 bytes,    1724560 total
- age   2:     361280 bytes,    2085840 total
- age   3:      91880 bytes,    2177720 total
- age   4:      95816 bytes,    2273536 total
- age   5:     100096 bytes,    2373632 total
- age   6:      97184 bytes,    2470816 total
- age   7:      59984 bytes,    2530800 total
- age   8:      57496 bytes,    2588296 total
: 90838K->3885K(109248K), 0.0062300 secs] 281027K->194122K(502464K), 0.0063680 secs] [Times: user=0.02 sys=0.00, real=0.00 secs] 
Heap after GC invocations=304 (full 1):
 par new generation   total 109248K, used 3885K [0x00000000d5a00000, 0x00000000dda00000, 0x00000000dda00000)
  eden space 87424K,   0% used [0x00000000d5a00000, 0x00000000d5a00000, 0x00000000daf60000)
  from space 21824K,  17% used [0x00000000dc4b0000, 0x00000000dc87b748, 0x00000000dda00000)
  to   space 21824K,   0% used [0x00000000daf60000, 0x00000000daf60000, 0x00000000dc4b0000)
 concurrent mark-sweep generation total 393216K, used 190236K [0x00000000dda00000, 0x00000000f5a00000, 0x00000000f5a00000)
 concurrent-mark-sweep perm gen total 54228K, used 34960K [0x00000000f5a00000, 0x00000000f8ef5000, 0x0000000100000000)
}
2015-03-18T13:26:35.756-0400: 508097.931: Total time for which application threads were stopped: 0.0071100 seconds
{Heap before GC invocations=304 (full 1):
 par new generation   total 109248K, used 91309K [0x00000000d5a00000, 0x00000000dda00000, 0x00000000dda00000)
  eden space 87424K, 100% used [0x00000000d5a00000, 0x00000000daf60000, 0x00000000daf60000)
  from space 21824K,  17% used [0x00000000dc4b0000, 0x00000000dc87b748, 0x00000000dda00000)
  to   space 21824K,   0% used [0x00000000daf60000, 0x00000000daf60000, 0x00000000dc4b0000)
 concurrent mark-sweep generation total 393216K, used 190236K [0x00000000dda00000, 0x00000000f5a00000, 0x00000000f5a00000)
 concurrent-mark-sweep perm gen total 54228K, used 34960K [0x00000000f5a00000, 0x00000000f8ef5000, 0x0000000100000000)
2015-03-18T13:26:35.788-0400: 508097.964: [GC2015-03-18T13:26:35.788-0400: 508097.964: [ParNew
Desired survivor size 20112992 bytes, new threshold 8 (max 8)
- age   1:    1348112 bytes,    1348112 total
- age   2:     615152 bytes,    1963264 total
- age   3:     361280 bytes,    2324544 total
- age   4:      91880 bytes,    2416424 total
- age   5:      95816 bytes,    2512240 total
- age   6:      99232 bytes,    2611472 total
- age   7:      96912 bytes,    2708384 total
- age   8:      59168 bytes,    2767552 total
: 91309K->3392K(109248K), 0.0063470 secs] 281546K->193687K(502464K), 0.0065380 secs] [Times: user=0.02 sys=0.00, real=0.01 secs] 
Heap after GC invocations=305 (full 1):
 par new generation   total 109248K, used 3392K [0x00000000d5a00000, 0x00000000dda00000, 0x00000000dda00000)
  eden space 87424K,   0% used [0x00000000d5a00000, 0x00000000d5a00000, 0x00000000daf60000)
  from space 21824K,  15% used [0x00000000daf60000, 0x00000000db2b0198, 0x00000000dc4b0000)
  to   space 21824K,   0% used [0x00000000dc4b0000, 0x00000000dc4b0000, 0x00000000dda00000)
 concurrent mark-sweep generation total 393216K, used 190294K [0x00000000dda00000, 0x00000000f5a00000, 0x00000000f5a00000)
 concurrent-mark-sweep perm gen total 54228K, used 34960K [0x00000000f5a00000, 0x00000000f8ef5000, 0x0000000100000000)
}
2015-03-18T13:26:35.795-0400: 508097.970: Total time for which application threads were stopped: 0.0072370 seconds
{Heap before GC invocations=305 (full 1):
 par new generation   total 109248K, used 90805K [0x00000000d5a00000, 0x00000000dda00000, 0x00000000dda00000)
  eden space 87424K,  99% used [0x00000000d5a00000, 0x00000000daf5d5f8, 0x00000000daf60000)
  from space 21824K,  15% used [0x00000000daf60000, 0x00000000db2b0198, 0x00000000dc4b0000)
  to   space 21824K,   0% used [0x00000000dc4b0000, 0x00000000dc4b0000, 0x00000000dda00000)
 concurrent mark-sweep generation total 393216K, used 190294K [0x00000000dda00000, 0x00000000f5a00000, 0x00000000f5a00000)
 concurrent-mark-sweep perm gen total 54228K, used 34961K [0x00000000f5a00000, 0x00000000f8ef5000, 0x0000000100000000)
2015-03-18T13:26:35.831-0400: 508098.006: [GC2015-03-18T13:26:35.831-0400: 508098.007: [ParNew
Desired survivor size 20112992 bytes, new threshold 8 (max 8)
- age   1:    2234744 bytes,    2234744 total
- age   2:     206160 bytes,    2440904 total
- age   3:     615048 bytes,    3055952 total
- age   4:     361280 bytes,    3417232 total
- age   5:      91880 bytes,    3509112 total
- age   6:      95816 bytes,    3604928 total
- age   7:      99232 bytes,    3704160 total
- age   8:      96912 bytes,    3801072 total
: 90805K->5012K(109248K), 0.0075530 secs] 281100K->195366K(502464K), 0.0076990 secs] [Times: user=0.03 sys=0.00, real=0.01 secs] 
Heap after GC invocations=306 (full 1):
 par new generation   total 109248K, used 5012K [0x00000000d5a00000, 0x00000000dda00000, 0x00000000dda00000)
  eden space 87424K,   0% used [0x00000000d5a00000, 0x00000000d5a00000, 0x00000000daf60000)
  from space 21824K,  22% used [0x00000000dc4b0000, 0x00000000dc9951c0, 0x00000000dda00000)
  to   space 21824K,   0% used [0x00000000daf60000, 0x00000000daf60000, 0x00000000dc4b0000)
 concurrent mark-sweep generation total 393216K, used 190354K [0x00000000dda00000, 0x00000000f5a00000, 0x00000000f5a00000)
 concurrent-mark-sweep perm gen total 54228K, used 34961K [0x00000000f5a00000, 0x00000000f8ef5000, 0x0000000100000000)
}
2015-03-18T13:26:35.839-0400: 508098.014: Total time for which application threads were stopped: 0.0084200 seconds
{Heap before GC invocations=306 (full 1):
 par new generation   total 109248K, used 92436K [0x00000000d5a00000, 0x00000000dda00000, 0x00000000dda00000)
  eden space 87424K, 100% used [0x00000000d5a00000, 0x00000000daf60000, 0x00000000daf60000)
  from space 21824K,  22% used [0x00000000dc4b0000, 0x00000000dc9951c0, 0x00000000dda00000)
  to   space 21824K,   0% used [0x00000000daf60000, 0x00000000daf60000, 0x00000000dc4b0000)
 concurrent mark-sweep generation total 393216K, used 190354K [0x00000000dda00000, 0x00000000f5a00000, 0x00000000f5a00000)
 concurrent-mark-sweep perm gen total 54228K, used 34961K [0x00000000f5a00000, 0x00000000f8ef5000, 0x0000000100000000)
2015-03-18T13:26:35.875-0400: 508098.050: [GC2015-03-18T13:26:35.875-0400: 508098.050: [ParNew
Desired survivor size 20112992 bytes, new threshold 8 (max 8)
- age   1:    1991128 bytes,    1991128 total
- age   2:     691440 bytes,    2682568 total
- age   3:     206160 bytes,    2888728 total
- age   4:     615048 bytes,    3503776 total
- age   5:     361280 bytes,    3865056 total
- age   6:      91880 bytes,    3956936 total
- age   7:      95816 bytes,    4052752 total
- age   8:      99232 bytes,    4151984 total
: 92436K->4872K(109248K), 0.0076770 secs] 282790K->195323K(502464K), 0.0078640 secs] [Times: user=0.02 sys=0.00, real=0.01 secs] 
Heap after GC invocations=307 (full 1):
 par new generation   total 109248K, used 4872K [0x00000000d5a00000, 0x00000000dda00000, 0x00000000dda00000)
  eden space 87424K,   0% used [0x00000000d5a00000, 0x00000000d5a00000, 0x00000000daf60000)
  from space 21824K,  22% used [0x00000000daf60000, 0x00000000db422160, 0x00000000dc4b0000)
  to   space 21824K,   0% used [0x00000000dc4b0000, 0x00000000dc4b0000, 0x00000000dda00000)
 concurrent mark-sweep generation total 393216K, used 190450K [0x00000000dda00000, 0x00000000f5a00000, 0x00000000f5a00000)
 concurrent-mark-sweep perm gen total 54228K, used 34961K [0x00000000f5a00000, 0x00000000f8ef5000, 0x0000000100000000)
}
2015-03-18T13:26:35.883-0400: 508098.058: Total time for which application threads were stopped: 0.0086090 seconds
{Heap before GC invocations=307 (full 1):
 par new generation   total 109248K, used 92296K [0x00000000d5a00000, 0x00000000dda00000, 0x00000000dda00000)
  eden space 87424K, 100% used [0x00000000d5a00000, 0x00000000daf60000, 0x00000000daf60000)
  from space 21824K,  22% used [0x00000000daf60000, 0x00000000db422160, 0x00000000dc4b0000)
  to   space 21824K,   0% used [0x00000000dc4b0000, 0x00000000dc4b0000, 0x00000000dda00000)
 concurrent mark-sweep generation total 393216K, used 190450K [0x00000000dda00000, 0x00000000f5a00000, 0x00000000f5a00000)
 concurrent-mark-sweep perm gen total 54228K, used 34961K [0x00000000f5a00000, 0x00000000f8ef5000, 0x0000000100000000)
2015-03-18T13:26:35.917-0400: 508098.093: [GC2015-03-18T13:26:35.917-0400: 508098.093: [ParNew
Desired survivor size 20112992 bytes, new threshold 8 (max 8)
- age   1:    2118504 bytes,    2118504 total
- age   2:     332304 bytes,    2450808 total
- age   3:     691120 bytes,    3141928 total
- age   4:     205992 bytes,    3347920 total
- age   5:     614856 bytes,    3962776 total
- age   6:     360488 bytes,    4323264 total
- age   7:      91760 bytes,    4415024 total
- age   8:      95648 bytes,    4510672 total
: 92296K->6174K(109248K), 0.0081000 secs] 282747K->196723K(502464K), 0.0082590 secs] [Times: user=0.03 sys=0.00, real=0.01 secs] 
Heap after GC invocations=308 (full 1):
 par new generation   total 109248K, used 6174K [0x00000000d5a00000, 0x00000000dda00000, 0x00000000dda00000)
  eden space 87424K,   0% used [0x00000000d5a00000, 0x00000000d5a00000, 0x00000000daf60000)
  from space 21824K,  28% used [0x00000000dc4b0000, 0x00000000dcab79c0, 0x00000000dda00000)
  to   space 21824K,   0% used [0x00000000daf60000, 0x00000000daf60000, 0x00000000dc4b0000)
 concurrent mark-sweep generation total 393216K, used 190549K [0x00000000dda00000, 0x00000000f5a00000, 0x00000000f5a00000)
 concurrent-mark-sweep perm gen total 54228K, used 34961K [0x00000000f5a00000, 0x00000000f8ef5000, 0x0000000100000000)
}
2015-03-18T13:26:35.925-0400: 508098.101: Total time for which application threads were stopped: 0.0089550 seconds
{Heap before GC invocations=308 (full 1):
 par new generation   total 109248K, used 93598K [0x00000000d5a00000, 0x00000000dda00000, 0x00000000dda00000)
  eden space 87424K, 100% used [0x00000000d5a00000, 0x00000000daf60000, 0x00000000daf60000)
  from space 21824K,  28% used [0x00000000dc4b0000, 0x00000000dcab79c0, 0x00000000dda00000)
  to   space 21824K,   0% used [0x00000000daf60000, 0x00000000daf60000, 0x00000000dc4b0000)
 concurrent mark-sweep generation total 393216K, used 190549K [0x00000000dda00000, 0x00000000f5a00000, 0x00000000f5a00000)
 concurrent-mark-sweep perm gen total 54228K, used 34961K [0x00000000f5a00000, 0x00000000f8ef5000, 0x0000000100000000)
2015-03-18T13:26:35.956-0400: 508098.132: [GC2015-03-18T13:26:35.957-0400: 508098.132: [ParNew
Desired survivor size 20112992 bytes, new threshold 8 (max 8)
- age   1:    2008024 bytes,    2008024 total
- age   2:     663008 bytes,    2671032 total
- age   3:     332056 bytes,    3003088 total
- age   4:     690952 bytes,    3694040 total
- age   5:     205800 bytes,    3899840 total
- age   6:     614376 bytes,    4514216 total
- age   7:     360056 bytes,    4874272 total
- age   8:      91616 bytes,    4965888 total
: 93598K->5701K(109248K), 0.0085590 secs] 284147K->196345K(502464K), 0.0087520 secs] [Times: user=0.03 sys=0.00, real=0.01 secs] 
Heap after GC invocations=309 (full 1):
 par new generation   total 109248K, used 5701K [0x00000000d5a00000, 0x00000000dda00000, 0x00000000dda00000)
  eden space 87424K,   0% used [0x00000000d5a00000, 0x00000000d5a00000, 0x00000000daf60000)
  from space 21824K,  26% used [0x00000000daf60000, 0x00000000db4f1570, 0x00000000dc4b0000)
  to   space 21824K,   0% used [0x00000000dc4b0000, 0x00000000dc4b0000, 0x00000000dda00000)
 concurrent mark-sweep generation total 393216K, used 190644K [0x00000000dda00000, 0x00000000f5a00000, 0x00000000f5a00000)
 concurrent-mark-sweep perm gen total 54228K, used 34961K [0x00000000f5a00000, 0x00000000f8ef5000, 0x0000000100000000)
}
2015-03-18T13:26:35.965-0400: 508098.141: Total time for which application threads were stopped: 0.0096090 seconds
{Heap before GC invocations=309 (full 1):
 par new generation   total 109248K, used 93125K [0x00000000d5a00000, 0x00000000dda00000, 0x00000000dda00000)
  eden space 87424K, 100% used [0x00000000d5a00000, 0x00000000daf60000, 0x00000000daf60000)
  from space 21824K,  26% used [0x00000000daf60000, 0x00000000db4f1570, 0x00000000dc4b0000)
  to   space 21824K,   0% used [0x00000000dc4b0000, 0x00000000dc4b0000, 0x00000000dda00000)
 concurrent mark-sweep generation total 393216K, used 190644K [0x00000000dda00000, 0x00000000f5a00000, 0x00000000f5a00000)
 concurrent-mark-sweep perm gen total 54228K, used 34966K [0x00000000f5a00000, 0x00000000f8ef5000, 0x0000000100000000)
2015-03-18T13:26:35.994-0400: 508098.170: [GC2015-03-18T13:26:35.994-0400: 508098.170: [ParNew
Desired survivor size 20112992 bytes, new threshold 8 (max 8)
- age   1:    1843200 bytes,    1843200 total
- age   2:     838696 bytes,    2681896 total
- age   3:     662672 bytes,    3344568 total
- age   4:     331792 bytes,    3676360 total
- age   5:     690712 bytes,    4367072 total
- age   6:     204552 bytes,    4571624 total
- age   7:     614160 bytes,    5185784 total
- age   8:     359816 bytes,    5545600 total
: 93125K->7473K(109248K), 0.0095350 secs] 283769K->198209K(502464K), 0.0096830 secs] [Times: user=0.04 sys=0.00, real=0.01 secs] 
Heap after GC invocations=310 (full 1):
 par new generation   total 109248K, used 7473K [0x00000000d5a00000, 0x00000000dda00000, 0x00000000dda00000)
  eden space 87424K,   0% used [0x00000000d5a00000, 0x00000000d5a00000, 0x00000000daf60000)
  from space 21824K,  34% used [0x00000000dc4b0000, 0x00000000dcbfc698, 0x00000000dda00000)
  to   space 21824K,   0% used [0x00000000daf60000, 0x00000000daf60000, 0x00000000dc4b0000)
 concurrent mark-sweep generation total 393216K, used 190735K [0x00000000dda00000, 0x00000000f5a00000, 0x00000000f5a00000)
 concurrent-mark-sweep perm gen total 54228K, used 34966K [0x00000000f5a00000, 0x00000000f8ef5000, 0x0000000100000000)
}
2015-03-18T13:26:36.004-0400: 508098.180: Total time for which application threads were stopped: 0.0104110 seconds
{Heap before GC invocations=310 (full 1):
 par new generation   total 109248K, used 94827K [0x00000000d5a00000, 0x00000000dda00000, 0x00000000dda00000)
  eden space 87424K,  99% used [0x00000000d5a00000, 0x00000000daf4e8c0, 0x00000000daf60000)
  from space 21824K,  34% used [0x00000000dc4b0000, 0x00000000dcbfc698, 0x00000000dda00000)
  to   space 21824K,   0% used [0x00000000daf60000, 0x00000000daf60000, 0x00000000dc4b0000)
 concurrent mark-sweep generation total 393216K, used 190735K [0x00000000dda00000, 0x00000000f5a00000, 0x00000000f5a00000)
 concurrent-mark-sweep perm gen total 54228K, used 34967K [0x00000000f5a00000, 0x00000000f8ef5000, 0x0000000100000000)
2015-03-18T13:26:36.060-0400: 508098.236: [GC2015-03-18T13:26:36.061-0400: 508098.236: [ParNew
Desired survivor size 20112992 bytes, new threshold 8 (max 8)
- age   1:    1488736 bytes,    1488736 total
- age   2:    1144192 bytes,    2632928 total
- age   3:     838624 bytes,    3471552 total
- age   4:     662576 bytes,    4134128 total
- age   5:     331720 bytes,    4465848 total
- age   6:     690616 bytes,    5156464 total
- age   7:     204168 bytes,    5360632 total
- age   8:     614088 bytes,    5974720 total
: 94827K->6971K(109248K), 0.0102850 secs] 285563K->198061K(502464K), 0.0104530 secs] [Times: user=0.03 sys=0.00, real=0.01 secs] 
Heap after GC invocations=311 (full 1):
 par new generation   total 109248K, used 6971K [0x00000000d5a00000, 0x00000000dda00000, 0x00000000dda00000)
  eden space 87424K,   0% used [0x00000000d5a00000, 0x00000000d5a00000, 0x00000000daf60000)
  from space 21824K,  31% used [0x00000000daf60000, 0x00000000db62eec8, 0x00000000dc4b0000)
  to   space 21824K,   0% used [0x00000000dc4b0000, 0x00000000dc4b0000, 0x00000000dda00000)
 concurrent mark-sweep generation total 393216K, used 191090K [0x00000000dda00000, 0x00000000f5a00000, 0x00000000f5a00000)
 concurrent-mark-sweep perm gen total 54228K, used 34967K [0x00000000f5a00000, 0x00000000f8ef5000, 0x0000000100000000)
}
2015-03-18T13:26:36.071-0400: 508098.247: Total time for which application threads were stopped: 0.0112010 seconds
{Heap before GC invocations=311 (full 1):
 par new generation   total 109248K, used 94391K [0x00000000d5a00000, 0x00000000dda00000, 0x00000000dda00000)
  eden space 87424K,  99% used [0x00000000d5a00000, 0x00000000daf5ed90, 0x00000000daf60000)
  from space 21824K,  31% used [0x00000000daf60000, 0x00000000db62eec8, 0x00000000dc4b0000)
  to   space 21824K,   0% used [0x00000000dc4b0000, 0x00000000dc4b0000, 0x00000000dda00000)
 concurrent mark-sweep generation total 393216K, used 191090K [0x00000000dda00000, 0x00000000f5a00000, 0x00000000f5a00000)
 concurrent-mark-sweep perm gen total 54228K, used 34967K [0x00000000f5a00000, 0x00000000f8ef5000, 0x0000000100000000)
2015-03-18T13:26:36.106-0400: 508098.282: [GC2015-03-18T13:26:36.106-0400: 508098.282: [ParNew
Desired survivor size 20112992 bytes, new threshold 8 (max 8)
- age   1:    2867736 bytes,    2867736 total
- age   2:     682408 bytes,    3550144 total
- age   3:    1144192 bytes,    4694336 total
- age   4:     838544 bytes,    5532880 total
- age   5:     662424 bytes,    6195304 total
- age   6:     331720 bytes,    6527024 total
- age   7:     690616 bytes,    7217640 total
- age   8:     204168 bytes,    7421808 total
: 94391K->10301K(109248K), 0.0117270 secs] 285481K->201993K(502464K), 0.0119000 secs] [Times: user=0.04 sys=0.00, real=0.01 secs] 
Heap after GC invocations=312 (full 1):
 par new generation   total 109248K, used 10301K [0x00000000d5a00000, 0x00000000dda00000, 0x00000000dda00000)
  eden space 87424K,   0% used [0x00000000d5a00000, 0x00000000d5a00000, 0x00000000daf60000)
  from space 21824K,  47% used [0x00000000dc4b0000, 0x00000000dcebf580, 0x00000000dda00000)
  to   space 21824K,   0% used [0x00000000daf60000, 0x00000000daf60000, 0x00000000dc4b0000)
 concurrent mark-sweep generation total 393216K, used 191692K [0x00000000dda00000, 0x00000000f5a00000, 0x00000000f5a00000)
 concurrent-mark-sweep perm gen total 54228K, used 34967K [0x00000000f5a00000, 0x00000000f8ef5000, 0x0000000100000000)
}
2015-03-18T13:26:36.118-0400: 508098.294: Total time for which application threads were stopped: 0.0125610 seconds
{Heap before GC invocations=312 (full 1):
 par new generation   total 109248K, used 97715K [0x00000000d5a00000, 0x00000000dda00000, 0x00000000dda00000)
  eden space 87424K,  99% used [0x00000000d5a00000, 0x00000000daf5d728, 0x00000000daf60000)
  from space 21824K,  47% used [0x00000000dc4b0000, 0x00000000dcebf580, 0x00000000dda00000)
  to   space 21824K,   0% used [0x00000000daf60000, 0x00000000daf60000, 0x00000000dc4b0000)
 concurrent mark-sweep generation total 393216K, used 191692K [0x00000000dda00000, 0x00000000f5a00000, 0x00000000f5a00000)
 concurrent-mark-sweep perm gen total 54228K, used 34967K [0x00000000f5a00000, 0x00000000f8ef5000, 0x0000000100000000)
2015-03-18T13:26:36.152-0400: 508098.327: [GC2015-03-18T13:26:36.152-0400: 508098.327: [ParNew
Desired survivor size 20112992 bytes, new threshold 8 (max 8)
- age   1:    2081680 bytes,    2081680 total
- age   2:    1884784 bytes,    3966464 total
- age   3:     681704 bytes,    4648168 total
- age   4:    1143920 bytes,    5792088 total
- age   5:     838544 bytes,    6630632 total
- age   6:     662424 bytes,    7293056 total
- age   7:     331720 bytes,    7624776 total
- age   8:     690448 bytes,    8315224 total
: 97715K->10014K(109248K), 0.0113210 secs] 289407K->201911K(502464K), 0.0115200 secs] [Times: user=0.04 sys=0.00, real=0.01 secs] 
Heap after GC invocations=313 (full 1):
 par new generation   total 109248K, used 10014K [0x00000000d5a00000, 0x00000000dda00000, 0x00000000dda00000)
  eden space 87424K,   0% used [0x00000000d5a00000, 0x00000000d5a00000, 0x00000000daf60000)
  from space 21824K,  45% used [0x00000000daf60000, 0x00000000db927840, 0x00000000dc4b0000)
  to   space 21824K,   0% used [0x00000000dc4b0000, 0x00000000dc4b0000, 0x00000000dda00000)
 concurrent mark-sweep generation total 393216K, used 191897K [0x00000000dda00000, 0x00000000f5a00000, 0x00000000f5a00000)
 concurrent-mark-sweep perm gen total 54228K, used 34967K [0x00000000f5a00000, 0x00000000f8ef5000, 0x0000000100000000)
}
2015-03-18T13:26:36.163-0400: 508098.339: Total time for which application threads were stopped: 0.0122790 seconds
{Heap before GC invocations=313 (full 1):
 par new generation   total 109248K, used 97438K [0x00000000d5a00000, 0x00000000dda00000, 0x00000000dda00000)
  eden space 87424K, 100% used [0x00000000d5a00000, 0x00000000daf60000, 0x00000000daf60000)
  from space 21824K,  45% used [0x00000000daf60000, 0x00000000db927840, 0x00000000dc4b0000)
  to   space 21824K,   0% used [0x00000000dc4b0000, 0x00000000dc4b0000, 0x00000000dda00000)
 concurrent mark-sweep generation total 393216K, used 191897K [0x00000000dda00000, 0x00000000f5a00000, 0x00000000f5a00000)
 concurrent-mark-sweep perm gen total 54228K, used 34967K [0x00000000f5a00000, 0x00000000f8ef5000, 0x0000000100000000)
2015-03-18T13:26:36.199-0400: 508098.375: [GC2015-03-18T13:26:36.199-0400: 508098.375: [ParNew
Desired survivor size 20112992 bytes, new threshold 8 (max 8)
- age   1:    1524152 bytes,    1524152 total
- age   2:    1149936 bytes,    2674088 total
- age   3:    1884656 bytes,    4558744 total
- age   4:     681704 bytes,    5240448 total
- age   5:    1143880 bytes,    6384328 total
- age   6:     838544 bytes,    7222872 total
- age   7:     662424 bytes,    7885296 total
- age   8:     331720 bytes,    8217016 total
: 97438K->12410K(109248K), 0.0123900 secs] 289335K->204989K(502464K), 0.0125620 secs] [Times: user=0.04 sys=0.00, real=0.01 secs] 
Heap after GC invocations=314 (full 1):
 par new generation   total 109248K, used 12410K [0x00000000d5a00000, 0x00000000dda00000, 0x00000000dda00000)
  eden space 87424K,   0% used [0x00000000d5a00000, 0x00000000d5a00000, 0x00000000daf60000)
  from space 21824K,  56% used [0x00000000dc4b0000, 0x00000000dd0ce9d0, 0x00000000dda00000)
  to   space 21824K,   0% used [0x00000000daf60000, 0x00000000daf60000, 0x00000000dc4b0000)
 concurrent mark-sweep generation total 393216K, used 192578K [0x00000000dda00000, 0x00000000f5a00000, 0x00000000f5a00000)
 concurrent-mark-sweep perm gen total 54228K, used 34967K [0x00000000f5a00000, 0x00000000f8ef5000, 0x0000000100000000)
}
2015-03-18T13:26:36.212-0400: 508098.388: Total time for which application threads were stopped: 0.0132550 seconds
2015-03-18T13:26:36.214-0400: 508098.390: Total time for which application threads were stopped: 0.0006470 seconds
{Heap before GC invocations=314 (full 1):
 par new generation   total 109248K, used 99834K [0x00000000d5a00000, 0x00000000dda00000, 0x00000000dda00000)
  eden space 87424K, 100% used [0x00000000d5a00000, 0x00000000daf60000, 0x00000000daf60000)
  from space 21824K,  56% used [0x00000000dc4b0000, 0x00000000dd0ce9d0, 0x00000000dda00000)
  to   space 21824K,   0% used [0x00000000daf60000, 0x00000000daf60000, 0x00000000dc4b0000)
 concurrent mark-sweep generation total 393216K, used 192578K [0x00000000dda00000, 0x00000000f5a00000, 0x00000000f5a00000)
 concurrent-mark-sweep perm gen total 54228K, used 34972K [0x00000000f5a00000, 0x00000000f8ef5000, 0x0000000100000000)
2015-03-18T13:26:36.250-0400: 508098.426: [GC2015-03-18T13:26:36.250-0400: 508098.426: [ParNew
Desired survivor size 20112992 bytes, new threshold 8 (max 8)
- age   1:    2967992 bytes,    2967992 total
- age   2:     336608 bytes,    3304600 total
- age   3:    1149496 bytes,    4454096 total
- age   4:    1884656 bytes,    6338752 total
- age   5:     681584 bytes,    7020336 total
- age   6:    1143880 bytes,    8164216 total
- age   7:     838544 bytes,    9002760 total
- age   8:     662424 bytes,    9665184 total
: 99834K->11337K(109248K), 0.0131810 secs] 292413K->204241K(502464K), 0.0133890 secs] [Times: user=0.08 sys=0.00, real=0.01 secs] 
Heap after GC invocations=315 (full 1):
 par new generation   total 109248K, used 11337K [0x00000000d5a00000, 0x00000000dda00000, 0x00000000dda00000)
  eden space 87424K,   0% used [0x00000000d5a00000, 0x00000000d5a00000, 0x00000000daf60000)
  from space 21824K,  51% used [0x00000000daf60000, 0x00000000dba72460, 0x00000000dc4b0000)
  to   space 21824K,   0% used [0x00000000dc4b0000, 0x00000000dc4b0000, 0x00000000dda00000)
 concurrent mark-sweep generation total 393216K, used 192904K [0x00000000dda00000, 0x00000000f5a00000, 0x00000000f5a00000)
 concurrent-mark-sweep perm gen total 54228K, used 34972K [0x00000000f5a00000, 0x00000000f8ef5000, 0x0000000100000000)
}
2015-03-18T13:26:36.264-0400: 508098.439: Total time for which application threads were stopped: 0.0141780 seconds
2015-03-18T13:26:36.266-0400: 508098.442: Total time for which application threads were stopped: 0.0005670 seconds
2015-03-18T13:26:36.271-0400: 508098.447: Total time for which application threads were stopped: 0.0021390 seconds
{Heap before GC invocations=315 (full 1):
 par new generation   total 109248K, used 98761K [0x00000000d5a00000, 0x00000000dda00000, 0x00000000dda00000)
  eden space 87424K, 100% used [0x00000000d5a00000, 0x00000000daf60000, 0x00000000daf60000)
  from space 21824K,  51% used [0x00000000daf60000, 0x00000000dba72460, 0x00000000dc4b0000)
  to   space 21824K,   0% used [0x00000000dc4b0000, 0x00000000dc4b0000, 0x00000000dda00000)
 concurrent mark-sweep generation total 393216K, used 192904K [0x00000000dda00000, 0x00000000f5a00000, 0x00000000f5a00000)
 concurrent-mark-sweep perm gen total 54228K, used 34974K [0x00000000f5a00000, 0x00000000f8ef5000, 0x0000000100000000)
2015-03-18T13:26:36.308-0400: 508098.483: [GC2015-03-18T13:26:36.308-0400: 508098.483: [ParNew
Desired survivor size 20112992 bytes, new threshold 8 (max 8)
- age   1:    1729032 bytes,    1729032 total
- age   2:    1645192 bytes,    3374224 total
- age   3:     336304 bytes,    3710528 total
- age   4:    1149496 bytes,    4860024 total
- age   5:    1884656 bytes,    6744680 total
- age   6:     681584 bytes,    7426264 total
- age   7:    1143880 bytes,    8570144 total
- age   8:     838544 bytes,    9408688 total
: 98761K->14041K(109248K), 0.0130810 secs] 291665K->207596K(502464K), 0.0132440 secs] [Times: user=0.05 sys=0.00, real=0.02 secs] 
Heap after GC invocations=316 (full 1):
 par new generation   total 109248K, used 14041K [0x00000000d5a00000, 0x00000000dda00000, 0x00000000dda00000)
  eden space 87424K,   0% used [0x00000000d5a00000, 0x00000000d5a00000, 0x00000000daf60000)
  from space 21824K,  64% used [0x00000000dc4b0000, 0x00000000dd266678, 0x00000000dda00000)
  to   space 21824K,   0% used [0x00000000daf60000, 0x00000000daf60000, 0x00000000dc4b0000)
 concurrent mark-sweep generation total 393216K, used 193554K [0x00000000dda00000, 0x00000000f5a00000, 0x00000000f5a00000)
 concurrent-mark-sweep perm gen total 54228K, used 34974K [0x00000000f5a00000, 0x00000000f8ef5000, 0x0000000100000000)
}
2015-03-18T13:26:36.321-0400: 508098.497: Total time for which application threads were stopped: 0.0140260 seconds
{Heap before GC invocations=316 (full 1):
 par new generation   total 109248K, used 101450K [0x00000000d5a00000, 0x00000000dda00000, 0x00000000dda00000)
  eden space 87424K,  99% used [0x00000000d5a00000, 0x00000000daf5c200, 0x00000000daf60000)
  from space 21824K,  64% used [0x00000000dc4b0000, 0x00000000dd266678, 0x00000000dda00000)
  to   space 21824K,   0% used [0x00000000daf60000, 0x00000000daf60000, 0x00000000dc4b0000)
 concurrent mark-sweep generation total 393216K, used 193554K [0x00000000dda00000, 0x00000000f5a00000, 0x00000000f5a00000)
 concurrent-mark-sweep perm gen total 54228K, used 34975K [0x00000000f5a00000, 0x00000000f8ef5000, 0x0000000100000000)
2015-03-18T13:26:36.365-0400: 508098.541: [GC2015-03-18T13:26:36.365-0400: 508098.541: [ParNew
Desired survivor size 20112992 bytes, new threshold 8 (max 8)
- age   1:    2493704 bytes,    2493704 total
- age   2:     649824 bytes,    3143528 total
- age   3:    1644520 bytes,    4788048 total
- age   4:     336304 bytes,    5124352 total
- age   5:    1149496 bytes,    6273848 total
- age   6:    1884712 bytes,    8158560 total
- age   7:     681584 bytes,    8840144 total
- age   8:    1143880 bytes,    9984024 total
: 101450K->12908K(109248K), 0.0133210 secs] 295004K->207285K(502464K), 0.0134990 secs] [Times: user=0.05 sys=0.00, real=0.02 secs] 
Heap after GC invocations=317 (full 1):
 par new generation   total 109248K, used 12908K [0x00000000d5a00000, 0x00000000dda00000, 0x00000000dda00000)
  eden space 87424K,   0% used [0x00000000d5a00000, 0x00000000d5a00000, 0x00000000daf60000)
  from space 21824K,  59% used [0x00000000daf60000, 0x00000000dbbfb3a0, 0x00000000dc4b0000)
  to   space 21824K,   0% used [0x00000000dc4b0000, 0x00000000dc4b0000, 0x00000000dda00000)
 concurrent mark-sweep generation total 393216K, used 194376K [0x00000000dda00000, 0x00000000f5a00000, 0x00000000f5a00000)
 concurrent-mark-sweep perm gen total 54228K, used 34975K [0x00000000f5a00000, 0x00000000f8ef5000, 0x0000000100000000)
}
2015-03-18T13:26:36.379-0400: 508098.554: Total time for which application threads were stopped: 0.0142640 seconds
{Heap before GC invocations=317 (full 1):
 par new generation   total 109248K, used 100332K [0x00000000d5a00000, 0x00000000dda00000, 0x00000000dda00000)
  eden space 87424K, 100% used [0x00000000d5a00000, 0x00000000daf60000, 0x00000000daf60000)
  from space 21824K,  59% used [0x00000000daf60000, 0x00000000dbbfb3a0, 0x00000000dc4b0000)
  to   space 21824K,   0% used [0x00000000dc4b0000, 0x00000000dc4b0000, 0x00000000dda00000)
 concurrent mark-sweep generation total 393216K, used 194376K [0x00000000dda00000, 0x00000000f5a00000, 0x00000000f5a00000)
 concurrent-mark-sweep perm gen total 54228K, used 34976K [0x00000000f5a00000, 0x00000000f8ef5000, 0x0000000100000000)
2015-03-18T13:26:36.418-0400: 508098.593: [GC2015-03-18T13:26:36.418-0400: 508098.593: [ParNew
Desired survivor size 20112992 bytes, new threshold 8 (max 8)
- age   1:    1502304 bytes,    1502304 total
- age   2:    1174608 bytes,    2676912 total
- age   3:     648896 bytes,    3325808 total
- age   4:    1644448 bytes,    4970256 total
- age   5:     336208 bytes,    5306464 total
- age   6:    1149064 bytes,    6455528 total
- age   7:    1884512 bytes,    8340040 total
- age   8:     681272 bytes,    9021312 total
: 100332K->10646K(109248K), 0.0133280 secs] 294709K->206149K(502464K), 0.0135310 secs] [Times: user=0.05 sys=0.00, real=0.02 secs] 
Heap after GC invocations=318 (full 1):
 par new generation   total 109248K, used 10646K [0x00000000d5a00000, 0x00000000dda00000, 0x00000000dda00000)
  eden space 87424K,   0% used [0x00000000d5a00000, 0x00000000d5a00000, 0x00000000daf60000)
  from space 21824K,  48% used [0x00000000dc4b0000, 0x00000000dcf15bb8, 0x00000000dda00000)
  to   space 21824K,   0% used [0x00000000daf60000, 0x00000000daf60000, 0x00000000dc4b0000)
 concurrent mark-sweep generation total 393216K, used 195502K [0x00000000dda00000, 0x00000000f5a00000, 0x00000000f5a00000)
 concurrent-mark-sweep perm gen total 54228K, used 34976K [0x00000000f5a00000, 0x00000000f8ef5000, 0x0000000100000000)
}
2015-03-18T13:26:36.431-0400: 508098.607: Total time for which application threads were stopped: 0.0142570 seconds
{Heap before GC invocations=318 (full 1):
 par new generation   total 109248K, used 98064K [0x00000000d5a00000, 0x00000000dda00000, 0x00000000dda00000)
  eden space 87424K,  99% used [0x00000000d5a00000, 0x00000000daf5e490, 0x00000000daf60000)
  from space 21824K,  48% used [0x00000000dc4b0000, 0x00000000dcf15bb8, 0x00000000dda00000)
  to   space 21824K,   0% used [0x00000000daf60000, 0x00000000daf60000, 0x00000000dc4b0000)
 concurrent mark-sweep generation total 393216K, used 195502K [0x00000000dda00000, 0x00000000f5a00000, 0x00000000f5a00000)
 concurrent-mark-sweep perm gen total 54228K, used 34976K [0x00000000f5a00000, 0x00000000f8ef5000, 0x0000000100000000)
2015-03-18T13:26:36.467-0400: 508098.642: [GC2015-03-18T13:26:36.467-0400: 508098.643: [ParNew
Desired survivor size 20112992 bytes, new threshold 8 (max 8)
- age   1:    1671976 bytes,    1671976 total
- age   2:     158360 bytes,    1830336 total
- age   3:    1174104 bytes,    3004440 total
- age   4:     648648 bytes,    3653088 total
- age   5:    1644352 bytes,    5297440 total
- age   6:     336112 bytes,    5633552 total
- age   7:    1148632 bytes,    6782184 total
- age   8:    1884368 bytes,    8666552 total
: 98064K->13633K(109248K), 0.0120400 secs] 293567K->209803K(502464K), 0.0122100 secs] [Times: user=0.05 sys=0.00, real=0.02 secs] 
Heap after GC invocations=319 (full 1):
 par new generation   total 109248K, used 13633K [0x00000000d5a00000, 0x00000000dda00000, 0x00000000dda00000)
  eden space 87424K,   0% used [0x00000000d5a00000, 0x00000000d5a00000, 0x00000000daf60000)
  from space 21824K,  62% used [0x00000000daf60000, 0x00000000dbcb0510, 0x00000000dc4b0000)
  to   space 21824K,   0% used [0x00000000dc4b0000, 0x00000000dc4b0000, 0x00000000dda00000)
 concurrent mark-sweep generation total 393216K, used 196170K [0x00000000dda00000, 0x00000000f5a00000, 0x00000000f5a00000)
 concurrent-mark-sweep perm gen total 54228K, used 34976K [0x00000000f5a00000, 0x00000000f8ef5000, 0x0000000100000000)
}
2015-03-18T13:26:36.479-0400: 508098.655: Total time for which application threads were stopped: 0.0130670 seconds
{Heap before GC invocations=319 (full 1):
 par new generation   total 109248K, used 101057K [0x00000000d5a00000, 0x00000000dda00000, 0x00000000dda00000)
  eden space 87424K, 100% used [0x00000000d5a00000, 0x00000000daf60000, 0x00000000daf60000)
  from space 21824K,  62% used [0x00000000daf60000, 0x00000000dbcb0510, 0x00000000dc4b0000)
  to   space 21824K,   0% used [0x00000000dc4b0000, 0x00000000dc4b0000, 0x00000000dda00000)
 concurrent mark-sweep generation total 393216K, used 196170K [0x00000000dda00000, 0x00000000f5a00000, 0x00000000f5a00000)
 concurrent-mark-sweep perm gen total 54228K, used 34977K [0x00000000f5a00000, 0x00000000f8ef5000, 0x0000000100000000)
2015-03-18T13:26:36.515-0400: 508098.691: [GC2015-03-18T13:26:36.515-0400: 508098.691: [ParNew
Desired survivor size 20112992 bytes, new threshold 8 (max 8)
- age   1:    1939360 bytes,    1939360 total
- age   2:     565024 bytes,    2504384 total
- age   3:     158184 bytes,    2662568 total
- age   4:    1173960 bytes,    3836528 total
- age   5:     648648 bytes,    4485176 total
- age   6:    1644352 bytes,    6129528 total
- age   7:     336112 bytes,    6465640 total
- age   8:    1148632 bytes,    7614272 total
: 101057K->9142K(109248K), 0.0130900 secs] 297227K->207161K(502464K), 0.0132930 secs] [Times: user=0.05 sys=0.00, real=0.02 secs] 
Heap after GC invocations=320 (full 1):
 par new generation   total 109248K, used 9142K [0x00000000d5a00000, 0x00000000dda00000, 0x00000000dda00000)
  eden space 87424K,   0% used [0x00000000d5a00000, 0x00000000d5a00000, 0x00000000daf60000)
  from space 21824K,  41% used [0x00000000dc4b0000, 0x00000000dcd9db38, 0x00000000dda00000)
  to   space 21824K,   0% used [0x00000000daf60000, 0x00000000daf60000, 0x00000000dc4b0000)
 concurrent mark-sweep generation total 393216K, used 198018K [0x00000000dda00000, 0x00000000f5a00000, 0x00000000f5a00000)
 concurrent-mark-sweep perm gen total 54228K, used 34977K [0x00000000f5a00000, 0x00000000f8ef5000, 0x0000000100000000)
}
2015-03-18T13:26:36.529-0400: 508098.704: Total time for which application threads were stopped: 0.0139780 seconds
2015-03-18T13:26:36.529-0400: 508098.705: [GC [1 CMS-initial-mark: 198018K(393216K)] 207501K(502464K), 0.0127250 secs] [Times: user=0.01 sys=0.00, real=0.01 secs] 
2015-03-18T13:26:36.542-0400: 508098.717: Total time for which application threads were stopped: 0.0132520 seconds
2015-03-18T13:26:36.542-0400: 508098.718: [CMS-concurrent-mark-start]
{Heap before GC invocations=320 (full 2):
 par new generation   total 109248K, used 96566K [0x00000000d5a00000, 0x00000000dda00000, 0x00000000dda00000)
  eden space 87424K, 100% used [0x00000000d5a00000, 0x00000000daf60000, 0x00000000daf60000)
  from space 21824K,  41% used [0x00000000dc4b0000, 0x00000000dcd9db38, 0x00000000dda00000)
  to   space 21824K,   0% used [0x00000000daf60000, 0x00000000daf60000, 0x00000000dc4b0000)
 concurrent mark-sweep generation total 393216K, used 198018K [0x00000000dda00000, 0x00000000f5a00000, 0x00000000f5a00000)
 concurrent-mark-sweep perm gen total 54228K, used 34977K [0x00000000f5a00000, 0x00000000f8ef5000, 0x0000000100000000)
2015-03-18T13:26:36.586-0400: 508098.761: [GC2015-03-18T13:26:36.586-0400: 508098.761: [ParNew
Desired survivor size 20112992 bytes, new threshold 8 (max 8)
- age   1:    2524648 bytes,    2524648 total
- age   2:     369696 bytes,    2894344 total
- age   3:     564688 bytes,    3459032 total
- age   4:     158032 bytes,    3617064 total
- age   5:    1173808 bytes,    4790872 total
- age   6:     648216 bytes,    5439088 total
- age   7:    1643984 bytes,    7083072 total
- age   8:     335808 bytes,    7418880 total
: 96566K->11537K(109248K), 0.0120550 secs] 294585K->210679K(502464K), 0.0122110 secs] [Times: user=0.04 sys=0.00, real=0.01 secs] 
Heap after GC invocations=321 (full 2):
 par new generation   total 109248K, used 11537K [0x00000000d5a00000, 0x00000000dda00000, 0x00000000dda00000)
  eden space 87424K,   0% used [0x00000000d5a00000, 0x00000000d5a00000, 0x00000000daf60000)
  from space 21824K,  52% used [0x00000000daf60000, 0x00000000dbaa4540, 0x00000000dc4b0000)
  to   space 21824K,   0% used [0x00000000dc4b0000, 0x00000000dc4b0000, 0x00000000dda00000)
 concurrent mark-sweep generation total 393216K, used 199142K [0x00000000dda00000, 0x00000000f5a00000, 0x00000000f5a00000)
 concurrent-mark-sweep perm gen total 54228K, used 34977K [0x00000000f5a00000, 0x00000000f8ef5000, 0x0000000100000000)
}
2015-03-18T13:26:36.598-0400: 508098.774: Total time for which application threads were stopped: 0.0128890 seconds
2015-03-18T13:26:36.614-0400: 508098.789: [CMS-concurrent-mark: 0.058/0.072 secs] [Times: user=0.63 sys=0.00, real=0.07 secs] 
2015-03-18T13:26:36.614-0400: 508098.789: [CMS-concurrent-preclean-start]
2015-03-18T13:26:36.624-0400: 508098.800: [CMS-concurrent-preclean: 0.010/0.011 secs] [Times: user=0.06 sys=0.00, real=0.01 secs] 
2015-03-18T13:26:36.624-0400: 508098.800: [CMS-concurrent-abortable-preclean-start]
{Heap before GC invocations=321 (full 2):
 par new generation   total 109248K, used 98961K [0x00000000d5a00000, 0x00000000dda00000, 0x00000000dda00000)
  eden space 87424K, 100% used [0x00000000d5a00000, 0x00000000daf60000, 0x00000000daf60000)
  from space 21824K,  52% used [0x00000000daf60000, 0x00000000dbaa4540, 0x00000000dc4b0000)
  to   space 21824K,   0% used [0x00000000dc4b0000, 0x00000000dc4b0000, 0x00000000dda00000)
 concurrent mark-sweep generation total 393216K, used 199142K [0x00000000dda00000, 0x00000000f5a00000, 0x00000000f5a00000)
 concurrent-mark-sweep perm gen total 54228K, used 34977K [0x00000000f5a00000, 0x00000000f8ef5000, 0x0000000100000000)
2015-03-18T13:26:36.641-0400: 508098.816: [GC2015-03-18T13:26:36.641-0400: 508098.816: [ParNew
Desired survivor size 20112992 bytes, new threshold 8 (max 8)
- age   1:    1855320 bytes,    1855320 total
- age   2:     892568 bytes,    2747888 total
- age   3:     369552 bytes,    3117440 total
- age   4:     564688 bytes,    3682128 total
- age   5:     158032 bytes,    3840160 total
- age   6:    1173808 bytes,    5013968 total
- age   7:     648000 bytes,    5661968 total
- age   8:    1643712 bytes,    7305680 total
: 98961K->8648K(109248K), 0.0104210 secs] 298103K->208126K(502464K), 0.0106200 secs] [Times: user=0.04 sys=0.00, real=0.01 secs] 
Heap after GC invocations=322 (full 2):
 par new generation   total 109248K, used 8648K [0x00000000d5a00000, 0x00000000dda00000, 0x00000000dda00000)
  eden space 87424K,   0% used [0x00000000d5a00000, 0x00000000d5a00000, 0x00000000daf60000)
  from space 21824K,  39% used [0x00000000dc4b0000, 0x00000000dcd22260, 0x00000000dda00000)
  to   space 21824K,   0% used [0x00000000daf60000, 0x00000000daf60000, 0x00000000dc4b0000)
 concurrent mark-sweep generation total 393216K, used 199477K [0x00000000dda00000, 0x00000000f5a00000, 0x00000000f5a00000)
 concurrent-mark-sweep perm gen total 54228K, used 34977K [0x00000000f5a00000, 0x00000000f8ef5000, 0x0000000100000000)
}
2015-03-18T13:26:36.651-0400: 508098.827: Total time for which application threads were stopped: 0.0112820 seconds
{Heap before GC invocations=322 (full 2):
 par new generation   total 109248K, used 96072K [0x00000000d5a00000, 0x00000000dda00000, 0x00000000dda00000)
  eden space 87424K, 100% used [0x00000000d5a00000, 0x00000000daf60000, 0x00000000daf60000)
  from space 21824K,  39% used [0x00000000dc4b0000, 0x00000000dcd22260, 0x00000000dda00000)
  to   space 21824K,   0% used [0x00000000daf60000, 0x00000000daf60000, 0x00000000dc4b0000)
 concurrent mark-sweep generation total 393216K, used 199477K [0x00000000dda00000, 0x00000000f5a00000, 0x00000000f5a00000)
 concurrent-mark-sweep perm gen total 54228K, used 34977K [0x00000000f5a00000, 0x00000000f8ef5000, 0x0000000100000000)
2015-03-18T13:26:36.692-0400: 508098.868: [GC2015-03-18T13:26:36.692-0400: 508098.868: [ParNew
Desired survivor size 20112992 bytes, new threshold 8 (max 8)
- age   1:    1989968 bytes,    1989968 total
- age   2:     584512 bytes,    2574480 total
- age   3:     892416 bytes,    3466896 total
- age   4:     369400 bytes,    3836296 total
- age   5:     564688 bytes,    4400984 total
- age   6:     158032 bytes,    4559016 total
- age   7:    1173808 bytes,    5732824 total
- age   8:     648000 bytes,    6380824 total
: 96072K->9323K(109248K), 0.0114630 secs] 295550K->210421K(502464K), 0.0116460 secs] [Times: user=0.04 sys=0.00, real=0.01 secs] 
Heap after GC invocations=323 (full 2):
 par new generation   total 109248K, used 9323K [0x00000000d5a00000, 0x00000000dda00000, 0x00000000dda00000)
  eden space 87424K,   0% used [0x00000000d5a00000, 0x00000000d5a00000, 0x00000000daf60000)
  from space 21824K,  42% used [0x00000000daf60000, 0x00000000db87ae50, 0x00000000dc4b0000)
  to   space 21824K,   0% used [0x00000000dc4b0000, 0x00000000dc4b0000, 0x00000000dda00000)
 concurrent mark-sweep generation total 393216K, used 201098K [0x00000000dda00000, 0x00000000f5a00000, 0x00000000f5a00000)
 concurrent-mark-sweep perm gen total 54228K, used 34977K [0x00000000f5a00000, 0x00000000f8ef5000, 0x0000000100000000)
}
2015-03-18T13:26:36.704-0400: 508098.879: Total time for which application threads were stopped: 0.0123270 seconds
2015-03-18T13:26:36.713-0400: 508098.889: [CMS-concurrent-abortable-preclean: 0.064/0.089 secs] [Times: user=0.45 sys=0.00, real=0.09 secs] 
2015-03-18T13:26:36.714-0400: 508098.889: [GC[YG occupancy: 29119 K (109248 K)]{Heap before GC invocations=323 (full 2):
 par new generation   total 109248K, used 29119K [0x00000000d5a00000, 0x00000000dda00000, 0x00000000dda00000)
  eden space 87424K,  22% used [0x00000000d5a00000, 0x00000000d6d54f20, 0x00000000daf60000)
  from space 21824K,  42% used [0x00000000daf60000, 0x00000000db87ae50, 0x00000000dc4b0000)
  to   space 21824K,   0% used [0x00000000dc4b0000, 0x00000000dc4b0000, 0x00000000dda00000)
 concurrent mark-sweep generation total 393216K, used 201098K [0x00000000dda00000, 0x00000000f5a00000, 0x00000000f5a00000)
 concurrent-mark-sweep perm gen total 54228K, used 34977K [0x00000000f5a00000, 0x00000000f8ef5000, 0x0000000100000000)
2015-03-18T13:26:36.714-0400: 508098.889: [GC2015-03-18T13:26:36.714-0400: 508098.889: [ParNew
Desired survivor size 20112992 bytes, new threshold 8 (max 8)
- age   1:    1584216 bytes,    1584216 total
- age   2:      81440 bytes,    1665656 total
- age   3:     584512 bytes,    2250168 total
- age   4:     892304 bytes,    3142472 total
- age   5:     369400 bytes,    3511872 total
- age   6:     564688 bytes,    4076560 total
- age   7:     158032 bytes,    4234592 total
- age   8:    1173808 bytes,    5408400 total
: 29119K->7781K(109248K), 0.0090000 secs] 230217K->209517K(502464K), 0.0091110 secs] [Times: user=0.04 sys=0.00, real=0.01 secs] 
Heap after GC invocations=324 (full 2):
 par new generation   total 109248K, used 7781K [0x00000000d5a00000, 0x00000000dda00000, 0x00000000dda00000)
  eden space 87424K,   0% used [0x00000000d5a00000, 0x00000000d5a00000, 0x00000000daf60000)
  from space 21824K,  35% used [0x00000000dc4b0000, 0x00000000dcc49540, 0x00000000dda00000)
  to   space 21824K,   0% used [0x00000000daf60000, 0x00000000daf60000, 0x00000000dc4b0000)
 concurrent mark-sweep generation total 393216K, used 201736K [0x00000000dda00000, 0x00000000f5a00000, 0x00000000f5a00000)
 concurrent-mark-sweep perm gen total 54228K, used 34977K [0x00000000f5a00000, 0x00000000f8ef5000, 0x0000000100000000)
}
2015-03-18T13:26:36.723-0400: 508098.899: [Rescan (parallel) , 0.0040800 secs]2015-03-18T13:26:36.727-0400: 508098.903: [weak refs processing, 0.0007700 secs]2015-03-18T13:26:36.728-0400: 508098.904: [scrub string table, 0.0011530 secs] [1 CMS-remark: 201736K(393216K)] 209517K(502464K), 0.0154560 secs] [Times: user=0.05 sys=0.00, real=0.02 secs] 
2015-03-18T13:26:36.729-0400: 508098.905: Total time for which application threads were stopped: 0.0161070 seconds
2015-03-18T13:26:36.729-0400: 508098.905: [CMS-concurrent-sweep-start]
{Heap before GC invocations=324 (full 2):
 par new generation   total 109248K, used 95190K [0x00000000d5a00000, 0x00000000dda00000, 0x00000000dda00000)
  eden space 87424K,  99% used [0x00000000d5a00000, 0x00000000daf5c5a0, 0x00000000daf60000)
  from space 21824K,  35% used [0x00000000dc4b0000, 0x00000000dcc49540, 0x00000000dda00000)
  to   space 21824K,   0% used [0x00000000daf60000, 0x00000000daf60000, 0x00000000dc4b0000)
 concurrent mark-sweep generation total 393216K, used 193649K [0x00000000dda00000, 0x00000000f5a00000, 0x00000000f5a00000)
 concurrent-mark-sweep perm gen total 54228K, used 34977K [0x00000000f5a00000, 0x00000000f8ef5000, 0x0000000100000000)
2015-03-18T13:26:36.769-0400: 508098.945: [GC2015-03-18T13:26:36.770-0400: 508098.945: [ParNew
Desired survivor size 20112992 bytes, new threshold 8 (max 8)
- age   1:    1588208 bytes,    1588208 total
- age   2:      17920 bytes,    1606128 total
- age   3:      80520 bytes,    1686648 total
- age   4:     584296 bytes,    2270944 total
- age   5:     892304 bytes,    3163248 total
- age   6:     369400 bytes,    3532648 total
- age   7:     564472 bytes,    4097120 total
- age   8:     158032 bytes,    4255152 total
: 95190K->5168K(109248K), 0.0090990 secs] 288840K->199965K(502464K), 0.0092590 secs] [Times: user=0.03 sys=0.00, real=0.01 secs] 
Heap after GC invocations=325 (full 2):
 par new generation   total 109248K, used 5168K [0x00000000d5a00000, 0x00000000dda00000, 0x00000000dda00000)
  eden space 87424K,   0% used [0x00000000d5a00000, 0x00000000d5a00000, 0x00000000daf60000)
  from space 21824K,  23% used [0x00000000daf60000, 0x00000000db46c0f8, 0x00000000dc4b0000)
  to   space 21824K,   0% used [0x00000000dc4b0000, 0x00000000dc4b0000, 0x00000000dda00000)
 concurrent mark-sweep generation total 393216K, used 194797K [0x00000000dda00000, 0x00000000f5a00000, 0x00000000f5a00000)
 concurrent-mark-sweep perm gen total 54228K, used 34977K [0x00000000f5a00000, 0x00000000f8ef5000, 0x0000000100000000)
}
2015-03-18T13:26:36.779-0400: 508098.954: Total time for which application threads were stopped: 0.0099670 seconds
{Heap before GC invocations=325 (full 2):
 par new generation   total 109248K, used 92592K [0x00000000d5a00000, 0x00000000dda00000, 0x00000000dda00000)
  eden space 87424K, 100% used [0x00000000d5a00000, 0x00000000daf60000, 0x00000000daf60000)
  from space 21824K,  23% used [0x00000000daf60000, 0x00000000db46c0f8, 0x00000000dc4b0000)
  to   space 21824K,   0% used [0x00000000dc4b0000, 0x00000000dc4b0000, 0x00000000dda00000)
 concurrent mark-sweep generation total 393216K, used 174437K [0x00000000dda00000, 0x00000000f5a00000, 0x00000000f5a00000)
 concurrent-mark-sweep perm gen total 54228K, used 34977K [0x00000000f5a00000, 0x00000000f8ef5000, 0x0000000100000000)
2015-03-18T13:26:36.819-0400: 508098.995: [GC2015-03-18T13:26:36.819-0400: 508098.995: [ParNew
Desired survivor size 20112992 bytes, new threshold 8 (max 8)
- age   1:    1755560 bytes,    1755560 total
- age   2:      82088 bytes,    1837648 total
- age   3:      17920 bytes,    1855568 total
- age   4:      80520 bytes,    1936088 total
- age   5:     584296 bytes,    2520384 total
- age   6:     892304 bytes,    3412688 total
- age   7:     369400 bytes,    3782088 total
- age   8:     564472 bytes,    4346560 total
: 92592K->6746K(109248K), 0.0077070 secs] 267029K->181340K(502464K), 0.0079140 secs] [Times: user=0.03 sys=0.00, real=0.00 secs] 
Heap after GC invocations=326 (full 2):
 par new generation   total 109248K, used 6746K [0x00000000d5a00000, 0x00000000dda00000, 0x00000000dda00000)
  eden space 87424K,   0% used [0x00000000d5a00000, 0x00000000d5a00000, 0x00000000daf60000)
  from space 21824K,  30% used [0x00000000dc4b0000, 0x00000000dcb46858, 0x00000000dda00000)
  to   space 21824K,   0% used [0x00000000daf60000, 0x00000000daf60000, 0x00000000dc4b0000)
 concurrent mark-sweep generation total 393216K, used 174594K [0x00000000dda00000, 0x00000000f5a00000, 0x00000000f5a00000)
 concurrent-mark-sweep perm gen total 54228K, used 34977K [0x00000000f5a00000, 0x00000000f8ef5000, 0x0000000100000000)
}
2015-03-18T13:26:36.827-0400: 508099.003: Total time for which application threads were stopped: 0.0086230 seconds
{Heap before GC invocations=326 (full 2):
 par new generation   total 109248K, used 94170K [0x00000000d5a00000, 0x00000000dda00000, 0x00000000dda00000)
  eden space 87424K, 100% used [0x00000000d5a00000, 0x00000000daf60000, 0x00000000daf60000)
  from space 21824K,  30% used [0x00000000dc4b0000, 0x00000000dcb46858, 0x00000000dda00000)
  to   space 21824K,   0% used [0x00000000daf60000, 0x00000000daf60000, 0x00000000dc4b0000)
 concurrent mark-sweep generation total 393216K, used 156408K [0x00000000dda00000, 0x00000000f5a00000, 0x00000000f5a00000)
 concurrent-mark-sweep perm gen total 54228K, used 34977K [0x00000000f5a00000, 0x00000000f8ef5000, 0x0000000100000000)
2015-03-18T13:26:36.867-0400: 508099.043: [GC2015-03-18T13:26:36.867-0400: 508099.043: [ParNew
Desired survivor size 20112992 bytes, new threshold 8 (max 8)
- age   1:    1747056 bytes,    1747056 total
- age   2:      71888 bytes,    1818944 total
- age   3:      81696 bytes,    1900640 total
- age   4:      17920 bytes,    1918560 total
- age   5:      80520 bytes,    1999080 total
- age   6:     584296 bytes,    2583376 total
- age   7:     891928 bytes,    3475304 total
- age   8:     369128 bytes,    3844432 total
: 94170K->4556K(109248K), 0.0077660 secs] 250578K->161518K(502464K), 0.0079280 secs] [Times: user=0.03 sys=0.00, real=0.01 secs] 
Heap after GC invocations=327 (full 2):
 par new generation   total 109248K, used 4556K [0x00000000d5a00000, 0x00000000dda00000, 0x00000000dda00000)
  eden space 87424K,   0% used [0x00000000d5a00000, 0x00000000d5a00000, 0x00000000daf60000)
  from space 21824K,  20% used [0x00000000daf60000, 0x00000000db3d3028, 0x00000000dc4b0000)
  to   space 21824K,   0% used [0x00000000dc4b0000, 0x00000000dc4b0000, 0x00000000dda00000)
 concurrent mark-sweep generation total 393216K, used 156962K [0x00000000dda00000, 0x00000000f5a00000, 0x00000000f5a00000)
 concurrent-mark-sweep perm gen total 54228K, used 34977K [0x00000000f5a00000, 0x00000000f8ef5000, 0x0000000100000000)
}
2015-03-18T13:26:36.875-0400: 508099.051: Total time for which application threads were stopped: 0.0087090 seconds
{Heap before GC invocations=327 (full 2):
 par new generation   total 109248K, used 91979K [0x00000000d5a00000, 0x00000000dda00000, 0x00000000dda00000)
  eden space 87424K,  99% used [0x00000000d5a00000, 0x00000000daf5fd18, 0x00000000daf60000)
  from space 21824K,  20% used [0x00000000daf60000, 0x00000000db3d3028, 0x00000000dc4b0000)
  to   space 21824K,   0% used [0x00000000dc4b0000, 0x00000000dc4b0000, 0x00000000dda00000)
 concurrent mark-sweep generation total 393216K, used 141977K [0x00000000dda00000, 0x00000000f5a00000, 0x00000000f5a00000)
 concurrent-mark-sweep perm gen total 54228K, used 34977K [0x00000000f5a00000, 0x00000000f8ef5000, 0x0000000100000000)
2015-03-18T13:26:36.912-0400: 508099.087: [GC2015-03-18T13:26:36.912-0400: 508099.087: [ParNew
Desired survivor size 20112992 bytes, new threshold 8 (max 8)
- age   1:    1671160 bytes,    1671160 total
- age   2:      64168 bytes,    1735328 total
- age   3:      71744 bytes,    1807072 total
- age   4:      81552 bytes,    1888624 total
- age   5:      17784 bytes,    1906408 total
- age   6:      80160 bytes,    1986568 total
- age   7:     584152 bytes,    2570720 total
- age   8:     890744 bytes,    3461464 total
: 91979K->4982K(109248K), 0.0074340 secs] 233957K->147327K(502464K), 0.0075900 secs] [Times: user=0.02 sys=0.00, real=0.01 secs] 
Heap after GC invocations=328 (full 2):
 par new generation   total 109248K, used 4982K [0x00000000d5a00000, 0x00000000dda00000, 0x00000000dda00000)
  eden space 87424K,   0% used [0x00000000d5a00000, 0x00000000d5a00000, 0x00000000daf60000)
  from space 21824K,  22% used [0x00000000dc4b0000, 0x00000000dc98dba0, 0x00000000dda00000)
  to   space 21824K,   0% used [0x00000000daf60000, 0x00000000daf60000, 0x00000000dc4b0000)
 concurrent mark-sweep generation total 393216K, used 142344K [0x00000000dda00000, 0x00000000f5a00000, 0x00000000f5a00000)
 concurrent-mark-sweep perm gen total 54228K, used 34977K [0x00000000f5a00000, 0x00000000f8ef5000, 0x0000000100000000)
}
2015-03-18T13:26:36.919-0400: 508099.095: Total time for which application threads were stopped: 0.0083220 seconds
{Heap before GC invocations=328 (full 2):
 par new generation   total 109248K, used 92406K [0x00000000d5a00000, 0x00000000dda00000, 0x00000000dda00000)
  eden space 87424K, 100% used [0x00000000d5a00000, 0x00000000daf60000, 0x00000000daf60000)
  from space 21824K,  22% used [0x00000000dc4b0000, 0x00000000dc98dba0, 0x00000000dda00000)
  to   space 21824K,   0% used [0x00000000daf60000, 0x00000000daf60000, 0x00000000dc4b0000)
 concurrent mark-sweep generation total 393216K, used 129178K [0x00000000dda00000, 0x00000000f5a00000, 0x00000000f5a00000)
 concurrent-mark-sweep perm gen total 54228K, used 34977K [0x00000000f5a00000, 0x00000000f8ef5000, 0x0000000100000000)
2015-03-18T13:26:36.954-0400: 508099.129: [GC2015-03-18T13:26:36.954-0400: 508099.129: [ParNew
Desired survivor size 20112992 bytes, new threshold 8 (max 8)
- age   1:    2593608 bytes,    2593608 total
- age   2:     490792 bytes,    3084400 total
- age   3:      63944 bytes,    3148344 total
- age   4:      71544 bytes,    3219888 total
- age   5:      81480 bytes,    3301368 total
- age   6:      17760 bytes,    3319128 total
- age   7:      79872 bytes,    3399000 total
- age   8:     583496 bytes,    3982496 total
: 92406K->4720K(109248K), 0.0085070 secs] 221585K->134771K(502464K), 0.0086830 secs] [Times: user=0.03 sys=0.00, real=0.01 secs] 
Heap after GC invocations=329 (full 2):
 par new generation   total 109248K, used 4720K [0x00000000d5a00000, 0x00000000dda00000, 0x00000000dda00000)
  eden space 87424K,   0% used [0x00000000d5a00000, 0x00000000d5a00000, 0x00000000daf60000)
  from space 21824K,  21% used [0x00000000daf60000, 0x00000000db3fc320, 0x00000000dc4b0000)
  to   space 21824K,   0% used [0x00000000dc4b0000, 0x00000000dc4b0000, 0x00000000dda00000)
 concurrent mark-sweep generation total 393216K, used 130050K [0x00000000dda00000, 0x00000000f5a00000, 0x00000000f5a00000)
 concurrent-mark-sweep perm gen total 54228K, used 34977K [0x00000000f5a00000, 0x00000000f8ef5000, 0x0000000100000000)
}
2015-03-18T13:26:36.962-0400: 508099.138: Total time for which application threads were stopped: 0.0093770 seconds
{Heap before GC invocations=329 (full 2):
 par new generation   total 109248K, used 92144K [0x00000000d5a00000, 0x00000000dda00000, 0x00000000dda00000)
  eden space 87424K, 100% used [0x00000000d5a00000, 0x00000000daf60000, 0x00000000daf60000)
  from space 21824K,  21% used [0x00000000daf60000, 0x00000000db3fc320, 0x00000000dc4b0000)
  to   space 21824K,   0% used [0x00000000dc4b0000, 0x00000000dc4b0000, 0x00000000dda00000)
 concurrent mark-sweep generation total 393216K, used 114841K [0x00000000dda00000, 0x00000000f5a00000, 0x00000000f5a00000)
 concurrent-mark-sweep perm gen total 54228K, used 34978K [0x00000000f5a00000, 0x00000000f8ef5000, 0x0000000100000000)
2015-03-18T13:26:37.002-0400: 508099.177: [GC2015-03-18T13:26:37.002-0400: 508099.178: [ParNew
Desired survivor size 20112992 bytes, new threshold 8 (max 8)
- age   1:    1895984 bytes,    1895984 total
- age   2:     831544 bytes,    2727528 total
- age   3:     490752 bytes,    3218280 total
- age   4:      63944 bytes,    3282224 total
- age   5:      71544 bytes,    3353768 total
- age   6:      81480 bytes,    3435248 total
- age   7:      17760 bytes,    3453008 total
- age   8:      79872 bytes,    3532880 total
: 92144K->5162K(109248K), 0.0088350 secs] 206986K->120575K(502464K), 0.0090050 secs] [Times: user=0.05 sys=0.00, real=0.01 secs] 
Heap after GC invocations=330 (full 2):
 par new generation   total 109248K, used 5162K [0x00000000d5a00000, 0x00000000dda00000, 0x00000000dda00000)
  eden space 87424K,   0% used [0x00000000d5a00000, 0x00000000d5a00000, 0x00000000daf60000)
  from space 21824K,  23% used [0x00000000dc4b0000, 0x00000000dc9ba8a0, 0x00000000dda00000)
  to   space 21824K,   0% used [0x00000000daf60000, 0x00000000daf60000, 0x00000000dc4b0000)
 concurrent mark-sweep generation total 393216K, used 115413K [0x00000000dda00000, 0x00000000f5a00000, 0x00000000f5a00000)
 concurrent-mark-sweep perm gen total 54228K, used 34978K [0x00000000f5a00000, 0x00000000f8ef5000, 0x0000000100000000)
}
2015-03-18T13:26:37.011-0400: 508099.187: Total time for which application threads were stopped: 0.0098330 seconds
{Heap before GC invocations=330 (full 2):
 par new generation   total 109248K, used 92586K [0x00000000d5a00000, 0x00000000dda00000, 0x00000000dda00000)
  eden space 87424K, 100% used [0x00000000d5a00000, 0x00000000daf60000, 0x00000000daf60000)
  from space 21824K,  23% used [0x00000000dc4b0000, 0x00000000dc9ba8a0, 0x00000000dda00000)
  to   space 21824K,   0% used [0x00000000daf60000, 0x00000000daf60000, 0x00000000dc4b0000)
 concurrent mark-sweep generation total 393216K, used 98279K [0x00000000dda00000, 0x00000000f5a00000, 0x00000000f5a00000)
 concurrent-mark-sweep perm gen total 54228K, used 34984K [0x00000000f5a00000, 0x00000000f8ef5000, 0x0000000100000000)
2015-03-18T13:26:37.050-0400: 508099.225: [GC2015-03-18T13:26:37.050-0400: 508099.225: [ParNew
Desired survivor size 20112992 bytes, new threshold 8 (max 8)
- age   1:    1302456 bytes,    1302456 total
- age   2:     712088 bytes,    2014544 total
- age   3:     831448 bytes,    2845992 total
- age   4:     490680 bytes,    3336672 total
- age   5:      63872 bytes,    3400544 total
- age   6:      71472 bytes,    3472016 total
- age   7:      81096 bytes,    3553112 total
- age   8:      17736 bytes,    3570848 total
: 92586K->4308K(109248K), 0.0079470 secs] 190866K->102668K(502464K), 0.0081280 secs] [Times: user=0.03 sys=0.00, real=0.00 secs] 
Heap after GC invocations=331 (full 2):
 par new generation   total 109248K, used 4308K [0x00000000d5a00000, 0x00000000dda00000, 0x00000000dda00000)
  eden space 87424K,   0% used [0x00000000d5a00000, 0x00000000d5a00000, 0x00000000daf60000)
  from space 21824K,  19% used [0x00000000daf60000, 0x00000000db395140, 0x00000000dc4b0000)
  to   space 21824K,   0% used [0x00000000dc4b0000, 0x00000000dc4b0000, 0x00000000dda00000)
 concurrent mark-sweep generation total 393216K, used 98359K [0x00000000dda00000, 0x00000000f5a00000, 0x00000000f5a00000)
 concurrent-mark-sweep perm gen total 54228K, used 34984K [0x00000000f5a00000, 0x00000000f8ef5000, 0x0000000100000000)
}
2015-03-18T13:26:37.058-0400: 508099.233: Total time for which application threads were stopped: 0.0088850 seconds
{Heap before GC invocations=331 (full 2):
 par new generation   total 109248K, used 91732K [0x00000000d5a00000, 0x00000000dda00000, 0x00000000dda00000)
  eden space 87424K, 100% used [0x00000000d5a00000, 0x00000000daf60000, 0x00000000daf60000)
  from space 21824K,  19% used [0x00000000daf60000, 0x00000000db395140, 0x00000000dc4b0000)
  to   space 21824K,   0% used [0x00000000dc4b0000, 0x00000000dc4b0000, 0x00000000dda00000)
 concurrent mark-sweep generation total 393216K, used 77787K [0x00000000dda00000, 0x00000000f5a00000, 0x00000000f5a00000)
 concurrent-mark-sweep perm gen total 54228K, used 34985K [0x00000000f5a00000, 0x00000000f8ef5000, 0x0000000100000000)
2015-03-18T13:26:37.097-0400: 508099.273: [GC2015-03-18T13:26:37.097-0400: 508099.273: [ParNew
Desired survivor size 20112992 bytes, new threshold 8 (max 8)
- age   1:    1707064 bytes,    1707064 total
- age   2:     581856 bytes,    2288920 total
- age   3:     711960 bytes,    3000880 total
- age   4:     831264 bytes,    3832144 total
- age   5:     490512 bytes,    4322656 total
- age   6:      63080 bytes,    4385736 total
- age   7:      71376 bytes,    4457112 total
- age   8:      80952 bytes,    4538064 total
: 91732K->6307K(109248K), 0.0087260 secs] 169519K->84112K(502464K), 0.0088950 secs] [Times: user=0.03 sys=0.00, real=0.01 secs] 
Heap after GC invocations=332 (full 2):
 par new generation   total 109248K, used 6307K [0x00000000d5a00000, 0x00000000dda00000, 0x00000000dda00000)
  eden space 87424K,   0% used [0x00000000d5a00000, 0x00000000d5a00000, 0x00000000daf60000)
  from space 21824K,  28% used [0x00000000dc4b0000, 0x00000000dcad8f80, 0x00000000dda00000)
  to   space 21824K,   0% used [0x00000000daf60000, 0x00000000daf60000, 0x00000000dc4b0000)
 concurrent mark-sweep generation total 393216K, used 77804K [0x00000000dda00000, 0x00000000f5a00000, 0x00000000f5a00000)
 concurrent-mark-sweep perm gen total 54228K, used 34985K [0x00000000f5a00000, 0x00000000f8ef5000, 0x0000000100000000)
}
2015-03-18T13:26:37.106-0400: 508099.282: Total time for which application threads were stopped: 0.0095580 seconds
{Heap before GC invocations=332 (full 2):
 par new generation   total 109248K, used 93731K [0x00000000d5a00000, 0x00000000dda00000, 0x00000000dda00000)
  eden space 87424K, 100% used [0x00000000d5a00000, 0x00000000daf60000, 0x00000000daf60000)
  from space 21824K,  28% used [0x00000000dc4b0000, 0x00000000dcad8f80, 0x00000000dda00000)
  to   space 21824K,   0% used [0x00000000daf60000, 0x00000000daf60000, 0x00000000dc4b0000)
 concurrent mark-sweep generation total 393216K, used 60072K [0x00000000dda00000, 0x00000000f5a00000, 0x00000000f5a00000)
 concurrent-mark-sweep perm gen total 54228K, used 34985K [0x00000000f5a00000, 0x00000000f8ef5000, 0x0000000100000000)
2015-03-18T13:26:37.139-0400: 508099.315: [GC2015-03-18T13:26:37.139-0400: 508099.315: [ParNew
Desired survivor size 20112992 bytes, new threshold 8 (max 8)
- age   1:    2566416 bytes,    2566416 total
- age   2:     716416 bytes,    3282832 total
- age   3:     581424 bytes,    3864256 total
- age   4:     711824 bytes,    4576080 total
- age   5:     830736 bytes,    5406816 total
- age   6:     490128 bytes,    5896944 total
- age   7:      62464 bytes,    5959408 total
- age   8:      71304 bytes,    6030712 total
: 93731K->6738K(109248K), 0.0108420 secs] 153804K->66891K(502464K), 0.0110030 secs] [Times: user=0.04 sys=0.00, real=0.01 secs] 
Heap after GC invocations=333 (full 2):
 par new generation   total 109248K, used 6738K [0x00000000d5a00000, 0x00000000dda00000, 0x00000000dda00000)
  eden space 87424K,   0% used [0x00000000d5a00000, 0x00000000d5a00000, 0x00000000daf60000)
  from space 21824K,  30% used [0x00000000daf60000, 0x00000000db5f4918, 0x00000000dc4b0000)
  to   space 21824K,   0% used [0x00000000dc4b0000, 0x00000000dc4b0000, 0x00000000dda00000)
 concurrent mark-sweep generation total 393216K, used 60153K [0x00000000dda00000, 0x00000000f5a00000, 0x00000000f5a00000)
 concurrent-mark-sweep perm gen total 54228K, used 34985K [0x00000000f5a00000, 0x00000000f8ef5000, 0x0000000100000000)
}
2015-03-18T13:26:37.150-0400: 508099.326: Total time for which application threads were stopped: 0.0117060 seconds
2015-03-18T13:26:37.156-0400: 508099.331: [CMS-concurrent-sweep: 0.341/0.426 secs] [Times: user=2.85 sys=0.00, real=0.42 secs] 
2015-03-18T13:26:37.156-0400: 508099.331: [CMS-concurrent-reset-start]
2015-03-18T13:26:37.158-0400: 508099.333: [CMS-concurrent-reset: 0.002/0.002 secs] [Times: user=0.02 sys=0.00, real=0.00 secs] 
{Heap before GC invocations=333 (full 2):
 par new generation   total 109248K, used 94162K [0x00000000d5a00000, 0x00000000dda00000, 0x00000000dda00000)
  eden space 87424K, 100% used [0x00000000d5a00000, 0x00000000daf60000, 0x00000000daf60000)
  from space 21824K,  30% used [0x00000000daf60000, 0x00000000db5f4918, 0x00000000dc4b0000)
  to   space 21824K,   0% used [0x00000000dc4b0000, 0x00000000dc4b0000, 0x00000000dda00000)
 concurrent mark-sweep generation total 393216K, used 59820K [0x00000000dda00000, 0x00000000f5a00000, 0x00000000f5a00000)
 concurrent-mark-sweep perm gen total 58312K, used 34985K [0x00000000f5a00000, 0x00000000f92f2000, 0x0000000100000000)
2015-03-18T13:26:37.182-0400: 508099.357: [GC2015-03-18T13:26:37.182-0400: 508099.357: [ParNew
Desired survivor size 20112992 bytes, new threshold 8 (max 8)
- age   1:    2830736 bytes,    2830736 total
- age   2:    1380264 bytes,    4211000 total
- age   3:     716264 bytes,    4927264 total
- age   4:     581328 bytes,    5508592 total
- age   5:     711728 bytes,    6220320 total
- age   6:     830328 bytes,    7050648 total
- age   7:     490080 bytes,    7540728 total
- age   8:      62368 bytes,    7603096 total
: 94162K->10059K(109248K), 0.0107410 secs] 153982K->69950K(502464K), 0.0109080 secs] [Times: user=0.05 sys=0.00, real=0.01 secs] 
Heap after GC invocations=334 (full 2):
 par new generation   total 109248K, used 10059K [0x00000000d5a00000, 0x00000000dda00000, 0x00000000dda00000)
  eden space 87424K,   0% used [0x00000000d5a00000, 0x00000000d5a00000, 0x00000000daf60000)
  from space 21824K,  46% used [0x00000000dc4b0000, 0x00000000dce82d00, 0x00000000dda00000)
  to   space 21824K,   0% used [0x00000000daf60000, 0x00000000daf60000, 0x00000000dc4b0000)
 concurrent mark-sweep generation total 393216K, used 59891K [0x00000000dda00000, 0x00000000f5a00000, 0x00000000f5a00000)
 concurrent-mark-sweep perm gen total 58312K, used 34985K [0x00000000f5a00000, 0x00000000f92f2000, 0x0000000100000000)
}
2015-03-18T13:26:37.193-0400: 508099.368: Total time for which application threads were stopped: 0.0116590 seconds
{Heap before GC invocations=334 (full 2):
 par new generation   total 109248K, used 97483K [0x00000000d5a00000, 0x00000000dda00000, 0x00000000dda00000)
  eden space 87424K, 100% used [0x00000000d5a00000, 0x00000000daf60000, 0x00000000daf60000)
  from space 21824K,  46% used [0x00000000dc4b0000, 0x00000000dce82d00, 0x00000000dda00000)
  to   space 21824K,   0% used [0x00000000daf60000, 0x00000000daf60000, 0x00000000dc4b0000)
 concurrent mark-sweep generation total 393216K, used 59891K [0x00000000dda00000, 0x00000000f5a00000, 0x00000000f5a00000)
 concurrent-mark-sweep perm gen total 58312K, used 34985K [0x00000000f5a00000, 0x00000000f92f2000, 0x0000000100000000)
2015-03-18T13:26:37.232-0400: 508099.408: [GC2015-03-18T13:26:37.232-0400: 508099.408: [ParNew
Desired survivor size 20112992 bytes, new threshold 8 (max 8)
- age   1:    2476184 bytes,    2476184 total
- age   2:    1315400 bytes,    3791584 total
- age   3:    1380128 bytes,    5171712 total
- age   4:     716400 bytes,    5888112 total
- age   5:     581328 bytes,    6469440 total
- age   6:     711728 bytes,    7181168 total
- age   7:     830328 bytes,    8011496 total
- age   8:     490080 bytes,    8501576 total
: 97483K->10104K(109248K), 0.0114240 secs] 157374K->70058K(502464K), 0.0115990 secs] [Times: user=0.04 sys=0.00, real=0.01 secs] 
Heap after GC invocations=335 (full 2):
 par new generation   total 109248K, used 10104K [0x00000000d5a00000, 0x00000000dda00000, 0x00000000dda00000)
  eden space 87424K,   0% used [0x00000000d5a00000, 0x00000000d5a00000, 0x00000000daf60000)
  from space 21824K,  46% used [0x00000000daf60000, 0x00000000db93e130, 0x00000000dc4b0000)
  to   space 21824K,   0% used [0x00000000dc4b0000, 0x00000000dc4b0000, 0x00000000dda00000)
 concurrent mark-sweep generation total 393216K, used 59954K [0x00000000dda00000, 0x00000000f5a00000, 0x00000000f5a00000)
 concurrent-mark-sweep perm gen total 58312K, used 34985K [0x00000000f5a00000, 0x00000000f92f2000, 0x0000000100000000)
}
2015-03-18T13:26:37.244-0400: 508099.419: Total time for which application threads were stopped: 0.0123060 seconds
2015-03-18T13:26:37.260-0400: 508099.436: Total time for which application threads were stopped: 0.0018820 seconds
2015-03-18T13:26:37.283-0400: 508099.459: Total time for which application threads were stopped: 0.0006510 seconds
2015-03-18T13:26:37.284-0400: 508099.459: Total time for which application threads were stopped: 0.0003720 seconds
{Heap before GC invocations=335 (full 2):
 par new generation   total 109248K, used 97522K [0x00000000d5a00000, 0x00000000dda00000, 0x00000000dda00000)
  eden space 87424K,  99% used [0x00000000d5a00000, 0x00000000daf5eab8, 0x00000000daf60000)
  from space 21824K,  46% used [0x00000000daf60000, 0x00000000db93e130, 0x00000000dc4b0000)
  to   space 21824K,   0% used [0x00000000dc4b0000, 0x00000000dc4b0000, 0x00000000dda00000)
 concurrent mark-sweep generation total 393216K, used 59954K [0x00000000dda00000, 0x00000000f5a00000, 0x00000000f5a00000)
 concurrent-mark-sweep perm gen total 58312K, used 34987K [0x00000000f5a00000, 0x00000000f92f2000, 0x0000000100000000)
2015-03-18T13:26:37.285-0400: 508099.461: [GC2015-03-18T13:26:37.285-0400: 508099.461: [ParNew
Desired survivor size 20112992 bytes, new threshold 8 (max 8)
- age   1:    2247696 bytes,    2247696 total
- age   2:    1009888 bytes,    3257584 total
- age   3:    1314952 bytes,    4572536 total
- age   4:    1380128 bytes,    5952664 total
- age   5:     716264 bytes,    6668928 total
- age   6:     581328 bytes,    7250256 total
- age   7:     711728 bytes,    7961984 total
- age   8:     830328 bytes,    8792312 total
: 97522K->14474K(109248K), 0.0119760 secs] 157477K->74910K(502464K), 0.0121300 secs] [Times: user=0.04 sys=0.00, real=0.01 secs] 
Heap after GC invocations=336 (full 2):
 par new generation   total 109248K, used 14474K [0x00000000d5a00000, 0x00000000dda00000, 0x00000000dda00000)
  eden space 87424K,   0% used [0x00000000d5a00000, 0x00000000d5a00000, 0x00000000daf60000)
  from space 21824K,  66% used [0x00000000dc4b0000, 0x00000000dd2d28c0, 0x00000000dda00000)
  to   space 21824K,   0% used [0x00000000daf60000, 0x00000000daf60000, 0x00000000dc4b0000)
 concurrent mark-sweep generation total 393216K, used 60435K [0x00000000dda00000, 0x00000000f5a00000, 0x00000000f5a00000)
 concurrent-mark-sweep perm gen total 58312K, used 34987K [0x00000000f5a00000, 0x00000000f92f2000, 0x0000000100000000)
}
2015-03-18T13:26:37.297-0400: 508099.473: Total time for which application threads were stopped: 0.0126510 seconds
{Heap before GC invocations=336 (full 2):
 par new generation   total 109248K, used 101898K [0x00000000d5a00000, 0x00000000dda00000, 0x00000000dda00000)
  eden space 87424K, 100% used [0x00000000d5a00000, 0x00000000daf60000, 0x00000000daf60000)
  from space 21824K,  66% used [0x00000000dc4b0000, 0x00000000dd2d28c0, 0x00000000dda00000)
  to   space 21824K,   0% used [0x00000000daf60000, 0x00000000daf60000, 0x00000000dc4b0000)
 concurrent mark-sweep generation total 393216K, used 60435K [0x00000000dda00000, 0x00000000f5a00000, 0x00000000f5a00000)
 concurrent-mark-sweep perm gen total 58312K, used 34987K [0x00000000f5a00000, 0x00000000f92f2000, 0x0000000100000000)
2015-03-18T13:26:37.339-0400: 508099.514: [GC2015-03-18T13:26:37.339-0400: 508099.514: [ParNew
Desired survivor size 20112992 bytes, new threshold 8 (max 8)
- age   1:    2368240 bytes,    2368240 total
- age   2:    1252112 bytes,    3620352 total
- age   3:    1009512 bytes,    4629864 total
- age   4:    1314952 bytes,    5944816 total
- age   5:    1380128 bytes,    7324944 total
- age   6:     716264 bytes,    8041208 total
- age   7:     581328 bytes,    8622536 total
- age   8:     711728 bytes,    9334264 total
: 101898K->11867K(109248K), 0.0131380 secs] 162334K->73117K(502464K), 0.0133910 secs] [Times: user=0.07 sys=0.00, real=0.01 secs] 
Heap after GC invocations=337 (full 2):
 par new generation   total 109248K, used 11867K [0x00000000d5a00000, 0x00000000dda00000, 0x00000000dda00000)
  eden space 87424K,   0% used [0x00000000d5a00000, 0x00000000d5a00000, 0x00000000daf60000)
  from space 21824K,  54% used [0x00000000daf60000, 0x00000000dbaf6e20, 0x00000000dc4b0000)
  to   space 21824K,   0% used [0x00000000dc4b0000, 0x00000000dc4b0000, 0x00000000dda00000)
 concurrent mark-sweep generation total 393216K, used 61249K [0x00000000dda00000, 0x00000000f5a00000, 0x00000000f5a00000)
 concurrent-mark-sweep perm gen total 58312K, used 34987K [0x00000000f5a00000, 0x00000000f92f2000, 0x0000000100000000)
}
2015-03-18T13:26:37.352-0400: 508099.528: Total time for which application threads were stopped: 0.0142760 seconds
{Heap before GC invocations=337 (full 2):
 par new generation   total 109248K, used 99291K [0x00000000d5a00000, 0x00000000dda00000, 0x00000000dda00000)
  eden space 87424K, 100% used [0x00000000d5a00000, 0x00000000daf60000, 0x00000000daf60000)
  from space 21824K,  54% used [0x00000000daf60000, 0x00000000dbaf6e20, 0x00000000dc4b0000)
  to   space 21824K,   0% used [0x00000000dc4b0000, 0x00000000dc4b0000, 0x00000000dda00000)
 concurrent mark-sweep generation total 393216K, used 61249K [0x00000000dda00000, 0x00000000f5a00000, 0x00000000f5a00000)
 concurrent-mark-sweep perm gen total 58312K, used 34987K [0x00000000f5a00000, 0x00000000f92f2000, 0x0000000100000000)
2015-03-18T13:26:37.393-0400: 508099.568: [GC2015-03-18T13:26:37.393-0400: 508099.569: [ParNew
Desired survivor size 20112992 bytes, new threshold 8 (max 8)
- age   1:    1474440 bytes,    1474440 total
- age   2:     524592 bytes,    1999032 total
- age   3:    1251688 bytes,    3250720 total
- age   4:    1009416 bytes,    4260136 total
- age   5:    1314880 bytes,    5575016 total
- age   6:    1379744 bytes,    6954760 total
- age   7:     716192 bytes,    7670952 total
- age   8:     581208 bytes,    8252160 total
: 99291K->9916K(109248K), 0.0118850 secs] 160541K->71868K(502464K), 0.0120880 secs] [Times: user=0.05 sys=0.00, real=0.01 secs] 
Heap after GC invocations=338 (full 2):
 par new generation   total 109248K, used 9916K [0x00000000d5a00000, 0x00000000dda00000, 0x00000000dda00000)
  eden space 87424K,   0% used [0x00000000d5a00000, 0x00000000d5a00000, 0x00000000daf60000)
  from space 21824K,  45% used [0x00000000dc4b0000, 0x00000000dce5f140, 0x00000000dda00000)
  to   space 21824K,   0% used [0x00000000daf60000, 0x00000000daf60000, 0x00000000dc4b0000)
 concurrent mark-sweep generation total 393216K, used 61951K [0x00000000dda00000, 0x00000000f5a00000, 0x00000000f5a00000)
 concurrent-mark-sweep perm gen total 58312K, used 34987K [0x00000000f5a00000, 0x00000000f92f2000, 0x0000000100000000)
}
2015-03-18T13:26:37.405-0400: 508099.581: Total time for which application threads were stopped: 0.0128880 seconds
{Heap before GC invocations=338 (full 2):
 par new generation   total 109248K, used 97340K [0x00000000d5a00000, 0x00000000dda00000, 0x00000000dda00000)
  eden space 87424K, 100% used [0x00000000d5a00000, 0x00000000daf60000, 0x00000000daf60000)
  from space 21824K,  45% used [0x00000000dc4b0000, 0x00000000dce5f140, 0x00000000dda00000)
  to   space 21824K,   0% used [0x00000000daf60000, 0x00000000daf60000, 0x00000000dc4b0000)
 concurrent mark-sweep generation total 393216K, used 61951K [0x00000000dda00000, 0x00000000f5a00000, 0x00000000f5a00000)
 concurrent-mark-sweep perm gen total 58312K, used 34987K [0x00000000f5a00000, 0x00000000f92f2000, 0x0000000100000000)
2015-03-18T13:26:37.440-0400: 508099.616: [GC2015-03-18T13:26:37.440-0400: 508099.616: [ParNew
Desired survivor size 20112992 bytes, new threshold 8 (max 8)
- age   1:    2029728 bytes,    2029728 total
- age   2:     111648 bytes,    2141376 total
- age   3:     524000 bytes,    2665376 total
- age   4:    1251288 bytes,    3916664 total
- age   5:    1009320 bytes,    4925984 total
- age   6:    1314592 bytes,    6240576 total
- age   7:    1379064 bytes,    7619640 total
- age   8:     716120 bytes,    8335760 total
: 97340K->12505K(109248K), 0.0115580 secs] 159292K->75028K(502464K), 0.0117440 secs] [Times: user=0.04 sys=0.00, real=0.01 secs] 
Heap after GC invocations=339 (full 2):
 par new generation   total 109248K, used 12505K [0x00000000d5a00000, 0x00000000dda00000, 0x00000000dda00000)
  eden space 87424K,   0% used [0x00000000d5a00000, 0x00000000d5a00000, 0x00000000daf60000)
  from space 21824K,  57% used [0x00000000daf60000, 0x00000000dbb96558, 0x00000000dc4b0000)
  to   space 21824K,   0% used [0x00000000dc4b0000, 0x00000000dc4b0000, 0x00000000dda00000)
 concurrent mark-sweep generation total 393216K, used 62522K [0x00000000dda00000, 0x00000000f5a00000, 0x00000000f5a00000)
 concurrent-mark-sweep perm gen total 58312K, used 34987K [0x00000000f5a00000, 0x00000000f92f2000, 0x0000000100000000)
}
2015-03-18T13:26:37.452-0400: 508099.627: Total time for which application threads were stopped: 0.0124960 seconds
{Heap before GC invocations=339 (full 2):
 par new generation   total 109248K, used 99929K [0x00000000d5a00000, 0x00000000dda00000, 0x00000000dda00000)
  eden space 87424K, 100% used [0x00000000d5a00000, 0x00000000daf60000, 0x00000000daf60000)
  from space 21824K,  57% used [0x00000000daf60000, 0x00000000dbb96558, 0x00000000dc4b0000)
  to   space 21824K,   0% used [0x00000000dc4b0000, 0x00000000dc4b0000, 0x00000000dda00000)
 concurrent mark-sweep generation total 393216K, used 62522K [0x00000000dda00000, 0x00000000f5a00000, 0x00000000f5a00000)
 concurrent-mark-sweep perm gen total 58312K, used 34988K [0x00000000f5a00000, 0x00000000f92f2000, 0x0000000100000000)
2015-03-18T13:26:37.488-0400: 508099.664: [GC2015-03-18T13:26:37.488-0400: 508099.664: [ParNew
Desired survivor size 20112992 bytes, new threshold 8 (max 8)
- age   1:    2222816 bytes,    2222816 total
- age   2:     609840 bytes,    2832656 total
- age   3:     111352 bytes,    2944008 total
- age   4:     524000 bytes,    3468008 total
- age   5:    1251288 bytes,    4719296 total
- age   6:    1009320 bytes,    5728616 total
- age   7:    1314592 bytes,    7043208 total
- age   8:    1379064 bytes,    8422272 total
: 99929K->10509K(109248K), 0.0116440 secs] 162452K->73739K(502464K), 0.0118200 secs] [Times: user=0.04 sys=0.00, real=0.01 secs] 
Heap after GC invocations=340 (full 2):
 par new generation   total 109248K, used 10509K [0x00000000d5a00000, 0x00000000dda00000, 0x00000000dda00000)
  eden space 87424K,   0% used [0x00000000d5a00000, 0x00000000d5a00000, 0x00000000daf60000)
  from space 21824K,  48% used [0x00000000dc4b0000, 0x00000000dcef3530, 0x00000000dda00000)
  to   space 21824K,   0% used [0x00000000daf60000, 0x00000000daf60000, 0x00000000dc4b0000)
 concurrent mark-sweep generation total 393216K, used 63230K [0x00000000dda00000, 0x00000000f5a00000, 0x00000000f5a00000)
 concurrent-mark-sweep perm gen total 58312K, used 34988K [0x00000000f5a00000, 0x00000000f92f2000, 0x0000000100000000)
}
2015-03-18T13:26:37.500-0400: 508099.676: Total time for which application threads were stopped: 0.0124750 seconds
{Heap before GC invocations=340 (full 2):
 par new generation   total 109248K, used 97933K [0x00000000d5a00000, 0x00000000dda00000, 0x00000000dda00000)
  eden space 87424K, 100% used [0x00000000d5a00000, 0x00000000daf60000, 0x00000000daf60000)
  from space 21824K,  48% used [0x00000000dc4b0000, 0x00000000dcef3530, 0x00000000dda00000)
  to   space 21824K,   0% used [0x00000000daf60000, 0x00000000daf60000, 0x00000000dc4b0000)
 concurrent mark-sweep generation total 393216K, used 63230K [0x00000000dda00000, 0x00000000f5a00000, 0x00000000f5a00000)
 concurrent-mark-sweep perm gen total 58312K, used 34988K [0x00000000f5a00000, 0x00000000f92f2000, 0x0000000100000000)
2015-03-18T13:26:37.537-0400: 508099.713: [GC2015-03-18T13:26:37.537-0400: 508099.713: [ParNew
Desired survivor size 20112992 bytes, new threshold 8 (max 8)
- age   1:    1870264 bytes,    1870264 total
- age   2:     286360 bytes,    2156624 total
- age   3:     609288 bytes,    2765912 total
- age   4:     111352 bytes,    2877264 total
- age   5:     524000 bytes,    3401264 total
- age   6:    1250232 bytes,    4651496 total
- age   7:    1009320 bytes,    5660816 total
- age   8:    1314592 bytes,    6975408 total
: 97933K->12467K(109248K), 0.0112670 secs] 161163K->77047K(502464K), 0.0114620 secs] [Times: user=0.04 sys=0.00, real=0.02 secs] 
Heap after GC invocations=341 (full 2):
 par new generation   total 109248K, used 12467K [0x00000000d5a00000, 0x00000000dda00000, 0x00000000dda00000)
  eden space 87424K,   0% used [0x00000000d5a00000, 0x00000000d5a00000, 0x00000000daf60000)
  from space 21824K,  57% used [0x00000000daf60000, 0x00000000dbb8cca8, 0x00000000dc4b0000)
  to   space 21824K,   0% used [0x00000000dc4b0000, 0x00000000dc4b0000, 0x00000000dda00000)
 concurrent mark-sweep generation total 393216K, used 64580K [0x00000000dda00000, 0x00000000f5a00000, 0x00000000f5a00000)
 concurrent-mark-sweep perm gen total 58312K, used 34988K [0x00000000f5a00000, 0x00000000f92f2000, 0x0000000100000000)
}
2015-03-18T13:26:37.549-0400: 508099.724: Total time for which application threads were stopped: 0.0123040 seconds
{Heap before GC invocations=341 (full 2):
 par new generation   total 109248K, used 99891K [0x00000000d5a00000, 0x00000000dda00000, 0x00000000dda00000)
  eden space 87424K, 100% used [0x00000000d5a00000, 0x00000000daf60000, 0x00000000daf60000)
  from space 21824K,  57% used [0x00000000daf60000, 0x00000000dbb8cca8, 0x00000000dc4b0000)
  to   space 21824K,   0% used [0x00000000dc4b0000, 0x00000000dc4b0000, 0x00000000dda00000)
 concurrent mark-sweep generation total 393216K, used 64580K [0x00000000dda00000, 0x00000000f5a00000, 0x00000000f5a00000)
 concurrent-mark-sweep perm gen total 58312K, used 34989K [0x00000000f5a00000, 0x00000000f92f2000, 0x0000000100000000)
2015-03-18T13:26:37.588-0400: 508099.763: [GC2015-03-18T13:26:37.588-0400: 508099.763: [ParNew
Desired survivor size 20112992 bytes, new threshold 8 (max 8)
- age   1:    2973104 bytes,    2973104 total
- age   2:     228440 bytes,    3201544 total
- age   3:     286200 bytes,    3487744 total
- age   4:     609104 bytes,    4096848 total
- age   5:     111352 bytes,    4208200 total
- age   6:     523632 bytes,    4731832 total
- age   7:    1249896 bytes,    5981728 total
- age   8:    1009320 bytes,    6991048 total
: 99891K->9174K(109248K), 0.0115780 secs] 164471K->75046K(502464K), 0.0117430 secs] [Times: user=0.04 sys=0.00, real=0.02 secs] 
Heap after GC invocations=342 (full 2):
 par new generation   total 109248K, used 9174K [0x00000000d5a00000, 0x00000000dda00000, 0x00000000dda00000)
  eden space 87424K,   0% used [0x00000000d5a00000, 0x00000000d5a00000, 0x00000000daf60000)
  from space 21824K,  42% used [0x00000000dc4b0000, 0x00000000dcda5b00, 0x00000000dda00000)
  to   space 21824K,   0% used [0x00000000daf60000, 0x00000000daf60000, 0x00000000dc4b0000)
 concurrent mark-sweep generation total 393216K, used 65872K [0x00000000dda00000, 0x00000000f5a00000, 0x00000000f5a00000)
 concurrent-mark-sweep perm gen total 58312K, used 34989K [0x00000000f5a00000, 0x00000000f92f2000, 0x0000000100000000)
}
2015-03-18T13:26:37.599-0400: 508099.775: Total time for which application threads were stopped: 0.0124600 seconds
{Heap before GC invocations=342 (full 2):
 par new generation   total 109248K, used 96598K [0x00000000d5a00000, 0x00000000dda00000, 0x00000000dda00000)
  eden space 87424K, 100% used [0x00000000d5a00000, 0x00000000daf60000, 0x00000000daf60000)
  from space 21824K,  42% used [0x00000000dc4b0000, 0x00000000dcda5b00, 0x00000000dda00000)
  to   space 21824K,   0% used [0x00000000daf60000, 0x00000000daf60000, 0x00000000dc4b0000)
 concurrent mark-sweep generation total 393216K, used 65872K [0x00000000dda00000, 0x00000000f5a00000, 0x00000000f5a00000)
 concurrent-mark-sweep perm gen total 58312K, used 34989K [0x00000000f5a00000, 0x00000000f92f2000, 0x0000000100000000)
2015-03-18T13:26:37.640-0400: 508099.816: [GC2015-03-18T13:26:37.640-0400: 508099.816: [ParNew
Desired survivor size 20112992 bytes, new threshold 8 (max 8)
- age   1:    2204464 bytes,    2204464 total
- age   2:    1384816 bytes,    3589280 total
- age   3:     228136 bytes,    3817416 total
- age   4:     286200 bytes,    4103616 total
- age   5:     609104 bytes,    4712720 total
- age   6:     111352 bytes,    4824072 total
- age   7:     523632 bytes,    5347704 total
- age   8:    1249896 bytes,    6597600 total
: 96598K->8311K(109248K), 0.0104150 secs] 162470K->75172K(502464K), 0.0106190 secs] [Times: user=0.04 sys=0.00, real=0.01 secs] 
Heap after GC invocations=343 (full 2):
 par new generation   total 109248K, used 8311K [0x00000000d5a00000, 0x00000000dda00000, 0x00000000dda00000)
  eden space 87424K,   0% used [0x00000000d5a00000, 0x00000000d5a00000, 0x00000000daf60000)
  from space 21824K,  38% used [0x00000000daf60000, 0x00000000db77dfd0, 0x00000000dc4b0000)
  to   space 21824K,   0% used [0x00000000dc4b0000, 0x00000000dc4b0000, 0x00000000dda00000)
 concurrent mark-sweep generation total 393216K, used 66860K [0x00000000dda00000, 0x00000000f5a00000, 0x00000000f5a00000)
 concurrent-mark-sweep perm gen total 58312K, used 34989K [0x00000000f5a00000, 0x00000000f92f2000, 0x0000000100000000)
}
2015-03-18T13:26:37.651-0400: 508099.827: Total time for which application threads were stopped: 0.0113680 seconds
{Heap before GC invocations=343 (full 2):
 par new generation   total 109248K, used 95735K [0x00000000d5a00000, 0x00000000dda00000, 0x00000000dda00000)
  eden space 87424K, 100% used [0x00000000d5a00000, 0x00000000daf60000, 0x00000000daf60000)
  from space 21824K,  38% used [0x00000000daf60000, 0x00000000db77dfd0, 0x00000000dc4b0000)
  to   space 21824K,   0% used [0x00000000dc4b0000, 0x00000000dc4b0000, 0x00000000dda00000)
 concurrent mark-sweep generation total 393216K, used 66860K [0x00000000dda00000, 0x00000000f5a00000, 0x00000000f5a00000)
 concurrent-mark-sweep perm gen total 58312K, used 34989K [0x00000000f5a00000, 0x00000000f92f2000, 0x0000000100000000)
2015-03-18T13:26:37.692-0400: 508099.868: [GC2015-03-18T13:26:37.692-0400: 508099.868: [ParNew
Desired survivor size 20112992 bytes, new threshold 8 (max 8)
- age   1:    1897176 bytes,    1897176 total
- age   2:     194144 bytes,    2091320 total
- age   3:    1384680 bytes,    3476000 total
- age   4:     228136 bytes,    3704136 total
- age   5:     285984 bytes,    3990120 total
- age   6:     608888 bytes,    4599008 total
- age   7:     111080 bytes,    4710088 total
- age   8:     523360 bytes,    5233448 total
: 95735K->8495K(109248K), 0.0096000 secs] 162596K->76578K(502464K), 0.0097760 secs] [Times: user=0.04 sys=0.00, real=0.01 secs] 
Heap after GC invocations=344 (full 2):
 par new generation   total 109248K, used 8495K [0x00000000d5a00000, 0x00000000dda00000, 0x00000000dda00000)
  eden space 87424K,   0% used [0x00000000d5a00000, 0x00000000d5a00000, 0x00000000daf60000)
  from space 21824K,  38% used [0x00000000dc4b0000, 0x00000000dccfbcd0, 0x00000000dda00000)
  to   space 21824K,   0% used [0x00000000daf60000, 0x00000000daf60000, 0x00000000dc4b0000)
 concurrent mark-sweep generation total 393216K, used 68083K [0x00000000dda00000, 0x00000000f5a00000, 0x00000000f5a00000)
 concurrent-mark-sweep perm gen total 58312K, used 34989K [0x00000000f5a00000, 0x00000000f92f2000, 0x0000000100000000)
}
2015-03-18T13:26:37.702-0400: 508099.878: Total time for which application threads were stopped: 0.0105230 seconds
{Heap before GC invocations=344 (full 2):
 par new generation   total 109248K, used 95917K [0x00000000d5a00000, 0x00000000dda00000, 0x00000000dda00000)
  eden space 87424K,  99% used [0x00000000d5a00000, 0x00000000daf5f970, 0x00000000daf60000)
  from space 21824K,  38% used [0x00000000dc4b0000, 0x00000000dccfbcd0, 0x00000000dda00000)
  to   space 21824K,   0% used [0x00000000daf60000, 0x00000000daf60000, 0x00000000dc4b0000)
 concurrent mark-sweep generation total 393216K, used 68083K [0x00000000dda00000, 0x00000000f5a00000, 0x00000000f5a00000)
 concurrent-mark-sweep perm gen total 58312K, used 34989K [0x00000000f5a00000, 0x00000000f92f2000, 0x0000000100000000)
2015-03-18T13:26:37.738-0400: 508099.914: [GC2015-03-18T13:26:37.738-0400: 508099.914: [ParNew
Desired survivor size 20112992 bytes, new threshold 8 (max 8)
- age   1:    2419312 bytes,    2419312 total
- age   2:      81176 bytes,    2500488 total
- age   3:     194072 bytes,    2694560 total
- age   4:    1384432 bytes,    4078992 total
- age   5:     228040 bytes,    4307032 total
- age   6:     285912 bytes,    4592944 total
- age   7:     608504 bytes,    5201448 total
- age   8:     111008 bytes,    5312456 total
: 95917K->6060K(109248K), 0.0091470 secs] 164001K->74657K(502464K), 0.0093360 secs] [Times: user=0.03 sys=0.00, real=0.00 secs] 
Heap after GC invocations=345 (full 2):
 par new generation   total 109248K, used 6060K [0x00000000d5a00000, 0x00000000dda00000, 0x00000000dda00000)
  eden space 87424K,   0% used [0x00000000d5a00000, 0x00000000d5a00000, 0x00000000daf60000)
  from space 21824K,  27% used [0x00000000daf60000, 0x00000000db54b210, 0x00000000dc4b0000)
  to   space 21824K,   0% used [0x00000000dc4b0000, 0x00000000dc4b0000, 0x00000000dda00000)
 concurrent mark-sweep generation total 393216K, used 68596K [0x00000000dda00000, 0x00000000f5a00000, 0x00000000f5a00000)
 concurrent-mark-sweep perm gen total 58312K, used 34989K [0x00000000f5a00000, 0x00000000f92f2000, 0x0000000100000000)
}
2015-03-18T13:26:37.748-0400: 508099.923: Total time for which application threads were stopped: 0.0100630 seconds
{Heap before GC invocations=345 (full 2):
 par new generation   total 109248K, used 93484K [0x00000000d5a00000, 0x00000000dda00000, 0x00000000dda00000)
  eden space 87424K, 100% used [0x00000000d5a00000, 0x00000000daf60000, 0x00000000daf60000)
  from space 21824K,  27% used [0x00000000daf60000, 0x00000000db54b210, 0x00000000dc4b0000)
  to   space 21824K,   0% used [0x00000000dc4b0000, 0x00000000dc4b0000, 0x00000000dda00000)
 concurrent mark-sweep generation total 393216K, used 68596K [0x00000000dda00000, 0x00000000f5a00000, 0x00000000f5a00000)
 concurrent-mark-sweep perm gen total 58312K, used 34989K [0x00000000f5a00000, 0x00000000f92f2000, 0x0000000100000000)
2015-03-18T13:26:37.783-0400: 508099.958: [GC2015-03-18T13:26:37.783-0400: 508099.958: [ParNew
Desired survivor size 20112992 bytes, new threshold 8 (max 8)
- age   1:    2075336 bytes,    2075336 total
- age   2:     198800 bytes,    2274136 total
- age   3:      81032 bytes,    2355168 total
- age   4:     194072 bytes,    2549240 total
- age   5:    1384432 bytes,    3933672 total
- age   6:     227824 bytes,    4161496 total
- age   7:     285912 bytes,    4447408 total
- age   8:     608232 bytes,    5055640 total
: 93484K->7987K(109248K), 0.0081390 secs] 162081K->76695K(502464K), 0.0083060 secs] [Times: user=0.03 sys=0.00, real=0.01 secs] 
Heap after GC invocations=346 (full 2):
 par new generation   total 109248K, used 7987K [0x00000000d5a00000, 0x00000000dda00000, 0x00000000dda00000)
  eden space 87424K,   0% used [0x00000000d5a00000, 0x00000000d5a00000, 0x00000000daf60000)
  from space 21824K,  36% used [0x00000000dc4b0000, 0x00000000dcc7cea0, 0x00000000dda00000)
  to   space 21824K,   0% used [0x00000000daf60000, 0x00000000daf60000, 0x00000000dc4b0000)
 concurrent mark-sweep generation total 393216K, used 68707K [0x00000000dda00000, 0x00000000f5a00000, 0x00000000f5a00000)
 concurrent-mark-sweep perm gen total 58312K, used 34989K [0x00000000f5a00000, 0x00000000f92f2000, 0x0000000100000000)
}
2015-03-18T13:26:37.791-0400: 508099.967: Total time for which application threads were stopped: 0.0090180 seconds
{Heap before GC invocations=346 (full 2):
 par new generation   total 109248K, used 95411K [0x00000000d5a00000, 0x00000000dda00000, 0x00000000dda00000)
  eden space 87424K, 100% used [0x00000000d5a00000, 0x00000000daf60000, 0x00000000daf60000)
  from space 21824K,  36% used [0x00000000dc4b0000, 0x00000000dcc7cea0, 0x00000000dda00000)
  to   space 21824K,   0% used [0x00000000daf60000, 0x00000000daf60000, 0x00000000dc4b0000)
 concurrent mark-sweep generation total 393216K, used 68707K [0x00000000dda00000, 0x00000000f5a00000, 0x00000000f5a00000)
 concurrent-mark-sweep perm gen total 58312K, used 34989K [0x00000000f5a00000, 0x00000000f92f2000, 0x0000000100000000)
2015-03-18T13:26:37.827-0400: 508100.003: [GC2015-03-18T13:26:37.828-0400: 508100.003: [ParNew
Desired survivor size 20112992 bytes, new threshold 8 (max 8)
- age   1:    1567840 bytes,    1567840 total
- age   2:     401288 bytes,    1969128 total
- age   3:     198760 bytes,    2167888 total
- age   4:      80888 bytes,    2248776 total
- age   5:     194072 bytes,    2442848 total
- age   6:    1384432 bytes,    3827280 total
- age   7:     227608 bytes,    4054888 total
- age   8:     285640 bytes,    4340528 total
: 95411K->5344K(109248K), 0.0086750 secs] 164119K->74648K(502464K), 0.0088570 secs] [Times: user=0.03 sys=0.00, real=0.01 secs] 
Heap after GC invocations=347 (full 2):
 par new generation   total 109248K, used 5344K [0x00000000d5a00000, 0x00000000dda00000, 0x00000000dda00000)
  eden space 87424K,   0% used [0x00000000d5a00000, 0x00000000d5a00000, 0x00000000daf60000)
  from space 21824K,  24% used [0x00000000daf60000, 0x00000000db498260, 0x00000000dc4b0000)
  to   space 21824K,   0% used [0x00000000dc4b0000, 0x00000000dc4b0000, 0x00000000dda00000)
 concurrent mark-sweep generation total 393216K, used 69304K [0x00000000dda00000, 0x00000000f5a00000, 0x00000000f5a00000)
 concurrent-mark-sweep perm gen total 58312K, used 34989K [0x00000000f5a00000, 0x00000000f92f2000, 0x0000000100000000)
}
2015-03-18T13:26:37.836-0400: 508100.012: Total time for which application threads were stopped: 0.0095810 seconds
2015-03-18T13:26:37.837-0400: 508100.013: Total time for which application threads were stopped: 0.0004660 seconds
2015-03-18T13:26:37.838-0400: 508100.014: Total time for which application threads were stopped: 0.0003520 seconds
2015-03-18T13:26:37.843-0400: 508100.019: Total time for which application threads were stopped: 0.0005190 seconds
{Heap before GC invocations=347 (full 2):
 par new generation   total 109248K, used 92765K [0x00000000d5a00000, 0x00000000dda00000, 0x00000000dda00000)
  eden space 87424K,  99% used [0x00000000d5a00000, 0x00000000daf5f1f8, 0x00000000daf60000)
  from space 21824K,  24% used [0x00000000daf60000, 0x00000000db498260, 0x00000000dc4b0000)
  to   space 21824K,   0% used [0x00000000dc4b0000, 0x00000000dc4b0000, 0x00000000dda00000)
 concurrent mark-sweep generation total 393216K, used 69304K [0x00000000dda00000, 0x00000000f5a00000, 0x00000000f5a00000)
 concurrent-mark-sweep perm gen total 58312K, used 34989K [0x00000000f5a00000, 0x00000000f92f2000, 0x0000000100000000)
2015-03-18T13:26:37.876-0400: 508100.052: [GC2015-03-18T13:26:37.876-0400: 508100.052: [ParNew
Desired survivor size 20112992 bytes, new threshold 8 (max 8)
- age   1:    2611424 bytes,    2611424 total
- age   2:     135704 bytes,    2747128 total
- age   3:     400912 bytes,    3148040 total
- age   4:     198688 bytes,    3346728 total
- age   5:      80816 bytes,    3427544 total
- age   6:     193760 bytes,    3621304 total
- age   7:    1383896 bytes,    5005200 total
- age   8:     227264 bytes,    5232464 total
: 92765K->7545K(109248K), 0.0088220 secs] 162069K->77136K(502464K), 0.0090140 secs] [Times: user=0.03 sys=0.00, real=0.01 secs] 
Heap after GC invocations=348 (full 2):
 par new generation   total 109248K, used 7545K [0x00000000d5a00000, 0x00000000dda00000, 0x00000000dda00000)
  eden space 87424K,   0% used [0x00000000d5a00000, 0x00000000d5a00000, 0x00000000daf60000)
  from space 21824K,  34% used [0x00000000dc4b0000, 0x00000000dcc0e7c0, 0x00000000dda00000)
  to   space 21824K,   0% used [0x00000000daf60000, 0x00000000daf60000, 0x00000000dc4b0000)
 concurrent mark-sweep generation total 393216K, used 69590K [0x00000000dda00000, 0x00000000f5a00000, 0x00000000f5a00000)
 concurrent-mark-sweep perm gen total 58312K, used 34989K [0x00000000f5a00000, 0x00000000f92f2000, 0x0000000100000000)
}
2015-03-18T13:26:37.885-0400: 508100.061: Total time for which application threads were stopped: 0.0097800 seconds
{Heap before GC invocations=348 (full 2):
 par new generation   total 109248K, used 94969K [0x00000000d5a00000, 0x00000000dda00000, 0x00000000dda00000)
  eden space 87424K, 100% used [0x00000000d5a00000, 0x00000000daf60000, 0x00000000daf60000)
  from space 21824K,  34% used [0x00000000dc4b0000, 0x00000000dcc0e7c0, 0x00000000dda00000)
  to   space 21824K,   0% used [0x00000000daf60000, 0x00000000daf60000, 0x00000000dc4b0000)
 concurrent mark-sweep generation total 393216K, used 69590K [0x00000000dda00000, 0x00000000f5a00000, 0x00000000f5a00000)
 concurrent-mark-sweep perm gen total 58312K, used 34991K [0x00000000f5a00000, 0x00000000f92f2000, 0x0000000100000000)
2015-03-18T13:26:37.923-0400: 508100.099: [GC2015-03-18T13:26:37.923-0400: 508100.099: [ParNew
Desired survivor size 20112992 bytes, new threshold 8 (max 8)
- age   1:    2235072 bytes,    2235072 total
- age   2:     792552 bytes,    3027624 total
- age   3:     135656 bytes,    3163280 total
- age   4:     400912 bytes,    3564192 total
- age   5:     198688 bytes,    3762880 total
- age   6:      80816 bytes,    3843696 total
- age   7:     193544 bytes,    4037240 total
- age   8:    1383624 bytes,    5420864 total
: 94969K->6433K(109248K), 0.0085440 secs] 164560K->76248K(502464K), 0.0087030 secs] [Times: user=0.03 sys=0.00, real=0.01 secs] 
Heap after GC invocations=349 (full 2):
 par new generation   total 109248K, used 6433K [0x00000000d5a00000, 0x00000000dda00000, 0x00000000dda00000)
  eden space 87424K,   0% used [0x00000000d5a00000, 0x00000000d5a00000, 0x00000000daf60000)
  from space 21824K,  29% used [0x00000000daf60000, 0x00000000db5a86f0, 0x00000000dc4b0000)
  to   space 21824K,   0% used [0x00000000dc4b0000, 0x00000000dc4b0000, 0x00000000dda00000)
 concurrent mark-sweep generation total 393216K, used 69815K [0x00000000dda00000, 0x00000000f5a00000, 0x00000000f5a00000)
 concurrent-mark-sweep perm gen total 58312K, used 34991K [0x00000000f5a00000, 0x00000000f92f2000, 0x0000000100000000)
}
2015-03-18T13:26:37.932-0400: 508100.107: Total time for which application threads were stopped: 0.0094210 seconds
2015-03-18T13:26:37.933-0400: 508100.108: Total time for which application threads were stopped: 0.0004750 seconds
2015-03-18T13:26:37.934-0400: 508100.109: Total time for which application threads were stopped: 0.0003960 seconds
{Heap before GC invocations=349 (full 2):
 par new generation   total 109248K, used 93857K [0x00000000d5a00000, 0x00000000dda00000, 0x00000000dda00000)
  eden space 87424K, 100% used [0x00000000d5a00000, 0x00000000daf60000, 0x00000000daf60000)
  from space 21824K,  29% used [0x00000000daf60000, 0x00000000db5a86f0, 0x00000000dc4b0000)
  to   space 21824K,   0% used [0x00000000dc4b0000, 0x00000000dc4b0000, 0x00000000dda00000)
 concurrent mark-sweep generation total 393216K, used 69815K [0x00000000dda00000, 0x00000000f5a00000, 0x00000000f5a00000)
 concurrent-mark-sweep perm gen total 58312K, used 34991K [0x00000000f5a00000, 0x00000000f92f2000, 0x0000000100000000)
2015-03-18T13:26:37.967-0400: 508100.143: [GC2015-03-18T13:26:37.968-0400: 508100.143: [ParNew
Desired survivor size 20112992 bytes, new threshold 8 (max 8)
- age   1:    2393464 bytes,    2393464 total
- age   2:     445856 bytes,    2839320 total
- age   3:     792120 bytes,    3631440 total
- age   4:     135512 bytes,    3766952 total
- age   5:     400744 bytes,    4167696 total
- age   6:     198544 bytes,    4366240 total
- age   7:      80048 bytes,    4446288 total
- age   8:     193400 bytes,    4639688 total
: 93857K->8199K(109248K), 0.0096130 secs] 163672K->79369K(502464K), 0.0097950 secs] [Times: user=0.04 sys=0.00, real=0.01 secs] 
Heap after GC invocations=350 (full 2):
 par new generation   total 109248K, used 8199K [0x00000000d5a00000, 0x00000000dda00000, 0x00000000dda00000)
  eden space 87424K,   0% used [0x00000000d5a00000, 0x00000000d5a00000, 0x00000000daf60000)
  from space 21824K,  37% used [0x00000000dc4b0000, 0x00000000dccb1cc0, 0x00000000dda00000)
  to   space 21824K,   0% used [0x00000000daf60000, 0x00000000daf60000, 0x00000000dc4b0000)
 concurrent mark-sweep generation total 393216K, used 71170K [0x00000000dda00000, 0x00000000f5a00000, 0x00000000f5a00000)
 concurrent-mark-sweep perm gen total 58312K, used 34991K [0x00000000f5a00000, 0x00000000f92f2000, 0x0000000100000000)
}
2015-03-18T13:26:37.977-0400: 508100.153: Total time for which application threads were stopped: 0.0105210 seconds
{Heap before GC invocations=350 (full 2):
 par new generation   total 109248K, used 95623K [0x00000000d5a00000, 0x00000000dda00000, 0x00000000dda00000)
  eden space 87424K, 100% used [0x00000000d5a00000, 0x00000000daf60000, 0x00000000daf60000)
  from space 21824K,  37% used [0x00000000dc4b0000, 0x00000000dccb1cc0, 0x00000000dda00000)
  to   space 21824K,   0% used [0x00000000daf60000, 0x00000000daf60000, 0x00000000dc4b0000)
 concurrent mark-sweep generation total 393216K, used 71170K [0x00000000dda00000, 0x00000000f5a00000, 0x00000000f5a00000)
 concurrent-mark-sweep perm gen total 58312K, used 34991K [0x00000000f5a00000, 0x00000000f92f2000, 0x0000000100000000)
2015-03-18T13:26:38.013-0400: 508100.188: [GC2015-03-18T13:26:38.013-0400: 508100.188: [ParNew
Desired survivor size 20112992 bytes, new threshold 8 (max 8)
- age   1:    2136856 bytes,    2136856 total
- age   2:     890696 bytes,    3027552 total
- age   3:     445784 bytes,    3473336 total
- age   4:     792024 bytes,    4265360 total
- age   5:     135416 bytes,    4400776 total
- age   6:     400360 bytes,    4801136 total
- age   7:     198496 bytes,    4999632 total
- age   8:      79952 bytes,    5079584 total
: 95623K->6062K(109248K), 0.0084820 secs] 166793K->77424K(502464K), 0.0086220 secs] [Times: user=0.03 sys=0.00, real=0.01 secs] 
Heap after GC invocations=351 (full 2):
 par new generation   total 109248K, used 6062K [0x00000000d5a00000, 0x00000000dda00000, 0x00000000dda00000)
  eden space 87424K,   0% used [0x00000000d5a00000, 0x00000000d5a00000, 0x00000000daf60000)
  from space 21824K,  27% used [0x00000000daf60000, 0x00000000db54ba80, 0x00000000dc4b0000)
  to   space 21824K,   0% used [0x00000000dc4b0000, 0x00000000dc4b0000, 0x00000000dda00000)
 concurrent mark-sweep generation total 393216K, used 71361K [0x00000000dda00000, 0x00000000f5a00000, 0x00000000f5a00000)
 concurrent-mark-sweep perm gen total 58312K, used 34991K [0x00000000f5a00000, 0x00000000f92f2000, 0x0000000100000000)
}
2015-03-18T13:26:38.021-0400: 508100.197: Total time for which application threads were stopped: 0.0093620 seconds
{Heap before GC invocations=351 (full 2):
 par new generation   total 109248K, used 93486K [0x00000000d5a00000, 0x00000000dda00000, 0x00000000dda00000)
  eden space 87424K, 100% used [0x00000000d5a00000, 0x00000000daf60000, 0x00000000daf60000)
  from space 21824K,  27% used [0x00000000daf60000, 0x00000000db54ba80, 0x00000000dc4b0000)
  to   space 21824K,   0% used [0x00000000dc4b0000, 0x00000000dc4b0000, 0x00000000dda00000)
 concurrent mark-sweep generation total 393216K, used 71361K [0x00000000dda00000, 0x00000000f5a00000, 0x00000000f5a00000)
 concurrent-mark-sweep perm gen total 58312K, used 34991K [0x00000000f5a00000, 0x00000000f92f2000, 0x0000000100000000)
2015-03-18T13:26:38.057-0400: 508100.232: [GC2015-03-18T13:26:38.057-0400: 508100.233: [ParNew
Desired survivor size 20112992 bytes, new threshold 8 (max 8)
- age   1:    2532552 bytes,    2532552 total
- age   2:     722824 bytes,    3255376 total
- age   3:     890000 bytes,    4145376 total
- age   4:     445712 bytes,    4591088 total
- age   5:     791952 bytes,    5383040 total
- age   6:     135032 bytes,    5518072 total
- age   7:     400288 bytes,    5918360 total
- age   8:     198448 bytes,    6116808 total
: 93486K->8451K(109248K), 0.0090750 secs] 164848K->79892K(502464K), 0.0092600 secs] [Times: user=0.03 sys=0.00, real=0.01 secs] 
Heap after GC invocations=352 (full 2):
 par new generation   total 109248K, used 8451K [0x00000000d5a00000, 0x00000000dda00000, 0x00000000dda00000)
  eden space 87424K,   0% used [0x00000000d5a00000, 0x00000000d5a00000, 0x00000000daf60000)
  from space 21824K,  38% used [0x00000000dc4b0000, 0x00000000dccf0c40, 0x00000000dda00000)
  to   space 21824K,   0% used [0x00000000daf60000, 0x00000000daf60000, 0x00000000dc4b0000)
 concurrent mark-sweep generation total 393216K, used 71441K [0x00000000dda00000, 0x00000000f5a00000, 0x00000000f5a00000)
 concurrent-mark-sweep perm gen total 58312K, used 34991K [0x00000000f5a00000, 0x00000000f92f2000, 0x0000000100000000)
}
2015-03-18T13:26:38.066-0400: 508100.242: Total time for which application threads were stopped: 0.0101020 seconds
{Heap before GC invocations=352 (full 2):
 par new generation   total 109248K, used 95875K [0x00000000d5a00000, 0x00000000dda00000, 0x00000000dda00000)
  eden space 87424K, 100% used [0x00000000d5a00000, 0x00000000daf60000, 0x00000000daf60000)
  from space 21824K,  38% used [0x00000000dc4b0000, 0x00000000dccf0c40, 0x00000000dda00000)
  to   space 21824K,   0% used [0x00000000daf60000, 0x00000000daf60000, 0x00000000dc4b0000)
 concurrent mark-sweep generation total 393216K, used 71441K [0x00000000dda00000, 0x00000000f5a00000, 0x00000000f5a00000)
 concurrent-mark-sweep perm gen total 58312K, used 34992K [0x00000000f5a00000, 0x00000000f92f2000, 0x0000000100000000)
2015-03-18T13:26:38.103-0400: 508100.279: [GC2015-03-18T13:26:38.103-0400: 508100.279: [ParNew
Desired survivor size 20112992 bytes, new threshold 8 (max 8)
- age   1:    2032680 bytes,    2032680 total
- age   2:     685624 bytes,    2718304 total
- age   3:     722824 bytes,    3441128 total
- age   4:     890000 bytes,    4331128 total
- age   5:     444656 bytes,    4775784 total
- age   6:     791520 bytes,    5567304 total
- age   7:     134760 bytes,    5702064 total
- age   8:     400016 bytes,    6102080 total
: 95875K->7416K(109248K), 0.0094920 secs] 167316K->79054K(502464K), 0.0096510 secs] [Times: user=0.04 sys=0.00, real=0.01 secs] 
Heap after GC invocations=353 (full 2):
 par new generation   total 109248K, used 7416K [0x00000000d5a00000, 0x00000000dda00000, 0x00000000dda00000)
  eden space 87424K,   0% used [0x00000000d5a00000, 0x00000000d5a00000, 0x00000000daf60000)
  from space 21824K,  33% used [0x00000000daf60000, 0x00000000db69e3f0, 0x00000000dc4b0000)
  to   space 21824K,   0% used [0x00000000dc4b0000, 0x00000000dc4b0000, 0x00000000dda00000)
 concurrent mark-sweep generation total 393216K, used 71637K [0x00000000dda00000, 0x00000000f5a00000, 0x00000000f5a00000)
 concurrent-mark-sweep perm gen total 58312K, used 34992K [0x00000000f5a00000, 0x00000000f92f2000, 0x0000000100000000)
}
2015-03-18T13:26:38.113-0400: 508100.289: Total time for which application threads were stopped: 0.0103030 seconds
{Heap before GC invocations=353 (full 2):
 par new generation   total 109248K, used 94840K [0x00000000d5a00000, 0x00000000dda00000, 0x00000000dda00000)
  eden space 87424K, 100% used [0x00000000d5a00000, 0x00000000daf60000, 0x00000000daf60000)
  from space 21824K,  33% used [0x00000000daf60000, 0x00000000db69e3f0, 0x00000000dc4b0000)
  to   space 21824K,   0% used [0x00000000dc4b0000, 0x00000000dc4b0000, 0x00000000dda00000)
 concurrent mark-sweep generation total 393216K, used 71637K [0x00000000dda00000, 0x00000000f5a00000, 0x00000000f5a00000)
 concurrent-mark-sweep perm gen total 58312K, used 34992K [0x00000000f5a00000, 0x00000000f92f2000, 0x0000000100000000)
2015-03-18T13:26:38.145-0400: 508100.321: [GC2015-03-18T13:26:38.145-0400: 508100.321: [ParNew
Desired survivor size 20112992 bytes, new threshold 8 (max 8)
- age   1:    1718408 bytes,    1718408 total
- age   2:    1050976 bytes,    2769384 total
- age   3:     685032 bytes,    3454416 total
- age   4:     722680 bytes,    4177096 total
- age   5:     889856 bytes,    5066952 total
- age   6:     444200 bytes,    5511152 total
- age   7:     791088 bytes,    6302240 total
- age   8:     134616 bytes,    6436856 total
: 94840K->10586K(109248K), 0.0103800 secs] 166478K->82617K(502464K), 0.0105520 secs] [Times: user=0.04 sys=0.00, real=0.01 secs] 
Heap after GC invocations=354 (full 2):
 par new generation   total 109248K, used 10586K [0x00000000d5a00000, 0x00000000dda00000, 0x00000000dda00000)
  eden space 87424K,   0% used [0x00000000d5a00000, 0x00000000d5a00000, 0x00000000daf60000)
  from space 21824K,  48% used [0x00000000dc4b0000, 0x00000000dcf06b80, 0x00000000dda00000)
  to   space 21824K,   0% used [0x00000000daf60000, 0x00000000daf60000, 0x00000000dc4b0000)
 concurrent mark-sweep generation total 393216K, used 72030K [0x00000000dda00000, 0x00000000f5a00000, 0x00000000f5a00000)
 concurrent-mark-sweep perm gen total 58312K, used 34992K [0x00000000f5a00000, 0x00000000f92f2000, 0x0000000100000000)
}
2015-03-18T13:26:38.156-0400: 508100.331: Total time for which application threads were stopped: 0.0112350 seconds
{Heap before GC invocations=354 (full 2):
 par new generation   total 109248K, used 98004K [0x00000000d5a00000, 0x00000000dda00000, 0x00000000dda00000)
  eden space 87424K,  99% used [0x00000000d5a00000, 0x00000000daf5e810, 0x00000000daf60000)
  from space 21824K,  48% used [0x00000000dc4b0000, 0x00000000dcf06b80, 0x00000000dda00000)
  to   space 21824K,   0% used [0x00000000daf60000, 0x00000000daf60000, 0x00000000dc4b0000)
 concurrent mark-sweep generation total 393216K, used 72030K [0x00000000dda00000, 0x00000000f5a00000, 0x00000000f5a00000)
 concurrent-mark-sweep perm gen total 58312K, used 34992K [0x00000000f5a00000, 0x00000000f92f2000, 0x0000000100000000)
2015-03-18T13:26:38.192-0400: 508100.368: [GC2015-03-18T13:26:38.192-0400: 508100.368: [ParNew
Desired survivor size 20112992 bytes, new threshold 8 (max 8)
- age   1:    2212976 bytes,    2212976 total
- age   2:     790000 bytes,    3002976 total
- age   3:    1050976 bytes,    4053952 total
- age   4:     685032 bytes,    4738984 total
- age   5:     722680 bytes,    5461664 total
- age   6:     889856 bytes,    6351520 total
- age   7:     444200 bytes,    6795720 total
- age   8:     791088 bytes,    7586808 total
: 98004K->8684K(109248K), 0.0106050 secs] 170035K->80853K(502464K), 0.0107680 secs] [Times: user=0.04 sys=0.00, real=0.01 secs] 
Heap after GC invocations=355 (full 2):
 par new generation   total 109248K, used 8684K [0x00000000d5a00000, 0x00000000dda00000, 0x00000000dda00000)
  eden space 87424K,   0% used [0x00000000d5a00000, 0x00000000d5a00000, 0x00000000daf60000)
  from space 21824K,  39% used [0x00000000daf60000, 0x00000000db7db220, 0x00000000dc4b0000)
  to   space 21824K,   0% used [0x00000000dc4b0000, 0x00000000dc4b0000, 0x00000000dda00000)
 concurrent mark-sweep generation total 393216K, used 72168K [0x00000000dda00000, 0x00000000f5a00000, 0x00000000f5a00000)
 concurrent-mark-sweep perm gen total 58312K, used 34992K [0x00000000f5a00000, 0x00000000f92f2000, 0x0000000100000000)
}
2015-03-18T13:26:38.203-0400: 508100.378: Total time for which application threads were stopped: 0.0114580 seconds
{Heap before GC invocations=355 (full 2):
 par new generation   total 109248K, used 96108K [0x00000000d5a00000, 0x00000000dda00000, 0x00000000dda00000)
  eden space 87424K, 100% used [0x00000000d5a00000, 0x00000000daf60000, 0x00000000daf60000)
  from space 21824K,  39% used [0x00000000daf60000, 0x00000000db7db220, 0x00000000dc4b0000)
  to   space 21824K,   0% used [0x00000000dc4b0000, 0x00000000dc4b0000, 0x00000000dda00000)
 concurrent mark-sweep generation total 393216K, used 72168K [0x00000000dda00000, 0x00000000f5a00000, 0x00000000f5a00000)
 concurrent-mark-sweep perm gen total 58312K, used 34994K [0x00000000f5a00000, 0x00000000f92f2000, 0x0000000100000000)
2015-03-18T13:26:38.235-0400: 508100.411: [GC2015-03-18T13:26:38.235-0400: 508100.411: [ParNew
Desired survivor size 20112992 bytes, new threshold 8 (max 8)
- age   1:    1435144 bytes,    1435144 total
- age   2:    1191240 bytes,    2626384 total
- age   3:     789816 bytes,    3416200 total
- age   4:    1050976 bytes,    4467176 total
- age   5:     685032 bytes,    5152208 total
- age   6:     722680 bytes,    5874888 total
- age   7:     889856 bytes,    6764744 total
- age   8:     444200 bytes,    7208944 total
: 96108K->10990K(109248K), 0.0113080 secs] 168277K->83935K(502464K), 0.0114840 secs] [Times: user=0.04 sys=0.00, real=0.01 secs] 
Heap after GC invocations=356 (full 2):
 par new generation   total 109248K, used 10990K [0x00000000d5a00000, 0x00000000dda00000, 0x00000000dda00000)
  eden space 87424K,   0% used [0x00000000d5a00000, 0x00000000d5a00000, 0x00000000daf60000)
  from space 21824K,  50% used [0x00000000dc4b0000, 0x00000000dcf6bb10, 0x00000000dda00000)
  to   space 21824K,   0% used [0x00000000daf60000, 0x00000000daf60000, 0x00000000dc4b0000)
 concurrent mark-sweep generation total 393216K, used 72944K [0x00000000dda00000, 0x00000000f5a00000, 0x00000000f5a00000)
 concurrent-mark-sweep perm gen total 58312K, used 34994K [0x00000000f5a00000, 0x00000000f92f2000, 0x0000000100000000)
}
2015-03-18T13:26:38.247-0400: 508100.422: Total time for which application threads were stopped: 0.0121590 seconds
{Heap before GC invocations=356 (full 2):
 par new generation   total 109248K, used 98414K [0x00000000d5a00000, 0x00000000dda00000, 0x00000000dda00000)
  eden space 87424K, 100% used [0x00000000d5a00000, 0x00000000daf60000, 0x00000000daf60000)
  from space 21824K,  50% used [0x00000000dc4b0000, 0x00000000dcf6bb10, 0x00000000dda00000)
  to   space 21824K,   0% used [0x00000000daf60000, 0x00000000daf60000, 0x00000000dc4b0000)
 concurrent mark-sweep generation total 393216K, used 72944K [0x00000000dda00000, 0x00000000f5a00000, 0x00000000f5a00000)
 concurrent-mark-sweep perm gen total 58312K, used 34994K [0x00000000f5a00000, 0x00000000f92f2000, 0x0000000100000000)
2015-03-18T13:26:38.287-0400: 508100.462: [GC2015-03-18T13:26:38.287-0400: 508100.462: [ParNew
Desired survivor size 20112992 bytes, new threshold 8 (max 8)
- age   1:    1093952 bytes,    1093952 total
- age   2:     515120 bytes,    1609072 total
- age   3:    1190864 bytes,    2799936 total
- age   4:     789816 bytes,    3589752 total
- age   5:    1050976 bytes,    4640728 total
- age   6:     685032 bytes,    5325760 total
- age   7:     722680 bytes,    6048440 total
- age   8:     889856 bytes,    6938296 total
: 98414K->8325K(109248K), 0.0103720 secs] 171359K->81705K(502464K), 0.0105490 secs] [Times: user=0.04 sys=0.00, real=0.01 secs] 
Heap after GC invocations=357 (full 2):
 par new generation   total 109248K, used 8325K [0x00000000d5a00000, 0x00000000dda00000, 0x00000000dda00000)
  eden space 87424K,   0% used [0x00000000d5a00000, 0x00000000d5a00000, 0x00000000daf60000)
  from space 21824K,  38% used [0x00000000daf60000, 0x00000000db7814f0, 0x00000000dc4b0000)
  to   space 21824K,   0% used [0x00000000dc4b0000, 0x00000000dc4b0000, 0x00000000dda00000)
 concurrent mark-sweep generation total 393216K, used 73380K [0x00000000dda00000, 0x00000000f5a00000, 0x00000000f5a00000)
 concurrent-mark-sweep perm gen total 58312K, used 34994K [0x00000000f5a00000, 0x00000000f92f2000, 0x0000000100000000)
}
2015-03-18T13:26:38.297-0400: 508100.473: Total time for which application threads were stopped: 0.0112550 seconds
{Heap before GC invocations=357 (full 2):
 par new generation   total 109248K, used 95749K [0x00000000d5a00000, 0x00000000dda00000, 0x00000000dda00000)
  eden space 87424K, 100% used [0x00000000d5a00000, 0x00000000daf60000, 0x00000000daf60000)
  from space 21824K,  38% used [0x00000000daf60000, 0x00000000db7814f0, 0x00000000dc4b0000)
  to   space 21824K,   0% used [0x00000000dc4b0000, 0x00000000dc4b0000, 0x00000000dda00000)
 concurrent mark-sweep generation total 393216K, used 73380K [0x00000000dda00000, 0x00000000f5a00000, 0x00000000f5a00000)
 concurrent-mark-sweep perm gen total 58312K, used 34994K [0x00000000f5a00000, 0x00000000f92f2000, 0x0000000100000000)
2015-03-18T13:26:38.334-0400: 508100.509: [GC2015-03-18T13:26:38.334-0400: 508100.510: [ParNew
Desired survivor size 20112992 bytes, new threshold 8 (max 8)
- age   1:    1498016 bytes,    1498016 total
- age   2:     290480 bytes,    1788496 total
- age   3:     514808 bytes,    2303304 total
- age   4:    1190720 bytes,    3494024 total
- age   5:     789728 bytes,    4283752 total
- age   6:    1049944 bytes,    5333696 total
- age   7:     684640 bytes,    6018336 total
- age   8:     722488 bytes,    6740824 total
: 95749K->10350K(109248K), 0.0108560 secs] 169129K->84602K(502464K), 0.0110460 secs] [Times: user=0.05 sys=0.00, real=0.01 secs] 
Heap after GC invocations=358 (full 2):
 par new generation   total 109248K, used 10350K [0x00000000d5a00000, 0x00000000dda00000, 0x00000000dda00000)
  eden space 87424K,   0% used [0x00000000d5a00000, 0x00000000d5a00000, 0x00000000daf60000)
  from space 21824K,  47% used [0x00000000dc4b0000, 0x00000000dcecb830, 0x00000000dda00000)
  to   space 21824K,   0% used [0x00000000daf60000, 0x00000000daf60000, 0x00000000dc4b0000)
 concurrent mark-sweep generation total 393216K, used 74252K [0x00000000dda00000, 0x00000000f5a00000, 0x00000000f5a00000)
 concurrent-mark-sweep perm gen total 58312K, used 34994K [0x00000000f5a00000, 0x00000000f92f2000, 0x0000000100000000)
}
2015-03-18T13:26:38.345-0400: 508100.521: Total time for which application threads were stopped: 0.0117590 seconds
{Heap before GC invocations=358 (full 2):
 par new generation   total 109248K, used 97774K [0x00000000d5a00000, 0x00000000dda00000, 0x00000000dda00000)
  eden space 87424K, 100% used [0x00000000d5a00000, 0x00000000daf60000, 0x00000000daf60000)
  from space 21824K,  47% used [0x00000000dc4b0000, 0x00000000dcecb830, 0x00000000dda00000)
  to   space 21824K,   0% used [0x00000000daf60000, 0x00000000daf60000, 0x00000000dc4b0000)
 concurrent mark-sweep generation total 393216K, used 74252K [0x00000000dda00000, 0x00000000f5a00000, 0x00000000f5a00000)
 concurrent-mark-sweep perm gen total 58312K, used 34994K [0x00000000f5a00000, 0x00000000f92f2000, 0x0000000100000000)
2015-03-18T13:26:38.381-0400: 508100.556: [GC2015-03-18T13:26:38.381-0400: 508100.556: [ParNew
Desired survivor size 20112992 bytes, new threshold 8 (max 8)
- age   1:    1067832 bytes,    1067832 total
- age   2:     182088 bytes,    1249920 total
- age   3:     290152 bytes,    1540072 total
- age   4:     514808 bytes,    2054880 total
- age   5:    1190720 bytes,    3245600 total
- age   6:     789672 bytes,    4035272 total
- age   7:    1049944 bytes,    5085216 total
- age   8:     684640 bytes,    5769856 total
: 97774K->7029K(109248K), 0.0099170 secs] 172026K->81990K(502464K), 0.0100720 secs] [Times: user=0.04 sys=0.00, real=0.01 secs] 
Heap after GC invocations=359 (full 2):
 par new generation   total 109248K, used 7029K [0x00000000d5a00000, 0x00000000dda00000, 0x00000000dda00000)
  eden space 87424K,   0% used [0x00000000d5a00000, 0x00000000d5a00000, 0x00000000daf60000)
  from space 21824K,  32% used [0x00000000daf60000, 0x00000000db63d688, 0x00000000dc4b0000)
  to   space 21824K,   0% used [0x00000000dc4b0000, 0x00000000dc4b0000, 0x00000000dda00000)
 concurrent mark-sweep generation total 393216K, used 74961K [0x00000000dda00000, 0x00000000f5a00000, 0x00000000f5a00000)
 concurrent-mark-sweep perm gen total 58312K, used 34994K [0x00000000f5a00000, 0x00000000f92f2000, 0x0000000100000000)
}
2015-03-18T13:26:38.391-0400: 508100.567: Total time for which application threads were stopped: 0.0108990 seconds
{Heap before GC invocations=359 (full 2):
 par new generation   total 109248K, used 94453K [0x00000000d5a00000, 0x00000000dda00000, 0x00000000dda00000)
  eden space 87424K, 100% used [0x00000000d5a00000, 0x00000000daf60000, 0x00000000daf60000)
  from space 21824K,  32% used [0x00000000daf60000, 0x00000000db63d688, 0x00000000dc4b0000)
  to   space 21824K,   0% used [0x00000000dc4b0000, 0x00000000dc4b0000, 0x00000000dda00000)
 concurrent mark-sweep generation total 393216K, used 74961K [0x00000000dda00000, 0x00000000f5a00000, 0x00000000f5a00000)
 concurrent-mark-sweep perm gen total 58312K, used 34994K [0x00000000f5a00000, 0x00000000f92f2000, 0x0000000100000000)
2015-03-18T13:26:38.430-0400: 508100.606: [GC2015-03-18T13:26:38.430-0400: 508100.606: [ParNew
Desired survivor size 20112992 bytes, new threshold 8 (max 8)
- age   1:    2959840 bytes,    2959840 total
- age   2:      72960 bytes,    3032800 total
- age   3:     181304 bytes,    3214104 total
- age   4:     160560 bytes,    3374664 total
- age   5:     514744 bytes,    3889408 total
- age   6:    1190352 bytes,    5079760 total
- age   7:     789400 bytes,    5869160 total
- age   8:    1050000 bytes,    6919160 total
: 94453K->8762K(109248K), 0.0109110 secs] 169414K->84399K(502464K), 0.0111030 secs] [Times: user=0.04 sys=0.00, real=0.01 secs] 
Heap after GC invocations=360 (full 2):
 par new generation   total 109248K, used 8762K [0x00000000d5a00000, 0x00000000dda00000, 0x00000000dda00000)
  eden space 87424K,   0% used [0x00000000d5a00000, 0x00000000d5a00000, 0x00000000daf60000)
  from space 21824K,  40% used [0x00000000dc4b0000, 0x00000000dcd3e970, 0x00000000dda00000)
  to   space 21824K,   0% used [0x00000000daf60000, 0x00000000daf60000, 0x00000000dc4b0000)
 concurrent mark-sweep generation total 393216K, used 75637K [0x00000000dda00000, 0x00000000f5a00000, 0x00000000f5a00000)
 concurrent-mark-sweep perm gen total 58312K, used 34994K [0x00000000f5a00000, 0x00000000f92f2000, 0x0000000100000000)
}
2015-03-18T13:26:38.441-0400: 508100.617: Total time for which application threads were stopped: 0.0117970 seconds
{Heap before GC invocations=360 (full 2):
 par new generation   total 109248K, used 96183K [0x00000000d5a00000, 0x00000000dda00000, 0x00000000dda00000)
  eden space 87424K,  99% used [0x00000000d5a00000, 0x00000000daf5f2d8, 0x00000000daf60000)
  from space 21824K,  40% used [0x00000000dc4b0000, 0x00000000dcd3e970, 0x00000000dda00000)
  to   space 21824K,   0% used [0x00000000daf60000, 0x00000000daf60000, 0x00000000dc4b0000)
 concurrent mark-sweep generation total 393216K, used 75637K [0x00000000dda00000, 0x00000000f5a00000, 0x00000000f5a00000)
 concurrent-mark-sweep perm gen total 58312K, used 34994K [0x00000000f5a00000, 0x00000000f92f2000, 0x0000000100000000)
2015-03-18T13:26:38.477-0400: 508100.653: [GC2015-03-18T13:26:38.477-0400: 508100.653: [ParNew
Desired survivor size 20112992 bytes, new threshold 8 (max 8)
- age   1:    1806616 bytes,    1806616 total
- age   2:    1740112 bytes,    3546728 total
- age   3:      72728 bytes,    3619456 total
- age   4:     181304 bytes,    3800760 total
- age   5:     160344 bytes,    3961104 total
- age   6:     514472 bytes,    4475576 total
- age   7:    1190352 bytes,    5665928 total
- age   8:     789400 bytes,    6455328 total
: 96183K->8517K(109248K), 0.0108060 secs] 171820K->85182K(502464K), 0.0109860 secs] [Times: user=0.04 sys=0.00, real=0.01 secs] 
Heap after GC invocations=361 (full 2):
 par new generation   total 109248K, used 8517K [0x00000000d5a00000, 0x00000000dda00000, 0x00000000dda00000)
  eden space 87424K,   0% used [0x00000000d5a00000, 0x00000000d5a00000, 0x00000000daf60000)
  from space 21824K,  39% used [0x00000000daf60000, 0x00000000db7b16a0, 0x00000000dc4b0000)
  to   space 21824K,   0% used [0x00000000dc4b0000, 0x00000000dc4b0000, 0x00000000dda00000)
 concurrent mark-sweep generation total 393216K, used 76665K [0x00000000dda00000, 0x00000000f5a00000, 0x00000000f5a00000)
 concurrent-mark-sweep perm gen total 58312K, used 34994K [0x00000000f5a00000, 0x00000000f92f2000, 0x0000000100000000)
}
2015-03-18T13:26:38.488-0400: 508100.664: Total time for which application threads were stopped: 0.0117350 seconds
{Heap before GC invocations=361 (full 2):
 par new generation   total 109248K, used 95941K [0x00000000d5a00000, 0x00000000dda00000, 0x00000000dda00000)
  eden space 87424K, 100% used [0x00000000d5a00000, 0x00000000daf60000, 0x00000000daf60000)
  from space 21824K,  39% used [0x00000000daf60000, 0x00000000db7b16a0, 0x00000000dc4b0000)
  to   space 21824K,   0% used [0x00000000dc4b0000, 0x00000000dc4b0000, 0x00000000dda00000)
 concurrent mark-sweep generation total 393216K, used 76665K [0x00000000dda00000, 0x00000000f5a00000, 0x00000000f5a00000)
 concurrent-mark-sweep perm gen total 58312K, used 34995K [0x00000000f5a00000, 0x00000000f92f2000, 0x0000000100000000)
2015-03-18T13:26:38.530-0400: 508100.706: [GC2015-03-18T13:26:38.530-0400: 508100.706: [ParNew
Desired survivor size 20112992 bytes, new threshold 8 (max 8)
- age   1:    1572208 bytes,    1572208 total
- age   2:     498216 bytes,    2070424 total
- age   3:    1739840 bytes,    3810264 total
- age   4:      72728 bytes,    3882992 total
- age   5:     181304 bytes,    4064296 total
- age   6:     160344 bytes,    4224640 total
- age   7:     514408 bytes,    4739048 total
- age   8:    1190352 bytes,    5929400 total
: 95941K->6620K(109248K), 0.0101320 secs] 172606K->84065K(502464K), 0.0103500 secs] [Times: user=0.05 sys=0.00, real=0.01 secs] 
Heap after GC invocations=362 (full 2):
 par new generation   total 109248K, used 6620K [0x00000000d5a00000, 0x00000000dda00000, 0x00000000dda00000)
  eden space 87424K,   0% used [0x00000000d5a00000, 0x00000000d5a00000, 0x00000000daf60000)
  from space 21824K,  30% used [0x00000000dc4b0000, 0x00000000dcb27340, 0x00000000dda00000)
  to   space 21824K,   0% used [0x00000000daf60000, 0x00000000daf60000, 0x00000000dc4b0000)
 concurrent mark-sweep generation total 393216K, used 77444K [0x00000000dda00000, 0x00000000f5a00000, 0x00000000f5a00000)
 concurrent-mark-sweep perm gen total 58312K, used 34995K [0x00000000f5a00000, 0x00000000f92f2000, 0x0000000100000000)
}
2015-03-18T13:26:38.541-0400: 508100.716: Total time for which application threads were stopped: 0.0111120 seconds
{Heap before GC invocations=362 (full 2):
 par new generation   total 109248K, used 94044K [0x00000000d5a00000, 0x00000000dda00000, 0x00000000dda00000)
  eden space 87424K, 100% used [0x00000000d5a00000, 0x00000000daf60000, 0x00000000daf60000)
  from space 21824K,  30% used [0x00000000dc4b0000, 0x00000000dcb27340, 0x00000000dda00000)
  to   space 21824K,   0% used [0x00000000daf60000, 0x00000000daf60000, 0x00000000dc4b0000)
 concurrent mark-sweep generation total 393216K, used 77444K [0x00000000dda00000, 0x00000000f5a00000, 0x00000000f5a00000)
 concurrent-mark-sweep perm gen total 58312K, used 34995K [0x00000000f5a00000, 0x00000000f92f2000, 0x0000000100000000)
2015-03-18T13:26:38.582-0400: 508100.757: [GC2015-03-18T13:26:38.582-0400: 508100.757: [ParNew
Desired survivor size 20112992 bytes, new threshold 8 (max 8)
- age   1:    2726576 bytes,    2726576 total
- age   2:     291776 bytes,    3018352 total
- age   3:     368184 bytes,    3386536 total
- age   4:    1739592 bytes,    5126128 total
- age   5:      72440 bytes,    5198568 total
- age   6:     180920 bytes,    5379488 total
- age   7:     160000 bytes,    5539488 total
- age   8:     514336 bytes,    6053824 total
: 94044K->9048K(109248K), 0.0103300 secs] 171489K->87657K(502464K), 0.0104920 secs] [Times: user=0.04 sys=0.00, real=0.01 secs] 
Heap after GC invocations=363 (full 2):
 par new generation   total 109248K, used 9048K [0x00000000d5a00000, 0x00000000dda00000, 0x00000000dda00000)
  eden space 87424K,   0% used [0x00000000d5a00000, 0x00000000d5a00000, 0x00000000daf60000)
  from space 21824K,  41% used [0x00000000daf60000, 0x00000000db836110, 0x00000000dc4b0000)
  to   space 21824K,   0% used [0x00000000dc4b0000, 0x00000000dc4b0000, 0x00000000dda00000)
 concurrent mark-sweep generation total 393216K, used 78608K [0x00000000dda00000, 0x00000000f5a00000, 0x00000000f5a00000)
 concurrent-mark-sweep perm gen total 58312K, used 34995K [0x00000000f5a00000, 0x00000000f92f2000, 0x0000000100000000)
}
2015-03-18T13:26:38.592-0400: 508100.768: Total time for which application threads were stopped: 0.0113360 seconds
{Heap before GC invocations=363 (full 2):
 par new generation   total 109248K, used 96472K [0x00000000d5a00000, 0x00000000dda00000, 0x00000000dda00000)
  eden space 87424K, 100% used [0x00000000d5a00000, 0x00000000daf60000, 0x00000000daf60000)
  from space 21824K,  41% used [0x00000000daf60000, 0x00000000db836110, 0x00000000dc4b0000)
  to   space 21824K,   0% used [0x00000000dc4b0000, 0x00000000dc4b0000, 0x00000000dda00000)
 concurrent mark-sweep generation total 393216K, used 78608K [0x00000000dda00000, 0x00000000f5a00000, 0x00000000f5a00000)
 concurrent-mark-sweep perm gen total 58312K, used 34995K [0x00000000f5a00000, 0x00000000f92f2000, 0x0000000100000000)
2015-03-18T13:26:38.628-0400: 508100.804: [GC2015-03-18T13:26:38.628-0400: 508100.804: [ParNew
Desired survivor size 20112992 bytes, new threshold 8 (max 8)
- age   1:    1825496 bytes,    1825496 total
- age   2:    1135936 bytes,    2961432 total
- age   3:     291456 bytes,    3252888 total
- age   4:     368184 bytes,    3621072 total
- age   5:    1739592 bytes,    5360664 total
- age   6:      72440 bytes,    5433104 total
- age   7:     180920 bytes,    5614024 total
- age   8:     160000 bytes,    5774024 total
: 96472K->6926K(109248K), 0.0094700 secs] 175081K->86039K(502464K), 0.0096430 secs] [Times: user=0.04 sys=0.00, real=0.01 secs] 
Heap after GC invocations=364 (full 2):
 par new generation   total 109248K, used 6926K [0x00000000d5a00000, 0x00000000dda00000, 0x00000000dda00000)
  eden space 87424K,   0% used [0x00000000d5a00000, 0x00000000d5a00000, 0x00000000daf60000)
  from space 21824K,  31% used [0x00000000dc4b0000, 0x00000000dcb739f0, 0x00000000dda00000)
  to   space 21824K,   0% used [0x00000000daf60000, 0x00000000daf60000, 0x00000000dc4b0000)
 concurrent mark-sweep generation total 393216K, used 79113K [0x00000000dda00000, 0x00000000f5a00000, 0x00000000f5a00000)
 concurrent-mark-sweep perm gen total 58312K, used 34995K [0x00000000f5a00000, 0x00000000f92f2000, 0x0000000100000000)
}
2015-03-18T13:26:38.638-0400: 508100.813: Total time for which application threads were stopped: 0.0103110 seconds
{Heap before GC invocations=364 (full 2):
 par new generation   total 109248K, used 94350K [0x00000000d5a00000, 0x00000000dda00000, 0x00000000dda00000)
  eden space 87424K, 100% used [0x00000000d5a00000, 0x00000000daf60000, 0x00000000daf60000)
  from space 21824K,  31% used [0x00000000dc4b0000, 0x00000000dcb739f0, 0x00000000dda00000)
  to   space 21824K,   0% used [0x00000000daf60000, 0x00000000daf60000, 0x00000000dc4b0000)
 concurrent mark-sweep generation total 393216K, used 79113K [0x00000000dda00000, 0x00000000f5a00000, 0x00000000f5a00000)
 concurrent-mark-sweep perm gen total 58312K, used 34995K [0x00000000f5a00000, 0x00000000f92f2000, 0x0000000100000000)
2015-03-18T13:26:38.675-0400: 508100.850: [GC2015-03-18T13:26:38.675-0400: 508100.851: [ParNew
Desired survivor size 20112992 bytes, new threshold 8 (max 8)
- age   1:    2970400 bytes,    2970400 total
- age   2:     390080 bytes,    3360480 total
- age   3:    1135288 bytes,    4495768 total
- age   4:     291360 bytes,    4787128 total
- age   5:     367896 bytes,    5155024 total
- age   6:    1738968 bytes,    6893992 total
- age   7:      71776 bytes,    6965768 total
- age   8:     180824 bytes,    7146592 total
: 94350K->9843K(109248K), 0.0096620 secs] 173463K->89125K(502464K), 0.0098340 secs] [Times: user=0.03 sys=0.00, real=0.01 secs] 
Heap after GC invocations=365 (full 2):
 par new generation   total 109248K, used 9843K [0x00000000d5a00000, 0x00000000dda00000, 0x00000000dda00000)
  eden space 87424K,   0% used [0x00000000d5a00000, 0x00000000d5a00000, 0x00000000daf60000)
  from space 21824K,  45% used [0x00000000daf60000, 0x00000000db8fcd80, 0x00000000dc4b0000)
  to   space 21824K,   0% used [0x00000000dc4b0000, 0x00000000dc4b0000, 0x00000000dda00000)
 concurrent mark-sweep generation total 393216K, used 79282K [0x00000000dda00000, 0x00000000f5a00000, 0x00000000f5a00000)
 concurrent-mark-sweep perm gen total 58312K, used 34995K [0x00000000f5a00000, 0x00000000f92f2000, 0x0000000100000000)
}
2015-03-18T13:26:38.685-0400: 508100.860: Total time for which application threads were stopped: 0.0105100 seconds
{Heap before GC invocations=365 (full 2):
 par new generation   total 109248K, used 97267K [0x00000000d5a00000, 0x00000000dda00000, 0x00000000dda00000)
  eden space 87424K, 100% used [0x00000000d5a00000, 0x00000000daf60000, 0x00000000daf60000)
  from space 21824K,  45% used [0x00000000daf60000, 0x00000000db8fcd80, 0x00000000dc4b0000)
  to   space 21824K,   0% used [0x00000000dc4b0000, 0x00000000dc4b0000, 0x00000000dda00000)
 concurrent mark-sweep generation total 393216K, used 79282K [0x00000000dda00000, 0x00000000f5a00000, 0x00000000f5a00000)
 concurrent-mark-sweep perm gen total 58312K, used 34995K [0x00000000f5a00000, 0x00000000f92f2000, 0x0000000100000000)
2015-03-18T13:26:38.721-0400: 508100.897: [GC2015-03-18T13:26:38.721-0400: 508100.897: [ParNew
Desired survivor size 20112992 bytes, new threshold 8 (max 8)
- age   1:    2638304 bytes,    2638304 total
- age   2:     771920 bytes,    3410224 total
- age   3:     390080 bytes,    3800304 total
- age   4:    1135136 bytes,    4935440 total
- age   5:     291360 bytes,    5226800 total
- age   6:     367896 bytes,    5594696 total
- age   7:    1738968 bytes,    7333664 total
- age   8:      71776 bytes,    7405440 total
: 97267K->9618K(109248K), 0.0098070 secs] 176549K->89080K(502464K), 0.0099740 secs] [Times: user=0.03 sys=0.00, real=0.01 secs] 
Heap after GC invocations=366 (full 2):
 par new generation   total 109248K, used 9618K [0x00000000d5a00000, 0x00000000dda00000, 0x00000000dda00000)
  eden space 87424K,   0% used [0x00000000d5a00000, 0x00000000d5a00000, 0x00000000daf60000)
  from space 21824K,  44% used [0x00000000dc4b0000, 0x00000000dce14bf0, 0x00000000dda00000)
  to   space 21824K,   0% used [0x00000000daf60000, 0x00000000daf60000, 0x00000000dc4b0000)
 concurrent mark-sweep generation total 393216K, used 79461K [0x00000000dda00000, 0x00000000f5a00000, 0x00000000f5a00000)
 concurrent-mark-sweep perm gen total 58312K, used 34995K [0x00000000f5a00000, 0x00000000f92f2000, 0x0000000100000000)
}
2015-03-18T13:26:38.731-0400: 508100.907: Total time for which application threads were stopped: 0.0106710 seconds
{Heap before GC invocations=366 (full 2):
 par new generation   total 109248K, used 97042K [0x00000000d5a00000, 0x00000000dda00000, 0x00000000dda00000)
  eden space 87424K, 100% used [0x00000000d5a00000, 0x00000000daf60000, 0x00000000daf60000)
  from space 21824K,  44% used [0x00000000dc4b0000, 0x00000000dce14bf0, 0x00000000dda00000)
  to   space 21824K,   0% used [0x00000000daf60000, 0x00000000daf60000, 0x00000000dc4b0000)
 concurrent mark-sweep generation total 393216K, used 79461K [0x00000000dda00000, 0x00000000f5a00000, 0x00000000f5a00000)
 concurrent-mark-sweep perm gen total 58312K, used 34995K [0x00000000f5a00000, 0x00000000f92f2000, 0x0000000100000000)
2015-03-18T13:26:38.768-0400: 508100.944: [GC2015-03-18T13:26:38.769-0400: 508100.944: [ParNew
Desired survivor size 20112992 bytes, new threshold 8 (max 8)
- age   1:    2390424 bytes,    2390424 total
- age   2:     402488 bytes,    2792912 total
- age   3:     771776 bytes,    3564688 total
- age   4:     390080 bytes,    3954768 total
- age   5:    1135136 bytes,    5089904 total
- age   6:     291360 bytes,    5381264 total
- age   7:     367896 bytes,    5749160 total
- age   8:    1738968 bytes,    7488128 total
: 97042K->8266K(109248K), 0.0096950 secs] 176504K->87799K(502464K), 0.0098720 secs] [Times: user=0.04 sys=0.00, real=0.01 secs] 
Heap after GC invocations=367 (full 2):
 par new generation   total 109248K, used 8266K [0x00000000d5a00000, 0x00000000dda00000, 0x00000000dda00000)
  eden space 87424K,   0% used [0x00000000d5a00000, 0x00000000d5a00000, 0x00000000daf60000)
  from space 21824K,  37% used [0x00000000daf60000, 0x00000000db7728e0, 0x00000000dc4b0000)
  to   space 21824K,   0% used [0x00000000dc4b0000, 0x00000000dc4b0000, 0x00000000dda00000)
 concurrent mark-sweep generation total 393216K, used 79533K [0x00000000dda00000, 0x00000000f5a00000, 0x00000000f5a00000)
 concurrent-mark-sweep perm gen total 58312K, used 34995K [0x00000000f5a00000, 0x00000000f92f2000, 0x0000000100000000)
}
2015-03-18T13:26:38.778-0400: 508100.954: Total time for which application threads were stopped: 0.0105640 seconds
{Heap before GC invocations=367 (full 2):
 par new generation   total 109248K, used 95690K [0x00000000d5a00000, 0x00000000dda00000, 0x00000000dda00000)
  eden space 87424K, 100% used [0x00000000d5a00000, 0x00000000daf60000, 0x00000000daf60000)
  from space 21824K,  37% used [0x00000000daf60000, 0x00000000db7728e0, 0x00000000dc4b0000)
  to   space 21824K,   0% used [0x00000000dc4b0000, 0x00000000dc4b0000, 0x00000000dda00000)
 concurrent mark-sweep generation total 393216K, used 79533K [0x00000000dda00000, 0x00000000f5a00000, 0x00000000f5a00000)
 concurrent-mark-sweep perm gen total 58312K, used 34995K [0x00000000f5a00000, 0x00000000f92f2000, 0x0000000100000000)
2015-03-18T13:26:38.817-0400: 508100.992: [GC2015-03-18T13:26:38.817-0400: 508100.992: [ParNew
Desired survivor size 20112992 bytes, new threshold 8 (max 8)
- age   1:    1918008 bytes,    1918008 total
- age   2:     118032 bytes,    2036040 total
- age   3:     402320 bytes,    2438360 total
- age   4:     771408 bytes,    3209768 total
- age   5:     390008 bytes,    3599776 total
- age   6:    1135088 bytes,    4734864 total
- age   7:     291288 bytes,    5026152 total
- age   8:     367512 bytes,    5393664 total
: 95690K->8003K(109248K), 0.0106800 secs] 175223K->89237K(502464K), 0.0108630 secs] [Times: user=0.04 sys=0.00, real=0.01 secs] 
Heap after GC invocations=368 (full 2):
 par new generation   total 109248K, used 8003K [0x00000000d5a00000, 0x00000000dda00000, 0x00000000dda00000)
  eden space 87424K,   0% used [0x00000000d5a00000, 0x00000000d5a00000, 0x00000000daf60000)
  from space 21824K,  36% used [0x00000000dc4b0000, 0x00000000dcc80ed8, 0x00000000dda00000)
  to   space 21824K,   0% used [0x00000000daf60000, 0x00000000daf60000, 0x00000000dc4b0000)
 concurrent mark-sweep generation total 393216K, used 81234K [0x00000000dda00000, 0x00000000f5a00000, 0x00000000f5a00000)
 concurrent-mark-sweep perm gen total 58312K, used 34995K [0x00000000f5a00000, 0x00000000f92f2000, 0x0000000100000000)
}
2015-03-18T13:26:38.828-0400: 508101.003: Total time for which application threads were stopped: 0.0115910 seconds
{Heap before GC invocations=368 (full 2):
 par new generation   total 109248K, used 95427K [0x00000000d5a00000, 0x00000000dda00000, 0x00000000dda00000)
  eden space 87424K, 100% used [0x00000000d5a00000, 0x00000000daf60000, 0x00000000daf60000)
  from space 21824K,  36% used [0x00000000dc4b0000, 0x00000000dcc80ed8, 0x00000000dda00000)
  to   space 21824K,   0% used [0x00000000daf60000, 0x00000000daf60000, 0x00000000dc4b0000)
 concurrent mark-sweep generation total 393216K, used 81234K [0x00000000dda00000, 0x00000000f5a00000, 0x00000000f5a00000)
 concurrent-mark-sweep perm gen total 58312K, used 34995K [0x00000000f5a00000, 0x00000000f92f2000, 0x0000000100000000)
2015-03-18T13:26:38.865-0400: 508101.040: [GC2015-03-18T13:26:38.865-0400: 508101.040: [ParNew
Desired survivor size 20112992 bytes, new threshold 8 (max 8)
- age   1:    1898448 bytes,    1898448 total
- age   2:     860416 bytes,    2758864 total
- age   3:     117584 bytes,    2876448 total
- age   4:     402320 bytes,    3278768 total
- age   5:     771408 bytes,    4050176 total
- age   6:     390008 bytes,    4440184 total
- age   7:    1135088 bytes,    5575272 total
- age   8:     291288 bytes,    5866560 total
: 95427K->7293K(109248K), 0.0092340 secs] 176661K->88897K(502464K), 0.0093910 secs] [Times: user=0.04 sys=0.00, real=0.01 secs] 
Heap after GC invocations=369 (full 2):
 par new generation   total 109248K, used 7293K [0x00000000d5a00000, 0x00000000dda00000, 0x00000000dda00000)
  eden space 87424K,   0% used [0x00000000d5a00000, 0x00000000d5a00000, 0x00000000daf60000)
  from space 21824K,  33% used [0x00000000daf60000, 0x00000000db67f750, 0x00000000dc4b0000)
  to   space 21824K,   0% used [0x00000000dc4b0000, 0x00000000dc4b0000, 0x00000000dda00000)
 concurrent mark-sweep generation total 393216K, used 81603K [0x00000000dda00000, 0x00000000f5a00000, 0x00000000f5a00000)
 concurrent-mark-sweep perm gen total 58312K, used 34995K [0x00000000f5a00000, 0x00000000f92f2000, 0x0000000100000000)
}
2015-03-18T13:26:38.874-0400: 508101.050: Total time for which application threads were stopped: 0.0101060 seconds
{Heap before GC invocations=369 (full 2):
 par new generation   total 109248K, used 94717K [0x00000000d5a00000, 0x00000000dda00000, 0x00000000dda00000)
  eden space 87424K, 100% used [0x00000000d5a00000, 0x00000000daf60000, 0x00000000daf60000)
  from space 21824K,  33% used [0x00000000daf60000, 0x00000000db67f750, 0x00000000dc4b0000)
  to   space 21824K,   0% used [0x00000000dc4b0000, 0x00000000dc4b0000, 0x00000000dda00000)
 concurrent mark-sweep generation total 393216K, used 81603K [0x00000000dda00000, 0x00000000f5a00000, 0x00000000f5a00000)
 concurrent-mark-sweep perm gen total 58312K, used 34995K [0x00000000f5a00000, 0x00000000f92f2000, 0x0000000100000000)
2015-03-18T13:26:38.910-0400: 508101.085: [GC2015-03-18T13:26:38.910-0400: 508101.086: [ParNew
Desired survivor size 20112992 bytes, new threshold 8 (max 8)
- age   1:    1764352 bytes,    1764352 total
- age   2:     431072 bytes,    2195424 total
- age   3:     860208 bytes,    3055632 total
- age   4:     117512 bytes,    3173144 total
- age   5:     402032 bytes,    3575176 total
- age   6:     771360 bytes,    4346536 total
- age   7:     389664 bytes,    4736200 total
- age   8:    1134704 bytes,    5870904 total
: 94717K->10052K(109248K), 0.0088830 secs] 176321K->91942K(502464K), 0.0090780 secs] [Times: user=0.03 sys=0.00, real=0.00 secs] 
Heap after GC invocations=370 (full 2):
 par new generation   total 109248K, used 10052K [0x00000000d5a00000, 0x00000000dda00000, 0x00000000dda00000)
  eden space 87424K,   0% used [0x00000000d5a00000, 0x00000000d5a00000, 0x00000000daf60000)
  from space 21824K,  46% used [0x00000000dc4b0000, 0x00000000dce811c0, 0x00000000dda00000)
  to   space 21824K,   0% used [0x00000000daf60000, 0x00000000daf60000, 0x00000000dc4b0000)
 concurrent mark-sweep generation total 393216K, used 81890K [0x00000000dda00000, 0x00000000f5a00000, 0x00000000f5a00000)
 concurrent-mark-sweep perm gen total 58312K, used 34995K [0x00000000f5a00000, 0x00000000f92f2000, 0x0000000100000000)
}
2015-03-18T13:26:38.919-0400: 508101.095: Total time for which application threads were stopped: 0.0097410 seconds
{Heap before GC invocations=370 (full 2):
 par new generation   total 109248K, used 97476K [0x00000000d5a00000, 0x00000000dda00000, 0x00000000dda00000)
  eden space 87424K, 100% used [0x00000000d5a00000, 0x00000000daf60000, 0x00000000daf60000)
  from space 21824K,  46% used [0x00000000dc4b0000, 0x00000000dce811c0, 0x00000000dda00000)
  to   space 21824K,   0% used [0x00000000daf60000, 0x00000000daf60000, 0x00000000dc4b0000)
 concurrent mark-sweep generation total 393216K, used 81890K [0x00000000dda00000, 0x00000000f5a00000, 0x00000000f5a00000)
 concurrent-mark-sweep perm gen total 58312K, used 34996K [0x00000000f5a00000, 0x00000000f92f2000, 0x0000000100000000)
2015-03-18T13:26:38.957-0400: 508101.133: [GC2015-03-18T13:26:38.957-0400: 508101.133: [ParNew
Desired survivor size 20112992 bytes, new threshold 8 (max 8)
- age   1:    2367864 bytes,    2367864 total
- age   2:     135968 bytes,    2503832 total
- age   3:     301000 bytes,    2804832 total
- age   4:     859984 bytes,    3664816 total
- age   5:     117440 bytes,    3782256 total
- age   6:     401960 bytes,    4184216 total
- age   7:     770760 bytes,    4954976 total
- age   8:     389344 bytes,    5344320 total
: 97476K->6724K(109248K), 0.0104140 secs] 179366K->89725K(502464K), 0.0105750 secs] [Times: user=0.04 sys=0.00, real=0.01 secs] 
Heap after GC invocations=371 (full 2):
 par new generation   total 109248K, used 6724K [0x00000000d5a00000, 0x00000000dda00000, 0x00000000dda00000)
  eden space 87424K,   0% used [0x00000000d5a00000, 0x00000000d5a00000, 0x00000000daf60000)
  from space 21824K,  30% used [0x00000000daf60000, 0x00000000db5f12c0, 0x00000000dc4b0000)
  to   space 21824K,   0% used [0x00000000dc4b0000, 0x00000000dc4b0000, 0x00000000dda00000)
 concurrent mark-sweep generation total 393216K, used 83000K [0x00000000dda00000, 0x00000000f5a00000, 0x00000000f5a00000)
 concurrent-mark-sweep perm gen total 58312K, used 34996K [0x00000000f5a00000, 0x00000000f92f2000, 0x0000000100000000)
}
2015-03-18T13:26:38.968-0400: 508101.144: Total time for which application threads were stopped: 0.0113080 seconds
2015-03-18T13:26:38.986-0400: 508101.162: Total time for which application threads were stopped: 0.0006480 seconds
2015-03-18T13:26:38.987-0400: 508101.163: Total time for which application threads were stopped: 0.0004180 seconds
{Heap before GC invocations=371 (full 2):
 par new generation   total 109248K, used 94148K [0x00000000d5a00000, 0x00000000dda00000, 0x00000000dda00000)
  eden space 87424K, 100% used [0x00000000d5a00000, 0x00000000daf60000, 0x00000000daf60000)
  from space 21824K,  30% used [0x00000000daf60000, 0x00000000db5f12c0, 0x00000000dc4b0000)
  to   space 21824K,   0% used [0x00000000dc4b0000, 0x00000000dc4b0000, 0x00000000dda00000)
 concurrent mark-sweep generation total 393216K, used 83000K [0x00000000dda00000, 0x00000000f5a00000, 0x00000000f5a00000)
 concurrent-mark-sweep perm gen total 58312K, used 34997K [0x00000000f5a00000, 0x00000000f92f2000, 0x0000000100000000)
2015-03-18T13:26:39.005-0400: 508101.181: [GC2015-03-18T13:26:39.005-0400: 508101.181: [ParNew
Desired survivor size 20112992 bytes, new threshold 8 (max 8)
- age   1:    2732264 bytes,    2732264 total
- age   2:    1345648 bytes,    4077912 total
- age   3:     135736 bytes,    4213648 total
- age   4:     300928 bytes,    4514576 total
- age   5:     859912 bytes,    5374488 total
- age   6:     117368 bytes,    5491856 total
- age   7:     401968 bytes,    5893824 total
- age   8:     770408 bytes,    6664232 total
: 94148K->9173K(109248K), 0.0098880 secs] 177149K->92556K(502464K), 0.0100630 secs] [Times: user=0.04 sys=0.00, real=0.01 secs] 
Heap after GC invocations=372 (full 2):
 par new generation   total 109248K, used 9173K [0x00000000d5a00000, 0x00000000dda00000, 0x00000000dda00000)
  eden space 87424K,   0% used [0x00000000d5a00000, 0x00000000d5a00000, 0x00000000daf60000)
  from space 21824K,  42% used [0x00000000dc4b0000, 0x00000000dcda5680, 0x00000000dda00000)
  to   space 21824K,   0% used [0x00000000daf60000, 0x00000000daf60000, 0x00000000dc4b0000)
 concurrent mark-sweep generation total 393216K, used 83382K [0x00000000dda00000, 0x00000000f5a00000, 0x00000000f5a00000)
 concurrent-mark-sweep perm gen total 58312K, used 34997K [0x00000000f5a00000, 0x00000000f92f2000, 0x0000000100000000)
}
2015-03-18T13:26:39.015-0400: 508101.191: Total time for which application threads were stopped: 0.0107610 seconds
{Heap before GC invocations=372 (full 2):
 par new generation   total 109248K, used 96597K [0x00000000d5a00000, 0x00000000dda00000, 0x00000000dda00000)
  eden space 87424K, 100% used [0x00000000d5a00000, 0x00000000daf60000, 0x00000000daf60000)
  from space 21824K,  42% used [0x00000000dc4b0000, 0x00000000dcda5680, 0x00000000dda00000)
  to   space 21824K,   0% used [0x00000000daf60000, 0x00000000daf60000, 0x00000000dc4b0000)
 concurrent mark-sweep generation total 393216K, used 83382K [0x00000000dda00000, 0x00000000f5a00000, 0x00000000f5a00000)
 concurrent-mark-sweep perm gen total 58312K, used 34997K [0x00000000f5a00000, 0x00000000f92f2000, 0x0000000100000000)
2015-03-18T13:26:39.056-0400: 508101.231: [GC2015-03-18T13:26:39.056-0400: 508101.232: [ParNew
Desired survivor size 20112992 bytes, new threshold 8 (max 8)
- age   1:    1889736 bytes,    1889736 total
- age   2:    1266520 bytes,    3156256 total
- age   3:    1345512 bytes,    4501768 total
- age   4:     135736 bytes,    4637504 total
- age   5:     300928 bytes,    4938432 total
- age   6:     859912 bytes,    5798344 total
- age   7:     117368 bytes,    5915712 total
- age   8:     401888 bytes,    6317600 total
: 96597K->8071K(109248K), 0.0101070 secs] 179980K->92208K(502464K), 0.0102990 secs] [Times: user=0.05 sys=0.00, real=0.01 secs] 
Heap after GC invocations=373 (full 2):
 par new generation   total 109248K, used 8071K [0x00000000d5a00000, 0x00000000dda00000, 0x00000000dda00000)
  eden space 87424K,   0% used [0x00000000d5a00000, 0x00000000d5a00000, 0x00000000daf60000)
  from space 21824K,  36% used [0x00000000daf60000, 0x00000000db741c68, 0x00000000dc4b0000)
  to   space 21824K,   0% used [0x00000000dc4b0000, 0x00000000dc4b0000, 0x00000000dda00000)
 concurrent mark-sweep generation total 393216K, used 84137K [0x00000000dda00000, 0x00000000f5a00000, 0x00000000f5a00000)
 concurrent-mark-sweep perm gen total 58312K, used 34997K [0x00000000f5a00000, 0x00000000f92f2000, 0x0000000100000000)
}
2015-03-18T13:26:39.066-0400: 508101.242: Total time for which application threads were stopped: 0.0110520 seconds
{Heap before GC invocations=373 (full 2):
 par new generation   total 109248K, used 95486K [0x00000000d5a00000, 0x00000000dda00000, 0x00000000dda00000)
  eden space 87424K,  99% used [0x00000000d5a00000, 0x00000000daf5df38, 0x00000000daf60000)
  from space 21824K,  36% used [0x00000000daf60000, 0x00000000db741c68, 0x00000000dc4b0000)
  to   space 21824K,   0% used [0x00000000dc4b0000, 0x00000000dc4b0000, 0x00000000dda00000)
 concurrent mark-sweep generation total 393216K, used 84137K [0x00000000dda00000, 0x00000000f5a00000, 0x00000000f5a00000)
 concurrent-mark-sweep perm gen total 58312K, used 34997K [0x00000000f5a00000, 0x00000000f92f2000, 0x0000000100000000)
2015-03-18T13:26:39.107-0400: 508101.282: [GC2015-03-18T13:26:39.107-0400: 508101.282: [ParNew
Desired survivor size 20112992 bytes, new threshold 8 (max 8)
- age   1:    2542128 bytes,    2542128 total
- age   2:     135584 bytes,    2677712 total
- age   3:    1264960 bytes,    3942672 total
- age   4:    1345512 bytes,    5288184 total
- age   5:     135736 bytes,    5423920 total
- age   6:     300496 bytes,    5724416 total
- age   7:     859640 bytes,    6584056 total
- age   8:     117096 bytes,    6701152 total
: 95486K->8025K(109248K), 0.0100420 secs] 179624K->92558K(502464K), 0.0101990 secs] [Times: user=0.04 sys=0.00, real=0.01 secs] 
Heap after GC invocations=374 (full 2):
 par new generation   total 109248K, used 8025K [0x00000000d5a00000, 0x00000000dda00000, 0x00000000dda00000)
  eden space 87424K,   0% used [0x00000000d5a00000, 0x00000000d5a00000, 0x00000000daf60000)
  from space 21824K,  36% used [0x00000000dc4b0000, 0x00000000dcc867c0, 0x00000000dda00000)
  to   space 21824K,   0% used [0x00000000daf60000, 0x00000000daf60000, 0x00000000dc4b0000)
 concurrent mark-sweep generation total 393216K, used 84532K [0x00000000dda00000, 0x00000000f5a00000, 0x00000000f5a00000)
 concurrent-mark-sweep perm gen total 58312K, used 34997K [0x00000000f5a00000, 0x00000000f92f2000, 0x0000000100000000)
}
2015-03-18T13:26:39.117-0400: 508101.293: Total time for which application threads were stopped: 0.0110140 seconds
{Heap before GC invocations=374 (full 2):
 par new generation   total 109248K, used 95440K [0x00000000d5a00000, 0x00000000dda00000, 0x00000000dda00000)
  eden space 87424K,  99% used [0x00000000d5a00000, 0x00000000daf5da30, 0x00000000daf60000)
  from space 21824K,  36% used [0x00000000dc4b0000, 0x00000000dcc867c0, 0x00000000dda00000)
  to   space 21824K,   0% used [0x00000000daf60000, 0x00000000daf60000, 0x00000000dc4b0000)
 concurrent mark-sweep generation total 393216K, used 84532K [0x00000000dda00000, 0x00000000f5a00000, 0x00000000f5a00000)
 concurrent-mark-sweep perm gen total 58312K, used 34997K [0x00000000f5a00000, 0x00000000f92f2000, 0x0000000100000000)
2015-03-18T13:26:39.160-0400: 508101.336: [GC2015-03-18T13:26:39.160-0400: 508101.336: [ParNew
Desired survivor size 20112992 bytes, new threshold 8 (max 8)
- age   1:    1852904 bytes,    1852904 total
- age   2:    1021384 bytes,    2874288 total
- age   3:     135440 bytes,    3009728 total
- age   4:    1264960 bytes,    4274688 total
- age   5:    1345512 bytes,    5620200 total
- age   6:     135736 bytes,    5755936 total
- age   7:     300496 bytes,    6056432 total
- age   8:     859640 bytes,    6916072 total
: 95440K->9991K(109248K), 0.0097930 secs] 179972K->94644K(502464K), 0.0099850 secs] [Times: user=0.05 sys=0.00, real=0.01 secs] 
Heap after GC invocations=375 (full 2):
 par new generation   total 109248K, used 9991K [0x00000000d5a00000, 0x00000000dda00000, 0x00000000dda00000)
  eden space 87424K,   0% used [0x00000000d5a00000, 0x00000000d5a00000, 0x00000000daf60000)
  from space 21824K,  45% used [0x00000000daf60000, 0x00000000db921c50, 0x00000000dc4b0000)
  to   space 21824K,   0% used [0x00000000dc4b0000, 0x00000000dc4b0000, 0x00000000dda00000)
 concurrent mark-sweep generation total 393216K, used 84653K [0x00000000dda00000, 0x00000000f5a00000, 0x00000000f5a00000)
 concurrent-mark-sweep perm gen total 58312K, used 34997K [0x00000000f5a00000, 0x00000000f92f2000, 0x0000000100000000)
}
2015-03-18T13:26:39.170-0400: 508101.346: Total time for which application threads were stopped: 0.0106800 seconds
{Heap before GC invocations=375 (full 2):
 par new generation   total 109248K, used 97415K [0x00000000d5a00000, 0x00000000dda00000, 0x00000000dda00000)
  eden space 87424K, 100% used [0x00000000d5a00000, 0x00000000daf60000, 0x00000000daf60000)
  from space 21824K,  45% used [0x00000000daf60000, 0x00000000db921c50, 0x00000000dc4b0000)
  to   space 21824K,   0% used [0x00000000dc4b0000, 0x00000000dc4b0000, 0x00000000dda00000)
 concurrent mark-sweep generation total 393216K, used 84653K [0x00000000dda00000, 0x00000000f5a00000, 0x00000000f5a00000)
 concurrent-mark-sweep perm gen total 58312K, used 34997K [0x00000000f5a00000, 0x00000000f92f2000, 0x0000000100000000)
2015-03-18T13:26:39.211-0400: 508101.387: [GC2015-03-18T13:26:39.212-0400: 508101.387: [ParNew
Desired survivor size 20112992 bytes, new threshold 8 (max 8)
- age   1:    1220504 bytes,    1220504 total
- age   2:     395432 bytes,    1615936 total
- age   3:    1020960 bytes,    2636896 total
- age   4:     135224 bytes,    2772120 total
- age   5:    1264848 bytes,    4036968 total
- age   6:    1344816 bytes,    5381784 total
- age   7:     135280 bytes,    5517064 total
- age   8:     300104 bytes,    5817168 total
: 97415K->7920K(109248K), 0.0100600 secs] 182068K->93415K(502464K), 0.0102330 secs] [Times: user=0.05 sys=0.00, real=0.01 secs] 
Heap after GC invocations=376 (full 2):
 par new generation   total 109248K, used 7920K [0x00000000d5a00000, 0x00000000dda00000, 0x00000000dda00000)
  eden space 87424K,   0% used [0x00000000d5a00000, 0x00000000d5a00000, 0x00000000daf60000)
  from space 21824K,  36% used [0x00000000dc4b0000, 0x00000000dcc6c040, 0x00000000dda00000)
  to   space 21824K,   0% used [0x00000000daf60000, 0x00000000daf60000, 0x00000000dc4b0000)
 concurrent mark-sweep generation total 393216K, used 85495K [0x00000000dda00000, 0x00000000f5a00000, 0x00000000f5a00000)
 concurrent-mark-sweep perm gen total 58312K, used 34997K [0x00000000f5a00000, 0x00000000f92f2000, 0x0000000100000000)
}
2015-03-18T13:26:39.222-0400: 508101.397: Total time for which application threads were stopped: 0.0109680 seconds
{Heap before GC invocations=376 (full 2):
 par new generation   total 109248K, used 95344K [0x00000000d5a00000, 0x00000000dda00000, 0x00000000dda00000)
  eden space 87424K, 100% used [0x00000000d5a00000, 0x00000000daf60000, 0x00000000daf60000)
  from space 21824K,  36% used [0x00000000dc4b0000, 0x00000000dcc6c040, 0x00000000dda00000)
  to   space 21824K,   0% used [0x00000000daf60000, 0x00000000daf60000, 0x00000000dc4b0000)
 concurrent mark-sweep generation total 393216K, used 85495K [0x00000000dda00000, 0x00000000f5a00000, 0x00000000f5a00000)
 concurrent-mark-sweep perm gen total 58312K, used 34997K [0x00000000f5a00000, 0x00000000f92f2000, 0x0000000100000000)
2015-03-18T13:26:39.259-0400: 508101.435: [GC2015-03-18T13:26:39.259-0400: 508101.435: [ParNew
Desired survivor size 20112992 bytes, new threshold 8 (max 8)
- age   1:    2485672 bytes,    2485672 total
- age   2:     173744 bytes,    2659416 total
- age   3:     395144 bytes,    3054560 total
- age   4:    1020784 bytes,    4075344 total
- age   5:     135224 bytes,    4210568 total
- age   6:    1264816 bytes,    5475384 total
- age   7:    1344816 bytes,    6820200 total
- age   8:     135280 bytes,    6955480 total
: 95344K->8580K(109248K), 0.0098870 secs] 180839K->94376K(502464K), 0.0100960 secs] [Times: user=0.05 sys=0.00, real=0.01 secs] 
Heap after GC invocations=377 (full 2):
 par new generation   total 109248K, used 8580K [0x00000000d5a00000, 0x00000000dda00000, 0x00000000dda00000)
  eden space 87424K,   0% used [0x00000000d5a00000, 0x00000000d5a00000, 0x00000000daf60000)
  from space 21824K,  39% used [0x00000000daf60000, 0x00000000db7c1370, 0x00000000dc4b0000)
  to   space 21824K,   0% used [0x00000000dc4b0000, 0x00000000dc4b0000, 0x00000000dda00000)
 concurrent mark-sweep generation total 393216K, used 85796K [0x00000000dda00000, 0x00000000f5a00000, 0x00000000f5a00000)
 concurrent-mark-sweep perm gen total 58312K, used 34997K [0x00000000f5a00000, 0x00000000f92f2000, 0x0000000100000000)
}
2015-03-18T13:26:39.269-0400: 508101.445: Total time for which application threads were stopped: 0.0108210 seconds
{Heap before GC invocations=377 (full 2):
 par new generation   total 109248K, used 95989K [0x00000000d5a00000, 0x00000000dda00000, 0x00000000dda00000)
  eden space 87424K,  99% used [0x00000000d5a00000, 0x00000000daf5c2b0, 0x00000000daf60000)
  from space 21824K,  39% used [0x00000000daf60000, 0x00000000db7c1370, 0x00000000dc4b0000)
  to   space 21824K,   0% used [0x00000000dc4b0000, 0x00000000dc4b0000, 0x00000000dda00000)
 concurrent mark-sweep generation total 393216K, used 85796K [0x00000000dda00000, 0x00000000f5a00000, 0x00000000f5a00000)
 concurrent-mark-sweep perm gen total 58312K, used 34998K [0x00000000f5a00000, 0x00000000f92f2000, 0x0000000100000000)
2015-03-18T13:26:39.310-0400: 508101.486: [GC2015-03-18T13:26:39.310-0400: 508101.486: [ParNew
Desired survivor size 20112992 bytes, new threshold 8 (max 8)
- age   1:    2589896 bytes,    2589896 total
- age   2:     642344 bytes,    3232240 total
- age   3:     173448 bytes,    3405688 total
- age   4:     395144 bytes,    3800832 total
- age   5:    1020632 bytes,    4821464 total
- age   6:     135224 bytes,    4956688 total
- age   7:    1264816 bytes,    6221504 total
- age   8:    1344816 bytes,    7566320 total
: 95989K->11748K(109248K), 0.0104810 secs] 181785K->97679K(502464K), 0.0106630 secs] [Times: user=0.05 sys=0.00, real=0.01 secs] 
Heap after GC invocations=378 (full 2):
 par new generation   total 109248K, used 11748K [0x00000000d5a00000, 0x00000000dda00000, 0x00000000dda00000)
  eden space 87424K,   0% used [0x00000000d5a00000, 0x00000000d5a00000, 0x00000000daf60000)
  from space 21824K,  53% used [0x00000000dc4b0000, 0x00000000dd029380, 0x00000000dda00000)
  to   space 21824K,   0% used [0x00000000daf60000, 0x00000000daf60000, 0x00000000dc4b0000)
 concurrent mark-sweep generation total 393216K, used 85930K [0x00000000dda00000, 0x00000000f5a00000, 0x00000000f5a00000)
 concurrent-mark-sweep perm gen total 58312K, used 34998K [0x00000000f5a00000, 0x00000000f92f2000, 0x0000000100000000)
}
2015-03-18T13:26:39.321-0400: 508101.497: Total time for which application threads were stopped: 0.0114280 seconds
{Heap before GC invocations=378 (full 2):
 par new generation   total 109248K, used 99172K [0x00000000d5a00000, 0x00000000dda00000, 0x00000000dda00000)
  eden space 87424K, 100% used [0x00000000d5a00000, 0x00000000daf60000, 0x00000000daf60000)
  from space 21824K,  53% used [0x00000000dc4b0000, 0x00000000dd029380, 0x00000000dda00000)
  to   space 21824K,   0% used [0x00000000daf60000, 0x00000000daf60000, 0x00000000dc4b0000)
 concurrent mark-sweep generation total 393216K, used 85930K [0x00000000dda00000, 0x00000000f5a00000, 0x00000000f5a00000)
 concurrent-mark-sweep perm gen total 58312K, used 34998K [0x00000000f5a00000, 0x00000000f92f2000, 0x0000000100000000)
2015-03-18T13:26:39.361-0400: 508101.537: [GC2015-03-18T13:26:39.361-0400: 508101.537: [ParNew
Desired survivor size 20112992 bytes, new threshold 8 (max 8)
- age   1:    1700136 bytes,    1700136 total
- age   2:    1320696 bytes,    3020832 total
- age   3:     642200 bytes,    3663032 total
- age   4:     173448 bytes,    3836480 total
- age   5:     395144 bytes,    4231624 total
- age   6:    1020416 bytes,    5252040 total
- age   7:     135224 bytes,    5387264 total
- age   8:    1264544 bytes,    6651808 total
: 99172K->8289K(109248K), 0.0111080 secs] 185103K->95538K(502464K), 0.0113110 secs] [Times: user=0.05 sys=0.00, real=0.01 secs] 
Heap after GC invocations=379 (full 2):
 par new generation   total 109248K, used 8289K [0x00000000d5a00000, 0x00000000dda00000, 0x00000000dda00000)
  eden space 87424K,   0% used [0x00000000d5a00000, 0x00000000d5a00000, 0x00000000daf60000)
  from space 21824K,  37% used [0x00000000daf60000, 0x00000000db778670, 0x00000000dc4b0000)
  to   space 21824K,   0% used [0x00000000dc4b0000, 0x00000000dc4b0000, 0x00000000dda00000)
 concurrent mark-sweep generation total 393216K, used 87248K [0x00000000dda00000, 0x00000000f5a00000, 0x00000000f5a00000)
 concurrent-mark-sweep perm gen total 58312K, used 34998K [0x00000000f5a00000, 0x00000000f92f2000, 0x0000000100000000)
}
2015-03-18T13:26:39.373-0400: 508101.548: Total time for which application threads were stopped: 0.0120050 seconds
{Heap before GC invocations=379 (full 2):
 par new generation   total 109248K, used 95699K [0x00000000d5a00000, 0x00000000dda00000, 0x00000000dda00000)
  eden space 87424K,  99% used [0x00000000d5a00000, 0x00000000daf5c7c0, 0x00000000daf60000)
  from space 21824K,  37% used [0x00000000daf60000, 0x00000000db778670, 0x00000000dc4b0000)
  to   space 21824K,   0% used [0x00000000dc4b0000, 0x00000000dc4b0000, 0x00000000dda00000)
 concurrent mark-sweep generation total 393216K, used 87248K [0x00000000dda00000, 0x00000000f5a00000, 0x00000000f5a00000)
 concurrent-mark-sweep perm gen total 58312K, used 34998K [0x00000000f5a00000, 0x00000000f92f2000, 0x0000000100000000)
2015-03-18T13:26:39.407-0400: 508101.582: [GC2015-03-18T13:26:39.407-0400: 508101.582: [ParNew
Desired survivor size 20112992 bytes, new threshold 8 (max 8)
- age   1:    1639016 bytes,    1639016 total
- age   2:      64368 bytes,    1703384 total
- age   3:    1320072 bytes,    3023456 total
- age   4:     642056 bytes,    3665512 total
- age   5:     173304 bytes,    3838816 total
- age   6:     395000 bytes,    4233816 total
- age   7:    1019648 bytes,    5253464 total
- age   8:     135080 bytes,    5388544 total
: 95699K->8551K(109248K), 0.0092410 secs] 182948K->97038K(502464K), 0.0093930 secs] [Times: user=0.03 sys=0.00, real=0.01 secs] 
Heap after GC invocations=380 (full 2):
 par new generation   total 109248K, used 8551K [0x00000000d5a00000, 0x00000000dda00000, 0x00000000dda00000)
  eden space 87424K,   0% used [0x00000000d5a00000, 0x00000000d5a00000, 0x00000000daf60000)
  from space 21824K,  39% used [0x00000000dc4b0000, 0x00000000dcd09da0, 0x00000000dda00000)
  to   space 21824K,   0% used [0x00000000daf60000, 0x00000000daf60000, 0x00000000dc4b0000)
 concurrent mark-sweep generation total 393216K, used 88486K [0x00000000dda00000, 0x00000000f5a00000, 0x00000000f5a00000)
 concurrent-mark-sweep perm gen total 58312K, used 34998K [0x00000000f5a00000, 0x00000000f92f2000, 0x0000000100000000)
}
2015-03-18T13:26:39.416-0400: 508101.592: Total time for which application threads were stopped: 0.0099890 seconds
{Heap before GC invocations=380 (full 2):
 par new generation   total 109248K, used 95975K [0x00000000d5a00000, 0x00000000dda00000, 0x00000000dda00000)
  eden space 87424K, 100% used [0x00000000d5a00000, 0x00000000daf60000, 0x00000000daf60000)
  from space 21824K,  39% used [0x00000000dc4b0000, 0x00000000dcd09da0, 0x00000000dda00000)
  to   space 21824K,   0% used [0x00000000daf60000, 0x00000000daf60000, 0x00000000dc4b0000)
 concurrent mark-sweep generation total 393216K, used 88486K [0x00000000dda00000, 0x00000000f5a00000, 0x00000000f5a00000)
 concurrent-mark-sweep perm gen total 58312K, used 34998K [0x00000000f5a00000, 0x00000000f92f2000, 0x0000000100000000)
2015-03-18T13:26:39.449-0400: 508101.625: [GC2015-03-18T13:26:39.450-0400: 508101.625: [ParNew
Desired survivor size 20112992 bytes, new threshold 8 (max 8)
- age   1:    1928752 bytes,    1928752 total
- age   2:     331560 bytes,    2260312 total
- age   3:      64208 bytes,    2324520 total
- age   4:    1320072 bytes,    3644592 total
- age   5:     642056 bytes,    4286648 total
- age   6:     173304 bytes,    4459952 total
- age   7:     395000 bytes,    4854952 total
- age   8:    1019648 bytes,    5874600 total
: 95975K->6851K(109248K), 0.0083500 secs] 184462K->95477K(502464K), 0.0085050 secs] [Times: user=0.03 sys=0.00, real=0.00 secs] 
Heap after GC invocations=381 (full 2):
 par new generation   total 109248K, used 6851K [0x00000000d5a00000, 0x00000000dda00000, 0x00000000dda00000)
  eden space 87424K,   0% used [0x00000000d5a00000, 0x00000000d5a00000, 0x00000000daf60000)
  from space 21824K,  31% used [0x00000000daf60000, 0x00000000db610fd0, 0x00000000dc4b0000)
  to   space 21824K,   0% used [0x00000000dc4b0000, 0x00000000dc4b0000, 0x00000000dda00000)
 concurrent mark-sweep generation total 393216K, used 88626K [0x00000000dda00000, 0x00000000f5a00000, 0x00000000f5a00000)
 concurrent-mark-sweep perm gen total 58312K, used 34998K [0x00000000f5a00000, 0x00000000f92f2000, 0x0000000100000000)
}
2015-03-18T13:26:39.458-0400: 508101.634: Total time for which application threads were stopped: 0.0091430 seconds
{Heap before GC invocations=381 (full 2):
 par new generation   total 109248K, used 94275K [0x00000000d5a00000, 0x00000000dda00000, 0x00000000dda00000)
  eden space 87424K, 100% used [0x00000000d5a00000, 0x00000000daf60000, 0x00000000daf60000)
  from space 21824K,  31% used [0x00000000daf60000, 0x00000000db610fd0, 0x00000000dc4b0000)
  to   space 21824K,   0% used [0x00000000dc4b0000, 0x00000000dc4b0000, 0x00000000dda00000)
 concurrent mark-sweep generation total 393216K, used 88626K [0x00000000dda00000, 0x00000000f5a00000, 0x00000000f5a00000)
 concurrent-mark-sweep perm gen total 58312K, used 34998K [0x00000000f5a00000, 0x00000000f92f2000, 0x0000000100000000)
2015-03-18T13:26:39.488-0400: 508101.664: [GC2015-03-18T13:26:39.488-0400: 508101.664: [ParNew
Desired survivor size 20112992 bytes, new threshold 8 (max 8)
- age   1:    2030368 bytes,    2030368 total
- age   2:     719616 bytes,    2749984 total
- age   3:     331448 bytes,    3081432 total
- age   4:      64160 bytes,    3145592 total
- age   5:    1319976 bytes,    4465568 total
- age   6:     641768 bytes,    5107336 total
- age   7:     172920 bytes,    5280256 total
- age   8:     394656 bytes,    5674912 total
: 94275K->8728K(109248K), 0.0089780 secs] 182901K->98352K(502464K), 0.0091400 secs] [Times: user=0.03 sys=0.00, real=0.01 secs] 
Heap after GC invocations=382 (full 2):
 par new generation   total 109248K, used 8728K [0x00000000d5a00000, 0x00000000dda00000, 0x00000000dda00000)
  eden space 87424K,   0% used [0x00000000d5a00000, 0x00000000d5a00000, 0x00000000daf60000)
  from space 21824K,  39% used [0x00000000dc4b0000, 0x00000000dcd36358, 0x00000000dda00000)
  to   space 21824K,   0% used [0x00000000daf60000, 0x00000000daf60000, 0x00000000dc4b0000)
 concurrent mark-sweep generation total 393216K, used 89624K [0x00000000dda00000, 0x00000000f5a00000, 0x00000000f5a00000)
 concurrent-mark-sweep perm gen total 58312K, used 34998K [0x00000000f5a00000, 0x00000000f92f2000, 0x0000000100000000)
}
2015-03-18T13:26:39.497-0400: 508101.673: Total time for which application threads were stopped: 0.0098370 seconds
{Heap before GC invocations=382 (full 2):
 par new generation   total 109248K, used 96152K [0x00000000d5a00000, 0x00000000dda00000, 0x00000000dda00000)
  eden space 87424K, 100% used [0x00000000d5a00000, 0x00000000daf60000, 0x00000000daf60000)
  from space 21824K,  39% used [0x00000000dc4b0000, 0x00000000dcd36358, 0x00000000dda00000)
  to   space 21824K,   0% used [0x00000000daf60000, 0x00000000daf60000, 0x00000000dc4b0000)
 concurrent mark-sweep generation total 393216K, used 89624K [0x00000000dda00000, 0x00000000f5a00000, 0x00000000f5a00000)
 concurrent-mark-sweep perm gen total 58312K, used 34998K [0x00000000f5a00000, 0x00000000f92f2000, 0x0000000100000000)
2015-03-18T13:26:39.530-0400: 508101.706: [GC2015-03-18T13:26:39.530-0400: 508101.706: [ParNew
Desired survivor size 20112992 bytes, new threshold 8 (max 8)
- age   1:    1786672 bytes,    1786672 total
- age   2:     401976 bytes,    2188648 total
- age   3:     715936 bytes,    2904584 total
- age   4:     331448 bytes,    3236032 total
- age   5:      64160 bytes,    3300192 total
- age   6:    1319760 bytes,    4619952 total
- age   7:     641768 bytes,    5261720 total
- age   8:     172648 bytes,    5434368 total
: 96152K->7239K(109248K), 0.0080350 secs] 185776K->97250K(502464K), 0.0082280 secs] [Times: user=0.03 sys=0.00, real=0.00 secs] 
Heap after GC invocations=383 (full 2):
 par new generation   total 109248K, used 7239K [0x00000000d5a00000, 0x00000000dda00000, 0x00000000dda00000)
  eden space 87424K,   0% used [0x00000000d5a00000, 0x00000000d5a00000, 0x00000000daf60000)
  from space 21824K,  33% used [0x00000000daf60000, 0x00000000db671cd0, 0x00000000dc4b0000)
  to   space 21824K,   0% used [0x00000000dc4b0000, 0x00000000dc4b0000, 0x00000000dda00000)
 concurrent mark-sweep generation total 393216K, used 90011K [0x00000000dda00000, 0x00000000f5a00000, 0x00000000f5a00000)
 concurrent-mark-sweep perm gen total 58312K, used 34998K [0x00000000f5a00000, 0x00000000f92f2000, 0x0000000100000000)
}
2015-03-18T13:26:39.538-0400: 508101.714: Total time for which application threads were stopped: 0.0088760 seconds
{Heap before GC invocations=383 (full 2):
 par new generation   total 109248K, used 94663K [0x00000000d5a00000, 0x00000000dda00000, 0x00000000dda00000)
  eden space 87424K, 100% used [0x00000000d5a00000, 0x00000000daf60000, 0x00000000daf60000)
  from space 21824K,  33% used [0x00000000daf60000, 0x00000000db671cd0, 0x00000000dc4b0000)
  to   space 21824K,   0% used [0x00000000dc4b0000, 0x00000000dc4b0000, 0x00000000dda00000)
 concurrent mark-sweep generation total 393216K, used 90011K [0x00000000dda00000, 0x00000000f5a00000, 0x00000000f5a00000)
 concurrent-mark-sweep perm gen total 58312K, used 34998K [0x00000000f5a00000, 0x00000000f92f2000, 0x0000000100000000)
2015-03-18T13:26:39.574-0400: 508101.750: [GC2015-03-18T13:26:39.574-0400: 508101.750: [ParNew
Desired survivor size 20112992 bytes, new threshold 8 (max 8)
- age   1:    1704336 bytes,    1704336 total
- age   2:     148352 bytes,    1852688 total
- age   3:     269552 bytes,    2122240 total
- age   4:     715832 bytes,    2838072 total
- age   5:     331352 bytes,    3169424 total
- age   6:      63776 bytes,    3233200 total
- age   7:    1319624 bytes,    4552824 total
- age   8:     641696 bytes,    5194520 total
: 94663K->6620K(109248K), 0.0080550 secs] 184674K->96803K(502464K), 0.0081970 secs] [Times: user=0.02 sys=0.00, real=0.01 secs] 
Heap after GC invocations=384 (full 2):
 par new generation   total 109248K, used 6620K [0x00000000d5a00000, 0x00000000dda00000, 0x00000000dda00000)
  eden space 87424K,   0% used [0x00000000d5a00000, 0x00000000d5a00000, 0x00000000daf60000)
  from space 21824K,  30% used [0x00000000dc4b0000, 0x00000000dcb27280, 0x00000000dda00000)
  to   space 21824K,   0% used [0x00000000daf60000, 0x00000000daf60000, 0x00000000dc4b0000)
 concurrent mark-sweep generation total 393216K, used 90182K [0x00000000dda00000, 0x00000000f5a00000, 0x00000000f5a00000)
 concurrent-mark-sweep perm gen total 58312K, used 34998K [0x00000000f5a00000, 0x00000000f92f2000, 0x0000000100000000)
}
2015-03-18T13:26:39.583-0400: 508101.758: Total time for which application threads were stopped: 0.0089060 seconds
{Heap before GC invocations=384 (full 2):
 par new generation   total 109248K, used 94039K [0x00000000d5a00000, 0x00000000dda00000, 0x00000000dda00000)
  eden space 87424K,  99% used [0x00000000d5a00000, 0x00000000daf5ec50, 0x00000000daf60000)
  from space 21824K,  30% used [0x00000000dc4b0000, 0x00000000dcb27280, 0x00000000dda00000)
  to   space 21824K,   0% used [0x00000000daf60000, 0x00000000daf60000, 0x00000000dc4b0000)
 concurrent mark-sweep generation total 393216K, used 90182K [0x00000000dda00000, 0x00000000f5a00000, 0x00000000f5a00000)
 concurrent-mark-sweep perm gen total 58312K, used 34998K [0x00000000f5a00000, 0x00000000f92f2000, 0x0000000100000000)
2015-03-18T13:26:39.616-0400: 508101.792: [GC2015-03-18T13:26:39.616-0400: 508101.792: [ParNew
Desired survivor size 20112992 bytes, new threshold 8 (max 8)
- age   1:    3433600 bytes,    3433600 total
- age   2:     365488 bytes,    3799088 total
- age   3:     116016 bytes,    3915104 total
- age   4:     269552 bytes,    4184656 total
- age   5:     715832 bytes,    4900488 total
- age   6:     330920 bytes,    5231408 total
- age   7:      63504 bytes,    5294912 total
- age   8:    1319200 bytes,    6614112 total
: 94039K->7051K(109248K), 0.0094400 secs] 184222K->97863K(502464K), 0.0096210 secs] [Times: user=0.03 sys=0.00, real=0.01 secs] 
Heap after GC invocations=385 (full 2):
 par new generation   total 109248K, used 7051K [0x00000000d5a00000, 0x00000000dda00000, 0x00000000dda00000)
  eden space 87424K,   0% used [0x00000000d5a00000, 0x00000000d5a00000, 0x00000000daf60000)
  from space 21824K,  32% used [0x00000000daf60000, 0x00000000db642fc8, 0x00000000dc4b0000)
  to   space 21824K,   0% used [0x00000000dc4b0000, 0x00000000dc4b0000, 0x00000000dda00000)
 concurrent mark-sweep generation total 393216K, used 90811K [0x00000000dda00000, 0x00000000f5a00000, 0x00000000f5a00000)
 concurrent-mark-sweep perm gen total 58312K, used 34998K [0x00000000f5a00000, 0x00000000f92f2000, 0x0000000100000000)
}
2015-03-18T13:26:39.626-0400: 508101.801: Total time for which application threads were stopped: 0.0104080 seconds
{Heap before GC invocations=385 (full 2):
 par new generation   total 109248K, used 94475K [0x00000000d5a00000, 0x00000000dda00000, 0x00000000dda00000)
  eden space 87424K, 100% used [0x00000000d5a00000, 0x00000000daf60000, 0x00000000daf60000)
  from space 21824K,  32% used [0x00000000daf60000, 0x00000000db642fc8, 0x00000000dc4b0000)
  to   space 21824K,   0% used [0x00000000dc4b0000, 0x00000000dc4b0000, 0x00000000dda00000)
 concurrent mark-sweep generation total 393216K, used 90811K [0x00000000dda00000, 0x00000000f5a00000, 0x00000000f5a00000)
 concurrent-mark-sweep perm gen total 58312K, used 35001K [0x00000000f5a00000, 0x00000000f92f2000, 0x0000000100000000)
2015-03-18T13:26:39.659-0400: 508101.834: [GC2015-03-18T13:26:39.659-0400: 508101.834: [ParNew
Desired survivor size 20112992 bytes, new threshold 8 (max 8)
- age   1:    2467824 bytes,    2467824 total
- age   2:    1684400 bytes,    4152224 total
- age   3:     365488 bytes,    4517712 total
- age   4:     116016 bytes,    4633728 total
- age   5:     269512 bytes,    4903240 total
- age   6:     715832 bytes,    5619072 total
- age   7:     330920 bytes,    5949992 total
- age   8:      63504 bytes,    6013496 total
: 94475K->8228K(109248K), 0.0099800 secs] 185287K->100330K(502464K), 0.0101380 secs] [Times: user=0.03 sys=0.00, real=0.01 secs] 
Heap after GC invocations=386 (full 2):
 par new generation   total 109248K, used 8228K [0x00000000d5a00000, 0x00000000dda00000, 0x00000000dda00000)
  eden space 87424K,   0% used [0x00000000d5a00000, 0x00000000d5a00000, 0x00000000daf60000)
  from space 21824K,  37% used [0x00000000dc4b0000, 0x00000000dccb90a0, 0x00000000dda00000)
  to   space 21824K,   0% used [0x00000000daf60000, 0x00000000daf60000, 0x00000000dc4b0000)
 concurrent mark-sweep generation total 393216K, used 92102K [0x00000000dda00000, 0x00000000f5a00000, 0x00000000f5a00000)
 concurrent-mark-sweep perm gen total 58312K, used 35001K [0x00000000f5a00000, 0x00000000f92f2000, 0x0000000100000000)
}
2015-03-18T13:26:39.669-0400: 508101.845: Total time for which application threads were stopped: 0.0108120 seconds
{Heap before GC invocations=386 (full 2):
 par new generation   total 109248K, used 95652K [0x00000000d5a00000, 0x00000000dda00000, 0x00000000dda00000)
  eden space 87424K, 100% used [0x00000000d5a00000, 0x00000000daf60000, 0x00000000daf60000)
  from space 21824K,  37% used [0x00000000dc4b0000, 0x00000000dccb90a0, 0x00000000dda00000)
  to   space 21824K,   0% used [0x00000000daf60000, 0x00000000daf60000, 0x00000000dc4b0000)
 concurrent mark-sweep generation total 393216K, used 92102K [0x00000000dda00000, 0x00000000f5a00000, 0x00000000f5a00000)
 concurrent-mark-sweep perm gen total 58312K, used 35001K [0x00000000f5a00000, 0x00000000f92f2000, 0x0000000100000000)
2015-03-18T13:26:39.702-0400: 508101.878: [GC2015-03-18T13:26:39.703-0400: 508101.878: [ParNew
Desired survivor size 20112992 bytes, new threshold 8 (max 8)
- age   1:    2065352 bytes,    2065352 total
- age   2:     815936 bytes,    2881288 total
- age   3:    1684032 bytes,    4565320 total
- age   4:     365368 bytes,    4930688 total
- age   5:     115920 bytes,    5046608 total
- age   6:     269128 bytes,    5315736 total
- age   7:     715760 bytes,    6031496 total
- age   8:     330872 bytes,    6362368 total
: 95652K->7147K(109248K), 0.0087080 secs] 187754K->99313K(502464K), 0.0088730 secs] [Times: user=0.04 sys=0.00, real=0.01 secs] 
Heap after GC invocations=387 (full 2):
 par new generation   total 109248K, used 7147K [0x00000000d5a00000, 0x00000000dda00000, 0x00000000dda00000)
  eden space 87424K,   0% used [0x00000000d5a00000, 0x00000000d5a00000, 0x00000000daf60000)
  from space 21824K,  32% used [0x00000000daf60000, 0x00000000db65ac80, 0x00000000dc4b0000)
  to   space 21824K,   0% used [0x00000000dc4b0000, 0x00000000dc4b0000, 0x00000000dda00000)
 concurrent mark-sweep generation total 393216K, used 92165K [0x00000000dda00000, 0x00000000f5a00000, 0x00000000f5a00000)
 concurrent-mark-sweep perm gen total 58312K, used 35001K [0x00000000f5a00000, 0x00000000f92f2000, 0x0000000100000000)
}
2015-03-18T13:26:39.711-0400: 508101.887: Total time for which application threads were stopped: 0.0095870 seconds
{Heap before GC invocations=387 (full 2):
 par new generation   total 109248K, used 94571K [0x00000000d5a00000, 0x00000000dda00000, 0x00000000dda00000)
  eden space 87424K, 100% used [0x00000000d5a00000, 0x00000000daf60000, 0x00000000daf60000)
  from space 21824K,  32% used [0x00000000daf60000, 0x00000000db65ac80, 0x00000000dc4b0000)
  to   space 21824K,   0% used [0x00000000dc4b0000, 0x00000000dc4b0000, 0x00000000dda00000)
 concurrent mark-sweep generation total 393216K, used 92165K [0x00000000dda00000, 0x00000000f5a00000, 0x00000000f5a00000)
 concurrent-mark-sweep perm gen total 58312K, used 35001K [0x00000000f5a00000, 0x00000000f92f2000, 0x0000000100000000)
2015-03-18T13:26:39.744-0400: 508101.920: [GC2015-03-18T13:26:39.744-0400: 508101.920: [ParNew
Desired survivor size 20112992 bytes, new threshold 8 (max 8)
- age   1:    1863944 bytes,    1863944 total
- age   2:     528640 bytes,    2392584 total
- age   3:     815864 bytes,    3208448 total
- age   4:    1683960 bytes,    4892408 total
- age   5:     365032 bytes,    5257440 total
- age   6:     115216 bytes,    5372656 total
- age   7:     269056 bytes,    5641712 total
- age   8:     715688 bytes,    6357400 total
: 94571K->9718K(109248K), 0.0091460 secs] 186737K->102210K(502464K), 0.0092920 secs] [Times: user=0.04 sys=0.00, real=0.01 secs] 
Heap after GC invocations=388 (full 2):
 par new generation   total 109248K, used 9718K [0x00000000d5a00000, 0x00000000dda00000, 0x00000000dda00000)
  eden space 87424K,   0% used [0x00000000d5a00000, 0x00000000d5a00000, 0x00000000daf60000)
  from space 21824K,  44% used [0x00000000dc4b0000, 0x00000000dce2d9a0, 0x00000000dda00000)
  to   space 21824K,   0% used [0x00000000daf60000, 0x00000000daf60000, 0x00000000dc4b0000)
 concurrent mark-sweep generation total 393216K, used 92492K [0x00000000dda00000, 0x00000000f5a00000, 0x00000000f5a00000)
 concurrent-mark-sweep perm gen total 58312K, used 35001K [0x00000000f5a00000, 0x00000000f92f2000, 0x0000000100000000)
}
2015-03-18T13:26:39.754-0400: 508101.929: Total time for which application threads were stopped: 0.0099440 seconds
{Heap before GC invocations=388 (full 2):
 par new generation   total 109248K, used 97142K [0x00000000d5a00000, 0x00000000dda00000, 0x00000000dda00000)
  eden space 87424K, 100% used [0x00000000d5a00000, 0x00000000daf60000, 0x00000000daf60000)
  from space 21824K,  44% used [0x00000000dc4b0000, 0x00000000dce2d9a0, 0x00000000dda00000)
  to   space 21824K,   0% used [0x00000000daf60000, 0x00000000daf60000, 0x00000000dc4b0000)
 concurrent mark-sweep generation total 393216K, used 92492K [0x00000000dda00000, 0x00000000f5a00000, 0x00000000f5a00000)
 concurrent-mark-sweep perm gen total 58312K, used 35001K [0x00000000f5a00000, 0x00000000f92f2000, 0x0000000100000000)
2015-03-18T13:26:39.787-0400: 508101.962: [GC2015-03-18T13:26:39.787-0400: 508101.962: [ParNew
Desired survivor size 20112992 bytes, new threshold 8 (max 8)
- age   1:    2215584 bytes,    2215584 total
- age   2:     835608 bytes,    3051192 total
- age   3:     528096 bytes,    3579288 total
- age   4:     815864 bytes,    4395152 total
- age   5:    1683960 bytes,    6079112 total
- age   6:     364816 bytes,    6443928 total
- age   7:     114944 bytes,    6558872 total
- age   8:     269056 bytes,    6827928 total
: 97142K->8086K(109248K), 0.0115090 secs] 189634K->101279K(502464K), 0.0116740 secs] [Times: user=0.05 sys=0.00, real=0.01 secs] 
Heap after GC invocations=389 (full 2):
 par new generation   total 109248K, used 8086K [0x00000000d5a00000, 0x00000000dda00000, 0x00000000dda00000)
  eden space 87424K,   0% used [0x00000000d5a00000, 0x00000000d5a00000, 0x00000000daf60000)
  from space 21824K,  37% used [0x00000000daf60000, 0x00000000db7458d0, 0x00000000dc4b0000)
  to   space 21824K,   0% used [0x00000000dc4b0000, 0x00000000dc4b0000, 0x00000000dda00000)
 concurrent mark-sweep generation total 393216K, used 93193K [0x00000000dda00000, 0x00000000f5a00000, 0x00000000f5a00000)
 concurrent-mark-sweep perm gen total 58312K, used 35001K [0x00000000f5a00000, 0x00000000f92f2000, 0x0000000100000000)
}
2015-03-18T13:26:39.798-0400: 508101.974: Total time for which application threads were stopped: 0.0123290 seconds
{Heap before GC invocations=389 (full 2):
 par new generation   total 109248K, used 95494K [0x00000000d5a00000, 0x00000000dda00000, 0x00000000dda00000)
  eden space 87424K,  99% used [0x00000000d5a00000, 0x00000000daf5c038, 0x00000000daf60000)
  from space 21824K,  37% used [0x00000000daf60000, 0x00000000db7458d0, 0x00000000dc4b0000)
  to   space 21824K,   0% used [0x00000000dc4b0000, 0x00000000dc4b0000, 0x00000000dda00000)
 concurrent mark-sweep generation total 393216K, used 93193K [0x00000000dda00000, 0x00000000f5a00000, 0x00000000f5a00000)
 concurrent-mark-sweep perm gen total 58312K, used 35001K [0x00000000f5a00000, 0x00000000f92f2000, 0x0000000100000000)
2015-03-18T13:26:39.834-0400: 508102.009: [GC2015-03-18T13:26:39.834-0400: 508102.009: [ParNew
Desired survivor size 20112992 bytes, new threshold 8 (max 8)
- age   1:    1578232 bytes,    1578232 total
- age   2:     802808 bytes,    2381040 total
- age   3:     835248 bytes,    3216288 total
- age   4:     528024 bytes,    3744312 total
- age   5:     815768 bytes,    4560080 total
- age   6:    1683584 bytes,    6243664 total
- age   7:     364720 bytes,    6608384 total
- age   8:     114848 bytes,    6723232 total
: 95494K->8604K(109248K), 0.0111760 secs] 188687K->102071K(502464K), 0.0113190 secs] [Times: user=0.05 sys=0.00, real=0.01 secs] 
Heap after GC invocations=390 (full 2):
 par new generation   total 109248K, used 8604K [0x00000000d5a00000, 0x00000000dda00000, 0x00000000dda00000)
  eden space 87424K,   0% used [0x00000000d5a00000, 0x00000000d5a00000, 0x00000000daf60000)
  from space 21824K,  39% used [0x00000000dc4b0000, 0x00000000dcd17060, 0x00000000dda00000)
  to   space 21824K,   0% used [0x00000000daf60000, 0x00000000daf60000, 0x00000000dc4b0000)
 concurrent mark-sweep generation total 393216K, used 93467K [0x00000000dda00000, 0x00000000f5a00000, 0x00000000f5a00000)
 concurrent-mark-sweep perm gen total 58312K, used 35001K [0x00000000f5a00000, 0x00000000f92f2000, 0x0000000100000000)
}
2015-03-18T13:26:39.845-0400: 508102.021: Total time for which application threads were stopped: 0.0119710 seconds
{Heap before GC invocations=390 (full 2):
 par new generation   total 109248K, used 96028K [0x00000000d5a00000, 0x00000000dda00000, 0x00000000dda00000)
  eden space 87424K, 100% used [0x00000000d5a00000, 0x00000000daf60000, 0x00000000daf60000)
  from space 21824K,  39% used [0x00000000dc4b0000, 0x00000000dcd17060, 0x00000000dda00000)
  to   space 21824K,   0% used [0x00000000daf60000, 0x00000000daf60000, 0x00000000dc4b0000)
 concurrent mark-sweep generation total 393216K, used 93467K [0x00000000dda00000, 0x00000000f5a00000, 0x00000000f5a00000)
 concurrent-mark-sweep perm gen total 58312K, used 35001K [0x00000000f5a00000, 0x00000000f92f2000, 0x0000000100000000)
2015-03-18T13:26:39.878-0400: 508102.054: [GC2015-03-18T13:26:39.878-0400: 508102.054: [ParNew
Desired survivor size 20112992 bytes, new threshold 8 (max 8)
- age   1:    2187968 bytes,    2187968 total
- age   2:     537656 bytes,    2725624 total
- age   3:     802472 bytes,    3528096 total
- age   4:     835032 bytes,    4363128 total
- age   5:     527952 bytes,    4891080 total
- age   6:     815696 bytes,    5706776 total
- age   7:    1683144 bytes,    7389920 total
- age   8:     364648 bytes,    7754568 total
: 96028K->9740K(109248K), 0.0124560 secs] 189495K->103323K(502464K), 0.0126230 secs] [Times: user=0.05 sys=0.00, real=0.02 secs] 
Heap after GC invocations=391 (full 2):
 par new generation   total 109248K, used 9740K [0x00000000d5a00000, 0x00000000dda00000, 0x00000000dda00000)
  eden space 87424K,   0% used [0x00000000d5a00000, 0x00000000d5a00000, 0x00000000daf60000)
  from space 21824K,  44% used [0x00000000daf60000, 0x00000000db8e3140, 0x00000000dc4b0000)
  to   space 21824K,   0% used [0x00000000dc4b0000, 0x00000000dc4b0000, 0x00000000dda00000)
 concurrent mark-sweep generation total 393216K, used 93582K [0x00000000dda00000, 0x00000000f5a00000, 0x00000000f5a00000)
 concurrent-mark-sweep perm gen total 58312K, used 35001K [0x00000000f5a00000, 0x00000000f92f2000, 0x0000000100000000)
}
2015-03-18T13:26:39.891-0400: 508102.066: Total time for which application threads were stopped: 0.0133350 seconds
{Heap before GC invocations=391 (full 2):
 par new generation   total 109248K, used 97112K [0x00000000d5a00000, 0x00000000dda00000, 0x00000000dda00000)
  eden space 87424K,  99% used [0x00000000d5a00000, 0x00000000daf53048, 0x00000000daf60000)
  from space 21824K,  44% used [0x00000000daf60000, 0x00000000db8e3140, 0x00000000dc4b0000)
  to   space 21824K,   0% used [0x00000000dc4b0000, 0x00000000dc4b0000, 0x00000000dda00000)
 concurrent mark-sweep generation total 393216K, used 93582K [0x00000000dda00000, 0x00000000f5a00000, 0x00000000f5a00000)
 concurrent-mark-sweep perm gen total 58312K, used 35001K [0x00000000f5a00000, 0x00000000f92f2000, 0x0000000100000000)
2015-03-18T13:26:39.932-0400: 508102.108: [GC2015-03-18T13:26:39.932-0400: 508102.108: [ParNew
Desired survivor size 20112992 bytes, new threshold 8 (max 8)
- age   1:    2777632 bytes,    2777632 total
- age   2:     747208 bytes,    3524840 total
- age   3:     537256 bytes,    4062096 total
- age   4:     802472 bytes,    4864568 total
- age   5:     835032 bytes,    5699600 total
- age   6:     527952 bytes,    6227552 total
- age   7:     815696 bytes,    7043248 total
- age   8:    1683144 bytes,    8726392 total
: 97112K->11643K(109248K), 0.0112990 secs] 190695K->105585K(502464K), 0.0114840 secs] [Times: user=0.05 sys=0.00, real=0.01 secs] 
Heap after GC invocations=392 (full 2):
 par new generation   total 109248K, used 11643K [0x00000000d5a00000, 0x00000000dda00000, 0x00000000dda00000)
  eden space 87424K,   0% used [0x00000000d5a00000, 0x00000000d5a00000, 0x00000000daf60000)
  from space 21824K,  53% used [0x00000000dc4b0000, 0x00000000dd00efd0, 0x00000000dda00000)
  to   space 21824K,   0% used [0x00000000daf60000, 0x00000000daf60000, 0x00000000dc4b0000)
 concurrent mark-sweep generation total 393216K, used 93941K [0x00000000dda00000, 0x00000000f5a00000, 0x00000000f5a00000)
 concurrent-mark-sweep perm gen total 58312K, used 35001K [0x00000000f5a00000, 0x00000000f92f2000, 0x0000000100000000)
}
2015-03-18T13:26:39.944-0400: 508102.119: Total time for which application threads were stopped: 0.0122050 seconds
2015-03-18T13:26:39.969-0400: 508102.144: Total time for which application threads were stopped: 0.0005920 seconds
2015-03-18T13:26:39.969-0400: 508102.145: Total time for which application threads were stopped: 0.0003670 seconds
{Heap before GC invocations=392 (full 2):
 par new generation   total 109248K, used 99067K [0x00000000d5a00000, 0x00000000dda00000, 0x00000000dda00000)
  eden space 87424K, 100% used [0x00000000d5a00000, 0x00000000daf60000, 0x00000000daf60000)
  from space 21824K,  53% used [0x00000000dc4b0000, 0x00000000dd00efd0, 0x00000000dda00000)
  to   space 21824K,   0% used [0x00000000daf60000, 0x00000000daf60000, 0x00000000dc4b0000)
 concurrent mark-sweep generation total 393216K, used 93941K [0x00000000dda00000, 0x00000000f5a00000, 0x00000000f5a00000)
 concurrent-mark-sweep perm gen total 58312K, used 35002K [0x00000000f5a00000, 0x00000000f92f2000, 0x0000000100000000)
2015-03-18T13:26:39.985-0400: 508102.161: [GC2015-03-18T13:26:39.985-0400: 508102.161: [ParNew
Desired survivor size 20112992 bytes, new threshold 8 (max 8)
- age   1:    2758192 bytes,    2758192 total
- age   2:     909272 bytes,    3667464 total
- age   3:     746680 bytes,    4414144 total
- age   4:     537104 bytes,    4951248 total
- age   5:     802472 bytes,    5753720 total
- age   6:     835032 bytes,    6588752 total
- age   7:     527952 bytes,    7116704 total
- age   8:     815696 bytes,    7932400 total
: 99067K->9718K(109248K), 0.0125870 secs] 193009K->105306K(502464K), 0.0127950 secs] [Times: user=0.05 sys=0.00, real=0.01 secs] 
Heap after GC invocations=393 (full 2):
 par new generation   total 109248K, used 9718K [0x00000000d5a00000, 0x00000000dda00000, 0x00000000dda00000)
  eden space 87424K,   0% used [0x00000000d5a00000, 0x00000000d5a00000, 0x00000000daf60000)
  from space 21824K,  44% used [0x00000000daf60000, 0x00000000db8dd8c0, 0x00000000dc4b0000)
  to   space 21824K,   0% used [0x00000000dc4b0000, 0x00000000dc4b0000, 0x00000000dda00000)
 concurrent mark-sweep generation total 393216K, used 95587K [0x00000000dda00000, 0x00000000f5a00000, 0x00000000f5a00000)
 concurrent-mark-sweep perm gen total 58312K, used 35002K [0x00000000f5a00000, 0x00000000f92f2000, 0x0000000100000000)
}
2015-03-18T13:26:39.998-0400: 508102.174: Total time for which application threads were stopped: 0.0134860 seconds
{Heap before GC invocations=393 (full 2):
 par new generation   total 109248K, used 97142K [0x00000000d5a00000, 0x00000000dda00000, 0x00000000dda00000)
  eden space 87424K, 100% used [0x00000000d5a00000, 0x00000000daf60000, 0x00000000daf60000)
  from space 21824K,  44% used [0x00000000daf60000, 0x00000000db8dd8c0, 0x00000000dc4b0000)
  to   space 21824K,   0% used [0x00000000dc4b0000, 0x00000000dc4b0000, 0x00000000dda00000)
 concurrent mark-sweep generation total 393216K, used 95587K [0x00000000dda00000, 0x00000000f5a00000, 0x00000000f5a00000)
 concurrent-mark-sweep perm gen total 58312K, used 35002K [0x00000000f5a00000, 0x00000000f92f2000, 0x0000000100000000)
2015-03-18T13:26:40.037-0400: 508102.213: [GC2015-03-18T13:26:40.037-0400: 508102.213: [ParNew
Desired survivor size 20112992 bytes, new threshold 8 (max 8)
- age   1:    2382608 bytes,    2382608 total
- age   2:    1001240 bytes,    3383848 total
- age   3:     909024 bytes,    4292872 total
- age   4:     746632 bytes,    5039504 total
- age   5:     537008 bytes,    5576512 total
- age   6:     802424 bytes,    6378936 total
- age   7:     834656 bytes,    7213592 total
- age   8:     527880 bytes,    7741472 total
: 97142K->12293K(109248K), 0.0111710 secs] 192730K->108684K(502464K), 0.0113430 secs] [Times: user=0.05 sys=0.00, real=0.01 secs] 
Heap after GC invocations=394 (full 2):
 par new generation   total 109248K, used 12293K [0x00000000d5a00000, 0x00000000dda00000, 0x00000000dda00000)
  eden space 87424K,   0% used [0x00000000d5a00000, 0x00000000d5a00000, 0x00000000daf60000)
  from space 21824K,  56% used [0x00000000dc4b0000, 0x00000000dd0b1498, 0x00000000dda00000)
  to   space 21824K,   0% used [0x00000000daf60000, 0x00000000daf60000, 0x00000000dc4b0000)
 concurrent mark-sweep generation total 393216K, used 96391K [0x00000000dda00000, 0x00000000f5a00000, 0x00000000f5a00000)
 concurrent-mark-sweep perm gen total 58312K, used 35002K [0x00000000f5a00000, 0x00000000f92f2000, 0x0000000100000000)
}
2015-03-18T13:26:40.049-0400: 508102.224: Total time for which application threads were stopped: 0.0120380 seconds
{Heap before GC invocations=394 (full 2):
 par new generation   total 109248K, used 99717K [0x00000000d5a00000, 0x00000000dda00000, 0x00000000dda00000)
  eden space 87424K, 100% used [0x00000000d5a00000, 0x00000000daf60000, 0x00000000daf60000)
  from space 21824K,  56% used [0x00000000dc4b0000, 0x00000000dd0b1498, 0x00000000dda00000)
  to   space 21824K,   0% used [0x00000000daf60000, 0x00000000daf60000, 0x00000000dc4b0000)
 concurrent mark-sweep generation total 393216K, used 96391K [0x00000000dda00000, 0x00000000f5a00000, 0x00000000f5a00000)
 concurrent-mark-sweep perm gen total 58312K, used 35002K [0x00000000f5a00000, 0x00000000f92f2000, 0x0000000100000000)
2015-03-18T13:26:40.086-0400: 508102.262: [GC2015-03-18T13:26:40.086-0400: 508102.262: [ParNew
Desired survivor size 20112992 bytes, new threshold 8 (max 8)
- age   1:    1500336 bytes,    1500336 total
- age   2:     400872 bytes,    1901208 total
- age   3:    1000704 bytes,    2901912 total
- age   4:     909024 bytes,    3810936 total
- age   5:     746632 bytes,    4557568 total
- age   6:     536792 bytes,    5094360 total
- age   7:     802208 bytes,    5896568 total
- age   8:     834624 bytes,    6731192 total
: 99717K->8203K(109248K), 0.0103310 secs] 196108K->105113K(502464K), 0.0105040 secs] [Times: user=0.05 sys=0.00, real=0.01 secs] 
Heap after GC invocations=395 (full 2):
 par new generation   total 109248K, used 8203K [0x00000000d5a00000, 0x00000000dda00000, 0x00000000dda00000)
  eden space 87424K,   0% used [0x00000000d5a00000, 0x00000000d5a00000, 0x00000000daf60000)
  from space 21824K,  37% used [0x00000000daf60000, 0x00000000db762f68, 0x00000000dc4b0000)
  to   space 21824K,   0% used [0x00000000dc4b0000, 0x00000000dc4b0000, 0x00000000dda00000)
 concurrent mark-sweep generation total 393216K, used 96909K [0x00000000dda00000, 0x00000000f5a00000, 0x00000000f5a00000)
 concurrent-mark-sweep perm gen total 58312K, used 35002K [0x00000000f5a00000, 0x00000000f92f2000, 0x0000000100000000)
}
2015-03-18T13:26:40.097-0400: 508102.272: Total time for which application threads were stopped: 0.0112110 seconds
{Heap before GC invocations=395 (full 2):
 par new generation   total 109248K, used 95627K [0x00000000d5a00000, 0x00000000dda00000, 0x00000000dda00000)
  eden space 87424K, 100% used [0x00000000d5a00000, 0x00000000daf60000, 0x00000000daf60000)
  from space 21824K,  37% used [0x00000000daf60000, 0x00000000db762f68, 0x00000000dc4b0000)
  to   space 21824K,   0% used [0x00000000dc4b0000, 0x00000000dc4b0000, 0x00000000dda00000)
 concurrent mark-sweep generation total 393216K, used 96909K [0x00000000dda00000, 0x00000000f5a00000, 0x00000000f5a00000)
 concurrent-mark-sweep perm gen total 58312K, used 35002K [0x00000000f5a00000, 0x00000000f92f2000, 0x0000000100000000)
2015-03-18T13:26:40.132-0400: 508102.308: [GC2015-03-18T13:26:40.132-0400: 508102.308: [ParNew
Desired survivor size 20112992 bytes, new threshold 8 (max 8)
- age   1:    1715760 bytes,    1715760 total
- age   2:     409752 bytes,    2125512 total
- age   3:     400664 bytes,    2526176 total
- age   4:    1000632 bytes,    3526808 total
- age   5:     908928 bytes,    4435736 total
- age   6:     746368 bytes,    5182104 total
- age   7:     536720 bytes,    5718824 total
- age   8:     801496 bytes,    6520320 total
: 95627K->10222K(109248K), 0.0102600 secs] 192537K->107950K(502464K), 0.0104450 secs] [Times: user=0.03 sys=0.00, real=0.01 secs] 
Heap after GC invocations=396 (full 2):
 par new generation   total 109248K, used 10222K [0x00000000d5a00000, 0x00000000dda00000, 0x00000000dda00000)
  eden space 87424K,   0% used [0x00000000d5a00000, 0x00000000d5a00000, 0x00000000daf60000)
  from space 21824K,  46% used [0x00000000dc4b0000, 0x00000000dceabb28, 0x00000000dda00000)
  to   space 21824K,   0% used [0x00000000daf60000, 0x00000000daf60000, 0x00000000dc4b0000)
 concurrent mark-sweep generation total 393216K, used 97727K [0x00000000dda00000, 0x00000000f5a00000, 0x00000000f5a00000)
 concurrent-mark-sweep perm gen total 58312K, used 35002K [0x00000000f5a00000, 0x00000000f92f2000, 0x0000000100000000)
}
2015-03-18T13:26:40.143-0400: 508102.318: Total time for which application threads were stopped: 0.0112840 seconds
{Heap before GC invocations=396 (full 2):
 par new generation   total 109248K, used 97646K [0x00000000d5a00000, 0x00000000dda00000, 0x00000000dda00000)
  eden space 87424K, 100% used [0x00000000d5a00000, 0x00000000daf60000, 0x00000000daf60000)
  from space 21824K,  46% used [0x00000000dc4b0000, 0x00000000dceabb28, 0x00000000dda00000)
  to   space 21824K,   0% used [0x00000000daf60000, 0x00000000daf60000, 0x00000000dc4b0000)
 concurrent mark-sweep generation total 393216K, used 97727K [0x00000000dda00000, 0x00000000f5a00000, 0x00000000f5a00000)
 concurrent-mark-sweep perm gen total 58312K, used 35002K [0x00000000f5a00000, 0x00000000f92f2000, 0x0000000100000000)
2015-03-18T13:26:40.180-0400: 508102.355: [GC2015-03-18T13:26:40.180-0400: 508102.355: [ParNew
Desired survivor size 20112992 bytes, new threshold 8 (max 8)
- age   1:    2502712 bytes,    2502712 total
- age   2:     179776 bytes,    2682488 total
- age   3:     409392 bytes,    3091880 total
- age   4:     400664 bytes,    3492544 total
- age   5:     999424 bytes,    4491968 total
- age   6:     908712 bytes,    5400680 total
- age   7:     746096 bytes,    6146776 total
- age   8:     536760 bytes,    6683536 total
: 97646K->7630K(109248K), 0.0105800 secs] 195374K->106148K(502464K), 0.0107690 secs] [Times: user=0.04 sys=0.00, real=0.01 secs] 
Heap after GC invocations=397 (full 2):
 par new generation   total 109248K, used 7630K [0x00000000d5a00000, 0x00000000dda00000, 0x00000000dda00000)
  eden space 87424K,   0% used [0x00000000d5a00000, 0x00000000d5a00000, 0x00000000daf60000)
  from space 21824K,  34% used [0x00000000daf60000, 0x00000000db6d3a80, 0x00000000dc4b0000)
  to   space 21824K,   0% used [0x00000000dc4b0000, 0x00000000dc4b0000, 0x00000000dda00000)
 concurrent mark-sweep generation total 393216K, used 98517K [0x00000000dda00000, 0x00000000f5a00000, 0x00000000f5a00000)
 concurrent-mark-sweep perm gen total 58312K, used 35002K [0x00000000f5a00000, 0x00000000f92f2000, 0x0000000100000000)
}
2015-03-18T13:26:40.191-0400: 508102.366: Total time for which application threads were stopped: 0.0114790 seconds
{Heap before GC invocations=397 (full 2):
 par new generation   total 109248K, used 95054K [0x00000000d5a00000, 0x00000000dda00000, 0x00000000dda00000)
  eden space 87424K, 100% used [0x00000000d5a00000, 0x00000000daf60000, 0x00000000daf60000)
  from space 21824K,  34% used [0x00000000daf60000, 0x00000000db6d3a80, 0x00000000dc4b0000)
  to   space 21824K,   0% used [0x00000000dc4b0000, 0x00000000dc4b0000, 0x00000000dda00000)
 concurrent mark-sweep generation total 393216K, used 98517K [0x00000000dda00000, 0x00000000f5a00000, 0x00000000f5a00000)
 concurrent-mark-sweep perm gen total 58312K, used 35002K [0x00000000f5a00000, 0x00000000f92f2000, 0x0000000100000000)
2015-03-18T13:26:40.225-0400: 508102.401: [GC2015-03-18T13:26:40.225-0400: 508102.401: [ParNew
Desired survivor size 20112992 bytes, new threshold 8 (max 8)
- age   1:    1932320 bytes,    1932320 total
- age   2:     952904 bytes,    2885224 total
- age   3:     179592 bytes,    3064816 total
- age   4:     409392 bytes,    3474208 total
- age   5:     400664 bytes,    3874872 total
- age   6:     999424 bytes,    4874296 total
- age   7:     908712 bytes,    5783008 total
- age   8:     746096 bytes,    6529104 total
: 95054K->9901K(109248K), 0.0099030 secs] 193572K->108946K(502464K), 0.0100860 secs] [Times: user=0.03 sys=0.00, real=0.01 secs] 
Heap after GC invocations=398 (full 2):
 par new generation   total 109248K, used 9901K [0x00000000d5a00000, 0x00000000dda00000, 0x00000000dda00000)
  eden space 87424K,   0% used [0x00000000d5a00000, 0x00000000d5a00000, 0x00000000daf60000)
  from space 21824K,  45% used [0x00000000dc4b0000, 0x00000000dce5b788, 0x00000000dda00000)
  to   space 21824K,   0% used [0x00000000daf60000, 0x00000000daf60000, 0x00000000dc4b0000)
 concurrent mark-sweep generation total 393216K, used 99044K [0x00000000dda00000, 0x00000000f5a00000, 0x00000000f5a00000)
 concurrent-mark-sweep perm gen total 58312K, used 35002K [0x00000000f5a00000, 0x00000000f92f2000, 0x0000000100000000)
}
2015-03-18T13:26:40.235-0400: 508102.411: Total time for which application threads were stopped: 0.0107750 seconds
{Heap before GC invocations=398 (full 2):
 par new generation   total 109248K, used 97273K [0x00000000d5a00000, 0x00000000dda00000, 0x00000000dda00000)
  eden space 87424K,  99% used [0x00000000d5a00000, 0x00000000daf52dd8, 0x00000000daf60000)
  from space 21824K,  45% used [0x00000000dc4b0000, 0x00000000dce5b788, 0x00000000dda00000)
  to   space 21824K,   0% used [0x00000000daf60000, 0x00000000daf60000, 0x00000000dc4b0000)
 concurrent mark-sweep generation total 393216K, used 99044K [0x00000000dda00000, 0x00000000f5a00000, 0x00000000f5a00000)
 concurrent-mark-sweep perm gen total 58312K, used 35002K [0x00000000f5a00000, 0x00000000f92f2000, 0x0000000100000000)
2015-03-18T13:26:40.275-0400: 508102.451: [GC2015-03-18T13:26:40.275-0400: 508102.451: [ParNew
Desired survivor size 20112992 bytes, new threshold 8 (max 8)
- age   1:    2346752 bytes,    2346752 total
- age   2:     163968 bytes,    2510720 total
- age   3:     950216 bytes,    3460936 total
- age   4:     179592 bytes,    3640528 total
- age   5:     409392 bytes,    4049920 total
- age   6:     400448 bytes,    4450368 total
- age   7:     999424 bytes,    5449792 total
- age   8:     908440 bytes,    6358232 total
: 97273K->7521K(109248K), 0.0101440 secs] 196317K->107302K(502464K), 0.0103480 secs] [Times: user=0.04 sys=0.00, real=0.01 secs] 
Heap after GC invocations=399 (full 2):
 par new generation   total 109248K, used 7521K [0x00000000d5a00000, 0x00000000dda00000, 0x00000000dda00000)
  eden space 87424K,   0% used [0x00000000d5a00000, 0x00000000d5a00000, 0x00000000daf60000)
  from space 21824K,  34% used [0x00000000daf60000, 0x00000000db6b85f0, 0x00000000dc4b0000)
  to   space 21824K,   0% used [0x00000000dc4b0000, 0x00000000dc4b0000, 0x00000000dda00000)
 concurrent mark-sweep generation total 393216K, used 99781K [0x00000000dda00000, 0x00000000f5a00000, 0x00000000f5a00000)
 concurrent-mark-sweep perm gen total 58312K, used 35002K [0x00000000f5a00000, 0x00000000f92f2000, 0x0000000100000000)
}
2015-03-18T13:26:40.286-0400: 508102.461: Total time for which application threads were stopped: 0.0110290 seconds
{Heap before GC invocations=399 (full 2):
 par new generation   total 109248K, used 94931K [0x00000000d5a00000, 0x00000000dda00000, 0x00000000dda00000)
  eden space 87424K,  99% used [0x00000000d5a00000, 0x00000000daf5c818, 0x00000000daf60000)
  from space 21824K,  34% used [0x00000000daf60000, 0x00000000db6b85f0, 0x00000000dc4b0000)
  to   space 21824K,   0% used [0x00000000dc4b0000, 0x00000000dc4b0000, 0x00000000dda00000)
 concurrent mark-sweep generation total 393216K, used 99781K [0x00000000dda00000, 0x00000000f5a00000, 0x00000000f5a00000)
 concurrent-mark-sweep perm gen total 58312K, used 35002K [0x00000000f5a00000, 0x00000000f92f2000, 0x0000000100000000)
2015-03-18T13:26:40.325-0400: 508102.500: [GC2015-03-18T13:26:40.325-0400: 508102.500: [ParNew
Desired survivor size 20112992 bytes, new threshold 8 (max 8)
- age   1:    1931064 bytes,    1931064 total
- age   2:     714672 bytes,    2645736 total
- age   3:     163968 bytes,    2809704 total
- age   4:     950216 bytes,    3759920 total
- age   5:     179592 bytes,    3939512 total
- age   6:     409176 bytes,    4348688 total
- age   7:     400448 bytes,    4749136 total
- age   8:     999152 bytes,    5748288 total
: 94931K->9465K(109248K), 0.0093040 secs] 194712K->110137K(502464K), 0.0094640 secs] [Times: user=0.04 sys=0.00, real=0.01 secs] 
Heap after GC invocations=400 (full 2):
 par new generation   total 109248K, used 9465K [0x00000000d5a00000, 0x00000000dda00000, 0x00000000dda00000)
  eden space 87424K,   0% used [0x00000000d5a00000, 0x00000000d5a00000, 0x00000000daf60000)
  from space 21824K,  43% used [0x00000000dc4b0000, 0x00000000dcdee770, 0x00000000dda00000)
  to   space 21824K,   0% used [0x00000000daf60000, 0x00000000daf60000, 0x00000000dc4b0000)
 concurrent mark-sweep generation total 393216K, used 100671K [0x00000000dda00000, 0x00000000f5a00000, 0x00000000f5a00000)
 concurrent-mark-sweep perm gen total 58312K, used 35002K [0x00000000f5a00000, 0x00000000f92f2000, 0x0000000100000000)
}
2015-03-18T13:26:40.334-0400: 508102.510: Total time for which application threads were stopped: 0.0101740 seconds
{Heap before GC invocations=400 (full 2):
 par new generation   total 109248K, used 96889K [0x00000000d5a00000, 0x00000000dda00000, 0x00000000dda00000)
  eden space 87424K, 100% used [0x00000000d5a00000, 0x00000000daf60000, 0x00000000daf60000)
  from space 21824K,  43% used [0x00000000dc4b0000, 0x00000000dcdee770, 0x00000000dda00000)
  to   space 21824K,   0% used [0x00000000daf60000, 0x00000000daf60000, 0x00000000dc4b0000)
 concurrent mark-sweep generation total 393216K, used 100671K [0x00000000dda00000, 0x00000000f5a00000, 0x00000000f5a00000)
 concurrent-mark-sweep perm gen total 58312K, used 35002K [0x00000000f5a00000, 0x00000000f92f2000, 0x0000000100000000)
2015-03-18T13:26:40.374-0400: 508102.549: [GC2015-03-18T13:26:40.374-0400: 508102.549: [ParNew
Desired survivor size 20112992 bytes, new threshold 8 (max 8)
- age   1:    1680016 bytes,    1680016 total
- age   2:      78632 bytes,    1758648 total
- age   3:     714352 bytes,    2473000 total
- age   4:     163896 bytes,    2636896 total
- age   5:     950120 bytes,    3587016 total
- age   6:     179544 bytes,    3766560 total
- age   7:     408792 bytes,    4175352 total
- age   8:     400376 bytes,    4575728 total
: 96889K->6200K(109248K), 0.0095060 secs] 197561K->107850K(502464K), 0.0096850 secs] [Times: user=0.04 sys=0.00, real=0.01 secs] 
Heap after GC invocations=401 (full 2):
 par new generation   total 109248K, used 6200K [0x00000000d5a00000, 0x00000000dda00000, 0x00000000dda00000)
  eden space 87424K,   0% used [0x00000000d5a00000, 0x00000000d5a00000, 0x00000000daf60000)
  from space 21824K,  28% used [0x00000000daf60000, 0x00000000db56e0e8, 0x00000000dc4b0000)
  to   space 21824K,   0% used [0x00000000dc4b0000, 0x00000000dc4b0000, 0x00000000dda00000)
 concurrent mark-sweep generation total 393216K, used 101649K [0x00000000dda00000, 0x00000000f5a00000, 0x00000000f5a00000)
 concurrent-mark-sweep perm gen total 58312K, used 35002K [0x00000000f5a00000, 0x00000000f92f2000, 0x0000000100000000)
}
2015-03-18T13:26:40.383-0400: 508102.559: Total time for which application threads were stopped: 0.0104820 seconds
{Heap before GC invocations=401 (full 2):
 par new generation   total 109248K, used 93624K [0x00000000d5a00000, 0x00000000dda00000, 0x00000000dda00000)
  eden space 87424K, 100% used [0x00000000d5a00000, 0x00000000daf60000, 0x00000000daf60000)
  from space 21824K,  28% used [0x00000000daf60000, 0x00000000db56e0e8, 0x00000000dc4b0000)
  to   space 21824K,   0% used [0x00000000dc4b0000, 0x00000000dc4b0000, 0x00000000dda00000)
 concurrent mark-sweep generation total 393216K, used 101649K [0x00000000dda00000, 0x00000000f5a00000, 0x00000000f5a00000)
 concurrent-mark-sweep perm gen total 58312K, used 35002K [0x00000000f5a00000, 0x00000000f92f2000, 0x0000000100000000)
2015-03-18T13:26:40.419-0400: 508102.595: [GC2015-03-18T13:26:40.419-0400: 508102.595: [ParNew
Desired survivor size 20112992 bytes, new threshold 8 (max 8)
- age   1:    1908896 bytes,    1908896 total
- age   2:     125568 bytes,    2034464 total
- age   3:      78424 bytes,    2112888 total
- age   4:     714112 bytes,    2827000 total
- age   5:     163816 bytes,    2990816 total
- age   6:     949832 bytes,    3940648 total
- age   7:     179136 bytes,    4119784 total
- age   8:     408448 bytes,    4528232 total
: 93624K->5911K(109248K), 0.0082960 secs] 195274K->107954K(502464K), 0.0084620 secs] [Times: user=0.03 sys=0.00, real=0.01 secs] 
Heap after GC invocations=402 (full 2):
 par new generation   total 109248K, used 5911K [0x00000000d5a00000, 0x00000000dda00000, 0x00000000dda00000)
  eden space 87424K,   0% used [0x00000000d5a00000, 0x00000000d5a00000, 0x00000000daf60000)
  from space 21824K,  27% used [0x00000000dc4b0000, 0x00000000dca75df0, 0x00000000dda00000)
  to   space 21824K,   0% used [0x00000000daf60000, 0x00000000daf60000, 0x00000000dc4b0000)
 concurrent mark-sweep generation total 393216K, used 102043K [0x00000000dda00000, 0x00000000f5a00000, 0x00000000f5a00000)
 concurrent-mark-sweep perm gen total 58312K, used 35002K [0x00000000f5a00000, 0x00000000f92f2000, 0x0000000100000000)
}
2015-03-18T13:26:40.428-0400: 508102.603: Total time for which application threads were stopped: 0.0092130 seconds
{Heap before GC invocations=402 (full 2):
 par new generation   total 109248K, used 93335K [0x00000000d5a00000, 0x00000000dda00000, 0x00000000dda00000)
  eden space 87424K, 100% used [0x00000000d5a00000, 0x00000000daf60000, 0x00000000daf60000)
  from space 21824K,  27% used [0x00000000dc4b0000, 0x00000000dca75df0, 0x00000000dda00000)
  to   space 21824K,   0% used [0x00000000daf60000, 0x00000000daf60000, 0x00000000dc4b0000)
 concurrent mark-sweep generation total 393216K, used 102043K [0x00000000dda00000, 0x00000000f5a00000, 0x00000000f5a00000)
 concurrent-mark-sweep perm gen total 58312K, used 35002K [0x00000000f5a00000, 0x00000000f92f2000, 0x0000000100000000)
2015-03-18T13:26:40.463-0400: 508102.638: [GC2015-03-18T13:26:40.463-0400: 508102.638: [ParNew
Desired survivor size 20112992 bytes, new threshold 8 (max 8)
- age   1:    2314864 bytes,    2314864 total
- age   2:     607736 bytes,    2922600 total
- age   3:     125320 bytes,    3047920 total
- age   4:      78352 bytes,    3126272 total
- age   5:     714040 bytes,    3840312 total
- age   6:     163744 bytes,    4004056 total
- age   7:     949424 bytes,    4953480 total
- age   8:     179088 bytes,    5132568 total
: 93335K->6185K(109248K), 0.0087390 secs] 195378K->108630K(502464K), 0.0088950 secs] [Times: user=0.03 sys=0.00, real=0.01 secs] 
Heap after GC invocations=403 (full 2):
 par new generation   total 109248K, used 6185K [0x00000000d5a00000, 0x00000000dda00000, 0x00000000dda00000)
  eden space 87424K,   0% used [0x00000000d5a00000, 0x00000000d5a00000, 0x00000000daf60000)
  from space 21824K,  28% used [0x00000000daf60000, 0x00000000db56a7d0, 0x00000000dc4b0000)
  to   space 21824K,   0% used [0x00000000dc4b0000, 0x00000000dc4b0000, 0x00000000dda00000)
 concurrent mark-sweep generation total 393216K, used 102444K [0x00000000dda00000, 0x00000000f5a00000, 0x00000000f5a00000)
 concurrent-mark-sweep perm gen total 58312K, used 35002K [0x00000000f5a00000, 0x00000000f92f2000, 0x0000000100000000)
}
2015-03-18T13:26:40.472-0400: 508102.647: Total time for which application threads were stopped: 0.0096400 seconds
{Heap before GC invocations=403 (full 2):
 par new generation   total 109248K, used 93609K [0x00000000d5a00000, 0x00000000dda00000, 0x00000000dda00000)
  eden space 87424K, 100% used [0x00000000d5a00000, 0x00000000daf60000, 0x00000000daf60000)
  from space 21824K,  28% used [0x00000000daf60000, 0x00000000db56a7d0, 0x00000000dc4b0000)
  to   space 21824K,   0% used [0x00000000dc4b0000, 0x00000000dc4b0000, 0x00000000dda00000)
 concurrent mark-sweep generation total 393216K, used 102444K [0x00000000dda00000, 0x00000000f5a00000, 0x00000000f5a00000)
 concurrent-mark-sweep perm gen total 58312K, used 35002K [0x00000000f5a00000, 0x00000000f92f2000, 0x0000000100000000)
2015-03-18T13:26:40.508-0400: 508102.684: [GC2015-03-18T13:26:40.508-0400: 508102.684: [ParNew
Desired survivor size 20112992 bytes, new threshold 8 (max 8)
- age   1:     972584 bytes,     972584 total
- age   2:     577688 bytes,    1550272 total
- age   3:     607592 bytes,    2157864 total
- age   4:     125320 bytes,    2283184 total
- age   5:      78352 bytes,    2361536 total
- age   6:     713608 bytes,    3075144 total
- age   7:     163472 bytes,    3238616 total
- age   8:     949152 bytes,    4187768 total
: 93609K->5401K(109248K), 0.0079500 secs] 196054K->108028K(502464K), 0.0081420 secs] [Times: user=0.03 sys=0.00, real=0.01 secs] 
Heap after GC invocations=404 (full 2):
 par new generation   total 109248K, used 5401K [0x00000000d5a00000, 0x00000000dda00000, 0x00000000dda00000)
  eden space 87424K,   0% used [0x00000000d5a00000, 0x00000000d5a00000, 0x00000000daf60000)
  from space 21824K,  24% used [0x00000000dc4b0000, 0x00000000dc9f67f8, 0x00000000dda00000)
  to   space 21824K,   0% used [0x00000000daf60000, 0x00000000daf60000, 0x00000000dc4b0000)
 concurrent mark-sweep generation total 393216K, used 102626K [0x00000000dda00000, 0x00000000f5a00000, 0x00000000f5a00000)
 concurrent-mark-sweep perm gen total 58312K, used 35002K [0x00000000f5a00000, 0x00000000f92f2000, 0x0000000100000000)
}
2015-03-18T13:26:40.516-0400: 508102.692: Total time for which application threads were stopped: 0.0088450 seconds
2015-03-18T13:26:40.532-0400: 508102.708: Total time for which application threads were stopped: 0.0007100 seconds
2015-03-18T13:26:40.534-0400: 508102.709: Total time for which application threads were stopped: 0.0005150 seconds
2015-03-18T13:26:40.539-0400: 508102.714: Total time for which application threads were stopped: 0.0005400 seconds
{Heap before GC invocations=404 (full 2):
 par new generation   total 109248K, used 92825K [0x00000000d5a00000, 0x00000000dda00000, 0x00000000dda00000)
  eden space 87424K, 100% used [0x00000000d5a00000, 0x00000000daf60000, 0x00000000daf60000)
  from space 21824K,  24% used [0x00000000dc4b0000, 0x00000000dc9f67f8, 0x00000000dda00000)
  to   space 21824K,   0% used [0x00000000daf60000, 0x00000000daf60000, 0x00000000dc4b0000)
 concurrent mark-sweep generation total 393216K, used 102626K [0x00000000dda00000, 0x00000000f5a00000, 0x00000000f5a00000)
 concurrent-mark-sweep perm gen total 58312K, used 35003K [0x00000000f5a00000, 0x00000000f92f2000, 0x0000000100000000)
2015-03-18T13:26:40.552-0400: 508102.728: [GC2015-03-18T13:26:40.552-0400: 508102.728: [ParNew
Desired survivor size 20112992 bytes, new threshold 8 (max 8)
- age   1:    2959192 bytes,    2959192 total
- age   2:      82880 bytes,    3042072 total
- age   3:     443128 bytes,    3485200 total
- age   4:     607520 bytes,    4092720 total
- age   5:     125248 bytes,    4217968 total
- age   6:      78280 bytes,    4296248 total
- age   7:     713072 bytes,    5009320 total
- age   8:     163392 bytes,    5172712 total
: 92825K->5881K(109248K), 0.0094600 secs] 195452K->109437K(502464K), 0.0096320 secs] [Times: user=0.04 sys=0.00, real=0.01 secs] 
Heap after GC invocations=405 (full 2):
 par new generation   total 109248K, used 5881K [0x00000000d5a00000, 0x00000000dda00000, 0x00000000dda00000)
  eden space 87424K,   0% used [0x00000000d5a00000, 0x00000000d5a00000, 0x00000000daf60000)
  from space 21824K,  26% used [0x00000000daf60000, 0x00000000db51e600, 0x00000000dc4b0000)
  to   space 21824K,   0% used [0x00000000dc4b0000, 0x00000000dc4b0000, 0x00000000dda00000)
 concurrent mark-sweep generation total 393216K, used 103555K [0x00000000dda00000, 0x00000000f5a00000, 0x00000000f5a00000)
 concurrent-mark-sweep perm gen total 58312K, used 35003K [0x00000000f5a00000, 0x00000000f92f2000, 0x0000000100000000)
}
2015-03-18T13:26:40.562-0400: 508102.738: Total time for which application threads were stopped: 0.0103170 seconds
2015-03-18T13:26:40.564-0400: 508102.740: Total time for which application threads were stopped: 0.0005200 seconds
2015-03-18T13:26:40.565-0400: 508102.740: Total time for which application threads were stopped: 0.0003800 seconds
{Heap before GC invocations=405 (full 2):
 par new generation   total 109248K, used 93305K [0x00000000d5a00000, 0x00000000dda00000, 0x00000000dda00000)
  eden space 87424K, 100% used [0x00000000d5a00000, 0x00000000daf60000, 0x00000000daf60000)
  from space 21824K,  26% used [0x00000000daf60000, 0x00000000db51e600, 0x00000000dc4b0000)
  to   space 21824K,   0% used [0x00000000dc4b0000, 0x00000000dc4b0000, 0x00000000dda00000)
 concurrent mark-sweep generation total 393216K, used 103555K [0x00000000dda00000, 0x00000000f5a00000, 0x00000000f5a00000)
 concurrent-mark-sweep perm gen total 58312K, used 35003K [0x00000000f5a00000, 0x00000000f92f2000, 0x0000000100000000)
2015-03-18T13:26:40.599-0400: 508102.774: [GC2015-03-18T13:26:40.599-0400: 508102.774: [ParNew
Desired survivor size 20112992 bytes, new threshold 8 (max 8)
- age   1:    2463264 bytes,    2463264 total
- age   2:    1011040 bytes,    3474304 total
- age   3:      82760 bytes,    3557064 total
- age   4:     443032 bytes,    4000096 total
- age   5:     607408 bytes,    4607504 total
- age   6:     125176 bytes,    4732680 total
- age   7:      77896 bytes,    4810576 total
- age   8:     713024 bytes,    5523600 total
: 93305K->8884K(109248K), 0.0090580 secs] 196861K->112606K(502464K), 0.0092350 secs] [Times: user=0.04 sys=0.00, real=0.01 secs] 
Heap after GC invocations=406 (full 2):
 par new generation   total 109248K, used 8884K [0x00000000d5a00000, 0x00000000dda00000, 0x00000000dda00000)
  eden space 87424K,   0% used [0x00000000d5a00000, 0x00000000d5a00000, 0x00000000daf60000)
  from space 21824K,  40% used [0x00000000dc4b0000, 0x00000000dcd5d040, 0x00000000dda00000)
  to   space 21824K,   0% used [0x00000000daf60000, 0x00000000daf60000, 0x00000000dc4b0000)
 concurrent mark-sweep generation total 393216K, used 103722K [0x00000000dda00000, 0x00000000f5a00000, 0x00000000f5a00000)
 concurrent-mark-sweep perm gen total 58312K, used 35003K [0x00000000f5a00000, 0x00000000f92f2000, 0x0000000100000000)
}
2015-03-18T13:26:40.608-0400: 508102.784: Total time for which application threads were stopped: 0.0099830 seconds
{Heap before GC invocations=406 (full 2):
 par new generation   total 109248K, used 96308K [0x00000000d5a00000, 0x00000000dda00000, 0x00000000dda00000)
  eden space 87424K, 100% used [0x00000000d5a00000, 0x00000000daf60000, 0x00000000daf60000)
  from space 21824K,  40% used [0x00000000dc4b0000, 0x00000000dcd5d040, 0x00000000dda00000)
  to   space 21824K,   0% used [0x00000000daf60000, 0x00000000daf60000, 0x00000000dc4b0000)
 concurrent mark-sweep generation total 393216K, used 103722K [0x00000000dda00000, 0x00000000f5a00000, 0x00000000f5a00000)
 concurrent-mark-sweep perm gen total 58312K, used 35003K [0x00000000f5a00000, 0x00000000f92f2000, 0x0000000100000000)
2015-03-18T13:26:40.642-0400: 508102.818: [GC2015-03-18T13:26:40.642-0400: 508102.818: [ParNew
Desired survivor size 20112992 bytes, new threshold 8 (max 8)
- age   1:    1699720 bytes,    1699720 total
- age   2:    1397824 bytes,    3097544 total
- age   3:    1010904 bytes,    4108448 total
- age   4:      82664 bytes,    4191112 total
- age   5:     442680 bytes,    4633792 total
- age   6:     607024 bytes,    5240816 total
- age   7:     124832 bytes,    5365648 total
- age   8:      77824 bytes,    5443472 total
: 96308K->6147K(109248K), 0.0097330 secs] 200030K->110568K(502464K), 0.0098990 secs] [Times: user=0.03 sys=0.00, real=0.01 secs] 
Heap after GC invocations=407 (full 2):
 par new generation   total 109248K, used 6147K [0x00000000d5a00000, 0x00000000dda00000, 0x00000000dda00000)
  eden space 87424K,   0% used [0x00000000d5a00000, 0x00000000d5a00000, 0x00000000daf60000)
  from space 21824K,  28% used [0x00000000daf60000, 0x00000000db560e50, 0x00000000dc4b0000)
  to   space 21824K,   0% used [0x00000000dc4b0000, 0x00000000dc4b0000, 0x00000000dda00000)
 concurrent mark-sweep generation total 393216K, used 104421K [0x00000000dda00000, 0x00000000f5a00000, 0x00000000f5a00000)
 concurrent-mark-sweep perm gen total 58312K, used 35003K [0x00000000f5a00000, 0x00000000f92f2000, 0x0000000100000000)
}
2015-03-18T13:26:40.652-0400: 508102.828: Total time for which application threads were stopped: 0.0107610 seconds
{Heap before GC invocations=407 (full 2):
 par new generation   total 109248K, used 93571K [0x00000000d5a00000, 0x00000000dda00000, 0x00000000dda00000)
  eden space 87424K, 100% used [0x00000000d5a00000, 0x00000000daf60000, 0x00000000daf60000)
  from space 21824K,  28% used [0x00000000daf60000, 0x00000000db560e50, 0x00000000dc4b0000)
  to   space 21824K,   0% used [0x00000000dc4b0000, 0x00000000dc4b0000, 0x00000000dda00000)
 concurrent mark-sweep generation total 393216K, used 104421K [0x00000000dda00000, 0x00000000f5a00000, 0x00000000f5a00000)
 concurrent-mark-sweep perm gen total 58312K, used 35003K [0x00000000f5a00000, 0x00000000f92f2000, 0x0000000100000000)
2015-03-18T13:26:40.686-0400: 508102.862: [GC2015-03-18T13:26:40.686-0400: 508102.862: [ParNew
Desired survivor size 20112992 bytes, new threshold 8 (max 8)
- age   1:    2399440 bytes,    2399440 total
- age   2:     812504 bytes,    3211944 total
- age   3:    1396520 bytes,    4608464 total
- age   4:    1010784 bytes,    5619248 total
- age   5:      82232 bytes,    5701480 total
- age   6:     442632 bytes,    6144112 total
- age   7:     606928 bytes,    6751040 total
- age   8:     124736 bytes,    6875776 total
: 93571K->9203K(109248K), 0.0099470 secs] 197992K->113702K(502464K), 0.0101110 secs] [Times: user=0.04 sys=0.00, real=0.01 secs] 
Heap after GC invocations=408 (full 2):
 par new generation   total 109248K, used 9203K [0x00000000d5a00000, 0x00000000dda00000, 0x00000000dda00000)
  eden space 87424K,   0% used [0x00000000d5a00000, 0x00000000d5a00000, 0x00000000daf60000)
  from space 21824K,  42% used [0x00000000dc4b0000, 0x00000000dcdacd80, 0x00000000dda00000)
  to   space 21824K,   0% used [0x00000000daf60000, 0x00000000daf60000, 0x00000000dc4b0000)
 concurrent mark-sweep generation total 393216K, used 104499K [0x00000000dda00000, 0x00000000f5a00000, 0x00000000f5a00000)
 concurrent-mark-sweep perm gen total 58312K, used 35003K [0x00000000f5a00000, 0x00000000f92f2000, 0x0000000100000000)
}
2015-03-18T13:26:40.696-0400: 508102.872: Total time for which application threads were stopped: 0.0107960 seconds
{Heap before GC invocations=408 (full 2):
 par new generation   total 109248K, used 96627K [0x00000000d5a00000, 0x00000000dda00000, 0x00000000dda00000)
  eden space 87424K, 100% used [0x00000000d5a00000, 0x00000000daf60000, 0x00000000daf60000)
  from space 21824K,  42% used [0x00000000dc4b0000, 0x00000000dcdacd80, 0x00000000dda00000)
  to   space 21824K,   0% used [0x00000000daf60000, 0x00000000daf60000, 0x00000000dc4b0000)
 concurrent mark-sweep generation total 393216K, used 104499K [0x00000000dda00000, 0x00000000f5a00000, 0x00000000f5a00000)
 concurrent-mark-sweep perm gen total 58312K, used 35005K [0x00000000f5a00000, 0x00000000f92f2000, 0x0000000100000000)
2015-03-18T13:26:40.732-0400: 508102.907: [GC2015-03-18T13:26:40.732-0400: 508102.907: [ParNew
Desired survivor size 20112992 bytes, new threshold 8 (max 8)
- age   1:    2971520 bytes,    2971520 total
- age   2:    1074872 bytes,    4046392 total
- age   3:     812224 bytes,    4858616 total
- age   4:    1396424 bytes,    6255040 total
- age   5:    1010688 bytes,    7265728 total
- age   6:      81800 bytes,    7347528 total
- age   7:     442584 bytes,    7790112 total
- age   8:     606832 bytes,    8396944 total
: 96627K->11005K(109248K), 0.0124730 secs] 201126K->115628K(502464K), 0.0126320 secs] [Times: user=0.04 sys=0.00, real=0.01 secs] 
Heap after GC invocations=409 (full 2):
 par new generation   total 109248K, used 11005K [0x00000000d5a00000, 0x00000000dda00000, 0x00000000dda00000)
  eden space 87424K,   0% used [0x00000000d5a00000, 0x00000000d5a00000, 0x00000000daf60000)
  from space 21824K,  50% used [0x00000000daf60000, 0x00000000dba1f540, 0x00000000dc4b0000)
  to   space 21824K,   0% used [0x00000000dc4b0000, 0x00000000dc4b0000, 0x00000000dda00000)
 concurrent mark-sweep generation total 393216K, used 104623K [0x00000000dda00000, 0x00000000f5a00000, 0x00000000f5a00000)
 concurrent-mark-sweep perm gen total 58312K, used 35005K [0x00000000f5a00000, 0x00000000f92f2000, 0x0000000100000000)
}
2015-03-18T13:26:40.745-0400: 508102.920: Total time for which application threads were stopped: 0.0133370 seconds
{Heap before GC invocations=409 (full 2):
 par new generation   total 109248K, used 98429K [0x00000000d5a00000, 0x00000000dda00000, 0x00000000dda00000)
  eden space 87424K, 100% used [0x00000000d5a00000, 0x00000000daf60000, 0x00000000daf60000)
  from space 21824K,  50% used [0x00000000daf60000, 0x00000000dba1f540, 0x00000000dc4b0000)
  to   space 21824K,   0% used [0x00000000dc4b0000, 0x00000000dc4b0000, 0x00000000dda00000)
 concurrent mark-sweep generation total 393216K, used 104623K [0x00000000dda00000, 0x00000000f5a00000, 0x00000000f5a00000)
 concurrent-mark-sweep perm gen total 58312K, used 35006K [0x00000000f5a00000, 0x00000000f92f2000, 0x0000000100000000)
2015-03-18T13:26:40.783-0400: 508102.958: [GC2015-03-18T13:26:40.783-0400: 508102.959: [ParNew
Desired survivor size 20112992 bytes, new threshold 8 (max 8)
- age   1:    2656432 bytes,    2656432 total
- age   2:    1120960 bytes,    3777392 total
- age   3:    1074576 bytes,    4851968 total
- age   4:     812224 bytes,    5664192 total
- age   5:    1396424 bytes,    7060616 total
- age   6:    1010472 bytes,    8071088 total
- age   7:      81528 bytes,    8152616 total
- age   8:     442584 bytes,    8595200 total
: 98429K->9980K(109248K), 0.0120260 secs] 203052K->115198K(502464K), 0.0122210 secs] [Times: user=0.04 sys=0.00, real=0.01 secs] 
Heap after GC invocations=410 (full 2):
 par new generation   total 109248K, used 9980K [0x00000000d5a00000, 0x00000000dda00000, 0x00000000dda00000)
  eden space 87424K,   0% used [0x00000000d5a00000, 0x00000000d5a00000, 0x00000000daf60000)
  from space 21824K,  45% used [0x00000000dc4b0000, 0x00000000dce6f190, 0x00000000dda00000)
  to   space 21824K,   0% used [0x00000000daf60000, 0x00000000daf60000, 0x00000000dc4b0000)
 concurrent mark-sweep generation total 393216K, used 105218K [0x00000000dda00000, 0x00000000f5a00000, 0x00000000f5a00000)
 concurrent-mark-sweep perm gen total 58312K, used 35006K [0x00000000f5a00000, 0x00000000f92f2000, 0x0000000100000000)
}
2015-03-18T13:26:40.795-0400: 508102.971: Total time for which application threads were stopped: 0.0129200 seconds
{Heap before GC invocations=410 (full 2):
 par new generation   total 109248K, used 97392K [0x00000000d5a00000, 0x00000000dda00000, 0x00000000dda00000)
  eden space 87424K,  99% used [0x00000000d5a00000, 0x00000000daf5d158, 0x00000000daf60000)
  from space 21824K,  45% used [0x00000000dc4b0000, 0x00000000dce6f190, 0x00000000dda00000)
  to   space 21824K,   0% used [0x00000000daf60000, 0x00000000daf60000, 0x00000000dc4b0000)
 concurrent mark-sweep generation total 393216K, used 105218K [0x00000000dda00000, 0x00000000f5a00000, 0x00000000f5a00000)
 concurrent-mark-sweep perm gen total 58312K, used 35006K [0x00000000f5a00000, 0x00000000f92f2000, 0x0000000100000000)
2015-03-18T13:26:40.831-0400: 508103.007: [GC2015-03-18T13:26:40.832-0400: 508103.007: [ParNew
Desired survivor size 20112992 bytes, new threshold 8 (max 8)
- age   1:    2084280 bytes,    2084280 total
- age   2:    1325168 bytes,    3409448 total
- age   3:    1120776 bytes,    4530224 total
- age   4:    1074576 bytes,    5604800 total
- age   5:     812224 bytes,    6417024 total
- age   6:    1396424 bytes,    7813448 total
- age   7:    1010496 bytes,    8823944 total
- age   8:      81528 bytes,    8905472 total
: 97392K->14586K(109248K), 0.0117870 secs] 202611K->120243K(502464K), 0.0119720 secs] [Times: user=0.04 sys=0.00, real=0.01 secs] 
Heap after GC invocations=411 (full 2):
 par new generation   total 109248K, used 14586K [0x00000000d5a00000, 0x00000000dda00000, 0x00000000dda00000)
  eden space 87424K,   0% used [0x00000000d5a00000, 0x00000000d5a00000, 0x00000000daf60000)
  from space 21824K,  66% used [0x00000000daf60000, 0x00000000dbd9eb00, 0x00000000dc4b0000)
  to   space 21824K,   0% used [0x00000000dc4b0000, 0x00000000dc4b0000, 0x00000000dda00000)
 concurrent mark-sweep generation total 393216K, used 105657K [0x00000000dda00000, 0x00000000f5a00000, 0x00000000f5a00000)
 concurrent-mark-sweep perm gen total 58312K, used 35006K [0x00000000f5a00000, 0x00000000f92f2000, 0x0000000100000000)
}
2015-03-18T13:26:40.844-0400: 508103.019: Total time for which application threads were stopped: 0.0126850 seconds
{Heap before GC invocations=411 (full 2):
 par new generation   total 109248K, used 102010K [0x00000000d5a00000, 0x00000000dda00000, 0x00000000dda00000)
  eden space 87424K, 100% used [0x00000000d5a00000, 0x00000000daf60000, 0x00000000daf60000)
  from space 21824K,  66% used [0x00000000daf60000, 0x00000000dbd9eb00, 0x00000000dc4b0000)
  to   space 21824K,   0% used [0x00000000dc4b0000, 0x00000000dc4b0000, 0x00000000dda00000)
 concurrent mark-sweep generation total 393216K, used 105657K [0x00000000dda00000, 0x00000000f5a00000, 0x00000000f5a00000)
 concurrent-mark-sweep perm gen total 58312K, used 35006K [0x00000000f5a00000, 0x00000000f92f2000, 0x0000000100000000)
2015-03-18T13:26:40.883-0400: 508103.059: [GC2015-03-18T13:26:40.883-0400: 508103.059: [ParNew
Desired survivor size 20112992 bytes, new threshold 8 (max 8)
- age   1:    1977520 bytes,    1977520 total
- age   2:     321464 bytes,    2298984 total
- age   3:    1324800 bytes,    3623784 total
- age   4:    1120624 bytes,    4744408 total
- age   5:    1074576 bytes,    5818984 total
- age   6:     812256 bytes,    6631240 total
- age   7:    1396424 bytes,    8027664 total
- age   8:    1010496 bytes,    9038160 total
: 102010K->10993K(109248K), 0.0114290 secs] 207667K->116731K(502464K), 0.0116340 secs] [Times: user=0.05 sys=0.00, real=0.01 secs] 
Heap after GC invocations=412 (full 2):
 par new generation   total 109248K, used 10993K [0x00000000d5a00000, 0x00000000dda00000, 0x00000000dda00000)
  eden space 87424K,   0% used [0x00000000d5a00000, 0x00000000d5a00000, 0x00000000daf60000)
  from space 21824K,  50% used [0x00000000dc4b0000, 0x00000000dcf6c480, 0x00000000dda00000)
  to   space 21824K,   0% used [0x00000000daf60000, 0x00000000daf60000, 0x00000000dc4b0000)
 concurrent mark-sweep generation total 393216K, used 105738K [0x00000000dda00000, 0x00000000f5a00000, 0x00000000f5a00000)
 concurrent-mark-sweep perm gen total 58312K, used 35006K [0x00000000f5a00000, 0x00000000f92f2000, 0x0000000100000000)
}
2015-03-18T13:26:40.895-0400: 508103.070: Total time for which application threads were stopped: 0.0123250 seconds
{Heap before GC invocations=412 (full 2):
 par new generation   total 109248K, used 98417K [0x00000000d5a00000, 0x00000000dda00000, 0x00000000dda00000)
  eden space 87424K, 100% used [0x00000000d5a00000, 0x00000000daf60000, 0x00000000daf60000)
  from space 21824K,  50% used [0x00000000dc4b0000, 0x00000000dcf6c480, 0x00000000dda00000)
  to   space 21824K,   0% used [0x00000000daf60000, 0x00000000daf60000, 0x00000000dc4b0000)
 concurrent mark-sweep generation total 393216K, used 105738K [0x00000000dda00000, 0x00000000f5a00000, 0x00000000f5a00000)
 concurrent-mark-sweep perm gen total 58312K, used 35006K [0x00000000f5a00000, 0x00000000f92f2000, 0x0000000100000000)
2015-03-18T13:26:40.931-0400: 508103.107: [GC2015-03-18T13:26:40.931-0400: 508103.107: [ParNew
Desired survivor size 20112992 bytes, new threshold 8 (max 8)
- age   1:    1960224 bytes,    1960224 total
- age   2:     583664 bytes,    2543888 total
- age   3:     321072 bytes,    2864960 total
- age   4:    1324584 bytes,    4189544 total
- age   5:    1120552 bytes,    5310096 total
- age   6:    1074504 bytes,    6384600 total
- age   7:     811848 bytes,    7196448 total
- age   8:    1396352 bytes,    8592800 total
: 98417K->13333K(109248K), 0.0123510 secs] 204155K->120061K(502464K), 0.0125150 secs] [Times: user=0.05 sys=0.00, real=0.01 secs] 
Heap after GC invocations=413 (full 2):
 par new generation   total 109248K, used 13333K [0x00000000d5a00000, 0x00000000dda00000, 0x00000000dda00000)
  eden space 87424K,   0% used [0x00000000d5a00000, 0x00000000d5a00000, 0x00000000daf60000)
  from space 21824K,  61% used [0x00000000daf60000, 0x00000000dbc655a8, 0x00000000dc4b0000)
  to   space 21824K,   0% used [0x00000000dc4b0000, 0x00000000dc4b0000, 0x00000000dda00000)
 concurrent mark-sweep generation total 393216K, used 106728K [0x00000000dda00000, 0x00000000f5a00000, 0x00000000f5a00000)
 concurrent-mark-sweep perm gen total 58312K, used 35006K [0x00000000f5a00000, 0x00000000f92f2000, 0x0000000100000000)
}
2015-03-18T13:26:40.944-0400: 508103.119: Total time for which application threads were stopped: 0.0132390 seconds
{Heap before GC invocations=413 (full 2):
 par new generation   total 109248K, used 100757K [0x00000000d5a00000, 0x00000000dda00000, 0x00000000dda00000)
  eden space 87424K, 100% used [0x00000000d5a00000, 0x00000000daf60000, 0x00000000daf60000)
  from space 21824K,  61% used [0x00000000daf60000, 0x00000000dbc655a8, 0x00000000dc4b0000)
  to   space 21824K,   0% used [0x00000000dc4b0000, 0x00000000dc4b0000, 0x00000000dda00000)
 concurrent mark-sweep generation total 393216K, used 106728K [0x00000000dda00000, 0x00000000f5a00000, 0x00000000f5a00000)
 concurrent-mark-sweep perm gen total 58312K, used 35006K [0x00000000f5a00000, 0x00000000f92f2000, 0x0000000100000000)
2015-03-18T13:26:40.984-0400: 508103.159: [GC2015-03-18T13:26:40.984-0400: 508103.159: [ParNew
Desired survivor size 20112992 bytes, new threshold 8 (max 8)
- age   1:    2124520 bytes,    2124520 total
- age   2:     371064 bytes,    2495584 total
- age   3:     582912 bytes,    3078496 total
- age   4:     321072 bytes,    3399568 total
- age   5:    1324584 bytes,    4724152 total
- age   6:    1120552 bytes,    5844704 total
- age   7:    1074504 bytes,    6919208 total
- age   8:     811816 bytes,    7731024 total
: 100757K->10006K(109248K), 0.0121930 secs] 207485K->118101K(502464K), 0.0123930 secs] [Times: user=0.04 sys=0.00, real=0.01 secs] 
Heap after GC invocations=414 (full 2):
 par new generation   total 109248K, used 10006K [0x00000000d5a00000, 0x00000000dda00000, 0x00000000dda00000)
  eden space 87424K,   0% used [0x00000000d5a00000, 0x00000000d5a00000, 0x00000000daf60000)
  from space 21824K,  45% used [0x00000000dc4b0000, 0x00000000dce759f0, 0x00000000dda00000)
  to   space 21824K,   0% used [0x00000000daf60000, 0x00000000daf60000, 0x00000000dc4b0000)
 concurrent mark-sweep generation total 393216K, used 108094K [0x00000000dda00000, 0x00000000f5a00000, 0x00000000f5a00000)
 concurrent-mark-sweep perm gen total 58312K, used 35006K [0x00000000f5a00000, 0x00000000f92f2000, 0x0000000100000000)
}
2015-03-18T13:26:40.996-0400: 508103.172: Total time for which application threads were stopped: 0.0130730 seconds
2015-03-18T13:26:41.027-0400: 508103.203: Total time for which application threads were stopped: 0.0005860 seconds
2015-03-18T13:26:41.028-0400: 508103.203: Total time for which application threads were stopped: 0.0003740 seconds
{Heap before GC invocations=414 (full 2):
 par new generation   total 109248K, used 97430K [0x00000000d5a00000, 0x00000000dda00000, 0x00000000dda00000)
  eden space 87424K, 100% used [0x00000000d5a00000, 0x00000000daf60000, 0x00000000daf60000)
  from space 21824K,  45% used [0x00000000dc4b0000, 0x00000000dce759f0, 0x00000000dda00000)
  to   space 21824K,   0% used [0x00000000daf60000, 0x00000000daf60000, 0x00000000dc4b0000)
 concurrent mark-sweep generation total 393216K, used 108094K [0x00000000dda00000, 0x00000000f5a00000, 0x00000000f5a00000)
 concurrent-mark-sweep perm gen total 58312K, used 35022K [0x00000000f5a00000, 0x00000000f92f2000, 0x0000000100000000)
2015-03-18T13:26:41.039-0400: 508103.214: [GC2015-03-18T13:26:41.039-0400: 508103.214: [ParNew
Desired survivor size 20112992 bytes, new threshold 8 (max 8)
- age   1:    1782880 bytes,    1782880 total
- age   2:     517560 bytes,    2300440 total
- age   3:     370848 bytes,    2671288 total
- age   4:     582736 bytes,    3254024 total
- age   5:     321000 bytes,    3575024 total
- age   6:    1324176 bytes,    4899200 total
- age   7:    1120480 bytes,    6019680 total
- age   8:    1074456 bytes,    7094136 total
: 97430K->7663K(109248K), 0.0112330 secs] 205525K->116559K(502464K), 0.0114030 secs] [Times: user=0.04 sys=0.00, real=0.02 secs] 
Heap after GC invocations=415 (full 2):
 par new generation   total 109248K, used 7663K [0x00000000d5a00000, 0x00000000dda00000, 0x00000000dda00000)
  eden space 87424K,   0% used [0x00000000d5a00000, 0x00000000d5a00000, 0x00000000daf60000)
  from space 21824K,  35% used [0x00000000daf60000, 0x00000000db6dbec0, 0x00000000dc4b0000)
  to   space 21824K,   0% used [0x00000000dc4b0000, 0x00000000dc4b0000, 0x00000000dda00000)
 concurrent mark-sweep generation total 393216K, used 108895K [0x00000000dda00000, 0x00000000f5a00000, 0x00000000f5a00000)
 concurrent-mark-sweep perm gen total 58312K, used 35022K [0x00000000f5a00000, 0x00000000f92f2000, 0x0000000100000000)
}
2015-03-18T13:26:41.050-0400: 508103.226: Total time for which application threads were stopped: 0.0119910 seconds
2015-03-18T13:26:41.077-0400: 508103.253: Total time for which application threads were stopped: 0.0009430 seconds
2015-03-18T13:26:41.094-0400: 508103.270: Total time for which application threads were stopped: 0.0006410 seconds
{Heap before GC invocations=415 (full 2):
 par new generation   total 109248K, used 95087K [0x00000000d5a00000, 0x00000000dda00000, 0x00000000dda00000)
  eden space 87424K, 100% used [0x00000000d5a00000, 0x00000000daf60000, 0x00000000daf60000)
  from space 21824K,  35% used [0x00000000daf60000, 0x00000000db6dbec0, 0x00000000dc4b0000)
  to   space 21824K,   0% used [0x00000000dc4b0000, 0x00000000dc4b0000, 0x00000000dda00000)
 concurrent mark-sweep generation total 393216K, used 108895K [0x00000000dda00000, 0x00000000f5a00000, 0x00000000f5a00000)
 concurrent-mark-sweep perm gen total 58312K, used 35078K [0x00000000f5a00000, 0x00000000f92f2000, 0x0000000100000000)
2015-03-18T13:26:41.097-0400: 508103.272: [GC2015-03-18T13:26:41.097-0400: 508103.273: [ParNew
Desired survivor size 20112992 bytes, new threshold 8 (max 8)
- age   1:    2338384 bytes,    2338384 total
- age   2:     341688 bytes,    2680072 total
- age   3:     517232 bytes,    3197304 total
- age   4:     370696 bytes,    3568000 total
- age   5:     582872 bytes,    4150872 total
- age   6:     321000 bytes,    4471872 total
- age   7:    1323960 bytes,    5795832 total
- age   8:    1120208 bytes,    6916040 total
: 95087K->9230K(109248K), 0.0111720 secs] 203983K->119183K(502464K), 0.0113440 secs] [Times: user=0.04 sys=0.00, real=0.01 secs] 
Heap after GC invocations=416 (full 2):
 par new generation   total 109248K, used 9230K [0x00000000d5a00000, 0x00000000dda00000, 0x00000000dda00000)
  eden space 87424K,   0% used [0x00000000d5a00000, 0x00000000d5a00000, 0x00000000daf60000)
  from space 21824K,  42% used [0x00000000dc4b0000, 0x00000000dcdb3b40, 0x00000000dda00000)
  to   space 21824K,   0% used [0x00000000daf60000, 0x00000000daf60000, 0x00000000dc4b0000)
 concurrent mark-sweep generation total 393216K, used 109952K [0x00000000dda00000, 0x00000000f5a00000, 0x00000000f5a00000)
 concurrent-mark-sweep perm gen total 58312K, used 35078K [0x00000000f5a00000, 0x00000000f92f2000, 0x0000000100000000)
}
2015-03-18T13:26:41.108-0400: 508103.284: Total time for which application threads were stopped: 0.0119120 seconds
{Heap before GC invocations=416 (full 2):
 par new generation   total 109248K, used 96628K [0x00000000d5a00000, 0x00000000dda00000, 0x00000000dda00000)
  eden space 87424K,  99% used [0x00000000d5a00000, 0x00000000daf596b0, 0x00000000daf60000)
  from space 21824K,  42% used [0x00000000dc4b0000, 0x00000000dcdb3b40, 0x00000000dda00000)
  to   space 21824K,   0% used [0x00000000daf60000, 0x00000000daf60000, 0x00000000dc4b0000)
 concurrent mark-sweep generation total 393216K, used 109952K [0x00000000dda00000, 0x00000000f5a00000, 0x00000000f5a00000)
 concurrent-mark-sweep perm gen total 58312K, used 35138K [0x00000000f5a00000, 0x00000000f92f2000, 0x0000000100000000)
2015-03-18T13:26:41.159-0400: 508103.335: [GC2015-03-18T13:26:41.159-0400: 508103.335: [ParNew
Desired survivor size 20112992 bytes, new threshold 8 (max 8)
- age   1:    1737752 bytes,    1737752 total
- age   2:     530640 bytes,    2268392 total
- age   3:     341256 bytes,    2609648 total
- age   4:     517080 bytes,    3126728 total
- age   5:     370696 bytes,    3497424 total
- age   6:     582520 bytes,    4079944 total
- age   7:     321000 bytes,    4400944 total
- age   8:    1323688 bytes,    5724632 total
: 96628K->8142K(109248K), 0.0104140 secs] 206581K->119191K(502464K), 0.0105750 secs] [Times: user=0.03 sys=0.00, real=0.01 secs] 
Heap after GC invocations=417 (full 2):
 par new generation   total 109248K, used 8142K [0x00000000d5a00000, 0x00000000dda00000, 0x00000000dda00000)
  eden space 87424K,   0% used [0x00000000d5a00000, 0x00000000d5a00000, 0x00000000daf60000)
  from space 21824K,  37% used [0x00000000daf60000, 0x00000000db753940, 0x00000000dc4b0000)
  to   space 21824K,   0% used [0x00000000dc4b0000, 0x00000000dc4b0000, 0x00000000dda00000)
 concurrent mark-sweep generation total 393216K, used 111049K [0x00000000dda00000, 0x00000000f5a00000, 0x00000000f5a00000)
 concurrent-mark-sweep perm gen total 58312K, used 35138K [0x00000000f5a00000, 0x00000000f92f2000, 0x0000000100000000)
}
2015-03-18T13:26:41.170-0400: 508103.346: Total time for which application threads were stopped: 0.0113530 seconds
{Heap before GC invocations=417 (full 2):
 par new generation   total 109248K, used 95559K [0x00000000d5a00000, 0x00000000dda00000, 0x00000000dda00000)
  eden space 87424K,  99% used [0x00000000d5a00000, 0x00000000daf5e570, 0x00000000daf60000)
  from space 21824K,  37% used [0x00000000daf60000, 0x00000000db753940, 0x00000000dc4b0000)
  to   space 21824K,   0% used [0x00000000dc4b0000, 0x00000000dc4b0000, 0x00000000dda00000)
 concurrent mark-sweep generation total 393216K, used 111049K [0x00000000dda00000, 0x00000000f5a00000, 0x00000000f5a00000)
 concurrent-mark-sweep perm gen total 58312K, used 35206K [0x00000000f5a00000, 0x00000000f92f2000, 0x0000000100000000)
2015-03-18T13:26:41.220-0400: 508103.396: [GC2015-03-18T13:26:41.220-0400: 508103.396: [ParNew
Desired survivor size 20112992 bytes, new threshold 8 (max 8)
- age   1:    1862400 bytes,    1862400 total
- age   2:     572912 bytes,    2435312 total
- age   3:     530312 bytes,    2965624 total
- age   4:     341256 bytes,    3306880 total
- age   5:     517080 bytes,    3823960 total
- age   6:     370480 bytes,    4194440 total
- age   7:     582520 bytes,    4776960 total
- age   8:     320728 bytes,    5097688 total
: 95559K->6228K(109248K), 0.0103070 secs] 206609K->118573K(502464K), 0.0105070 secs] [Times: user=0.04 sys=0.00, real=0.01 secs] 
Heap after GC invocations=418 (full 2):
 par new generation   total 109248K, used 6228K [0x00000000d5a00000, 0x00000000dda00000, 0x00000000dda00000)
  eden space 87424K,   0% used [0x00000000d5a00000, 0x00000000d5a00000, 0x00000000daf60000)
  from space 21824K,  28% used [0x00000000dc4b0000, 0x00000000dcac51c0, 0x00000000dda00000)
  to   space 21824K,   0% used [0x00000000daf60000, 0x00000000daf60000, 0x00000000dc4b0000)
 concurrent mark-sweep generation total 393216K, used 112344K [0x00000000dda00000, 0x00000000f5a00000, 0x00000000f5a00000)
 concurrent-mark-sweep perm gen total 58312K, used 35206K [0x00000000f5a00000, 0x00000000f92f2000, 0x0000000100000000)
}
2015-03-18T13:26:41.231-0400: 508103.406: Total time for which application threads were stopped: 0.0111800 seconds
{Heap before GC invocations=418 (full 2):
 par new generation   total 109248K, used 93652K [0x00000000d5a00000, 0x00000000dda00000, 0x00000000dda00000)
  eden space 87424K, 100% used [0x00000000d5a00000, 0x00000000daf60000, 0x00000000daf60000)
  from space 21824K,  28% used [0x00000000dc4b0000, 0x00000000dcac51c0, 0x00000000dda00000)
  to   space 21824K,   0% used [0x00000000daf60000, 0x00000000daf60000, 0x00000000dc4b0000)
 concurrent mark-sweep generation total 393216K, used 112344K [0x00000000dda00000, 0x00000000f5a00000, 0x00000000f5a00000)
 concurrent-mark-sweep perm gen total 58312K, used 35230K [0x00000000f5a00000, 0x00000000f92f2000, 0x0000000100000000)
2015-03-18T13:26:41.273-0400: 508103.449: [GC2015-03-18T13:26:41.274-0400: 508103.449: [ParNew
Desired survivor size 20112992 bytes, new threshold 8 (max 8)
- age   1:    1950568 bytes,    1950568 total
- age   2:     111696 bytes,    2062264 total
- age   3:     572528 bytes,    2634792 total
- age   4:     530160 bytes,    3164952 total
- age   5:     341256 bytes,    3506208 total
- age   6:     517080 bytes,    4023288 total
- age   7:     370480 bytes,    4393768 total
- age   8:     582520 bytes,    4976288 total
: 93652K->6768K(109248K), 0.0081940 secs] 205997K->119433K(502464K), 0.0083530 secs] [Times: user=0.03 sys=0.00, real=0.01 secs] 
Heap after GC invocations=419 (full 2):
 par new generation   total 109248K, used 6768K [0x00000000d5a00000, 0x00000000dda00000, 0x00000000dda00000)
  eden space 87424K,   0% used [0x00000000d5a00000, 0x00000000d5a00000, 0x00000000daf60000)
  from space 21824K,  31% used [0x00000000daf60000, 0x00000000db5fc0f0, 0x00000000dc4b0000)
  to   space 21824K,   0% used [0x00000000dc4b0000, 0x00000000dc4b0000, 0x00000000dda00000)
 concurrent mark-sweep generation total 393216K, used 112665K [0x00000000dda00000, 0x00000000f5a00000, 0x00000000f5a00000)
 concurrent-mark-sweep perm gen total 58312K, used 35230K [0x00000000f5a00000, 0x00000000f92f2000, 0x0000000100000000)
}
2015-03-18T13:26:41.282-0400: 508103.458: Total time for which application threads were stopped: 0.0091190 seconds
{Heap before GC invocations=419 (full 2):
 par new generation   total 109248K, used 94192K [0x00000000d5a00000, 0x00000000dda00000, 0x00000000dda00000)
  eden space 87424K, 100% used [0x00000000d5a00000, 0x00000000daf60000, 0x00000000daf60000)
  from space 21824K,  31% used [0x00000000daf60000, 0x00000000db5fc0f0, 0x00000000dc4b0000)
  to   space 21824K,   0% used [0x00000000dc4b0000, 0x00000000dc4b0000, 0x00000000dda00000)
 concurrent mark-sweep generation total 393216K, used 112665K [0x00000000dda00000, 0x00000000f5a00000, 0x00000000f5a00000)
 concurrent-mark-sweep perm gen total 58312K, used 35236K [0x00000000f5a00000, 0x00000000f92f2000, 0x0000000100000000)
2015-03-18T13:26:41.322-0400: 508103.497: [GC2015-03-18T13:26:41.322-0400: 508103.497: [ParNew
Desired survivor size 20112992 bytes, new threshold 8 (max 8)
- age   1:    1857376 bytes,    1857376 total
- age   2:      89168 bytes,    1946544 total
- age   3:     111640 bytes,    2058184 total
- age   4:     572528 bytes,    2630712 total
- age   5:     530160 bytes,    3160872 total
- age   6:     341256 bytes,    3502128 total
- age   7:     516864 bytes,    4018992 total
- age   8:     370208 bytes,    4389200 total
: 94192K->5163K(109248K), 0.0082430 secs] 206857K->118399K(502464K), 0.0083990 secs] [Times: user=0.03 sys=0.00, real=0.01 secs] 
Heap after GC invocations=420 (full 2):
 par new generation   total 109248K, used 5163K [0x00000000d5a00000, 0x00000000dda00000, 0x00000000dda00000)
  eden space 87424K,   0% used [0x00000000d5a00000, 0x00000000d5a00000, 0x00000000daf60000)
  from space 21824K,  23% used [0x00000000dc4b0000, 0x00000000dc9bacd8, 0x00000000dda00000)
  to   space 21824K,   0% used [0x00000000daf60000, 0x00000000daf60000, 0x00000000dc4b0000)
 concurrent mark-sweep generation total 393216K, used 113236K [0x00000000dda00000, 0x00000000f5a00000, 0x00000000f5a00000)
 concurrent-mark-sweep perm gen total 58312K, used 35236K [0x00000000f5a00000, 0x00000000f92f2000, 0x0000000100000000)
}
2015-03-18T13:26:41.330-0400: 508103.506: Total time for which application threads were stopped: 0.0091460 seconds
2015-03-18T13:26:41.361-0400: 508103.537: Total time for which application threads were stopped: 0.0006100 seconds
{Heap before GC invocations=420 (full 2):
 par new generation   total 109248K, used 92587K [0x00000000d5a00000, 0x00000000dda00000, 0x00000000dda00000)
  eden space 87424K, 100% used [0x00000000d5a00000, 0x00000000daf60000, 0x00000000daf60000)
  from space 21824K,  23% used [0x00000000dc4b0000, 0x00000000dc9bacd8, 0x00000000dda00000)
  to   space 21824K,   0% used [0x00000000daf60000, 0x00000000daf60000, 0x00000000dc4b0000)
 concurrent mark-sweep generation total 393216K, used 113236K [0x00000000dda00000, 0x00000000f5a00000, 0x00000000f5a00000)
 concurrent-mark-sweep perm gen total 58312K, used 35272K [0x00000000f5a00000, 0x00000000f92f2000, 0x0000000100000000)
2015-03-18T13:26:41.371-0400: 508103.547: [GC2015-03-18T13:26:41.371-0400: 508103.547: [ParNew
Desired survivor size 20112992 bytes, new threshold 8 (max 8)
- age   1:    2033840 bytes,    2033840 total
- age   2:      95856 bytes,    2129696 total
- age   3:      75472 bytes,    2205168 total
- age   4:     101936 bytes,    2307104 total
- age   5:     569136 bytes,    2876240 total
- age   6:     518496 bytes,    3394736 total
- age   7:     341200 bytes,    3735936 total
- age   8:     516320 bytes,    4252256 total
: 92587K->6916K(109248K), 0.0078630 secs] 205823K->120516K(502464K), 0.0080560 secs] [Times: user=0.02 sys=0.00, real=0.01 secs] 
Heap after GC invocations=421 (full 2):
 par new generation   total 109248K, used 6916K [0x00000000d5a00000, 0x00000000dda00000, 0x00000000dda00000)
  eden space 87424K,   0% used [0x00000000d5a00000, 0x00000000d5a00000, 0x00000000daf60000)
  from space 21824K,  31% used [0x00000000daf60000, 0x00000000db6212a0, 0x00000000dc4b0000)
  to   space 21824K,   0% used [0x00000000dc4b0000, 0x00000000dc4b0000, 0x00000000dda00000)
 concurrent mark-sweep generation total 393216K, used 113599K [0x00000000dda00000, 0x00000000f5a00000, 0x00000000f5a00000)
 concurrent-mark-sweep perm gen total 58312K, used 35272K [0x00000000f5a00000, 0x00000000f92f2000, 0x0000000100000000)
}
2015-03-18T13:26:41.379-0400: 508103.555: Total time for which application threads were stopped: 0.0087280 seconds
{Heap before GC invocations=421 (full 2):
 par new generation   total 109248K, used 94340K [0x00000000d5a00000, 0x00000000dda00000, 0x00000000dda00000)
  eden space 87424K, 100% used [0x00000000d5a00000, 0x00000000daf60000, 0x00000000daf60000)
  from space 21824K,  31% used [0x00000000daf60000, 0x00000000db6212a0, 0x00000000dc4b0000)
  to   space 21824K,   0% used [0x00000000dc4b0000, 0x00000000dc4b0000, 0x00000000dda00000)
 concurrent mark-sweep generation total 393216K, used 113599K [0x00000000dda00000, 0x00000000f5a00000, 0x00000000f5a00000)
 concurrent-mark-sweep perm gen total 58312K, used 35272K [0x00000000f5a00000, 0x00000000f92f2000, 0x0000000100000000)
2015-03-18T13:26:41.417-0400: 508103.592: [GC2015-03-18T13:26:41.417-0400: 508103.592: [ParNew
Desired survivor size 20112992 bytes, new threshold 8 (max 8)
- age   1:    1701064 bytes,    1701064 total
- age   2:     112192 bytes,    1813256 total
- age   3:      95784 bytes,    1909040 total
- age   4:      75400 bytes,    1984440 total
- age   5:     101864 bytes,    2086304 total
- age   6:     569040 bytes,    2655344 total
- age   7:     518136 bytes,    3173480 total
- age   8:     341152 bytes,    3514632 total
: 94340K->4559K(109248K), 0.0078660 secs] 207940K->118665K(502464K), 0.0080350 secs] [Times: user=0.03 sys=0.00, real=0.01 secs] 
Heap after GC invocations=422 (full 2):
 par new generation   total 109248K, used 4559K [0x00000000d5a00000, 0x00000000dda00000, 0x00000000dda00000)
  eden space 87424K,   0% used [0x00000000d5a00000, 0x00000000d5a00000, 0x00000000daf60000)
  from space 21824K,  20% used [0x00000000dc4b0000, 0x00000000dc923c40, 0x00000000dda00000)
  to   space 21824K,   0% used [0x00000000daf60000, 0x00000000daf60000, 0x00000000dc4b0000)
 concurrent mark-sweep generation total 393216K, used 114106K [0x00000000dda00000, 0x00000000f5a00000, 0x00000000f5a00000)
 concurrent-mark-sweep perm gen total 58312K, used 35272K [0x00000000f5a00000, 0x00000000f92f2000, 0x0000000100000000)
}
2015-03-18T13:26:41.425-0400: 508103.600: Total time for which application threads were stopped: 0.0087640 seconds
{Heap before GC invocations=422 (full 2):
 par new generation   total 109248K, used 91983K [0x00000000d5a00000, 0x00000000dda00000, 0x00000000dda00000)
  eden space 87424K, 100% used [0x00000000d5a00000, 0x00000000daf60000, 0x00000000daf60000)
  from space 21824K,  20% used [0x00000000dc4b0000, 0x00000000dc923c40, 0x00000000dda00000)
  to   space 21824K,   0% used [0x00000000daf60000, 0x00000000daf60000, 0x00000000dc4b0000)
 concurrent mark-sweep generation total 393216K, used 114106K [0x00000000dda00000, 0x00000000f5a00000, 0x00000000f5a00000)
 concurrent-mark-sweep perm gen total 58312K, used 35272K [0x00000000f5a00000, 0x00000000f92f2000, 0x0000000100000000)
2015-03-18T13:26:41.457-0400: 508103.632: [GC2015-03-18T13:26:41.457-0400: 508103.632: [ParNew
Desired survivor size 20112992 bytes, new threshold 8 (max 8)
- age   1:    1960624 bytes,    1960624 total
- age   2:     141248 bytes,    2101872 total
- age   3:      89440 bytes,    2191312 total
- age   4:      81152 bytes,    2272464 total
- age   5:      68048 bytes,    2340512 total
- age   6:      97080 bytes,    2437592 total
- age   7:     568456 bytes,    3006048 total
- age   8:     515560 bytes,    3521608 total
: 91983K->4484K(109248K), 0.0074630 secs] 206089K->118925K(502464K), 0.0076360 secs] [Times: user=0.03 sys=0.00, real=0.01 secs] 
Heap after GC invocations=423 (full 2):
 par new generation   total 109248K, used 4484K [0x00000000d5a00000, 0x00000000dda00000, 0x00000000dda00000)
  eden space 87424K,   0% used [0x00000000d5a00000, 0x00000000d5a00000, 0x00000000daf60000)
  from space 21824K,  20% used [0x00000000daf60000, 0x00000000db3c1090, 0x00000000dc4b0000)
  to   space 21824K,   0% used [0x00000000dc4b0000, 0x00000000dc4b0000, 0x00000000dda00000)
 concurrent mark-sweep generation total 393216K, used 114441K [0x00000000dda00000, 0x00000000f5a00000, 0x00000000f5a00000)
 concurrent-mark-sweep perm gen total 58312K, used 35272K [0x00000000f5a00000, 0x00000000f92f2000, 0x0000000100000000)
}
2015-03-18T13:26:41.464-0400: 508103.640: Total time for which application threads were stopped: 0.0083690 seconds
{Heap before GC invocations=423 (full 2):
 par new generation   total 109248K, used 91908K [0x00000000d5a00000, 0x00000000dda00000, 0x00000000dda00000)
  eden space 87424K, 100% used [0x00000000d5a00000, 0x00000000daf60000, 0x00000000daf60000)
  from space 21824K,  20% used [0x00000000daf60000, 0x00000000db3c1090, 0x00000000dc4b0000)
  to   space 21824K,   0% used [0x00000000dc4b0000, 0x00000000dc4b0000, 0x00000000dda00000)
 concurrent mark-sweep generation total 393216K, used 114441K [0x00000000dda00000, 0x00000000f5a00000, 0x00000000f5a00000)
 concurrent-mark-sweep perm gen total 58312K, used 35272K [0x00000000f5a00000, 0x00000000f92f2000, 0x0000000100000000)
2015-03-18T13:26:41.496-0400: 508103.672: [GC2015-03-18T13:26:41.496-0400: 508103.672: [ParNew
Desired survivor size 20112992 bytes, new threshold 8 (max 8)
- age   1:    2513112 bytes,    2513112 total
- age   2:     612512 bytes,    3125624 total
- age   3:     141200 bytes,    3266824 total
- age   4:      89368 bytes,    3356192 total
- age   5:      81080 bytes,    3437272 total
- age   6:      67976 bytes,    3505248 total
- age   7:      96696 bytes,    3601944 total
- age   8:     568400 bytes,    4170344 total
: 91908K->5214K(109248K), 0.0082000 secs] 206349K->120161K(502464K), 0.0083530 secs] [Times: user=0.03 sys=0.00, real=0.01 secs] 
Heap after GC invocations=424 (full 2):
 par new generation   total 109248K, used 5214K [0x00000000d5a00000, 0x00000000dda00000, 0x00000000dda00000)
  eden space 87424K,   0% used [0x00000000d5a00000, 0x00000000d5a00000, 0x00000000daf60000)
  from space 21824K,  23% used [0x00000000dc4b0000, 0x00000000dc9c78c0, 0x00000000dda00000)
  to   space 21824K,   0% used [0x00000000daf60000, 0x00000000daf60000, 0x00000000dc4b0000)
 concurrent mark-sweep generation total 393216K, used 114947K [0x00000000dda00000, 0x00000000f5a00000, 0x00000000f5a00000)
 concurrent-mark-sweep perm gen total 58312K, used 35272K [0x00000000f5a00000, 0x00000000f92f2000, 0x0000000100000000)
}
2015-03-18T13:26:41.505-0400: 508103.680: Total time for which application threads were stopped: 0.0090910 seconds
{Heap before GC invocations=424 (full 2):
 par new generation   total 109248K, used 92638K [0x00000000d5a00000, 0x00000000dda00000, 0x00000000dda00000)
  eden space 87424K, 100% used [0x00000000d5a00000, 0x00000000daf60000, 0x00000000daf60000)
  from space 21824K,  23% used [0x00000000dc4b0000, 0x00000000dc9c78c0, 0x00000000dda00000)
  to   space 21824K,   0% used [0x00000000daf60000, 0x00000000daf60000, 0x00000000dc4b0000)
 concurrent mark-sweep generation total 393216K, used 114947K [0x00000000dda00000, 0x00000000f5a00000, 0x00000000f5a00000)
 concurrent-mark-sweep perm gen total 58312K, used 35272K [0x00000000f5a00000, 0x00000000f92f2000, 0x0000000100000000)
2015-03-18T13:26:41.535-0400: 508103.711: [GC2015-03-18T13:26:41.535-0400: 508103.711: [ParNew
Desired survivor size 20112992 bytes, new threshold 8 (max 8)
- age   1:     906768 bytes,     906768 total
- age   2:     489944 bytes,    1396712 total
- age   3:     611824 bytes,    2008536 total
- age   4:     141128 bytes,    2149664 total
- age   5:      89080 bytes,    2238744 total
- age   6:      80672 bytes,    2319416 total
- age   7:      67440 bytes,    2386856 total
- age   8:      96624 bytes,    2483480 total
: 92638K->4361K(109248K), 0.0073250 secs] 207585K->119865K(502464K), 0.0074960 secs] [Times: user=0.03 sys=0.00, real=0.01 secs] 
Heap after GC invocations=425 (full 2):
 par new generation   total 109248K, used 4361K [0x00000000d5a00000, 0x00000000dda00000, 0x00000000dda00000)
  eden space 87424K,   0% used [0x00000000d5a00000, 0x00000000d5a00000, 0x00000000daf60000)
  from space 21824K,  19% used [0x00000000daf60000, 0x00000000db3a24d8, 0x00000000dc4b0000)
  to   space 21824K,   0% used [0x00000000dc4b0000, 0x00000000dc4b0000, 0x00000000dda00000)
 concurrent mark-sweep generation total 393216K, used 115503K [0x00000000dda00000, 0x00000000f5a00000, 0x00000000f5a00000)
 concurrent-mark-sweep perm gen total 58312K, used 35272K [0x00000000f5a00000, 0x00000000f92f2000, 0x0000000100000000)
}
2015-03-18T13:26:41.543-0400: 508103.718: Total time for which application threads were stopped: 0.0082360 seconds
{Heap before GC invocations=425 (full 2):
 par new generation   total 109248K, used 91785K [0x00000000d5a00000, 0x00000000dda00000, 0x00000000dda00000)
  eden space 87424K, 100% used [0x00000000d5a00000, 0x00000000daf60000, 0x00000000daf60000)
  from space 21824K,  19% used [0x00000000daf60000, 0x00000000db3a24d8, 0x00000000dc4b0000)
  to   space 21824K,   0% used [0x00000000dc4b0000, 0x00000000dc4b0000, 0x00000000dda00000)
 concurrent mark-sweep generation total 393216K, used 115503K [0x00000000dda00000, 0x00000000f5a00000, 0x00000000f5a00000)
 concurrent-mark-sweep perm gen total 58312K, used 35272K [0x00000000f5a00000, 0x00000000f92f2000, 0x0000000100000000)
2015-03-18T13:26:41.573-0400: 508103.749: [GC2015-03-18T13:26:41.574-0400: 508103.749: [ParNew
Desired survivor size 20112992 bytes, new threshold 8 (max 8)
- age   1:    1377032 bytes,    1377032 total
- age   2:     159952 bytes,    1536984 total
- age   3:     479208 bytes,    2016192 total
- age   4:     611656 bytes,    2627848 total
- age   5:     140984 bytes,    2768832 total
- age   6:      88264 bytes,    2857096 total
- age   7:      80552 bytes,    2937648 total
- age   8:      67296 bytes,    3004944 total
: 91785K->4066K(109248K), 0.0069950 secs] 207289K->119665K(502464K), 0.0071550 secs] [Times: user=0.03 sys=0.00, real=0.01 secs] 
Heap after GC invocations=426 (full 2):
 par new generation   total 109248K, used 4066K [0x00000000d5a00000, 0x00000000dda00000, 0x00000000dda00000)
  eden space 87424K,   0% used [0x00000000d5a00000, 0x00000000d5a00000, 0x00000000daf60000)
  from space 21824K,  18% used [0x00000000dc4b0000, 0x00000000dc8a8830, 0x00000000dda00000)
  to   space 21824K,   0% used [0x00000000daf60000, 0x00000000daf60000, 0x00000000dc4b0000)
 concurrent mark-sweep generation total 393216K, used 115599K [0x00000000dda00000, 0x00000000f5a00000, 0x00000000f5a00000)
 concurrent-mark-sweep perm gen total 58312K, used 35272K [0x00000000f5a00000, 0x00000000f92f2000, 0x0000000100000000)
}
2015-03-18T13:26:41.581-0400: 508103.756: Total time for which application threads were stopped: 0.0078670 seconds
{Heap before GC invocations=426 (full 2):
 par new generation   total 109248K, used 91490K [0x00000000d5a00000, 0x00000000dda00000, 0x00000000dda00000)
  eden space 87424K, 100% used [0x00000000d5a00000, 0x00000000daf60000, 0x00000000daf60000)
  from space 21824K,  18% used [0x00000000dc4b0000, 0x00000000dc8a8830, 0x00000000dda00000)
  to   space 21824K,   0% used [0x00000000daf60000, 0x00000000daf60000, 0x00000000dc4b0000)
 concurrent mark-sweep generation total 393216K, used 115599K [0x00000000dda00000, 0x00000000f5a00000, 0x00000000f5a00000)
 concurrent-mark-sweep perm gen total 58312K, used 35272K [0x00000000f5a00000, 0x00000000f92f2000, 0x0000000100000000)
2015-03-18T13:26:41.624-0400: 508103.800: [GC2015-03-18T13:26:41.624-0400: 508103.800: [ParNew
Desired survivor size 20112992 bytes, new threshold 8 (max 8)
- age   1:    3254312 bytes,    3254312 total
- age   2:     424888 bytes,    3679200 total
- age   3:     159832 bytes,    3839032 total
- age   4:     479072 bytes,    4318104 total
- age   5:     611056 bytes,    4929160 total
- age   6:     140936 bytes,    5070096 total
- age   7:      87920 bytes,    5158016 total
- age   8:      80480 bytes,    5238496 total
: 91490K->5512K(109248K), 0.0099900 secs] 207089K->121180K(502464K), 0.0101860 secs] [Times: user=0.03 sys=0.00, real=0.01 secs] 
Heap after GC invocations=427 (full 2):
 par new generation   total 109248K, used 5512K [0x00000000d5a00000, 0x00000000dda00000, 0x00000000dda00000)
  eden space 87424K,   0% used [0x00000000d5a00000, 0x00000000d5a00000, 0x00000000daf60000)
  from space 21824K,  25% used [0x00000000daf60000, 0x00000000db4c2368, 0x00000000dc4b0000)
  to   space 21824K,   0% used [0x00000000dc4b0000, 0x00000000dc4b0000, 0x00000000dda00000)
 concurrent mark-sweep generation total 393216K, used 115667K [0x00000000dda00000, 0x00000000f5a00000, 0x00000000f5a00000)
 concurrent-mark-sweep perm gen total 58312K, used 35272K [0x00000000f5a00000, 0x00000000f92f2000, 0x0000000100000000)
}
2015-03-18T13:26:41.634-0400: 508103.810: Total time for which application threads were stopped: 0.0110130 seconds
{Heap before GC invocations=427 (full 2):
 par new generation   total 109248K, used 92936K [0x00000000d5a00000, 0x00000000dda00000, 0x00000000dda00000)
  eden space 87424K, 100% used [0x00000000d5a00000, 0x00000000daf60000, 0x00000000daf60000)
  from space 21824K,  25% used [0x00000000daf60000, 0x00000000db4c2368, 0x00000000dc4b0000)
  to   space 21824K,   0% used [0x00000000dc4b0000, 0x00000000dc4b0000, 0x00000000dda00000)
 concurrent mark-sweep generation total 393216K, used 115667K [0x00000000dda00000, 0x00000000f5a00000, 0x00000000f5a00000)
 concurrent-mark-sweep perm gen total 58312K, used 35272K [0x00000000f5a00000, 0x00000000f92f2000, 0x0000000100000000)
2015-03-18T13:26:41.672-0400: 508103.847: [GC2015-03-18T13:26:41.672-0400: 508103.847: [ParNew
Desired survivor size 20112992 bytes, new threshold 8 (max 8)
- age   1:    3066760 bytes,    3066760 total
- age   2:    2406344 bytes,    5473104 total
- age   3:     424256 bytes,    5897360 total
- age   4:     159792 bytes,    6057152 total
- age   5:     479072 bytes,    6536224 total
- age   6:     611056 bytes,    7147280 total
- age   7:     140936 bytes,    7288216 total
- age   8:      87920 bytes,    7376136 total
: 92936K->10510K(109248K), 0.0114530 secs] 208604K->126258K(502464K), 0.0116200 secs] [Times: user=0.05 sys=0.00, real=0.01 secs] 
Heap after GC invocations=428 (full 2):
 par new generation   total 109248K, used 10510K [0x00000000d5a00000, 0x00000000dda00000, 0x00000000dda00000)
  eden space 87424K,   0% used [0x00000000d5a00000, 0x00000000d5a00000, 0x00000000daf60000)
  from space 21824K,  48% used [0x00000000dc4b0000, 0x00000000dcef3b20, 0x00000000dda00000)
  to   space 21824K,   0% used [0x00000000daf60000, 0x00000000daf60000, 0x00000000dc4b0000)
 concurrent mark-sweep generation total 393216K, used 115747K [0x00000000dda00000, 0x00000000f5a00000, 0x00000000f5a00000)
 concurrent-mark-sweep perm gen total 58312K, used 35272K [0x00000000f5a00000, 0x00000000f92f2000, 0x0000000100000000)
}
2015-03-18T13:26:41.683-0400: 508103.859: Total time for which application threads were stopped: 0.0124390 seconds
{Heap before GC invocations=428 (full 2):
 par new generation   total 109248K, used 97934K [0x00000000d5a00000, 0x00000000dda00000, 0x00000000dda00000)
  eden space 87424K, 100% used [0x00000000d5a00000, 0x00000000daf60000, 0x00000000daf60000)
  from space 21824K,  48% used [0x00000000dc4b0000, 0x00000000dcef3b20, 0x00000000dda00000)
  to   space 21824K,   0% used [0x00000000daf60000, 0x00000000daf60000, 0x00000000dc4b0000)
 concurrent mark-sweep generation total 393216K, used 115747K [0x00000000dda00000, 0x00000000f5a00000, 0x00000000f5a00000)
 concurrent-mark-sweep perm gen total 58312K, used 35272K [0x00000000f5a00000, 0x00000000f92f2000, 0x0000000100000000)
2015-03-18T13:26:41.721-0400: 508103.896: [GC2015-03-18T13:26:41.721-0400: 508103.896: [ParNew
Desired survivor size 20112992 bytes, new threshold 8 (max 8)
- age   1:    2598256 bytes,    2598256 total
- age   2:    1695672 bytes,    4293928 total
- age   3:    2405608 bytes,    6699536 total
- age   4:     424096 bytes,    7123632 total
- age   5:     159360 bytes,    7282992 total
- age   6:     479000 bytes,    7761992 total
- age   7:     610984 bytes,    8372976 total
- age   8:     140864 bytes,    8513840 total
: 97934K->10318K(109248K), 0.0115260 secs] 213682K->126154K(502464K), 0.0117180 secs] [Times: user=0.06 sys=0.00, real=0.01 secs] 
Heap after GC invocations=429 (full 2):
 par new generation   total 109248K, used 10318K [0x00000000d5a00000, 0x00000000dda00000, 0x00000000dda00000)
  eden space 87424K,   0% used [0x00000000d5a00000, 0x00000000d5a00000, 0x00000000daf60000)
  from space 21824K,  47% used [0x00000000daf60000, 0x00000000db973b70, 0x00000000dc4b0000)
  to   space 21824K,   0% used [0x00000000dc4b0000, 0x00000000dc4b0000, 0x00000000dda00000)
 concurrent mark-sweep generation total 393216K, used 115835K [0x00000000dda00000, 0x00000000f5a00000, 0x00000000f5a00000)
 concurrent-mark-sweep perm gen total 58312K, used 35272K [0x00000000f5a00000, 0x00000000f92f2000, 0x0000000100000000)
}
2015-03-18T13:26:41.733-0400: 508103.908: Total time for which application threads were stopped: 0.0127690 seconds
{Heap before GC invocations=429 (full 2):
 par new generation   total 109248K, used 97712K [0x00000000d5a00000, 0x00000000dda00000, 0x00000000dda00000)
  eden space 87424K,  99% used [0x00000000d5a00000, 0x00000000daf58768, 0x00000000daf60000)
  from space 21824K,  47% used [0x00000000daf60000, 0x00000000db973b70, 0x00000000dc4b0000)
  to   space 21824K,   0% used [0x00000000dc4b0000, 0x00000000dc4b0000, 0x00000000dda00000)
 concurrent mark-sweep generation total 393216K, used 115835K [0x00000000dda00000, 0x00000000f5a00000, 0x00000000f5a00000)
 concurrent-mark-sweep perm gen total 58312K, used 35272K [0x00000000f5a00000, 0x00000000f92f2000, 0x0000000100000000)
2015-03-18T13:26:41.770-0400: 508103.945: [GC2015-03-18T13:26:41.770-0400: 508103.945: [ParNew
Desired survivor size 20112992 bytes, new threshold 8 (max 8)
- age   1:     542472 bytes,     542472 total
- age   2:    1587264 bytes,    2129736 total
- age   3:    1695520 bytes,    3825256 total
- age   4:    2405512 bytes,    6230768 total
- age   5:     423976 bytes,    6654744 total
- age   6:     158952 bytes,    6813696 total
- age   7:     478904 bytes,    7292600 total
- age   8:     610888 bytes,    7903488 total
: 97712K->12554K(109248K), 0.0112690 secs] 213548K->128529K(502464K), 0.0114270 secs] [Times: user=0.04 sys=0.00, real=0.01 secs] 
Heap after GC invocations=430 (full 2):
 par new generation   total 109248K, used 12554K [0x00000000d5a00000, 0x00000000dda00000, 0x00000000dda00000)
  eden space 87424K,   0% used [0x00000000d5a00000, 0x00000000d5a00000, 0x00000000daf60000)
  from space 21824K,  57% used [0x00000000dc4b0000, 0x00000000dd0f2878, 0x00000000dda00000)
  to   space 21824K,   0% used [0x00000000daf60000, 0x00000000daf60000, 0x00000000dc4b0000)
 concurrent mark-sweep generation total 393216K, used 115975K [0x00000000dda00000, 0x00000000f5a00000, 0x00000000f5a00000)
 concurrent-mark-sweep perm gen total 58312K, used 35272K [0x00000000f5a00000, 0x00000000f92f2000, 0x0000000100000000)
}
2015-03-18T13:26:41.781-0400: 508103.957: Total time for which application threads were stopped: 0.0121790 seconds
{Heap before GC invocations=430 (full 2):
 par new generation   total 109248K, used 99976K [0x00000000d5a00000, 0x00000000dda00000, 0x00000000dda00000)
  eden space 87424K,  99% used [0x00000000d5a00000, 0x00000000daf5fb20, 0x00000000daf60000)
  from space 21824K,  57% used [0x00000000dc4b0000, 0x00000000dd0f2878, 0x00000000dda00000)
  to   space 21824K,   0% used [0x00000000daf60000, 0x00000000daf60000, 0x00000000dc4b0000)
 concurrent mark-sweep generation total 393216K, used 115975K [0x00000000dda00000, 0x00000000f5a00000, 0x00000000f5a00000)
 concurrent-mark-sweep perm gen total 58312K, used 35273K [0x00000000f5a00000, 0x00000000f92f2000, 0x0000000100000000)
2015-03-18T13:26:41.817-0400: 508103.993: [GC2015-03-18T13:26:41.818-0400: 508103.993: [ParNew
Desired survivor size 20112992 bytes, new threshold 8 (max 8)
- age   1:    2762952 bytes,    2762952 total
- age   2:      96704 bytes,    2859656 total
- age   3:    1442680 bytes,    4302336 total
- age   4:    1675008 bytes,    5977344 total
- age   5:    2387592 bytes,    8364936 total
- age   6:     423880 bytes,    8788816 total
- age   7:     158832 bytes,    8947648 total
- age   8:     478808 bytes,    9426456 total
: 99976K->11169K(109248K), 0.0130100 secs] 215952K->127743K(502464K), 0.0131910 secs] [Times: user=0.04 sys=0.00, real=0.02 secs] 
Heap after GC invocations=431 (full 2):
 par new generation   total 109248K, used 11169K [0x00000000d5a00000, 0x00000000dda00000, 0x00000000dda00000)
  eden space 87424K,   0% used [0x00000000d5a00000, 0x00000000d5a00000, 0x00000000daf60000)
  from space 21824K,  51% used [0x00000000daf60000, 0x00000000dba48400, 0x00000000dc4b0000)
  to   space 21824K,   0% used [0x00000000dc4b0000, 0x00000000dc4b0000, 0x00000000dda00000)
 concurrent mark-sweep generation total 393216K, used 116574K [0x00000000dda00000, 0x00000000f5a00000, 0x00000000f5a00000)
 concurrent-mark-sweep perm gen total 58312K, used 35273K [0x00000000f5a00000, 0x00000000f92f2000, 0x0000000100000000)
}
2015-03-18T13:26:41.831-0400: 508104.006: Total time for which application threads were stopped: 0.0139180 seconds
{Heap before GC invocations=431 (full 2):
 par new generation   total 109248K, used 98593K [0x00000000d5a00000, 0x00000000dda00000, 0x00000000dda00000)
  eden space 87424K, 100% used [0x00000000d5a00000, 0x00000000daf60000, 0x00000000daf60000)
  from space 21824K,  51% used [0x00000000daf60000, 0x00000000dba48400, 0x00000000dc4b0000)
  to   space 21824K,   0% used [0x00000000dc4b0000, 0x00000000dc4b0000, 0x00000000dda00000)
 concurrent mark-sweep generation total 393216K, used 116574K [0x00000000dda00000, 0x00000000f5a00000, 0x00000000f5a00000)
 concurrent-mark-sweep perm gen total 58312K, used 35273K [0x00000000f5a00000, 0x00000000f92f2000, 0x0000000100000000)
2015-03-18T13:26:41.865-0400: 508104.041: [GC2015-03-18T13:26:41.866-0400: 508104.041: [ParNew
Desired survivor size 20112992 bytes, new threshold 8 (max 8)
- age   1:    1035696 bytes,    1035696 total
- age   2:    1624544 bytes,    2660240 total
- age   3:      96408 bytes,    2756648 total
- age   4:    1442680 bytes,    4199328 total
- age   5:    1675008 bytes,    5874336 total
- age   6:    2387632 bytes,    8261968 total
- age   7:     423880 bytes,    8685848 total
- age   8:     158832 bytes,    8844680 total
: 98593K->11752K(109248K), 0.0124430 secs] 215167K->128801K(502464K), 0.0126190 secs] [Times: user=0.05 sys=0.00, real=0.01 secs] 
Heap after GC invocations=432 (full 2):
 par new generation   total 109248K, used 11752K [0x00000000d5a00000, 0x00000000dda00000, 0x00000000dda00000)
  eden space 87424K,   0% used [0x00000000d5a00000, 0x00000000d5a00000, 0x00000000daf60000)
  from space 21824K,  53% used [0x00000000dc4b0000, 0x00000000dd02a170, 0x00000000dda00000)
  to   space 21824K,   0% used [0x00000000daf60000, 0x00000000daf60000, 0x00000000dc4b0000)
 concurrent mark-sweep generation total 393216K, used 117049K [0x00000000dda00000, 0x00000000f5a00000, 0x00000000f5a00000)
 concurrent-mark-sweep perm gen total 58312K, used 35273K [0x00000000f5a00000, 0x00000000f92f2000, 0x0000000100000000)
}
2015-03-18T13:26:41.878-0400: 508104.054: Total time for which application threads were stopped: 0.0133480 seconds
{Heap before GC invocations=432 (full 2):
 par new generation   total 109248K, used 99176K [0x00000000d5a00000, 0x00000000dda00000, 0x00000000dda00000)
  eden space 87424K, 100% used [0x00000000d5a00000, 0x00000000daf60000, 0x00000000daf60000)
  from space 21824K,  53% used [0x00000000dc4b0000, 0x00000000dd02a170, 0x00000000dda00000)
  to   space 21824K,   0% used [0x00000000daf60000, 0x00000000daf60000, 0x00000000dc4b0000)
 concurrent mark-sweep generation total 393216K, used 117049K [0x00000000dda00000, 0x00000000f5a00000, 0x00000000f5a00000)
 concurrent-mark-sweep perm gen total 58312K, used 35273K [0x00000000f5a00000, 0x00000000f92f2000, 0x0000000100000000)
2015-03-18T13:26:41.914-0400: 508104.090: [GC2015-03-18T13:26:41.914-0400: 508104.090: [ParNew
Desired survivor size 20112992 bytes, new threshold 8 (max 8)
- age   1:    1272640 bytes,    1272640 total
- age   2:     104080 bytes,    1376720 total
- age   3:    1491672 bytes,    2868392 total
- age   4:      96408 bytes,    2964800 total
- age   5:    1442680 bytes,    4407480 total
- age   6:    1675008 bytes,    6082488 total
- age   7:    2387592 bytes,    8470080 total
- age   8:     423880 bytes,    8893960 total
: 99176K->10395K(109248K), 0.0118250 secs] 216225K->127602K(502464K), 0.0120120 secs] [Times: user=0.05 sys=0.00, real=0.01 secs] 
Heap after GC invocations=433 (full 2):
 par new generation   total 109248K, used 10395K [0x00000000d5a00000, 0x00000000dda00000, 0x00000000dda00000)
  eden space 87424K,   0% used [0x00000000d5a00000, 0x00000000d5a00000, 0x00000000daf60000)
  from space 21824K,  47% used [0x00000000daf60000, 0x00000000db986dc0, 0x00000000dc4b0000)
  to   space 21824K,   0% used [0x00000000dc4b0000, 0x00000000dc4b0000, 0x00000000dda00000)
 concurrent mark-sweep generation total 393216K, used 117206K [0x00000000dda00000, 0x00000000f5a00000, 0x00000000f5a00000)
 concurrent-mark-sweep perm gen total 58312K, used 35273K [0x00000000f5a00000, 0x00000000f92f2000, 0x0000000100000000)
}
2015-03-18T13:26:41.926-0400: 508104.102: Total time for which application threads were stopped: 0.0127280 seconds
{Heap before GC invocations=433 (full 2):
 par new generation   total 109248K, used 97819K [0x00000000d5a00000, 0x00000000dda00000, 0x00000000dda00000)
  eden space 87424K, 100% used [0x00000000d5a00000, 0x00000000daf60000, 0x00000000daf60000)
  from space 21824K,  47% used [0x00000000daf60000, 0x00000000db986dc0, 0x00000000dc4b0000)
  to   space 21824K,   0% used [0x00000000dc4b0000, 0x00000000dc4b0000, 0x00000000dda00000)
 concurrent mark-sweep generation total 393216K, used 117206K [0x00000000dda00000, 0x00000000f5a00000, 0x00000000f5a00000)
 concurrent-mark-sweep perm gen total 58312K, used 35273K [0x00000000f5a00000, 0x00000000f92f2000, 0x0000000100000000)
2015-03-18T13:26:41.963-0400: 508104.139: [GC2015-03-18T13:26:41.963-0400: 508104.139: [ParNew
Desired survivor size 20112992 bytes, new threshold 8 (max 8)
- age   1:    2707904 bytes,    2707904 total
- age   2:     448056 bytes,    3155960 total
- age   3:     103776 bytes,    3259736 total
- age   4:    1490968 bytes,    4750704 total
- age   5:      96368 bytes,    4847072 total
- age   6:    1442640 bytes,    6289712 total
- age   7:    1675008 bytes,    7964720 total
- age   8:    2387592 bytes,   10352312 total
: 97819K->15627K(109248K), 0.0133280 secs] 215026K->133252K(502464K), 0.0135130 secs] [Times: user=0.05 sys=0.00, real=0.01 secs] 
Heap after GC invocations=434 (full 2):
 par new generation   total 109248K, used 15627K [0x00000000d5a00000, 0x00000000dda00000, 0x00000000dda00000)
  eden space 87424K,   0% used [0x00000000d5a00000, 0x00000000d5a00000, 0x00000000daf60000)
  from space 21824K,  71% used [0x00000000dc4b0000, 0x00000000dd3f2cc0, 0x00000000dda00000)
  to   space 21824K,   0% used [0x00000000daf60000, 0x00000000daf60000, 0x00000000dc4b0000)
 concurrent mark-sweep generation total 393216K, used 117624K [0x00000000dda00000, 0x00000000f5a00000, 0x00000000f5a00000)
 concurrent-mark-sweep perm gen total 58312K, used 35273K [0x00000000f5a00000, 0x00000000f92f2000, 0x0000000100000000)
}
2015-03-18T13:26:41.977-0400: 508104.152: Total time for which application threads were stopped: 0.0142110 seconds
{Heap before GC invocations=434 (full 2):
 par new generation   total 109248K, used 103051K [0x00000000d5a00000, 0x00000000dda00000, 0x00000000dda00000)
  eden space 87424K, 100% used [0x00000000d5a00000, 0x00000000daf60000, 0x00000000daf60000)
  from space 21824K,  71% used [0x00000000dc4b0000, 0x00000000dd3f2cc0, 0x00000000dda00000)
  to   space 21824K,   0% used [0x00000000daf60000, 0x00000000daf60000, 0x00000000dc4b0000)
 concurrent mark-sweep generation total 393216K, used 117624K [0x00000000dda00000, 0x00000000f5a00000, 0x00000000f5a00000)
 concurrent-mark-sweep perm gen total 58312K, used 35273K [0x00000000f5a00000, 0x00000000f92f2000, 0x0000000100000000)
2015-03-18T13:26:42.016-0400: 508104.191: [GC2015-03-18T13:26:42.016-0400: 508104.192: [ParNew
Desired survivor size 20112992 bytes, new threshold 8 (max 8)
- age   1:    1442288 bytes,    1442288 total
- age   2:    1461152 bytes,    2903440 total
- age   3:     448056 bytes,    3351496 total
- age   4:     103776 bytes,    3455272 total
- age   5:    1490752 bytes,    4946024 total
- age   6:      96096 bytes,    5042120 total
- age   7:    1442640 bytes,    6484760 total
- age   8:    1675008 bytes,    8159768 total
: 103051K->10081K(109248K), 0.0141440 secs] 220676K->130043K(502464K), 0.0143560 secs] [Times: user=0.05 sys=0.00, real=0.02 secs] 
Heap after GC invocations=435 (full 2):
 par new generation   total 109248K, used 10081K [0x00000000d5a00000, 0x00000000dda00000, 0x00000000dda00000)
  eden space 87424K,   0% used [0x00000000d5a00000, 0x00000000d5a00000, 0x00000000daf60000)
  from space 21824K,  46% used [0x00000000daf60000, 0x00000000db938750, 0x00000000dc4b0000)
  to   space 21824K,   0% used [0x00000000dc4b0000, 0x00000000dc4b0000, 0x00000000dda00000)
 concurrent mark-sweep generation total 393216K, used 119961K [0x00000000dda00000, 0x00000000f5a00000, 0x00000000f5a00000)
 concurrent-mark-sweep perm gen total 58312K, used 35273K [0x00000000f5a00000, 0x00000000f92f2000, 0x0000000100000000)
}
2015-03-18T13:26:42.030-0400: 508104.206: Total time for which application threads were stopped: 0.0150460 seconds
{Heap before GC invocations=435 (full 2):
 par new generation   total 109248K, used 97505K [0x00000000d5a00000, 0x00000000dda00000, 0x00000000dda00000)
  eden space 87424K, 100% used [0x00000000d5a00000, 0x00000000daf60000, 0x00000000daf60000)
  from space 21824K,  46% used [0x00000000daf60000, 0x00000000db938750, 0x00000000dc4b0000)
  to   space 21824K,   0% used [0x00000000dc4b0000, 0x00000000dc4b0000, 0x00000000dda00000)
 concurrent mark-sweep generation total 393216K, used 119961K [0x00000000dda00000, 0x00000000f5a00000, 0x00000000f5a00000)
 concurrent-mark-sweep perm gen total 58312K, used 35273K [0x00000000f5a00000, 0x00000000f92f2000, 0x0000000100000000)
2015-03-18T13:26:42.069-0400: 508104.245: [GC2015-03-18T13:26:42.069-0400: 508104.245: [ParNew
Desired survivor size 20112992 bytes, new threshold 8 (max 8)
- age   1:    1809112 bytes,    1809112 total
- age   2:      83184 bytes,    1892296 total
- age   3:    1328840 bytes,    3221136 total
- age   4:     448056 bytes,    3669192 total
- age   5:     103560 bytes,    3772752 total
- age   6:    1490752 bytes,    5263504 total
- age   7:      95824 bytes,    5359328 total
- age   8:    1442640 bytes,    6801968 total
: 97505K->8870K(109248K), 0.0124410 secs] 217467K->130477K(502464K), 0.0126060 secs] [Times: user=0.05 sys=0.00, real=0.01 secs] 
Heap after GC invocations=436 (full 2):
 par new generation   total 109248K, used 8870K [0x00000000d5a00000, 0x00000000dda00000, 0x00000000dda00000)
  eden space 87424K,   0% used [0x00000000d5a00000, 0x00000000d5a00000, 0x00000000daf60000)
  from space 21824K,  40% used [0x00000000dc4b0000, 0x00000000dcd59b20, 0x00000000dda00000)
  to   space 21824K,   0% used [0x00000000daf60000, 0x00000000daf60000, 0x00000000dc4b0000)
 concurrent mark-sweep generation total 393216K, used 121606K [0x00000000dda00000, 0x00000000f5a00000, 0x00000000f5a00000)
 concurrent-mark-sweep perm gen total 58312K, used 35273K [0x00000000f5a00000, 0x00000000f92f2000, 0x0000000100000000)
}
2015-03-18T13:26:42.082-0400: 508104.258: Total time for which application threads were stopped: 0.0133370 seconds
2015-03-18T13:26:42.093-0400: 508104.269: Total time for which application threads were stopped: 0.0006640 seconds
2015-03-18T13:26:42.094-0400: 508104.269: Total time for which application threads were stopped: 0.0004150 seconds
2015-03-18T13:26:42.094-0400: 508104.270: Total time for which application threads were stopped: 0.0003650 seconds
2015-03-18T13:26:42.097-0400: 508104.273: Total time for which application threads were stopped: 0.0004660 seconds
2015-03-18T13:26:42.099-0400: 508104.275: Total time for which application threads were stopped: 0.0005050 seconds
2015-03-18T13:26:42.100-0400: 508104.276: Total time for which application threads were stopped: 0.0003670 seconds
{Heap before GC invocations=436 (full 2):
 par new generation   total 109248K, used 96282K [0x00000000d5a00000, 0x00000000dda00000, 0x00000000dda00000)
  eden space 87424K,  99% used [0x00000000d5a00000, 0x00000000daf5d070, 0x00000000daf60000)
  from space 21824K,  40% used [0x00000000dc4b0000, 0x00000000dcd59b20, 0x00000000dda00000)
  to   space 21824K,   0% used [0x00000000daf60000, 0x00000000daf60000, 0x00000000dc4b0000)
 concurrent mark-sweep generation total 393216K, used 121606K [0x00000000dda00000, 0x00000000f5a00000, 0x00000000f5a00000)
 concurrent-mark-sweep perm gen total 58312K, used 35273K [0x00000000f5a00000, 0x00000000f92f2000, 0x0000000100000000)
2015-03-18T13:26:42.121-0400: 508104.297: [GC2015-03-18T13:26:42.122-0400: 508104.297: [ParNew
Desired survivor size 20112992 bytes, new threshold 8 (max 8)
- age   1:    2147152 bytes,    2147152 total
- age   2:     363840 bytes,    2510992 total
- age   3:      83184 bytes,    2594176 total
- age   4:    1328840 bytes,    3923016 total
- age   5:     447840 bytes,    4370856 total
- age   6:     103248 bytes,    4474104 total
- age   7:    1490752 bytes,    5964856 total
- age   8:      95824 bytes,    6060680 total
: 96282K->8530K(109248K), 0.0113470 secs] 217889K->131554K(502464K), 0.0115320 secs] [Times: user=0.05 sys=0.00, real=0.01 secs] 
Heap after GC invocations=437 (full 2):
 par new generation   total 109248K, used 8530K [0x00000000d5a00000, 0x00000000dda00000, 0x00000000dda00000)
  eden space 87424K,   0% used [0x00000000d5a00000, 0x00000000d5a00000, 0x00000000daf60000)
  from space 21824K,  39% used [0x00000000daf60000, 0x00000000db7b48c0, 0x00000000dc4b0000)
  to   space 21824K,   0% used [0x00000000dc4b0000, 0x00000000dc4b0000, 0x00000000dda00000)
 concurrent mark-sweep generation total 393216K, used 123024K [0x00000000dda00000, 0x00000000f5a00000, 0x00000000f5a00000)
 concurrent-mark-sweep perm gen total 58312K, used 35273K [0x00000000f5a00000, 0x00000000f92f2000, 0x0000000100000000)
}
2015-03-18T13:26:42.133-0400: 508104.309: Total time for which application threads were stopped: 0.0122970 seconds
{Heap before GC invocations=437 (full 2):
 par new generation   total 109248K, used 95954K [0x00000000d5a00000, 0x00000000dda00000, 0x00000000dda00000)
  eden space 87424K, 100% used [0x00000000d5a00000, 0x00000000daf60000, 0x00000000daf60000)
  from space 21824K,  39% used [0x00000000daf60000, 0x00000000db7b48c0, 0x00000000dc4b0000)
  to   space 21824K,   0% used [0x00000000dc4b0000, 0x00000000dc4b0000, 0x00000000dda00000)
 concurrent mark-sweep generation total 393216K, used 123024K [0x00000000dda00000, 0x00000000f5a00000, 0x00000000f5a00000)
 concurrent-mark-sweep perm gen total 58312K, used 35276K [0x00000000f5a00000, 0x00000000f92f2000, 0x0000000100000000)
2015-03-18T13:26:42.173-0400: 508104.349: [GC2015-03-18T13:26:42.173-0400: 508104.349: [ParNew
Desired survivor size 20112992 bytes, new threshold 8 (max 8)
- age   1:    1987736 bytes,    1987736 total
- age   2:     568072 bytes,    2555808 total
- age   3:     363296 bytes,    2919104 total
- age   4:      83184 bytes,    3002288 total
- age   5:    1328840 bytes,    4331128 total
- age   6:     447840 bytes,    4778968 total
- age   7:     103248 bytes,    4882216 total
- age   8:    1490752 bytes,    6372968 total
: 95954K->6571K(109248K), 0.0096920 secs] 218978K->129691K(502464K), 0.0098810 secs] [Times: user=0.05 sys=0.00, real=0.01 secs] 
Heap after GC invocations=438 (full 2):
 par new generation   total 109248K, used 6571K [0x00000000d5a00000, 0x00000000dda00000, 0x00000000dda00000)
  eden space 87424K,   0% used [0x00000000d5a00000, 0x00000000d5a00000, 0x00000000daf60000)
  from space 21824K,  30% used [0x00000000dc4b0000, 0x00000000dcb1ae40, 0x00000000dda00000)
  to   space 21824K,   0% used [0x00000000daf60000, 0x00000000daf60000, 0x00000000dc4b0000)
 concurrent mark-sweep generation total 393216K, used 123120K [0x00000000dda00000, 0x00000000f5a00000, 0x00000000f5a00000)
 concurrent-mark-sweep perm gen total 58312K, used 35276K [0x00000000f5a00000, 0x00000000f92f2000, 0x0000000100000000)
}
2015-03-18T13:26:42.183-0400: 508104.359: Total time for which application threads were stopped: 0.0107670 seconds
2015-03-18T13:26:42.184-0400: 508104.360: Total time for which application threads were stopped: 0.0004690 seconds
2015-03-18T13:26:42.195-0400: 508104.370: Total time for which application threads were stopped: 0.0012180 seconds
{Heap before GC invocations=438 (full 2):
 par new generation   total 109248K, used 93995K [0x00000000d5a00000, 0x00000000dda00000, 0x00000000dda00000)
  eden space 87424K, 100% used [0x00000000d5a00000, 0x00000000daf60000, 0x00000000daf60000)
  from space 21824K,  30% used [0x00000000dc4b0000, 0x00000000dcb1ae40, 0x00000000dda00000)
  to   space 21824K,   0% used [0x00000000daf60000, 0x00000000daf60000, 0x00000000dc4b0000)
 concurrent mark-sweep generation total 393216K, used 123120K [0x00000000dda00000, 0x00000000f5a00000, 0x00000000f5a00000)
 concurrent-mark-sweep perm gen total 58312K, used 35404K [0x00000000f5a00000, 0x00000000f92f2000, 0x0000000100000000)
2015-03-18T13:26:42.238-0400: 508104.414: [GC2015-03-18T13:26:42.238-0400: 508104.414: [ParNew
Desired survivor size 20112992 bytes, new threshold 8 (max 8)
- age   1:    2560280 bytes,    2560280 total
- age   2:     608528 bytes,    3168808 total
- age   3:     567784 bytes,    3736592 total
- age   4:     363296 bytes,    4099888 total
- age   5:      83184 bytes,    4183072 total
- age   6:    1328408 bytes,    5511480 total
- age   7:     447296 bytes,    5958776 total
- age   8:     103248 bytes,    6062024 total
: 93995K->8233K(109248K), 0.0113390 secs] 217115K->132819K(502464K), 0.0115270 secs] [Times: user=0.07 sys=0.00, real=0.02 secs] 
Heap after GC invocations=439 (full 2):
 par new generation   total 109248K, used 8233K [0x00000000d5a00000, 0x00000000dda00000, 0x00000000dda00000)
  eden space 87424K,   0% used [0x00000000d5a00000, 0x00000000d5a00000, 0x00000000daf60000)
  from space 21824K,  37% used [0x00000000daf60000, 0x00000000db76a720, 0x00000000dc4b0000)
  to   space 21824K,   0% used [0x00000000dc4b0000, 0x00000000dc4b0000, 0x00000000dda00000)
 concurrent mark-sweep generation total 393216K, used 124585K [0x00000000dda00000, 0x00000000f5a00000, 0x00000000f5a00000)
 concurrent-mark-sweep perm gen total 58312K, used 35404K [0x00000000f5a00000, 0x00000000f92f2000, 0x0000000100000000)
}
2015-03-18T13:26:42.250-0400: 508104.425: Total time for which application threads were stopped: 0.0122710 seconds
2015-03-18T13:26:42.252-0400: 508104.428: Total time for which application threads were stopped: 0.0011920 seconds
2015-03-18T13:26:42.262-0400: 508104.437: Total time for which application threads were stopped: 0.0006460 seconds
{Heap before GC invocations=439 (full 2):
 par new generation   total 109248K, used 95657K [0x00000000d5a00000, 0x00000000dda00000, 0x00000000dda00000)
  eden space 87424K, 100% used [0x00000000d5a00000, 0x00000000daf60000, 0x00000000daf60000)
  from space 21824K,  37% used [0x00000000daf60000, 0x00000000db76a720, 0x00000000dc4b0000)
  to   space 21824K,   0% used [0x00000000dc4b0000, 0x00000000dc4b0000, 0x00000000dda00000)
 concurrent mark-sweep generation total 393216K, used 124585K [0x00000000dda00000, 0x00000000f5a00000, 0x00000000f5a00000)
 concurrent-mark-sweep perm gen total 58312K, used 35471K [0x00000000f5a00000, 0x00000000f92f2000, 0x0000000100000000)
2015-03-18T13:26:42.303-0400: 508104.478: [GC2015-03-18T13:26:42.303-0400: 508104.478: [ParNew
Desired survivor size 20112992 bytes, new threshold 8 (max 8)
- age   1:    1679168 bytes,    1679168 total
- age   2:     168160 bytes,    1847328 total
- age   3:     590440 bytes,    2437768 total
- age   4:     532000 bytes,    2969768 total
- age   5:     363296 bytes,    3333064 total
- age   6:      83184 bytes,    3416248 total
- age   7:    1328512 bytes,    4744760 total
- age   8:     447296 bytes,    5192056 total
: 95657K->7184K(109248K), 0.0088000 secs] 220243K->131872K(502464K), 0.0089620 secs] [Times: user=0.04 sys=0.00, real=0.01 secs] 
Heap after GC invocations=440 (full 2):
 par new generation   total 109248K, used 7184K [0x00000000d5a00000, 0x00000000dda00000, 0x00000000dda00000)
  eden space 87424K,   0% used [0x00000000d5a00000, 0x00000000d5a00000, 0x00000000daf60000)
  from space 21824K,  32% used [0x00000000dc4b0000, 0x00000000dcbb4240, 0x00000000dda00000)
  to   space 21824K,   0% used [0x00000000daf60000, 0x00000000daf60000, 0x00000000dc4b0000)
 concurrent mark-sweep generation total 393216K, used 124687K [0x00000000dda00000, 0x00000000f5a00000, 0x00000000f5a00000)
 concurrent-mark-sweep perm gen total 58312K, used 35471K [0x00000000f5a00000, 0x00000000f92f2000, 0x0000000100000000)
}
2015-03-18T13:26:42.312-0400: 508104.487: Total time for which application threads were stopped: 0.0097070 seconds
{Heap before GC invocations=440 (full 2):
 par new generation   total 109248K, used 94608K [0x00000000d5a00000, 0x00000000dda00000, 0x00000000dda00000)
  eden space 87424K, 100% used [0x00000000d5a00000, 0x00000000daf60000, 0x00000000daf60000)
  from space 21824K,  32% used [0x00000000dc4b0000, 0x00000000dcbb4240, 0x00000000dda00000)
  to   space 21824K,   0% used [0x00000000daf60000, 0x00000000daf60000, 0x00000000dc4b0000)
 concurrent mark-sweep generation total 393216K, used 124687K [0x00000000dda00000, 0x00000000f5a00000, 0x00000000f5a00000)
 concurrent-mark-sweep perm gen total 58312K, used 35480K [0x00000000f5a00000, 0x00000000f92f2000, 0x0000000100000000)
2015-03-18T13:26:42.350-0400: 508104.526: [GC2015-03-18T13:26:42.350-0400: 508104.526: [ParNew
Desired survivor size 20112992 bytes, new threshold 8 (max 8)
- age   1:    1557392 bytes,    1557392 total
- age   2:     120216 bytes,    1677608 total
- age   3:     144040 bytes,    1821648 total
- age   4:     574504 bytes,    2396152 total
- age   5:     524736 bytes,    2920888 total
- age   6:     362576 bytes,    3283464 total
- age   7:      82728 bytes,    3366192 total
- age   8:    1327992 bytes,    4694184 total
: 94608K->5598K(109248K), 0.0092290 secs] 219296K->130725K(502464K), 0.0093840 secs] [Times: user=0.04 sys=0.00, real=0.01 secs] 
Heap after GC invocations=441 (full 2):
 par new generation   total 109248K, used 5598K [0x00000000d5a00000, 0x00000000dda00000, 0x00000000dda00000)
  eden space 87424K,   0% used [0x00000000d5a00000, 0x00000000d5a00000, 0x00000000daf60000)
  from space 21824K,  25% used [0x00000000daf60000, 0x00000000db4d7b80, 0x00000000dc4b0000)
  to   space 21824K,   0% used [0x00000000dc4b0000, 0x00000000dc4b0000, 0x00000000dda00000)
 concurrent mark-sweep generation total 393216K, used 125126K [0x00000000dda00000, 0x00000000f5a00000, 0x00000000f5a00000)
 concurrent-mark-sweep perm gen total 58312K, used 35480K [0x00000000f5a00000, 0x00000000f92f2000, 0x0000000100000000)
}
2015-03-18T13:26:42.360-0400: 508104.535: Total time for which application threads were stopped: 0.0100920 seconds
{Heap before GC invocations=441 (full 2):
 par new generation   total 109248K, used 93019K [0x00000000d5a00000, 0x00000000dda00000, 0x00000000dda00000)
  eden space 87424K,  99% used [0x00000000d5a00000, 0x00000000daf5f298, 0x00000000daf60000)
  from space 21824K,  25% used [0x00000000daf60000, 0x00000000db4d7b80, 0x00000000dc4b0000)
  to   space 21824K,   0% used [0x00000000dc4b0000, 0x00000000dc4b0000, 0x00000000dda00000)
 concurrent mark-sweep generation total 393216K, used 125126K [0x00000000dda00000, 0x00000000f5a00000, 0x00000000f5a00000)
 concurrent-mark-sweep perm gen total 58312K, used 35480K [0x00000000f5a00000, 0x00000000f92f2000, 0x0000000100000000)
2015-03-18T13:26:42.396-0400: 508104.571: [GC2015-03-18T13:26:42.396-0400: 508104.571: [ParNew
Desired survivor size 20112992 bytes, new threshold 8 (max 8)
- age   1:    2130888 bytes,    2130888 total
- age   2:     260280 bytes,    2391168 total
- age   3:     120216 bytes,    2511384 total
- age   4:     143896 bytes,    2655280 total
- age   5:     574504 bytes,    3229784 total
- age   6:     524736 bytes,    3754520 total
- age   7:     362576 bytes,    4117096 total
- age   8:      82728 bytes,    4199824 total
: 93019K->6207K(109248K), 0.0098170 secs] 218146K->132637K(502464K), 0.0099950 secs] [Times: user=0.05 sys=0.00, real=0.01 secs] 
Heap after GC invocations=442 (full 2):
 par new generation   total 109248K, used 6207K [0x00000000d5a00000, 0x00000000dda00000, 0x00000000dda00000)
  eden space 87424K,   0% used [0x00000000d5a00000, 0x00000000d5a00000, 0x00000000daf60000)
  from space 21824K,  28% used [0x00000000dc4b0000, 0x00000000dcabfc00, 0x00000000dda00000)
  to   space 21824K,   0% used [0x00000000daf60000, 0x00000000daf60000, 0x00000000dc4b0000)
 concurrent mark-sweep generation total 393216K, used 126430K [0x00000000dda00000, 0x00000000f5a00000, 0x00000000f5a00000)
 concurrent-mark-sweep perm gen total 58312K, used 35480K [0x00000000f5a00000, 0x00000000f92f2000, 0x0000000100000000)
}
2015-03-18T13:26:42.406-0400: 508104.581: Total time for which application threads were stopped: 0.0107110 seconds
2015-03-18T13:26:42.422-0400: 508104.598: Total time for which application threads were stopped: 0.0009340 seconds
2015-03-18T13:26:42.423-0400: 508104.598: Total time for which application threads were stopped: 0.0004220 seconds
{Heap before GC invocations=442 (full 2):
 par new generation   total 109248K, used 93631K [0x00000000d5a00000, 0x00000000dda00000, 0x00000000dda00000)
  eden space 87424K, 100% used [0x00000000d5a00000, 0x00000000daf60000, 0x00000000daf60000)
  from space 21824K,  28% used [0x00000000dc4b0000, 0x00000000dcabfc00, 0x00000000dda00000)
  to   space 21824K,   0% used [0x00000000daf60000, 0x00000000daf60000, 0x00000000dc4b0000)
 concurrent mark-sweep generation total 393216K, used 126430K [0x00000000dda00000, 0x00000000f5a00000, 0x00000000f5a00000)
 concurrent-mark-sweep perm gen total 58312K, used 35481K [0x00000000f5a00000, 0x00000000f92f2000, 0x0000000100000000)
2015-03-18T13:26:42.439-0400: 508104.614: [GC2015-03-18T13:26:42.439-0400: 508104.614: [ParNew
Desired survivor size 20112992 bytes, new threshold 8 (max 8)
- age   1:    2052848 bytes,    2052848 total
- age   2:     615728 bytes,    2668576 total
- age   3:     260008 bytes,    2928584 total
- age   4:     120120 bytes,    3048704 total
- age   5:     143824 bytes,    3192528 total
- age   6:     574456 bytes,    3766984 total
- age   7:     524424 bytes,    4291408 total
- age   8:     362504 bytes,    4653912 total
: 93631K->5149K(109248K), 0.0083160 secs] 220061K->131663K(502464K), 0.0084870 secs] [Times: user=0.04 sys=0.00, real=0.01 secs] 
Heap after GC invocations=443 (full 2):
 par new generation   total 109248K, used 5149K [0x00000000d5a00000, 0x00000000dda00000, 0x00000000dda00000)
  eden space 87424K,   0% used [0x00000000d5a00000, 0x00000000d5a00000, 0x00000000daf60000)
  from space 21824K,  23% used [0x00000000daf60000, 0x00000000db467670, 0x00000000dc4b0000)
  to   space 21824K,   0% used [0x00000000dc4b0000, 0x00000000dc4b0000, 0x00000000dda00000)
 concurrent mark-sweep generation total 393216K, used 126513K [0x00000000dda00000, 0x00000000f5a00000, 0x00000000f5a00000)
 concurrent-mark-sweep perm gen total 58312K, used 35481K [0x00000000f5a00000, 0x00000000f92f2000, 0x0000000100000000)
}
2015-03-18T13:26:42.447-0400: 508104.623: Total time for which application threads were stopped: 0.0092670 seconds
{Heap before GC invocations=443 (full 2):
 par new generation   total 109248K, used 92573K [0x00000000d5a00000, 0x00000000dda00000, 0x00000000dda00000)
  eden space 87424K, 100% used [0x00000000d5a00000, 0x00000000daf60000, 0x00000000daf60000)
  from space 21824K,  23% used [0x00000000daf60000, 0x00000000db467670, 0x00000000dc4b0000)
  to   space 21824K,   0% used [0x00000000dc4b0000, 0x00000000dc4b0000, 0x00000000dda00000)
 concurrent mark-sweep generation total 393216K, used 126513K [0x00000000dda00000, 0x00000000f5a00000, 0x00000000f5a00000)
 concurrent-mark-sweep perm gen total 58312K, used 35481K [0x00000000f5a00000, 0x00000000f92f2000, 0x0000000100000000)
2015-03-18T13:26:42.484-0400: 508104.660: [GC2015-03-18T13:26:42.484-0400: 508104.660: [ParNew
Desired survivor size 20112992 bytes, new threshold 8 (max 8)
- age   1:    1702552 bytes,    1702552 total
- age   2:     448992 bytes,    2151544 total
- age   3:     615504 bytes,    2767048 total
- age   4:     259936 bytes,    3026984 total
- age   5:     119952 bytes,    3146936 total
- age   6:     143200 bytes,    3290136 total
- age   7:     574136 bytes,    3864272 total
- age   8:     524200 bytes,    4388472 total
: 92573K->5885K(109248K), 0.0086680 secs] 219087K->132754K(502464K), 0.0088620 secs] [Times: user=0.03 sys=0.00, real=0.01 secs] 
Heap after GC invocations=444 (full 2):
 par new generation   total 109248K, used 5885K [0x00000000d5a00000, 0x00000000dda00000, 0x00000000dda00000)
  eden space 87424K,   0% used [0x00000000d5a00000, 0x00000000d5a00000, 0x00000000daf60000)
  from space 21824K,  26% used [0x00000000dc4b0000, 0x00000000dca6f4a0, 0x00000000dda00000)
  to   space 21824K,   0% used [0x00000000daf60000, 0x00000000daf60000, 0x00000000dc4b0000)
 concurrent mark-sweep generation total 393216K, used 126869K [0x00000000dda00000, 0x00000000f5a00000, 0x00000000f5a00000)
 concurrent-mark-sweep perm gen total 58312K, used 35481K [0x00000000f5a00000, 0x00000000f92f2000, 0x0000000100000000)
}
2015-03-18T13:26:42.493-0400: 508104.669: Total time for which application threads were stopped: 0.0095860 seconds
{Heap before GC invocations=444 (full 2):
 par new generation   total 109248K, used 93309K [0x00000000d5a00000, 0x00000000dda00000, 0x00000000dda00000)
  eden space 87424K, 100% used [0x00000000d5a00000, 0x00000000daf60000, 0x00000000daf60000)
  from space 21824K,  26% used [0x00000000dc4b0000, 0x00000000dca6f4a0, 0x00000000dda00000)
  to   space 21824K,   0% used [0x00000000daf60000, 0x00000000daf60000, 0x00000000dc4b0000)
 concurrent mark-sweep generation total 393216K, used 126869K [0x00000000dda00000, 0x00000000f5a00000, 0x00000000f5a00000)
 concurrent-mark-sweep perm gen total 58312K, used 35481K [0x00000000f5a00000, 0x00000000f92f2000, 0x0000000100000000)
2015-03-18T13:26:42.533-0400: 508104.708: [GC2015-03-18T13:26:42.533-0400: 508104.708: [ParNew
Desired survivor size 20112992 bytes, new threshold 8 (max 8)
- age   1:    3407464 bytes,    3407464 total
- age   2:     850432 bytes,    4257896 total
- age   3:     448688 bytes,    4706584 total
- age   4:     615456 bytes,    5322040 total
- age   5:     259728 bytes,    5581768 total
- age   6:     119640 bytes,    5701408 total
- age   7:     141760 bytes,    5843168 total
- age   8:     573664 bytes,    6416832 total
: 93309K->7116K(109248K), 0.0106450 secs] 220178K->134505K(502464K), 0.0108270 secs] [Times: user=0.06 sys=0.00, real=0.01 secs] 
Heap after GC invocations=445 (full 2):
 par new generation   total 109248K, used 7116K [0x00000000d5a00000, 0x00000000dda00000, 0x00000000dda00000)
  eden space 87424K,   0% used [0x00000000d5a00000, 0x00000000d5a00000, 0x00000000daf60000)
  from space 21824K,  32% used [0x00000000daf60000, 0x00000000db6532f8, 0x00000000dc4b0000)
  to   space 21824K,   0% used [0x00000000dc4b0000, 0x00000000dc4b0000, 0x00000000dda00000)
 concurrent mark-sweep generation total 393216K, used 127388K [0x00000000dda00000, 0x00000000f5a00000, 0x00000000f5a00000)
 concurrent-mark-sweep perm gen total 58312K, used 35481K [0x00000000f5a00000, 0x00000000f92f2000, 0x0000000100000000)
}
2015-03-18T13:26:42.544-0400: 508104.719: Total time for which application threads were stopped: 0.0115510 seconds
{Heap before GC invocations=445 (full 2):
 par new generation   total 109248K, used 94540K [0x00000000d5a00000, 0x00000000dda00000, 0x00000000dda00000)
  eden space 87424K, 100% used [0x00000000d5a00000, 0x00000000daf60000, 0x00000000daf60000)
  from space 21824K,  32% used [0x00000000daf60000, 0x00000000db6532f8, 0x00000000dc4b0000)
  to   space 21824K,   0% used [0x00000000dc4b0000, 0x00000000dc4b0000, 0x00000000dda00000)
 concurrent mark-sweep generation total 393216K, used 127388K [0x00000000dda00000, 0x00000000f5a00000, 0x00000000f5a00000)
 concurrent-mark-sweep perm gen total 58312K, used 35482K [0x00000000f5a00000, 0x00000000f92f2000, 0x0000000100000000)
2015-03-18T13:26:42.575-0400: 508104.750: [GC2015-03-18T13:26:42.575-0400: 508104.751: [ParNew
Desired survivor size 20112992 bytes, new threshold 8 (max 8)
- age   1:    2511744 bytes,    2511744 total
- age   2:    2283192 bytes,    4794936 total
- age   3:     850232 bytes,    5645168 total
- age   4:     448616 bytes,    6093784 total
- age   5:     615384 bytes,    6709168 total
- age   6:     259344 bytes,    6968512 total
- age   7:     119592 bytes,    7088104 total
- age   8:     141688 bytes,    7229792 total
: 94540K->9356K(109248K), 0.0107460 secs] 221929K->137307K(502464K), 0.0109350 secs] [Times: user=0.06 sys=0.00, real=0.01 secs] 
Heap after GC invocations=446 (full 2):
 par new generation   total 109248K, used 9356K [0x00000000d5a00000, 0x00000000dda00000, 0x00000000dda00000)
  eden space 87424K,   0% used [0x00000000d5a00000, 0x00000000d5a00000, 0x00000000daf60000)
  from space 21824K,  42% used [0x00000000dc4b0000, 0x00000000dcdd33e8, 0x00000000dda00000)
  to   space 21824K,   0% used [0x00000000daf60000, 0x00000000daf60000, 0x00000000dc4b0000)
 concurrent mark-sweep generation total 393216K, used 127950K [0x00000000dda00000, 0x00000000f5a00000, 0x00000000f5a00000)
 concurrent-mark-sweep perm gen total 58312K, used 35482K [0x00000000f5a00000, 0x00000000f92f2000, 0x0000000100000000)
}
2015-03-18T13:26:42.586-0400: 508104.762: Total time for which application threads were stopped: 0.0116610 seconds
{Heap before GC invocations=446 (full 2):
 par new generation   total 109248K, used 96780K [0x00000000d5a00000, 0x00000000dda00000, 0x00000000dda00000)
  eden space 87424K, 100% used [0x00000000d5a00000, 0x00000000daf60000, 0x00000000daf60000)
  from space 21824K,  42% used [0x00000000dc4b0000, 0x00000000dcdd33e8, 0x00000000dda00000)
  to   space 21824K,   0% used [0x00000000daf60000, 0x00000000daf60000, 0x00000000dc4b0000)
 concurrent mark-sweep generation total 393216K, used 127950K [0x00000000dda00000, 0x00000000f5a00000, 0x00000000f5a00000)
 concurrent-mark-sweep perm gen total 58312K, used 35482K [0x00000000f5a00000, 0x00000000f92f2000, 0x0000000100000000)
2015-03-18T13:26:42.617-0400: 508104.793: [GC2015-03-18T13:26:42.617-0400: 508104.793: [ParNew
Desired survivor size 20112992 bytes, new threshold 8 (max 8)
- age   1:    1565048 bytes,    1565048 total
- age   2:     684192 bytes,    2249240 total
- age   3:    2282920 bytes,    4532160 total
- age   4:     850232 bytes,    5382392 total
- age   5:     448400 bytes,    5830792 total
- age   6:     615112 bytes,    6445904 total
- age   7:     259344 bytes,    6705248 total
- age   8:     119592 bytes,    6824840 total
: 96780K->7968K(109248K), 0.0100730 secs] 224731K->136059K(502464K), 0.0102250 secs] [Times: user=0.05 sys=0.00, real=0.01 secs] 
Heap after GC invocations=447 (full 2):
 par new generation   total 109248K, used 7968K [0x00000000d5a00000, 0x00000000dda00000, 0x00000000dda00000)
  eden space 87424K,   0% used [0x00000000d5a00000, 0x00000000d5a00000, 0x00000000daf60000)
  from space 21824K,  36% used [0x00000000daf60000, 0x00000000db7282c0, 0x00000000dc4b0000)
  to   space 21824K,   0% used [0x00000000dc4b0000, 0x00000000dc4b0000, 0x00000000dda00000)
 concurrent mark-sweep generation total 393216K, used 128091K [0x00000000dda00000, 0x00000000f5a00000, 0x00000000f5a00000)
 concurrent-mark-sweep perm gen total 58312K, used 35482K [0x00000000f5a00000, 0x00000000f92f2000, 0x0000000100000000)
}
2015-03-18T13:26:42.627-0400: 508104.803: Total time for which application threads were stopped: 0.0109830 seconds
{Heap before GC invocations=447 (full 2):
 par new generation   total 109248K, used 95392K [0x00000000d5a00000, 0x00000000dda00000, 0x00000000dda00000)
  eden space 87424K, 100% used [0x00000000d5a00000, 0x00000000daf60000, 0x00000000daf60000)
  from space 21824K,  36% used [0x00000000daf60000, 0x00000000db7282c0, 0x00000000dc4b0000)
  to   space 21824K,   0% used [0x00000000dc4b0000, 0x00000000dc4b0000, 0x00000000dda00000)
 concurrent mark-sweep generation total 393216K, used 128091K [0x00000000dda00000, 0x00000000f5a00000, 0x00000000f5a00000)
 concurrent-mark-sweep perm gen total 58312K, used 35482K [0x00000000f5a00000, 0x00000000f92f2000, 0x0000000100000000)
2015-03-18T13:26:42.664-0400: 508104.840: [GC2015-03-18T13:26:42.665-0400: 508104.840: [ParNew
Desired survivor size 20112992 bytes, new threshold 8 (max 8)
- age   1:    2405168 bytes,    2405168 total
- age   2:     207792 bytes,    2612960 total
- age   3:     684128 bytes,    3297088 total
- age   4:    2282728 bytes,    5579816 total
- age   5:     850016 bytes,    6429832 total
- age   6:     448128 bytes,    6877960 total
- age   7:     615112 bytes,    7493072 total
- age   8:     259344 bytes,    7752416 total
: 95392K->11989K(109248K), 0.0111540 secs] 223483K->140201K(502464K), 0.0113260 secs] [Times: user=0.04 sys=0.00, real=0.01 secs] 
Heap after GC invocations=448 (full 2):
 par new generation   total 109248K, used 11989K [0x00000000d5a00000, 0x00000000dda00000, 0x00000000dda00000)
  eden space 87424K,   0% used [0x00000000d5a00000, 0x00000000d5a00000, 0x00000000daf60000)
  from space 21824K,  54% used [0x00000000dc4b0000, 0x00000000dd065640, 0x00000000dda00000)
  to   space 21824K,   0% used [0x00000000daf60000, 0x00000000daf60000, 0x00000000dc4b0000)
 concurrent mark-sweep generation total 393216K, used 128211K [0x00000000dda00000, 0x00000000f5a00000, 0x00000000f5a00000)
 concurrent-mark-sweep perm gen total 58312K, used 35482K [0x00000000f5a00000, 0x00000000f92f2000, 0x0000000100000000)
}
2015-03-18T13:26:42.676-0400: 508104.851: Total time for which application threads were stopped: 0.0120970 seconds
{Heap before GC invocations=448 (full 2):
 par new generation   total 109248K, used 99413K [0x00000000d5a00000, 0x00000000dda00000, 0x00000000dda00000)
  eden space 87424K, 100% used [0x00000000d5a00000, 0x00000000daf60000, 0x00000000daf60000)
  from space 21824K,  54% used [0x00000000dc4b0000, 0x00000000dd065640, 0x00000000dda00000)
  to   space 21824K,   0% used [0x00000000daf60000, 0x00000000daf60000, 0x00000000dc4b0000)
 concurrent mark-sweep generation total 393216K, used 128211K [0x00000000dda00000, 0x00000000f5a00000, 0x00000000f5a00000)
 concurrent-mark-sweep perm gen total 58312K, used 35482K [0x00000000f5a00000, 0x00000000f92f2000, 0x0000000100000000)
2015-03-18T13:26:42.710-0400: 508104.886: [GC2015-03-18T13:26:42.710-0400: 508104.886: [ParNew
Desired survivor size 20112992 bytes, new threshold 8 (max 8)
- age   1:    2395888 bytes,    2395888 total
- age   2:    1229776 bytes,    3625664 total
- age   3:     207696 bytes,    3833360 total
- age   4:     683992 bytes,    4517352 total
- age   5:    2282656 bytes,    6800008 total
- age   6:     849584 bytes,    7649592 total
- age   7:     448080 bytes,    8097672 total
- age   8:     615016 bytes,    8712688 total
: 99413K->10174K(109248K), 0.0117070 secs] 227625K->138642K(502464K), 0.0118650 secs] [Times: user=0.05 sys=0.00, real=0.01 secs] 
Heap after GC invocations=449 (full 2):
 par new generation   total 109248K, used 10174K [0x00000000d5a00000, 0x00000000dda00000, 0x00000000dda00000)
  eden space 87424K,   0% used [0x00000000d5a00000, 0x00000000d5a00000, 0x00000000daf60000)
  from space 21824K,  46% used [0x00000000daf60000, 0x00000000db94f880, 0x00000000dc4b0000)
  to   space 21824K,   0% used [0x00000000dc4b0000, 0x00000000dc4b0000, 0x00000000dda00000)
 concurrent mark-sweep generation total 393216K, used 128467K [0x00000000dda00000, 0x00000000f5a00000, 0x00000000f5a00000)
 concurrent-mark-sweep perm gen total 58312K, used 35482K [0x00000000f5a00000, 0x00000000f92f2000, 0x0000000100000000)
}
2015-03-18T13:26:42.722-0400: 508104.898: Total time for which application threads were stopped: 0.0127110 seconds
{Heap before GC invocations=449 (full 2):
 par new generation   total 109248K, used 97598K [0x00000000d5a00000, 0x00000000dda00000, 0x00000000dda00000)
  eden space 87424K, 100% used [0x00000000d5a00000, 0x00000000daf60000, 0x00000000daf60000)
  from space 21824K,  46% used [0x00000000daf60000, 0x00000000db94f880, 0x00000000dc4b0000)
  to   space 21824K,   0% used [0x00000000dc4b0000, 0x00000000dc4b0000, 0x00000000dda00000)
 concurrent mark-sweep generation total 393216K, used 128467K [0x00000000dda00000, 0x00000000f5a00000, 0x00000000f5a00000)
 concurrent-mark-sweep perm gen total 58312K, used 35482K [0x00000000f5a00000, 0x00000000f92f2000, 0x0000000100000000)
2015-03-18T13:26:42.759-0400: 508104.935: [GC2015-03-18T13:26:42.759-0400: 508104.935: [ParNew
Desired survivor size 20112992 bytes, new threshold 8 (max 8)
- age   1:    2550248 bytes,    2550248 total
- age   2:    1076984 bytes,    3627232 total
- age   3:    1229200 bytes,    4856432 total
- age   4:     207600 bytes,    5064032 total
- age   5:     683896 bytes,    5747928 total
- age   6:    2282272 bytes,    8030200 total
- age   7:     849536 bytes,    8879736 total
- age   8:     448008 bytes,    9327744 total
: 97598K->14458K(109248K), 0.0124450 secs] 226066K->143528K(502464K), 0.0126320 secs] [Times: user=0.06 sys=0.00, real=0.02 secs] 
Heap after GC invocations=450 (full 2):
 par new generation   total 109248K, used 14458K [0x00000000d5a00000, 0x00000000dda00000, 0x00000000dda00000)
  eden space 87424K,   0% used [0x00000000d5a00000, 0x00000000d5a00000, 0x00000000daf60000)
  from space 21824K,  66% used [0x00000000dc4b0000, 0x00000000dd2ce9c0, 0x00000000dda00000)
  to   space 21824K,   0% used [0x00000000daf60000, 0x00000000daf60000, 0x00000000dc4b0000)
 concurrent mark-sweep generation total 393216K, used 129070K [0x00000000dda00000, 0x00000000f5a00000, 0x00000000f5a00000)
 concurrent-mark-sweep perm gen total 58312K, used 35482K [0x00000000f5a00000, 0x00000000f92f2000, 0x0000000100000000)
}
2015-03-18T13:26:42.772-0400: 508104.947: Total time for which application threads were stopped: 0.0133060 seconds
2015-03-18T13:26:42.792-0400: 508104.967: Total time for which application threads were stopped: 0.0006670 seconds
2015-03-18T13:26:42.794-0400: 508104.969: Total time for which application threads were stopped: 0.0004220 seconds
2015-03-18T13:26:42.796-0400: 508104.972: Total time for which application threads were stopped: 0.0004380 seconds
2015-03-18T13:26:42.796-0400: 508104.972: Total time for which application threads were stopped: 0.0004180 seconds
2015-03-18T13:26:42.804-0400: 508104.980: Total time for which application threads were stopped: 0.0005590 seconds
2015-03-18T13:26:42.805-0400: 508104.981: Total time for which application threads were stopped: 0.0004710 seconds
{Heap before GC invocations=450 (full 2):
 par new generation   total 109248K, used 101867K [0x00000000d5a00000, 0x00000000dda00000, 0x00000000dda00000)
  eden space 87424K,  99% used [0x00000000d5a00000, 0x00000000daf5c4f0, 0x00000000daf60000)
  from space 21824K,  66% used [0x00000000dc4b0000, 0x00000000dd2ce9c0, 0x00000000dda00000)
  to   space 21824K,   0% used [0x00000000daf60000, 0x00000000daf60000, 0x00000000dc4b0000)
 concurrent mark-sweep generation total 393216K, used 129070K [0x00000000dda00000, 0x00000000f5a00000, 0x00000000f5a00000)
 concurrent-mark-sweep perm gen total 58312K, used 35483K [0x00000000f5a00000, 0x00000000f92f2000, 0x0000000100000000)
2015-03-18T13:26:42.814-0400: 508104.990: [GC2015-03-18T13:26:42.815-0400: 508104.990: [ParNew
Desired survivor size 20112992 bytes, new threshold 8 (max 8)
- age   1:    2384656 bytes,    2384656 total
- age   2:    1039776 bytes,    3424432 total
- age   3:    1076712 bytes,    4501144 total
- age   4:    1229200 bytes,    5730344 total
- age   5:     207600 bytes,    5937944 total
- age   6:     683896 bytes,    6621840 total
- age   7:    2280176 bytes,    8902016 total
- age   8:     827768 bytes,    9729784 total
: 101867K->12253K(109248K), 0.0127690 secs] 230938K->141769K(502464K), 0.0129550 secs] [Times: user=0.05 sys=0.00, real=0.01 secs] 
Heap after GC invocations=451 (full 2):
 par new generation   total 109248K, used 12253K [0x00000000d5a00000, 0x00000000dda00000, 0x00000000dda00000)
  eden space 87424K,   0% used [0x00000000d5a00000, 0x00000000d5a00000, 0x00000000daf60000)
  from space 21824K,  56% used [0x00000000daf60000, 0x00000000dbb576c0, 0x00000000dc4b0000)
  to   space 21824K,   0% used [0x00000000dc4b0000, 0x00000000dc4b0000, 0x00000000dda00000)
 concurrent mark-sweep generation total 393216K, used 129516K [0x00000000dda00000, 0x00000000f5a00000, 0x00000000f5a00000)
 concurrent-mark-sweep perm gen total 58312K, used 35483K [0x00000000f5a00000, 0x00000000f92f2000, 0x0000000100000000)
}
2015-03-18T13:26:42.828-0400: 508105.003: Total time for which application threads were stopped: 0.0136920 seconds
{Heap before GC invocations=451 (full 2):
 par new generation   total 109248K, used 99677K [0x00000000d5a00000, 0x00000000dda00000, 0x00000000dda00000)
  eden space 87424K, 100% used [0x00000000d5a00000, 0x00000000daf60000, 0x00000000daf60000)
  from space 21824K,  56% used [0x00000000daf60000, 0x00000000dbb576c0, 0x00000000dc4b0000)
  to   space 21824K,   0% used [0x00000000dc4b0000, 0x00000000dc4b0000, 0x00000000dda00000)
 concurrent mark-sweep generation total 393216K, used 129516K [0x00000000dda00000, 0x00000000f5a00000, 0x00000000f5a00000)
 concurrent-mark-sweep perm gen total 58312K, used 35527K [0x00000000f5a00000, 0x00000000f92f2000, 0x0000000100000000)
2015-03-18T13:26:42.873-0400: 508105.049: [GC2015-03-18T13:26:42.873-0400: 508105.049: [ParNew
Desired survivor size 20112992 bytes, new threshold 8 (max 8)
- age   1:    1689200 bytes,    1689200 total
- age   2:     856520 bytes,    2545720 total
- age   3:    1039640 bytes,    3585360 total
- age   4:    1076712 bytes,    4662072 total
- age   5:    1229200 bytes,    5891272 total
- age   6:     207600 bytes,    6098872 total
- age   7:     683896 bytes,    6782768 total
- age   8:    2280176 bytes,    9062944 total
: 99677K->14258K(109248K), 0.0123230 secs] 229193K->144215K(502464K), 0.0125070 secs] [Times: user=0.05 sys=0.00, real=0.01 secs] 
Heap after GC invocations=452 (full 2):
 par new generation   total 109248K, used 14258K [0x00000000d5a00000, 0x00000000dda00000, 0x00000000dda00000)
  eden space 87424K,   0% used [0x00000000d5a00000, 0x00000000d5a00000, 0x00000000daf60000)
  from space 21824K,  65% used [0x00000000dc4b0000, 0x00000000dd29c848, 0x00000000dda00000)
  to   space 21824K,   0% used [0x00000000daf60000, 0x00000000daf60000, 0x00000000dc4b0000)
 concurrent mark-sweep generation total 393216K, used 129956K [0x00000000dda00000, 0x00000000f5a00000, 0x00000000f5a00000)
 concurrent-mark-sweep perm gen total 58312K, used 35527K [0x00000000f5a00000, 0x00000000f92f2000, 0x0000000100000000)
}
2015-03-18T13:26:42.886-0400: 508105.062: Total time for which application threads were stopped: 0.0132890 seconds
2015-03-18T13:26:42.909-0400: 508105.085: Total time for which application threads were stopped: 0.0005820 seconds
2015-03-18T13:26:42.910-0400: 508105.085: Total time for which application threads were stopped: 0.0003360 seconds
2015-03-18T13:26:42.910-0400: 508105.086: Total time for which application threads were stopped: 0.0003460 seconds
2015-03-18T13:26:42.913-0400: 508105.088: Total time for which application threads were stopped: 0.0005010 seconds
2015-03-18T13:26:42.915-0400: 508105.090: Total time for which application threads were stopped: 0.0004140 seconds
2015-03-18T13:26:42.917-0400: 508105.092: Total time for which application threads were stopped: 0.0004550 seconds
2015-03-18T13:26:42.917-0400: 508105.093: Total time for which application threads were stopped: 0.0003890 seconds
2015-03-18T13:26:42.918-0400: 508105.093: Total time for which application threads were stopped: 0.0003560 seconds
2015-03-18T13:26:42.918-0400: 508105.094: Total time for which application threads were stopped: 0.0004050 seconds
{Heap before GC invocations=452 (full 2):
 par new generation   total 109248K, used 101674K [0x00000000d5a00000, 0x00000000dda00000, 0x00000000dda00000)
  eden space 87424K,  99% used [0x00000000d5a00000, 0x00000000daf5e1a8, 0x00000000daf60000)
  from space 21824K,  65% used [0x00000000dc4b0000, 0x00000000dd29c848, 0x00000000dda00000)
  to   space 21824K,   0% used [0x00000000daf60000, 0x00000000daf60000, 0x00000000dc4b0000)
 concurrent mark-sweep generation total 393216K, used 129956K [0x00000000dda00000, 0x00000000f5a00000, 0x00000000f5a00000)
 concurrent-mark-sweep perm gen total 58312K, used 35556K [0x00000000f5a00000, 0x00000000f92f2000, 0x0000000100000000)
2015-03-18T13:26:42.930-0400: 508105.106: [GC2015-03-18T13:26:42.930-0400: 508105.106: [ParNew
Desired survivor size 20112992 bytes, new threshold 8 (max 8)
- age   1:    1987216 bytes,    1987216 total
- age   2:     389136 bytes,    2376352 total
- age   3:     854544 bytes,    3230896 total
- age   4:    1039424 bytes,    4270320 total
- age   5:    1076640 bytes,    5346960 total
- age   6:    1229104 bytes,    6576064 total
- age   7:     207200 bytes,    6783264 total
- age   8:     683824 bytes,    7467088 total
: 101674K->9561K(109248K), 0.0130790 secs] 231631K->141749K(502464K), 0.0132760 secs] [Times: user=0.06 sys=0.00, real=0.01 secs] 
Heap after GC invocations=453 (full 2):
 par new generation   total 109248K, used 9561K [0x00000000d5a00000, 0x00000000dda00000, 0x00000000dda00000)
  eden space 87424K,   0% used [0x00000000d5a00000, 0x00000000d5a00000, 0x00000000daf60000)
  from space 21824K,  43% used [0x00000000daf60000, 0x00000000db8b6580, 0x00000000dc4b0000)
  to   space 21824K,   0% used [0x00000000dc4b0000, 0x00000000dc4b0000, 0x00000000dda00000)
 concurrent mark-sweep generation total 393216K, used 132188K [0x00000000dda00000, 0x00000000f5a00000, 0x00000000f5a00000)
 concurrent-mark-sweep perm gen total 58312K, used 35556K [0x00000000f5a00000, 0x00000000f92f2000, 0x0000000100000000)
}
2015-03-18T13:26:42.944-0400: 508105.119: Total time for which application threads were stopped: 0.0140540 seconds
{Heap before GC invocations=453 (full 2):
 par new generation   total 109248K, used 96974K [0x00000000d5a00000, 0x00000000dda00000, 0x00000000dda00000)
  eden space 87424K,  99% used [0x00000000d5a00000, 0x00000000daf5d4f0, 0x00000000daf60000)
  from space 21824K,  43% used [0x00000000daf60000, 0x00000000db8b6580, 0x00000000dc4b0000)
  to   space 21824K,   0% used [0x00000000dc4b0000, 0x00000000dc4b0000, 0x00000000dda00000)
 concurrent mark-sweep generation total 393216K, used 132188K [0x00000000dda00000, 0x00000000f5a00000, 0x00000000f5a00000)
 concurrent-mark-sweep perm gen total 58312K, used 35558K [0x00000000f5a00000, 0x00000000f92f2000, 0x0000000100000000)
2015-03-18T13:26:42.978-0400: 508105.154: [GC2015-03-18T13:26:42.978-0400: 508105.154: [ParNew
Desired survivor size 20112992 bytes, new threshold 8 (max 8)
- age   1:    2167016 bytes,    2167016 total
- age   2:     628440 bytes,    2795456 total
- age   3:     388912 bytes,    3184368 total
- age   4:     854472 bytes,    4038840 total
- age   5:    1039376 bytes,    5078216 total
- age   6:    1076568 bytes,    6154784 total
- age   7:    1228672 bytes,    7383456 total
- age   8:     207072 bytes,    7590528 total
: 96974K->9492K(109248K), 0.0125130 secs] 229163K->142351K(502464K), 0.0127050 secs] [Times: user=0.07 sys=0.00, real=0.02 secs] 
Heap after GC invocations=454 (full 2):
 par new generation   total 109248K, used 9492K [0x00000000d5a00000, 0x00000000dda00000, 0x00000000dda00000)
  eden space 87424K,   0% used [0x00000000d5a00000, 0x00000000d5a00000, 0x00000000daf60000)
  from space 21824K,  43% used [0x00000000dc4b0000, 0x00000000dcdf50c0, 0x00000000dda00000)
  to   space 21824K,   0% used [0x00000000daf60000, 0x00000000daf60000, 0x00000000dc4b0000)
 concurrent mark-sweep generation total 393216K, used 132859K [0x00000000dda00000, 0x00000000f5a00000, 0x00000000f5a00000)
 concurrent-mark-sweep perm gen total 58312K, used 35558K [0x00000000f5a00000, 0x00000000f92f2000, 0x0000000100000000)
}
2015-03-18T13:26:42.991-0400: 508105.166: Total time for which application threads were stopped: 0.0134250 seconds
2015-03-18T13:26:43.015-0400: 508105.190: Total time for which application threads were stopped: 0.0005590 seconds
{Heap before GC invocations=454 (full 2):
 par new generation   total 109248K, used 96916K [0x00000000d5a00000, 0x00000000dda00000, 0x00000000dda00000)
  eden space 87424K, 100% used [0x00000000d5a00000, 0x00000000daf60000, 0x00000000daf60000)
  from space 21824K,  43% used [0x00000000dc4b0000, 0x00000000dcdf50c0, 0x00000000dda00000)
  to   space 21824K,   0% used [0x00000000daf60000, 0x00000000daf60000, 0x00000000dc4b0000)
 concurrent mark-sweep generation total 393216K, used 132859K [0x00000000dda00000, 0x00000000f5a00000, 0x00000000f5a00000)
 concurrent-mark-sweep perm gen total 58312K, used 35558K [0x00000000f5a00000, 0x00000000f92f2000, 0x0000000100000000)
2015-03-18T13:26:43.030-0400: 508105.206: [GC2015-03-18T13:26:43.030-0400: 508105.206: [ParNew
Desired survivor size 20112992 bytes, new threshold 8 (max 8)
- age   1:    2502984 bytes,    2502984 total
- age   2:     557000 bytes,    3059984 total
- age   3:     598664 bytes,    3658648 total
- age   4:     388616 bytes,    4047264 total
- age   5:     854472 bytes,    4901736 total
- age   6:    1039160 bytes,    5940896 total
- age   7:    1076568 bytes,    7017464 total
- age   8:    1228400 bytes,    8245864 total
: 96916K->11390K(109248K), 0.0124350 secs] 229775K->144464K(502464K), 0.0126080 secs] [Times: user=0.06 sys=0.00, real=0.01 secs] 
Heap after GC invocations=455 (full 2):
 par new generation   total 109248K, used 11390K [0x00000000d5a00000, 0x00000000dda00000, 0x00000000dda00000)
  eden space 87424K,   0% used [0x00000000d5a00000, 0x00000000d5a00000, 0x00000000daf60000)
  from space 21824K,  52% used [0x00000000daf60000, 0x00000000dba7f8d0, 0x00000000dc4b0000)
  to   space 21824K,   0% used [0x00000000dc4b0000, 0x00000000dc4b0000, 0x00000000dda00000)
 concurrent mark-sweep generation total 393216K, used 133073K [0x00000000dda00000, 0x00000000f5a00000, 0x00000000f5a00000)
 concurrent-mark-sweep perm gen total 58312K, used 35558K [0x00000000f5a00000, 0x00000000f92f2000, 0x0000000100000000)
}
2015-03-18T13:26:43.043-0400: 508105.219: Total time for which application threads were stopped: 0.0135950 seconds
{Heap before GC invocations=455 (full 2):
 par new generation   total 109248K, used 98802K [0x00000000d5a00000, 0x00000000dda00000, 0x00000000dda00000)
  eden space 87424K,  99% used [0x00000000d5a00000, 0x00000000daf5d0a0, 0x00000000daf60000)
  from space 21824K,  52% used [0x00000000daf60000, 0x00000000dba7f8d0, 0x00000000dc4b0000)
  to   space 21824K,   0% used [0x00000000dc4b0000, 0x00000000dc4b0000, 0x00000000dda00000)
 concurrent mark-sweep generation total 393216K, used 133073K [0x00000000dda00000, 0x00000000f5a00000, 0x00000000f5a00000)
 concurrent-mark-sweep perm gen total 58312K, used 35558K [0x00000000f5a00000, 0x00000000f92f2000, 0x0000000100000000)
2015-03-18T13:26:43.084-0400: 508105.259: [GC2015-03-18T13:26:43.084-0400: 508105.259: [ParNew
Desired survivor size 20112992 bytes, new threshold 8 (max 8)
- age   1:    1979504 bytes,    1979504 total
- age   2:    1153048 bytes,    3132552 total
- age   3:     553728 bytes,    3686280 total
- age   4:     597328 bytes,    4283608 total
- age   5:     388616 bytes,    4672224 total
- age   6:     854472 bytes,    5526696 total
- age   7:    1038944 bytes,    6565640 total
- age   8:    1076568 bytes,    7642208 total
: 98802K->10455K(109248K), 0.0124780 secs] 231876K->144730K(502464K), 0.0126410 secs] [Times: user=0.05 sys=0.00, real=0.01 secs] 
Heap after GC invocations=456 (full 2):
 par new generation   total 109248K, used 10455K [0x00000000d5a00000, 0x00000000dda00000, 0x00000000dda00000)
  eden space 87424K,   0% used [0x00000000d5a00000, 0x00000000d5a00000, 0x00000000daf60000)
  from space 21824K,  47% used [0x00000000dc4b0000, 0x00000000dcee5e28, 0x00000000dda00000)
  to   space 21824K,   0% used [0x00000000daf60000, 0x00000000daf60000, 0x00000000dc4b0000)
 concurrent mark-sweep generation total 393216K, used 134275K [0x00000000dda00000, 0x00000000f5a00000, 0x00000000f5a00000)
 concurrent-mark-sweep perm gen total 58312K, used 35558K [0x00000000f5a00000, 0x00000000f92f2000, 0x0000000100000000)
}
2015-03-18T13:26:43.096-0400: 508105.272: Total time for which application threads were stopped: 0.0133090 seconds
{Heap before GC invocations=456 (full 2):
 par new generation   total 109248K, used 97870K [0x00000000d5a00000, 0x00000000dda00000, 0x00000000dda00000)
  eden space 87424K,  99% used [0x00000000d5a00000, 0x00000000daf5dac0, 0x00000000daf60000)
  from space 21824K,  47% used [0x00000000dc4b0000, 0x00000000dcee5e28, 0x00000000dda00000)
  to   space 21824K,   0% used [0x00000000daf60000, 0x00000000daf60000, 0x00000000dc4b0000)
 concurrent mark-sweep generation total 393216K, used 134275K [0x00000000dda00000, 0x00000000f5a00000, 0x00000000f5a00000)
 concurrent-mark-sweep perm gen total 58312K, used 35558K [0x00000000f5a00000, 0x00000000f92f2000, 0x0000000100000000)
2015-03-18T13:26:43.135-0400: 508105.310: [GC2015-03-18T13:26:43.135-0400: 508105.310: [ParNew
Desired survivor size 20112992 bytes, new threshold 8 (max 8)
- age   1:    1781432 bytes,    1781432 total
- age   2:     427328 bytes,    2208760 total
- age   3:    1131616 bytes,    3340376 total
- age   4:     538128 bytes,    3878504 total
- age   5:     590416 bytes,    4468920 total
- age   6:     388616 bytes,    4857536 total
- age   7:     854472 bytes,    5712008 total
- age   8:    1038944 bytes,    6750952 total
: 97870K->7920K(109248K), 0.0099980 secs] 232145K->143250K(502464K), 0.0101750 secs] [Times: user=0.04 sys=0.00, real=0.01 secs] 
Heap after GC invocations=457 (full 2):
 par new generation   total 109248K, used 7920K [0x00000000d5a00000, 0x00000000dda00000, 0x00000000dda00000)
  eden space 87424K,   0% used [0x00000000d5a00000, 0x00000000d5a00000, 0x00000000daf60000)
  from space 21824K,  36% used [0x00000000daf60000, 0x00000000db71c300, 0x00000000dc4b0000)
  to   space 21824K,   0% used [0x00000000dc4b0000, 0x00000000dc4b0000, 0x00000000dda00000)
 concurrent mark-sweep generation total 393216K, used 135329K [0x00000000dda00000, 0x00000000f5a00000, 0x00000000f5a00000)
 concurrent-mark-sweep perm gen total 58312K, used 35558K [0x00000000f5a00000, 0x00000000f92f2000, 0x0000000100000000)
}
2015-03-18T13:26:43.145-0400: 508105.320: Total time for which application threads were stopped: 0.0108150 seconds
{Heap before GC invocations=457 (full 2):
 par new generation   total 109248K, used 95339K [0x00000000d5a00000, 0x00000000dda00000, 0x00000000dda00000)
  eden space 87424K,  99% used [0x00000000d5a00000, 0x00000000daf5e910, 0x00000000daf60000)
  from space 21824K,  36% used [0x00000000daf60000, 0x00000000db71c300, 0x00000000dc4b0000)
  to   space 21824K,   0% used [0x00000000dc4b0000, 0x00000000dc4b0000, 0x00000000dda00000)
 concurrent mark-sweep generation total 393216K, used 135329K [0x00000000dda00000, 0x00000000f5a00000, 0x00000000f5a00000)
 concurrent-mark-sweep perm gen total 58312K, used 35558K [0x00000000f5a00000, 0x00000000f92f2000, 0x0000000100000000)
2015-03-18T13:26:43.182-0400: 508105.358: [GC2015-03-18T13:26:43.183-0400: 508105.358: [ParNew
Desired survivor size 20112992 bytes, new threshold 8 (max 8)
- age   1:    1370688 bytes,    1370688 total
- age   2:      68656 bytes,    1439344 total
- age   3:     427112 bytes,    1866456 total
- age   4:    1131464 bytes,    2997920 total
- age   5:     538128 bytes,    3536048 total
- age   6:     590416 bytes,    4126464 total
- age   7:     388616 bytes,    4515080 total
- age   8:     854472 bytes,    5369552 total
: 95339K->7418K(109248K), 0.0094920 secs] 230668K->143765K(502464K), 0.0096530 secs] [Times: user=0.04 sys=0.00, real=0.01 secs] 
Heap after GC invocations=458 (full 2):
 par new generation   total 109248K, used 7418K [0x00000000d5a00000, 0x00000000dda00000, 0x00000000dda00000)
  eden space 87424K,   0% used [0x00000000d5a00000, 0x00000000d5a00000, 0x00000000daf60000)
  from space 21824K,  33% used [0x00000000dc4b0000, 0x00000000dcbee948, 0x00000000dda00000)
  to   space 21824K,   0% used [0x00000000daf60000, 0x00000000daf60000, 0x00000000dc4b0000)
 concurrent mark-sweep generation total 393216K, used 136346K [0x00000000dda00000, 0x00000000f5a00000, 0x00000000f5a00000)
 concurrent-mark-sweep perm gen total 58312K, used 35558K [0x00000000f5a00000, 0x00000000f92f2000, 0x0000000100000000)
}
2015-03-18T13:26:43.192-0400: 508105.368: Total time for which application threads were stopped: 0.0102920 seconds
{Heap before GC invocations=458 (full 2):
 par new generation   total 109248K, used 94842K [0x00000000d5a00000, 0x00000000dda00000, 0x00000000dda00000)
  eden space 87424K, 100% used [0x00000000d5a00000, 0x00000000daf60000, 0x00000000daf60000)
  from space 21824K,  33% used [0x00000000dc4b0000, 0x00000000dcbee948, 0x00000000dda00000)
  to   space 21824K,   0% used [0x00000000daf60000, 0x00000000daf60000, 0x00000000dc4b0000)
 concurrent mark-sweep generation total 393216K, used 136346K [0x00000000dda00000, 0x00000000f5a00000, 0x00000000f5a00000)
 concurrent-mark-sweep perm gen total 58312K, used 35558K [0x00000000f5a00000, 0x00000000f92f2000, 0x0000000100000000)
2015-03-18T13:26:43.231-0400: 508105.407: [GC2015-03-18T13:26:43.231-0400: 508105.407: [ParNew
Desired survivor size 20112992 bytes, new threshold 8 (max 8)
- age   1:    1946960 bytes,    1946960 total
- age   2:      87264 bytes,    2034224 total
- age   3:      68504 bytes,    2102728 total
- age   4:     427112 bytes,    2529840 total
- age   5:    1131520 bytes,    3661360 total
- age   6:     538128 bytes,    4199488 total
- age   7:     590416 bytes,    4789904 total
- age   8:     388616 bytes,    5178520 total
: 94842K->6037K(109248K), 0.0088810 secs] 231189K->143226K(502464K), 0.0090610 secs] [Times: user=0.04 sys=0.00, real=0.01 secs] 
Heap after GC invocations=459 (full 2):
 par new generation   total 109248K, used 6037K [0x00000000d5a00000, 0x00000000dda00000, 0x00000000dda00000)
  eden space 87424K,   0% used [0x00000000d5a00000, 0x00000000d5a00000, 0x00000000daf60000)
  from space 21824K,  27% used [0x00000000daf60000, 0x00000000db545670, 0x00000000dc4b0000)
  to   space 21824K,   0% used [0x00000000dc4b0000, 0x00000000dc4b0000, 0x00000000dda00000)
 concurrent mark-sweep generation total 393216K, used 137188K [0x00000000dda00000, 0x00000000f5a00000, 0x00000000f5a00000)
 concurrent-mark-sweep perm gen total 58312K, used 35558K [0x00000000f5a00000, 0x00000000f92f2000, 0x0000000100000000)
}
2015-03-18T13:26:43.240-0400: 508105.416: Total time for which application threads were stopped: 0.0098850 seconds
{Heap before GC invocations=459 (full 2):
 par new generation   total 109248K, used 93461K [0x00000000d5a00000, 0x00000000dda00000, 0x00000000dda00000)
  eden space 87424K, 100% used [0x00000000d5a00000, 0x00000000daf60000, 0x00000000daf60000)
  from space 21824K,  27% used [0x00000000daf60000, 0x00000000db545670, 0x00000000dc4b0000)
  to   space 21824K,   0% used [0x00000000dc4b0000, 0x00000000dc4b0000, 0x00000000dda00000)
 concurrent mark-sweep generation total 393216K, used 137188K [0x00000000dda00000, 0x00000000f5a00000, 0x00000000f5a00000)
 concurrent-mark-sweep perm gen total 58312K, used 35558K [0x00000000f5a00000, 0x00000000f92f2000, 0x0000000100000000)
2015-03-18T13:26:43.276-0400: 508105.452: [GC2015-03-18T13:26:43.277-0400: 508105.452: [ParNew
Desired survivor size 20112992 bytes, new threshold 8 (max 8)
- age   1:    1461544 bytes,    1461544 total
- age   2:      77632 bytes,    1539176 total
- age   3:      86320 bytes,    1625496 total
- age   4:      68504 bytes,    1694000 total
- age   5:     427112 bytes,    2121112 total
- age   6:    1131032 bytes,    3252144 total
- age   7:     537912 bytes,    3790056 total
- age   8:     589600 bytes,    4379656 total
: 93461K->4655K(109248K), 0.0076320 secs] 230650K->142226K(502464K), 0.0077790 secs] [Times: user=0.03 sys=0.00, real=0.01 secs] 
Heap after GC invocations=460 (full 2):
 par new generation   total 109248K, used 4655K [0x00000000d5a00000, 0x00000000dda00000, 0x00000000dda00000)
  eden space 87424K,   0% used [0x00000000d5a00000, 0x00000000d5a00000, 0x00000000daf60000)
  from space 21824K,  21% used [0x00000000dc4b0000, 0x00000000dc93bd80, 0x00000000dda00000)
  to   space 21824K,   0% used [0x00000000daf60000, 0x00000000daf60000, 0x00000000dc4b0000)
 concurrent mark-sweep generation total 393216K, used 137571K [0x00000000dda00000, 0x00000000f5a00000, 0x00000000f5a00000)
 concurrent-mark-sweep perm gen total 58312K, used 35558K [0x00000000f5a00000, 0x00000000f92f2000, 0x0000000100000000)
}
2015-03-18T13:26:43.284-0400: 508105.460: Total time for which application threads were stopped: 0.0084400 seconds
{Heap before GC invocations=460 (full 2):
 par new generation   total 109248K, used 92079K [0x00000000d5a00000, 0x00000000dda00000, 0x00000000dda00000)
  eden space 87424K, 100% used [0x00000000d5a00000, 0x00000000daf60000, 0x00000000daf60000)
  from space 21824K,  21% used [0x00000000dc4b0000, 0x00000000dc93bd80, 0x00000000dda00000)
  to   space 21824K,   0% used [0x00000000daf60000, 0x00000000daf60000, 0x00000000dc4b0000)
 concurrent mark-sweep generation total 393216K, used 137571K [0x00000000dda00000, 0x00000000f5a00000, 0x00000000f5a00000)
 concurrent-mark-sweep perm gen total 58312K, used 35558K [0x00000000f5a00000, 0x00000000f92f2000, 0x0000000100000000)
2015-03-18T13:26:43.318-0400: 508105.494: [GC2015-03-18T13:26:43.318-0400: 508105.494: [ParNew
Desired survivor size 20112992 bytes, new threshold 8 (max 8)
- age   1:    2279016 bytes,    2279016 total
- age   2:      76576 bytes,    2355592 total
- age   3:      77584 bytes,    2433176 total
- age   4:      86224 bytes,    2519400 total
- age   5:      68432 bytes,    2587832 total
- age   6:     426952 bytes,    3014784 total
- age   7:    1130584 bytes,    4145368 total
- age   8:     537840 bytes,    4683208 total
: 92079K->7650K(109248K), 0.0079500 secs] 229650K->145800K(502464K), 0.0081210 secs] [Times: user=0.03 sys=0.00, real=0.01 secs] 
Heap after GC invocations=461 (full 2):
 par new generation   total 109248K, used 7650K [0x00000000d5a00000, 0x00000000dda00000, 0x00000000dda00000)
  eden space 87424K,   0% used [0x00000000d5a00000, 0x00000000d5a00000, 0x00000000daf60000)
  from space 21824K,  35% used [0x00000000daf60000, 0x00000000db6d8960, 0x00000000dc4b0000)
  to   space 21824K,   0% used [0x00000000dc4b0000, 0x00000000dc4b0000, 0x00000000dda00000)
 concurrent mark-sweep generation total 393216K, used 138150K [0x00000000dda00000, 0x00000000f5a00000, 0x00000000f5a00000)
 concurrent-mark-sweep perm gen total 58312K, used 35558K [0x00000000f5a00000, 0x00000000f92f2000, 0x0000000100000000)
}
2015-03-18T13:26:43.327-0400: 508105.502: Total time for which application threads were stopped: 0.0087900 seconds
{Heap before GC invocations=461 (full 2):
 par new generation   total 109248K, used 95074K [0x00000000d5a00000, 0x00000000dda00000, 0x00000000dda00000)
  eden space 87424K, 100% used [0x00000000d5a00000, 0x00000000daf60000, 0x00000000daf60000)
  from space 21824K,  35% used [0x00000000daf60000, 0x00000000db6d8960, 0x00000000dc4b0000)
  to   space 21824K,   0% used [0x00000000dc4b0000, 0x00000000dc4b0000, 0x00000000dda00000)
 concurrent mark-sweep generation total 393216K, used 138150K [0x00000000dda00000, 0x00000000f5a00000, 0x00000000f5a00000)
 concurrent-mark-sweep perm gen total 58312K, used 35558K [0x00000000f5a00000, 0x00000000f92f2000, 0x0000000100000000)
2015-03-18T13:26:43.359-0400: 508105.535: [GC2015-03-18T13:26:43.359-0400: 508105.535: [ParNew
Desired survivor size 20112992 bytes, new threshold 8 (max 8)
- age   1:    2787792 bytes,    2787792 total
- age   2:     211280 bytes,    2999072 total
- age   3:      76176 bytes,    3075248 total
- age   4:      77512 bytes,    3152760 total
- age   5:      85960 bytes,    3238720 total
- age   6:      68360 bytes,    3307080 total
- age   7:     426080 bytes,    3733160 total
- age   8:    1130240 bytes,    4863400 total
: 95074K->6149K(109248K), 0.0079790 secs] 233224K->144827K(502464K), 0.0081180 secs] [Times: user=0.03 sys=0.00, real=0.00 secs] 
Heap after GC invocations=462 (full 2):
 par new generation   total 109248K, used 6149K [0x00000000d5a00000, 0x00000000dda00000, 0x00000000dda00000)
  eden space 87424K,   0% used [0x00000000d5a00000, 0x00000000d5a00000, 0x00000000daf60000)
  from space 21824K,  28% used [0x00000000dc4b0000, 0x00000000dcab1718, 0x00000000dda00000)
  to   space 21824K,   0% used [0x00000000daf60000, 0x00000000daf60000, 0x00000000dc4b0000)
 concurrent mark-sweep generation total 393216K, used 138678K [0x00000000dda00000, 0x00000000f5a00000, 0x00000000f5a00000)
 concurrent-mark-sweep perm gen total 58312K, used 35558K [0x00000000f5a00000, 0x00000000f92f2000, 0x0000000100000000)
}
2015-03-18T13:26:43.368-0400: 508105.543: Total time for which application threads were stopped: 0.0087860 seconds
{Heap before GC invocations=462 (full 2):
 par new generation   total 109248K, used 93573K [0x00000000d5a00000, 0x00000000dda00000, 0x00000000dda00000)
  eden space 87424K, 100% used [0x00000000d5a00000, 0x00000000daf60000, 0x00000000daf60000)
  from space 21824K,  28% used [0x00000000dc4b0000, 0x00000000dcab1718, 0x00000000dda00000)
  to   space 21824K,   0% used [0x00000000daf60000, 0x00000000daf60000, 0x00000000dc4b0000)
 concurrent mark-sweep generation total 393216K, used 138678K [0x00000000dda00000, 0x00000000f5a00000, 0x00000000f5a00000)
 concurrent-mark-sweep perm gen total 58312K, used 35558K [0x00000000f5a00000, 0x00000000f92f2000, 0x0000000100000000)
2015-03-18T13:26:43.403-0400: 508105.578: [GC2015-03-18T13:26:43.403-0400: 508105.578: [ParNew
Desired survivor size 20112992 bytes, new threshold 8 (max 8)
- age   1:    1748032 bytes,    1748032 total
- age   2:     548152 bytes,    2296184 total
- age   3:     211280 bytes,    2507464 total
- age   4:      76176 bytes,    2583640 total
- age   5:      77512 bytes,    2661152 total
- age   6:      85960 bytes,    2747112 total
- age   7:      68360 bytes,    2815472 total
- age   8:     426120 bytes,    3241592 total
: 93573K->5151K(109248K), 0.0083540 secs] 232251K->144936K(502464K), 0.0085540 secs] [Times: user=0.03 sys=0.00, real=0.01 secs] 
Heap after GC invocations=463 (full 2):
 par new generation   total 109248K, used 5151K [0x00000000d5a00000, 0x00000000dda00000, 0x00000000dda00000)
  eden space 87424K,   0% used [0x00000000d5a00000, 0x00000000d5a00000, 0x00000000daf60000)
  from space 21824K,  23% used [0x00000000daf60000, 0x00000000db467dc8, 0x00000000dc4b0000)
  to   space 21824K,   0% used [0x00000000dc4b0000, 0x00000000dc4b0000, 0x00000000dda00000)
 concurrent mark-sweep generation total 393216K, used 139784K [0x00000000dda00000, 0x00000000f5a00000, 0x00000000f5a00000)
 concurrent-mark-sweep perm gen total 58312K, used 35558K [0x00000000f5a00000, 0x00000000f92f2000, 0x0000000100000000)
}
2015-03-18T13:26:43.411-0400: 508105.587: Total time for which application threads were stopped: 0.0093570 seconds
{Heap before GC invocations=463 (full 2):
 par new generation   total 109248K, used 92575K [0x00000000d5a00000, 0x00000000dda00000, 0x00000000dda00000)
  eden space 87424K, 100% used [0x00000000d5a00000, 0x00000000daf60000, 0x00000000daf60000)
  from space 21824K,  23% used [0x00000000daf60000, 0x00000000db467dc8, 0x00000000dc4b0000)
  to   space 21824K,   0% used [0x00000000dc4b0000, 0x00000000dc4b0000, 0x00000000dda00000)
 concurrent mark-sweep generation total 393216K, used 139784K [0x00000000dda00000, 0x00000000f5a00000, 0x00000000f5a00000)
 concurrent-mark-sweep perm gen total 58312K, used 35558K [0x00000000f5a00000, 0x00000000f92f2000, 0x0000000100000000)
2015-03-18T13:26:43.449-0400: 508105.624: [GC2015-03-18T13:26:43.449-0400: 508105.625: [ParNew
Desired survivor size 20112992 bytes, new threshold 8 (max 8)
- age   1:    2916616 bytes,    2916616 total
- age   2:     239256 bytes,    3155872 total
- age   3:     547536 bytes,    3703408 total
- age   4:     211280 bytes,    3914688 total
- age   5:      76176 bytes,    3990864 total
- age   6:      77296 bytes,    4068160 total
- age   7:      85960 bytes,    4154120 total
- age   8:      68088 bytes,    4222208 total
: 92575K->5009K(109248K), 0.0078510 secs] 232360K->145212K(502464K), 0.0080120 secs] [Times: user=0.03 sys=0.00, real=0.01 secs] 
Heap after GC invocations=464 (full 2):
 par new generation   total 109248K, used 5009K [0x00000000d5a00000, 0x00000000dda00000, 0x00000000dda00000)
  eden space 87424K,   0% used [0x00000000d5a00000, 0x00000000d5a00000, 0x00000000daf60000)
  from space 21824K,  22% used [0x00000000dc4b0000, 0x00000000dc994638, 0x00000000dda00000)
  to   space 21824K,   0% used [0x00000000daf60000, 0x00000000daf60000, 0x00000000dc4b0000)
 concurrent mark-sweep generation total 393216K, used 140202K [0x00000000dda00000, 0x00000000f5a00000, 0x00000000f5a00000)
 concurrent-mark-sweep perm gen total 58312K, used 35558K [0x00000000f5a00000, 0x00000000f92f2000, 0x0000000100000000)
}
2015-03-18T13:26:43.457-0400: 508105.633: Total time for which application threads were stopped: 0.0087250 seconds
{Heap before GC invocations=464 (full 2):
 par new generation   total 109248K, used 92433K [0x00000000d5a00000, 0x00000000dda00000, 0x00000000dda00000)
  eden space 87424K, 100% used [0x00000000d5a00000, 0x00000000daf60000, 0x00000000daf60000)
  from space 21824K,  22% used [0x00000000dc4b0000, 0x00000000dc994638, 0x00000000dda00000)
  to   space 21824K,   0% used [0x00000000daf60000, 0x00000000daf60000, 0x00000000dc4b0000)
 concurrent mark-sweep generation total 393216K, used 140202K [0x00000000dda00000, 0x00000000f5a00000, 0x00000000f5a00000)
 concurrent-mark-sweep perm gen total 58312K, used 35558K [0x00000000f5a00000, 0x00000000f92f2000, 0x0000000100000000)
2015-03-18T13:26:43.495-0400: 508105.670: [GC2015-03-18T13:26:43.495-0400: 508105.670: [ParNew
Desired survivor size 20112992 bytes, new threshold 8 (max 8)
- age   1:    2006880 bytes,    2006880 total
- age   2:    1139024 bytes,    3145904 total
- age   3:     239256 bytes,    3385160 total
- age   4:     547496 bytes,    3932656 total
- age   5:     211280 bytes,    4143936 total
- age   6:      76176 bytes,    4220112 total
- age   7:      77296 bytes,    4297408 total
- age   8:      85960 bytes,    4383368 total
: 92433K->6208K(109248K), 0.0075670 secs] 232636K->146479K(502464K), 0.0077250 secs] [Times: user=0.03 sys=0.00, real=0.01 secs] 
Heap after GC invocations=465 (full 2):
 par new generation   total 109248K, used 6208K [0x00000000d5a00000, 0x00000000dda00000, 0x00000000dda00000)
  eden space 87424K,   0% used [0x00000000d5a00000, 0x00000000d5a00000, 0x00000000daf60000)
  from space 21824K,  28% used [0x00000000daf60000, 0x00000000db5702e8, 0x00000000dc4b0000)
  to   space 21824K,   0% used [0x00000000dc4b0000, 0x00000000dc4b0000, 0x00000000dda00000)
 concurrent mark-sweep generation total 393216K, used 140271K [0x00000000dda00000, 0x00000000f5a00000, 0x00000000f5a00000)
 concurrent-mark-sweep perm gen total 58312K, used 35558K [0x00000000f5a00000, 0x00000000f92f2000, 0x0000000100000000)
}
2015-03-18T13:26:43.502-0400: 508105.678: Total time for which application threads were stopped: 0.0084320 seconds
{Heap before GC invocations=465 (full 2):
 par new generation   total 109248K, used 93632K [0x00000000d5a00000, 0x00000000dda00000, 0x00000000dda00000)
  eden space 87424K, 100% used [0x00000000d5a00000, 0x00000000daf60000, 0x00000000daf60000)
  from space 21824K,  28% used [0x00000000daf60000, 0x00000000db5702e8, 0x00000000dc4b0000)
  to   space 21824K,   0% used [0x00000000dc4b0000, 0x00000000dc4b0000, 0x00000000dda00000)
 concurrent mark-sweep generation total 393216K, used 140271K [0x00000000dda00000, 0x00000000f5a00000, 0x00000000f5a00000)
 concurrent-mark-sweep perm gen total 58312K, used 35558K [0x00000000f5a00000, 0x00000000f92f2000, 0x0000000100000000)
2015-03-18T13:26:43.535-0400: 508105.711: [GC2015-03-18T13:26:43.536-0400: 508105.711: [ParNew
Desired survivor size 20112992 bytes, new threshold 8 (max 8)
- age   1:    2422584 bytes,    2422584 total
- age   2:     652424 bytes,    3075008 total
- age   3:    1138760 bytes,    4213768 total
- age   4:     239040 bytes,    4452808 total
- age   5:     547304 bytes,    5000112 total
- age   6:     211064 bytes,    5211176 total
- age   7:      75024 bytes,    5286200 total
- age   8:      77104 bytes,    5363304 total
: 93632K->6853K(109248K), 0.0083580 secs] 233903K->147210K(502464K), 0.0085410 secs] [Times: user=0.03 sys=0.00, real=0.01 secs] 
Heap after GC invocations=466 (full 2):
 par new generation   total 109248K, used 6853K [0x00000000d5a00000, 0x00000000dda00000, 0x00000000dda00000)
  eden space 87424K,   0% used [0x00000000d5a00000, 0x00000000d5a00000, 0x00000000daf60000)
  from space 21824K,  31% used [0x00000000dc4b0000, 0x00000000dcb61668, 0x00000000dda00000)
  to   space 21824K,   0% used [0x00000000daf60000, 0x00000000daf60000, 0x00000000dc4b0000)
 concurrent mark-sweep generation total 393216K, used 140356K [0x00000000dda00000, 0x00000000f5a00000, 0x00000000f5a00000)
 concurrent-mark-sweep perm gen total 58312K, used 35558K [0x00000000f5a00000, 0x00000000f92f2000, 0x0000000100000000)
}
2015-03-18T13:26:43.544-0400: 508105.720: Total time for which application threads were stopped: 0.0092460 seconds
{Heap before GC invocations=466 (full 2):
 par new generation   total 109248K, used 94277K [0x00000000d5a00000, 0x00000000dda00000, 0x00000000dda00000)
  eden space 87424K, 100% used [0x00000000d5a00000, 0x00000000daf60000, 0x00000000daf60000)
  from space 21824K,  31% used [0x00000000dc4b0000, 0x00000000dcb61668, 0x00000000dda00000)
  to   space 21824K,   0% used [0x00000000daf60000, 0x00000000daf60000, 0x00000000dc4b0000)
 concurrent mark-sweep generation total 393216K, used 140356K [0x00000000dda00000, 0x00000000f5a00000, 0x00000000f5a00000)
 concurrent-mark-sweep perm gen total 58312K, used 35558K [0x00000000f5a00000, 0x00000000f92f2000, 0x0000000100000000)
2015-03-18T13:26:43.572-0400: 508105.748: [GC2015-03-18T13:26:43.572-0400: 508105.748: [ParNew
Desired survivor size 20112992 bytes, new threshold 8 (max 8)
- age   1:    1714584 bytes,    1714584 total
- age   2:     592208 bytes,    2306792 total
- age   3:     652272 bytes,    2959064 total
- age   4:    1138688 bytes,    4097752 total
- age   5:     238944 bytes,    4336696 total
- age   6:     546488 bytes,    4883184 total
- age   7:     211016 bytes,    5094200 total
- age   8:      74408 bytes,    5168608 total
: 94277K->6467K(109248K), 0.0086310 secs] 234634K->146901K(502464K), 0.0087750 secs] [Times: user=0.04 sys=0.00, real=0.01 secs] 
Heap after GC invocations=467 (full 2):
 par new generation   total 109248K, used 6467K [0x00000000d5a00000, 0x00000000dda00000, 0x00000000dda00000)
  eden space 87424K,   0% used [0x00000000d5a00000, 0x00000000d5a00000, 0x00000000daf60000)
  from space 21824K,  29% used [0x00000000daf60000, 0x00000000db5b0f90, 0x00000000dc4b0000)
  to   space 21824K,   0% used [0x00000000dc4b0000, 0x00000000dc4b0000, 0x00000000dda00000)
 concurrent mark-sweep generation total 393216K, used 140433K [0x00000000dda00000, 0x00000000f5a00000, 0x00000000f5a00000)
 concurrent-mark-sweep perm gen total 58312K, used 35558K [0x00000000f5a00000, 0x00000000f92f2000, 0x0000000100000000)
}
2015-03-18T13:26:43.581-0400: 508105.756: Total time for which application threads were stopped: 0.0094490 seconds
{Heap before GC invocations=467 (full 2):
 par new generation   total 109248K, used 93891K [0x00000000d5a00000, 0x00000000dda00000, 0x00000000dda00000)
  eden space 87424K, 100% used [0x00000000d5a00000, 0x00000000daf60000, 0x00000000daf60000)
  from space 21824K,  29% used [0x00000000daf60000, 0x00000000db5b0f90, 0x00000000dc4b0000)
  to   space 21824K,   0% used [0x00000000dc4b0000, 0x00000000dc4b0000, 0x00000000dda00000)
 concurrent mark-sweep generation total 393216K, used 140433K [0x00000000dda00000, 0x00000000f5a00000, 0x00000000f5a00000)
 concurrent-mark-sweep perm gen total 58312K, used 35558K [0x00000000f5a00000, 0x00000000f92f2000, 0x0000000100000000)
2015-03-18T13:26:43.612-0400: 508105.787: [GC2015-03-18T13:26:43.612-0400: 508105.788: [ParNew
Desired survivor size 20112992 bytes, new threshold 8 (max 8)
- age   1:    2567424 bytes,    2567424 total
- age   2:     717888 bytes,    3285312 total
- age   3:     592120 bytes,    3877432 total
- age   4:     652024 bytes,    4529456 total
- age   5:    1138616 bytes,    5668072 total
- age   6:     238824 bytes,    5906896 total
- age   7:     546104 bytes,    6453000 total
- age   8:     210944 bytes,    6663944 total
: 93891K->9972K(109248K), 0.0104140 secs] 234325K->150481K(502464K), 0.0105870 secs] [Times: user=0.05 sys=0.00, real=0.01 secs] 
Heap after GC invocations=468 (full 2):
 par new generation   total 109248K, used 9972K [0x00000000d5a00000, 0x00000000dda00000, 0x00000000dda00000)
  eden space 87424K,   0% used [0x00000000d5a00000, 0x00000000d5a00000, 0x00000000daf60000)
  from space 21824K,  45% used [0x00000000dc4b0000, 0x00000000dce6d3f0, 0x00000000dda00000)
  to   space 21824K,   0% used [0x00000000daf60000, 0x00000000daf60000, 0x00000000dc4b0000)
 concurrent mark-sweep generation total 393216K, used 140508K [0x00000000dda00000, 0x00000000f5a00000, 0x00000000f5a00000)
 concurrent-mark-sweep perm gen total 58312K, used 35558K [0x00000000f5a00000, 0x00000000f92f2000, 0x0000000100000000)
}
2015-03-18T13:26:43.623-0400: 508105.798: Total time for which application threads were stopped: 0.0113680 seconds
{Heap before GC invocations=468 (full 2):
 par new generation   total 109248K, used 97396K [0x00000000d5a00000, 0x00000000dda00000, 0x00000000dda00000)
  eden space 87424K, 100% used [0x00000000d5a00000, 0x00000000daf60000, 0x00000000daf60000)
  from space 21824K,  45% used [0x00000000dc4b0000, 0x00000000dce6d3f0, 0x00000000dda00000)
  to   space 21824K,   0% used [0x00000000daf60000, 0x00000000daf60000, 0x00000000dc4b0000)
 concurrent mark-sweep generation total 393216K, used 140508K [0x00000000dda00000, 0x00000000f5a00000, 0x00000000f5a00000)
 concurrent-mark-sweep perm gen total 58312K, used 35558K [0x00000000f5a00000, 0x00000000f92f2000, 0x0000000100000000)
2015-03-18T13:26:43.654-0400: 508105.830: [GC2015-03-18T13:26:43.654-0400: 508105.830: [ParNew
Desired survivor size 20112992 bytes, new threshold 8 (max 8)
- age   1:    1479312 bytes,    1479312 total
- age   2:    1804392 bytes,    3283704 total
- age   3:     717096 bytes,    4000800 total
- age   4:     592048 bytes,    4592848 total
- age   5:     651952 bytes,    5244800 total
- age   6:    1138208 bytes,    6383008 total
- age   7:     238752 bytes,    6621760 total
- age   8:     546008 bytes,    7167768 total
: 97396K->8205K(109248K), 0.0101850 secs] 237905K->148921K(502464K), 0.0103540 secs] [Times: user=0.03 sys=0.00, real=0.01 secs] 
Heap after GC invocations=469 (full 2):
 par new generation   total 109248K, used 8205K [0x00000000d5a00000, 0x00000000dda00000, 0x00000000dda00000)
  eden space 87424K,   0% used [0x00000000d5a00000, 0x00000000d5a00000, 0x00000000daf60000)
  from space 21824K,  37% used [0x00000000daf60000, 0x00000000db763460, 0x00000000dc4b0000)
  to   space 21824K,   0% used [0x00000000dc4b0000, 0x00000000dc4b0000, 0x00000000dda00000)
 concurrent mark-sweep generation total 393216K, used 140716K [0x00000000dda00000, 0x00000000f5a00000, 0x00000000f5a00000)
 concurrent-mark-sweep perm gen total 58312K, used 35558K [0x00000000f5a00000, 0x00000000f92f2000, 0x0000000100000000)
}
2015-03-18T13:26:43.665-0400: 508105.840: Total time for which application threads were stopped: 0.0110450 seconds
2015-03-18T13:26:43.680-0400: 508105.855: Total time for which application threads were stopped: 0.0006460 seconds
{Heap before GC invocations=469 (full 2):
 par new generation   total 109248K, used 95629K [0x00000000d5a00000, 0x00000000dda00000, 0x00000000dda00000)
  eden space 87424K, 100% used [0x00000000d5a00000, 0x00000000daf60000, 0x00000000daf60000)
  from space 21824K,  37% used [0x00000000daf60000, 0x00000000db763460, 0x00000000dc4b0000)
  to   space 21824K,   0% used [0x00000000dc4b0000, 0x00000000dc4b0000, 0x00000000dda00000)
 concurrent mark-sweep generation total 393216K, used 140716K [0x00000000dda00000, 0x00000000f5a00000, 0x00000000f5a00000)
 concurrent-mark-sweep perm gen total 58312K, used 35558K [0x00000000f5a00000, 0x00000000f92f2000, 0x0000000100000000)
2015-03-18T13:26:43.698-0400: 508105.874: [GC2015-03-18T13:26:43.698-0400: 508105.874: [ParNew
Desired survivor size 20112992 bytes, new threshold 8 (max 8)
- age   1:    2248256 bytes,    2248256 total
- age   2:     242192 bytes,    2490448 total
- age   3:    1803688 bytes,    4294136 total
- age   4:     717096 bytes,    5011232 total
- age   5:     592048 bytes,    5603280 total
- age   6:     651952 bytes,    6255232 total
- age   7:    1138136 bytes,    7393368 total
- age   8:     238752 bytes,    7632120 total
: 95629K->10383K(109248K), 0.0111190 secs] 236345K->151636K(502464K), 0.0112990 secs] [Times: user=0.04 sys=0.00, real=0.02 secs] 
Heap after GC invocations=470 (full 2):
 par new generation   total 109248K, used 10383K [0x00000000d5a00000, 0x00000000dda00000, 0x00000000dda00000)
  eden space 87424K,   0% used [0x00000000d5a00000, 0x00000000d5a00000, 0x00000000daf60000)
  from space 21824K,  47% used [0x00000000dc4b0000, 0x00000000dced3f28, 0x00000000dda00000)
  to   space 21824K,   0% used [0x00000000daf60000, 0x00000000daf60000, 0x00000000dc4b0000)
 concurrent mark-sweep generation total 393216K, used 141252K [0x00000000dda00000, 0x00000000f5a00000, 0x00000000f5a00000)
 concurrent-mark-sweep perm gen total 58312K, used 35558K [0x00000000f5a00000, 0x00000000f92f2000, 0x0000000100000000)
}
2015-03-18T13:26:43.710-0400: 508105.885: Total time for which application threads were stopped: 0.0120140 seconds
2015-03-18T13:26:43.711-0400: 508105.887: Total time for which application threads were stopped: 0.0005150 seconds
2015-03-18T13:26:43.714-0400: 508105.889: Total time for which application threads were stopped: 0.0004990 seconds
2015-03-18T13:26:43.716-0400: 508105.892: Total time for which application threads were stopped: 0.0006390 seconds
2015-03-18T13:26:43.716-0400: 508105.892: Total time for which application threads were stopped: 0.0003700 seconds
2015-03-18T13:26:43.722-0400: 508105.898: Total time for which application threads were stopped: 0.0004370 seconds
2015-03-18T13:26:43.725-0400: 508105.900: Total time for which application threads were stopped: 0.0017280 seconds
2015-03-18T13:26:43.730-0400: 508105.906: Total time for which application threads were stopped: 0.0005720 seconds
2015-03-18T13:26:43.733-0400: 508105.909: Total time for which application threads were stopped: 0.0005840 seconds
2015-03-18T13:26:43.734-0400: 508105.910: Total time for which application threads were stopped: 0.0004370 seconds
2015-03-18T13:26:43.738-0400: 508105.913: Total time for which application threads were stopped: 0.0004440 seconds
2015-03-18T13:26:43.748-0400: 508105.923: Total time for which application threads were stopped: 0.0005630 seconds
{Heap before GC invocations=470 (full 2):
 par new generation   total 109248K, used 97807K [0x00000000d5a00000, 0x00000000dda00000, 0x00000000dda00000)
  eden space 87424K, 100% used [0x00000000d5a00000, 0x00000000daf60000, 0x00000000daf60000)
  from space 21824K,  47% used [0x00000000dc4b0000, 0x00000000dced3f28, 0x00000000dda00000)
  to   space 21824K,   0% used [0x00000000daf60000, 0x00000000daf60000, 0x00000000dc4b0000)
 concurrent mark-sweep generation total 393216K, used 141252K [0x00000000dda00000, 0x00000000f5a00000, 0x00000000f5a00000)
 concurrent-mark-sweep perm gen total 58312K, used 35569K [0x00000000f5a00000, 0x00000000f92f2000, 0x0000000100000000)
2015-03-18T13:26:43.756-0400: 508105.932: [GC2015-03-18T13:26:43.756-0400: 508105.932: [ParNew
Desired survivor size 20112992 bytes, new threshold 8 (max 8)
- age   1:    2499880 bytes,    2499880 total
- age   2:    1021528 bytes,    3521408 total
- age   3:     242096 bytes,    3763504 total
- age   4:    1803592 bytes,    5567096 total
- age   5:     716688 bytes,    6283784 total
- age   6:     592000 bytes,    6875784 total
- age   7:     651880 bytes,    7527664 total
- age   8:    1133096 bytes,    8660760 total
: 97807K->11765K(109248K), 0.0112350 secs] 239060K->153256K(502464K), 0.0114150 secs] [Times: user=0.04 sys=0.00, real=0.01 secs] 
Heap after GC invocations=471 (full 2):
 par new generation   total 109248K, used 11765K [0x00000000d5a00000, 0x00000000dda00000, 0x00000000dda00000)
  eden space 87424K,   0% used [0x00000000d5a00000, 0x00000000d5a00000, 0x00000000daf60000)
  from space 21824K,  53% used [0x00000000daf60000, 0x00000000dbadd5c8, 0x00000000dc4b0000)
  to   space 21824K,   0% used [0x00000000dc4b0000, 0x00000000dc4b0000, 0x00000000dda00000)
 concurrent mark-sweep generation total 393216K, used 141491K [0x00000000dda00000, 0x00000000f5a00000, 0x00000000f5a00000)
 concurrent-mark-sweep perm gen total 58312K, used 35569K [0x00000000f5a00000, 0x00000000f92f2000, 0x0000000100000000)
}
2015-03-18T13:26:43.768-0400: 508105.943: Total time for which application threads were stopped: 0.0120620 seconds
2015-03-18T13:26:43.775-0400: 508105.951: Total time for which application threads were stopped: 0.0006600 seconds
2015-03-18T13:26:43.784-0400: 508105.960: Total time for which application threads were stopped: 0.0007180 seconds
{Heap before GC invocations=471 (full 2):
 par new generation   total 109248K, used 99189K [0x00000000d5a00000, 0x00000000dda00000, 0x00000000dda00000)
  eden space 87424K, 100% used [0x00000000d5a00000, 0x00000000daf60000, 0x00000000daf60000)
  from space 21824K,  53% used [0x00000000daf60000, 0x00000000dbadd5c8, 0x00000000dc4b0000)
  to   space 21824K,   0% used [0x00000000dc4b0000, 0x00000000dc4b0000, 0x00000000dda00000)
 concurrent mark-sweep generation total 393216K, used 141491K [0x00000000dda00000, 0x00000000f5a00000, 0x00000000f5a00000)
 concurrent-mark-sweep perm gen total 58312K, used 35573K [0x00000000f5a00000, 0x00000000f92f2000, 0x0000000100000000)
2015-03-18T13:26:43.805-0400: 508105.980: [GC2015-03-18T13:26:43.805-0400: 508105.980: [ParNew
Desired survivor size 20112992 bytes, new threshold 8 (max 8)
- age   1:    2395112 bytes,    2395112 total
- age   2:    1031432 bytes,    3426544 total
- age   3:    1020896 bytes,    4447440 total
- age   4:     242024 bytes,    4689464 total
- age   5:    1803456 bytes,    6492920 total
- age   6:     716304 bytes,    7209224 total
- age   7:     591952 bytes,    7801176 total
- age   8:     651864 bytes,    8453040 total
: 99189K->9542K(109248K), 0.0125590 secs] 240680K->152140K(502464K), 0.0127770 secs] [Times: user=0.06 sys=0.00, real=0.01 secs] 
Heap after GC invocations=472 (full 2):
 par new generation   total 109248K, used 9542K [0x00000000d5a00000, 0x00000000dda00000, 0x00000000dda00000)
  eden space 87424K,   0% used [0x00000000d5a00000, 0x00000000d5a00000, 0x00000000daf60000)
  from space 21824K,  43% used [0x00000000dc4b0000, 0x00000000dce01b40, 0x00000000dda00000)
  to   space 21824K,   0% used [0x00000000daf60000, 0x00000000daf60000, 0x00000000dc4b0000)
 concurrent mark-sweep generation total 393216K, used 142597K [0x00000000dda00000, 0x00000000f5a00000, 0x00000000f5a00000)
 concurrent-mark-sweep perm gen total 58312K, used 35573K [0x00000000f5a00000, 0x00000000f92f2000, 0x0000000100000000)
}
2015-03-18T13:26:43.818-0400: 508105.993: Total time for which application threads were stopped: 0.0135240 seconds
{Heap before GC invocations=472 (full 2):
 par new generation   total 109248K, used 96966K [0x00000000d5a00000, 0x00000000dda00000, 0x00000000dda00000)
  eden space 87424K, 100% used [0x00000000d5a00000, 0x00000000daf60000, 0x00000000daf60000)
  from space 21824K,  43% used [0x00000000dc4b0000, 0x00000000dce01b40, 0x00000000dda00000)
  to   space 21824K,   0% used [0x00000000daf60000, 0x00000000daf60000, 0x00000000dc4b0000)
 concurrent mark-sweep generation total 393216K, used 142597K [0x00000000dda00000, 0x00000000f5a00000, 0x00000000f5a00000)
 concurrent-mark-sweep perm gen total 58312K, used 35574K [0x00000000f5a00000, 0x00000000f92f2000, 0x0000000100000000)
2015-03-18T13:26:43.855-0400: 508106.031: [GC2015-03-18T13:26:43.855-0400: 508106.031: [ParNew
Desired survivor size 20112992 bytes, new threshold 8 (max 8)
- age   1:    2097088 bytes,    2097088 total
- age   2:    1317576 bytes,    3414664 total
- age   3:    1031080 bytes,    4445744 total
- age   4:    1020896 bytes,    5466640 total
- age   5:     241984 bytes,    5708624 total
- age   6:    1803496 bytes,    7512120 total
- age   7:     716304 bytes,    8228424 total
- age   8:     591952 bytes,    8820376 total
: 96966K->14502K(109248K), 0.0123850 secs] 239564K->157738K(502464K), 0.0125920 secs] [Times: user=0.07 sys=0.00, real=0.01 secs] 
Heap after GC invocations=473 (full 2):
 par new generation   total 109248K, used 14502K [0x00000000d5a00000, 0x00000000dda00000, 0x00000000dda00000)
  eden space 87424K,   0% used [0x00000000d5a00000, 0x00000000d5a00000, 0x00000000daf60000)
  from space 21824K,  66% used [0x00000000daf60000, 0x00000000dbd89bc0, 0x00000000dc4b0000)
  to   space 21824K,   0% used [0x00000000dc4b0000, 0x00000000dc4b0000, 0x00000000dda00000)
 concurrent mark-sweep generation total 393216K, used 143235K [0x00000000dda00000, 0x00000000f5a00000, 0x00000000f5a00000)
 concurrent-mark-sweep perm gen total 58312K, used 35574K [0x00000000f5a00000, 0x00000000f92f2000, 0x0000000100000000)
}
2015-03-18T13:26:43.868-0400: 508106.043: Total time for which application threads were stopped: 0.0133000 seconds
{Heap before GC invocations=473 (full 2):
 par new generation   total 109248K, used 101920K [0x00000000d5a00000, 0x00000000dda00000, 0x00000000dda00000)
  eden space 87424K,  99% used [0x00000000d5a00000, 0x00000000daf5e7a0, 0x00000000daf60000)
  from space 21824K,  66% used [0x00000000daf60000, 0x00000000dbd89bc0, 0x00000000dc4b0000)
  to   space 21824K,   0% used [0x00000000dc4b0000, 0x00000000dc4b0000, 0x00000000dda00000)
 concurrent mark-sweep generation total 393216K, used 143235K [0x00000000dda00000, 0x00000000f5a00000, 0x00000000f5a00000)
 concurrent-mark-sweep perm gen total 58312K, used 35576K [0x00000000f5a00000, 0x00000000f92f2000, 0x0000000100000000)
2015-03-18T13:26:43.904-0400: 508106.080: [GC2015-03-18T13:26:43.904-0400: 508106.080: [ParNew
Desired survivor size 20112992 bytes, new threshold 8 (max 8)
- age   1:    2378896 bytes,    2378896 total
- age   2:    1017336 bytes,    3396232 total
- age   3:    1317312 bytes,    4713544 total
- age   4:    1031080 bytes,    5744624 total
- age   5:    1020464 bytes,    6765088 total
- age   6:     241712 bytes,    7006800 total
- age   7:    1803184 bytes,    8809984 total
- age   8:     716304 bytes,    9526288 total
: 101920K->11898K(109248K), 0.0128420 secs] 245156K->155716K(502464K), 0.0130290 secs] [Times: user=0.08 sys=0.00, real=0.01 secs] 
Heap after GC invocations=474 (full 2):
 par new generation   total 109248K, used 11898K [0x00000000d5a00000, 0x00000000dda00000, 0x00000000dda00000)
  eden space 87424K,   0% used [0x00000000d5a00000, 0x00000000d5a00000, 0x00000000daf60000)
  from space 21824K,  54% used [0x00000000dc4b0000, 0x00000000dd04eb60, 0x00000000dda00000)
  to   space 21824K,   0% used [0x00000000daf60000, 0x00000000daf60000, 0x00000000dc4b0000)
 concurrent mark-sweep generation total 393216K, used 143817K [0x00000000dda00000, 0x00000000f5a00000, 0x00000000f5a00000)
 concurrent-mark-sweep perm gen total 58312K, used 35576K [0x00000000f5a00000, 0x00000000f92f2000, 0x0000000100000000)
}
2015-03-18T13:26:43.918-0400: 508106.093: Total time for which application threads were stopped: 0.0137810 seconds
2015-03-18T13:26:43.919-0400: 508106.094: Total time for which application threads were stopped: 0.0007010 seconds
2015-03-18T13:26:43.920-0400: 508106.095: Total time for which application threads were stopped: 0.0004560 seconds
2015-03-18T13:26:43.920-0400: 508106.096: Total time for which application threads were stopped: 0.0004140 seconds
2015-03-18T13:26:43.921-0400: 508106.096: Total time for which application threads were stopped: 0.0005090 seconds
2015-03-18T13:26:43.921-0400: 508106.097: Total time for which application threads were stopped: 0.0005110 seconds
2015-03-18T13:26:43.922-0400: 508106.098: Total time for which application threads were stopped: 0.0004860 seconds
2015-03-18T13:26:43.923-0400: 508106.098: Total time for which application threads were stopped: 0.0005060 seconds
2015-03-18T13:26:43.923-0400: 508106.099: Total time for which application threads were stopped: 0.0004150 seconds
2015-03-18T13:26:43.924-0400: 508106.100: Total time for which application threads were stopped: 0.0004200 seconds
2015-03-18T13:26:43.926-0400: 508106.102: Total time for which application threads were stopped: 0.0005160 seconds
2015-03-18T13:26:43.928-0400: 508106.103: Total time for which application threads were stopped: 0.0005980 seconds
2015-03-18T13:26:43.929-0400: 508106.104: Total time for which application threads were stopped: 0.0004380 seconds
2015-03-18T13:26:43.929-0400: 508106.105: Total time for which application threads were stopped: 0.0004020 seconds
2015-03-18T13:26:43.930-0400: 508106.106: Total time for which application threads were stopped: 0.0004830 seconds
2015-03-18T13:26:43.931-0400: 508106.107: Total time for which application threads were stopped: 0.0004550 seconds
2015-03-18T13:26:43.932-0400: 508106.107: Total time for which application threads were stopped: 0.0004630 seconds
2015-03-18T13:26:43.957-0400: 508106.133: Total time for which application threads were stopped: 0.0007730 seconds
2015-03-18T13:26:43.958-0400: 508106.133: Total time for which application threads were stopped: 0.0004420 seconds
2015-03-18T13:26:43.958-0400: 508106.134: Total time for which application threads were stopped: 0.0004460 seconds
2015-03-18T13:26:43.961-0400: 508106.137: Total time for which application threads were stopped: 0.0004850 seconds
2015-03-18T13:26:43.963-0400: 508106.139: Total time for which application threads were stopped: 0.0004970 seconds
2015-03-18T13:26:43.964-0400: 508106.140: Total time for which application threads were stopped: 0.0004290 seconds
{Heap before GC invocations=474 (full 2):
 par new generation   total 109248K, used 99322K [0x00000000d5a00000, 0x00000000dda00000, 0x00000000dda00000)
  eden space 87424K, 100% used [0x00000000d5a00000, 0x00000000daf60000, 0x00000000daf60000)
  from space 21824K,  54% used [0x00000000dc4b0000, 0x00000000dd04eb60, 0x00000000dda00000)
  to   space 21824K,   0% used [0x00000000daf60000, 0x00000000daf60000, 0x00000000dc4b0000)
 concurrent mark-sweep generation total 393216K, used 143817K [0x00000000dda00000, 0x00000000f5a00000, 0x00000000f5a00000)
 concurrent-mark-sweep perm gen total 58312K, used 35581K [0x00000000f5a00000, 0x00000000f92f2000, 0x0000000100000000)
2015-03-18T13:26:43.967-0400: 508106.143: [GC2015-03-18T13:26:43.968-0400: 508106.143: [ParNew
Desired survivor size 20112992 bytes, new threshold 8 (max 8)
- age   1:    2462560 bytes,    2462560 total
- age   2:    1321504 bytes,    3784064 total
- age   3:    1017144 bytes,    4801208 total
- age   4:    1316448 bytes,    6117656 total
- age   5:    1031080 bytes,    7148736 total
- age   6:    1020464 bytes,    8169200 total
- age   7:     241712 bytes,    8410912 total
- age   8:    1803184 bytes,   10214096 total
: 99322K->15937K(109248K), 0.0137110 secs] 243140K->160457K(502464K), 0.0139010 secs] [Times: user=0.05 sys=0.00, real=0.02 secs] 
Heap after GC invocations=475 (full 2):
 par new generation   total 109248K, used 15937K [0x00000000d5a00000, 0x00000000dda00000, 0x00000000dda00000)
  eden space 87424K,   0% used [0x00000000d5a00000, 0x00000000d5a00000, 0x00000000daf60000)
  from space 21824K,  73% used [0x00000000daf60000, 0x00000000dbef0580, 0x00000000dc4b0000)
  to   space 21824K,   0% used [0x00000000dc4b0000, 0x00000000dc4b0000, 0x00000000dda00000)
 concurrent mark-sweep generation total 393216K, used 144519K [0x00000000dda00000, 0x00000000f5a00000, 0x00000000f5a00000)
 concurrent-mark-sweep perm gen total 58312K, used 35581K [0x00000000f5a00000, 0x00000000f92f2000, 0x0000000100000000)
}
2015-03-18T13:26:43.981-0400: 508106.157: Total time for which application threads were stopped: 0.0144610 seconds
2015-03-18T13:26:44.013-0400: 508106.188: Total time for which application threads were stopped: 0.0012960 seconds
{Heap before GC invocations=475 (full 2):
 par new generation   total 109248K, used 103361K [0x00000000d5a00000, 0x00000000dda00000, 0x00000000dda00000)
  eden space 87424K, 100% used [0x00000000d5a00000, 0x00000000daf60000, 0x00000000daf60000)
  from space 21824K,  73% used [0x00000000daf60000, 0x00000000dbef0580, 0x00000000dc4b0000)
  to   space 21824K,   0% used [0x00000000dc4b0000, 0x00000000dc4b0000, 0x00000000dda00000)
 concurrent mark-sweep generation total 393216K, used 144519K [0x00000000dda00000, 0x00000000f5a00000, 0x00000000f5a00000)
 concurrent-mark-sweep perm gen total 58312K, used 35582K [0x00000000f5a00000, 0x00000000f92f2000, 0x0000000100000000)
2015-03-18T13:26:44.025-0400: 508106.201: [GC2015-03-18T13:26:44.026-0400: 508106.201: [ParNew
Desired survivor size 20112992 bytes, new threshold 8 (max 8)
- age   1:    2920008 bytes,    2920008 total
- age   2:     923120 bytes,    3843128 total
- age   3:    1321088 bytes,    5164216 total
- age   4:    1017144 bytes,    6181360 total
- age   5:    1316528 bytes,    7497888 total
- age   6:    1031008 bytes,    8528896 total
- age   7:    1020464 bytes,    9549360 total
- age   8:     241712 bytes,    9791072 total
: 103361K->11214K(109248K), 0.0144850 secs] 247881K->157498K(502464K), 0.0146760 secs] [Times: user=0.06 sys=0.00, real=0.02 secs] 
Heap after GC invocations=476 (full 2):
 par new generation   total 109248K, used 11214K [0x00000000d5a00000, 0x00000000dda00000, 0x00000000dda00000)
  eden space 87424K,   0% used [0x00000000d5a00000, 0x00000000d5a00000, 0x00000000daf60000)
  from space 21824K,  51% used [0x00000000dc4b0000, 0x00000000dcfa3a70, 0x00000000dda00000)
  to   space 21824K,   0% used [0x00000000daf60000, 0x00000000daf60000, 0x00000000dc4b0000)
 concurrent mark-sweep generation total 393216K, used 146283K [0x00000000dda00000, 0x00000000f5a00000, 0x00000000f5a00000)
 concurrent-mark-sweep perm gen total 58312K, used 35582K [0x00000000f5a00000, 0x00000000f92f2000, 0x0000000100000000)
}
2015-03-18T13:26:44.040-0400: 508106.216: Total time for which application threads were stopped: 0.0154460 seconds
2015-03-18T13:26:44.060-0400: 508106.236: Total time for which application threads were stopped: 0.0006310 seconds
2015-03-18T13:26:44.070-0400: 508106.246: Total time for which application threads were stopped: 0.0006510 seconds
2015-03-18T13:26:44.073-0400: 508106.249: Total time for which application threads were stopped: 0.0005440 seconds
{Heap before GC invocations=476 (full 2):
 par new generation   total 109248K, used 98638K [0x00000000d5a00000, 0x00000000dda00000, 0x00000000dda00000)
  eden space 87424K, 100% used [0x00000000d5a00000, 0x00000000daf60000, 0x00000000daf60000)
  from space 21824K,  51% used [0x00000000dc4b0000, 0x00000000dcfa3a70, 0x00000000dda00000)
  to   space 21824K,   0% used [0x00000000daf60000, 0x00000000daf60000, 0x00000000dc4b0000)
 concurrent mark-sweep generation total 393216K, used 146283K [0x00000000dda00000, 0x00000000f5a00000, 0x00000000f5a00000)
 concurrent-mark-sweep perm gen total 58312K, used 35583K [0x00000000f5a00000, 0x00000000f92f2000, 0x0000000100000000)
2015-03-18T13:26:44.084-0400: 508106.259: [GC2015-03-18T13:26:44.084-0400: 508106.260: [ParNew
Desired survivor size 20112992 bytes, new threshold 8 (max 8)
- age   1:    1669056 bytes,    1669056 total
- age   2:     984688 bytes,    2653744 total
- age   3:     806280 bytes,    3460024 total
- age   4:    1321088 bytes,    4781112 total
- age   5:    1017144 bytes,    5798256 total
- age   6:    1315872 bytes,    7114128 total
- age   7:    1031008 bytes,    8145136 total
- age   8:    1020464 bytes,    9165600 total
: 98638K->12438K(109248K), 0.0118270 secs] 244922K->158966K(502464K), 0.0120170 secs] [Times: user=0.06 sys=0.00, real=0.01 secs] 
Heap after GC invocations=477 (full 2):
 par new generation   total 109248K, used 12438K [0x00000000d5a00000, 0x00000000dda00000, 0x00000000dda00000)
  eden space 87424K,   0% used [0x00000000d5a00000, 0x00000000d5a00000, 0x00000000daf60000)
  from space 21824K,  56% used [0x00000000daf60000, 0x00000000dbb85bc0, 0x00000000dc4b0000)
  to   space 21824K,   0% used [0x00000000dc4b0000, 0x00000000dc4b0000, 0x00000000dda00000)
 concurrent mark-sweep generation total 393216K, used 146527K [0x00000000dda00000, 0x00000000f5a00000, 0x00000000f5a00000)
 concurrent-mark-sweep perm gen total 58312K, used 35583K [0x00000000f5a00000, 0x00000000f92f2000, 0x0000000100000000)
}
2015-03-18T13:26:44.096-0400: 508106.272: Total time for which application threads were stopped: 0.0127350 seconds
{Heap before GC invocations=477 (full 2):
 par new generation   total 109248K, used 99862K [0x00000000d5a00000, 0x00000000dda00000, 0x00000000dda00000)
  eden space 87424K, 100% used [0x00000000d5a00000, 0x00000000daf60000, 0x00000000daf60000)
  from space 21824K,  56% used [0x00000000daf60000, 0x00000000dbb85bc0, 0x00000000dc4b0000)
  to   space 21824K,   0% used [0x00000000dc4b0000, 0x00000000dc4b0000, 0x00000000dda00000)
 concurrent mark-sweep generation total 393216K, used 146527K [0x00000000dda00000, 0x00000000f5a00000, 0x00000000f5a00000)
 concurrent-mark-sweep perm gen total 58312K, used 35583K [0x00000000f5a00000, 0x00000000f92f2000, 0x0000000100000000)
2015-03-18T13:26:44.139-0400: 508106.315: [GC2015-03-18T13:26:44.139-0400: 508106.315: [ParNew
Desired survivor size 20112992 bytes, new threshold 8 (max 8)
- age   1:    1476016 bytes,    1476016 total
- age   2:     190736 bytes,    1666752 total
- age   3:     979072 bytes,    2645824 total
- age   4:     805088 bytes,    3450912 total
- age   5:    1321088 bytes,    4772000 total
- age   6:    1016928 bytes,    5788928 total
- age   7:    1315600 bytes,    7104528 total
- age   8:    1031008 bytes,    8135536 total
: 99862K->10859K(109248K), 0.0121520 secs] 246390K->158385K(502464K), 0.0123380 secs] [Times: user=0.05 sys=0.00, real=0.02 secs] 
Heap after GC invocations=478 (full 2):
 par new generation   total 109248K, used 10859K [0x00000000d5a00000, 0x00000000dda00000, 0x00000000dda00000)
  eden space 87424K,   0% used [0x00000000d5a00000, 0x00000000d5a00000, 0x00000000daf60000)
  from space 21824K,  49% used [0x00000000dc4b0000, 0x00000000dcf4ad80, 0x00000000dda00000)
  to   space 21824K,   0% used [0x00000000daf60000, 0x00000000daf60000, 0x00000000dc4b0000)
 concurrent mark-sweep generation total 393216K, used 147526K [0x00000000dda00000, 0x00000000f5a00000, 0x00000000f5a00000)
 concurrent-mark-sweep perm gen total 58312K, used 35583K [0x00000000f5a00000, 0x00000000f92f2000, 0x0000000100000000)
}
2015-03-18T13:26:44.151-0400: 508106.327: Total time for which application threads were stopped: 0.0130790 seconds
{Heap before GC invocations=478 (full 2):
 par new generation   total 109248K, used 98283K [0x00000000d5a00000, 0x00000000dda00000, 0x00000000dda00000)
  eden space 87424K, 100% used [0x00000000d5a00000, 0x00000000daf60000, 0x00000000daf60000)
  from space 21824K,  49% used [0x00000000dc4b0000, 0x00000000dcf4ad80, 0x00000000dda00000)
  to   space 21824K,   0% used [0x00000000daf60000, 0x00000000daf60000, 0x00000000dc4b0000)
 concurrent mark-sweep generation total 393216K, used 147526K [0x00000000dda00000, 0x00000000f5a00000, 0x00000000f5a00000)
 concurrent-mark-sweep perm gen total 58312K, used 35583K [0x00000000f5a00000, 0x00000000f92f2000, 0x0000000100000000)
2015-03-18T13:26:44.191-0400: 508106.367: [GC2015-03-18T13:26:44.191-0400: 508106.367: [ParNew
Desired survivor size 20112992 bytes, new threshold 8 (max 8)
- age   1:    1806128 bytes,    1806128 total
- age   2:      64456 bytes,    1870584 total
- age   3:     103936 bytes,    1974520 total
- age   4:     932616 bytes,    2907136 total
- age   5:     774200 bytes,    3681336 total
- age   6:    1321088 bytes,    5002424 total
- age   7:    1016712 bytes,    6019136 total
- age   8:    1315328 bytes,    7334464 total
: 98283K->8673K(109248K), 0.0113360 secs] 245809K->157218K(502464K), 0.0115170 secs] [Times: user=0.05 sys=0.00, real=0.01 secs] 
Heap after GC invocations=479 (full 2):
 par new generation   total 109248K, used 8673K [0x00000000d5a00000, 0x00000000dda00000, 0x00000000dda00000)
  eden space 87424K,   0% used [0x00000000d5a00000, 0x00000000d5a00000, 0x00000000daf60000)
  from space 21824K,  39% used [0x00000000daf60000, 0x00000000db7d8600, 0x00000000dc4b0000)
  to   space 21824K,   0% used [0x00000000dc4b0000, 0x00000000dc4b0000, 0x00000000dda00000)
 concurrent mark-sweep generation total 393216K, used 148545K [0x00000000dda00000, 0x00000000f5a00000, 0x00000000f5a00000)
 concurrent-mark-sweep perm gen total 58312K, used 35583K [0x00000000f5a00000, 0x00000000f92f2000, 0x0000000100000000)
}
2015-03-18T13:26:44.203-0400: 508106.378: Total time for which application threads were stopped: 0.0122830 seconds
{Heap before GC invocations=479 (full 2):
 par new generation   total 109248K, used 96097K [0x00000000d5a00000, 0x00000000dda00000, 0x00000000dda00000)
  eden space 87424K, 100% used [0x00000000d5a00000, 0x00000000daf60000, 0x00000000daf60000)
  from space 21824K,  39% used [0x00000000daf60000, 0x00000000db7d8600, 0x00000000dc4b0000)
  to   space 21824K,   0% used [0x00000000dc4b0000, 0x00000000dc4b0000, 0x00000000dda00000)
 concurrent mark-sweep generation total 393216K, used 148545K [0x00000000dda00000, 0x00000000f5a00000, 0x00000000f5a00000)
 concurrent-mark-sweep perm gen total 58312K, used 35583K [0x00000000f5a00000, 0x00000000f92f2000, 0x0000000100000000)
2015-03-18T13:26:44.240-0400: 508106.416: [GC2015-03-18T13:26:44.240-0400: 508106.416: [ParNew
Desired survivor size 20112992 bytes, new threshold 8 (max 8)
- age   1:    1687352 bytes,    1687352 total
- age   2:      71688 bytes,    1759040 total
- age   3:      63440 bytes,    1822480 total
- age   4:     103792 bytes,    1926272 total
- age   5:     932448 bytes,    2858720 total
- age   6:     774080 bytes,    3632800 total
- age   7:    1320320 bytes,    4953120 total
- age   8:    1016544 bytes,    5969664 total
: 96097K->9684K(109248K), 0.0128870 secs] 244642K->159522K(502464K), 0.0130990 secs] [Times: user=0.07 sys=0.00, real=0.01 secs] 
Heap after GC invocations=480 (full 2):
 par new generation   total 109248K, used 9684K [0x00000000d5a00000, 0x00000000dda00000, 0x00000000dda00000)
  eden space 87424K,   0% used [0x00000000d5a00000, 0x00000000d5a00000, 0x00000000daf60000)
  from space 21824K,  44% used [0x00000000dc4b0000, 0x00000000dce250f0, 0x00000000dda00000)
  to   space 21824K,   0% used [0x00000000daf60000, 0x00000000daf60000, 0x00000000dc4b0000)
 concurrent mark-sweep generation total 393216K, used 149838K [0x00000000dda00000, 0x00000000f5a00000, 0x00000000f5a00000)
 concurrent-mark-sweep perm gen total 58312K, used 35583K [0x00000000f5a00000, 0x00000000f92f2000, 0x0000000100000000)
}
2015-03-18T13:26:44.253-0400: 508106.429: Total time for which application threads were stopped: 0.0139840 seconds
{Heap before GC invocations=480 (full 2):
 par new generation   total 109248K, used 97103K [0x00000000d5a00000, 0x00000000dda00000, 0x00000000dda00000)
  eden space 87424K,  99% used [0x00000000d5a00000, 0x00000000daf5ede8, 0x00000000daf60000)
  from space 21824K,  44% used [0x00000000dc4b0000, 0x00000000dce250f0, 0x00000000dda00000)
  to   space 21824K,   0% used [0x00000000daf60000, 0x00000000daf60000, 0x00000000dc4b0000)
 concurrent mark-sweep generation total 393216K, used 149838K [0x00000000dda00000, 0x00000000f5a00000, 0x00000000f5a00000)
 concurrent-mark-sweep perm gen total 58312K, used 35583K [0x00000000f5a00000, 0x00000000f92f2000, 0x0000000100000000)
2015-03-18T13:26:44.288-0400: 508106.463: [GC2015-03-18T13:26:44.288-0400: 508106.463: [ParNew
Desired survivor size 20112992 bytes, new threshold 8 (max 8)
- age   1:    2070848 bytes,    2070848 total
- age   2:     194096 bytes,    2264944 total
- age   3:      71608 bytes,    2336552 total
- age   4:      63144 bytes,    2399696 total
- age   5:     103792 bytes,    2503488 total
- age   6:     932304 bytes,    3435792 total
- age   7:     773832 bytes,    4209624 total
- age   8:    1320048 bytes,    5529672 total
: 97103K->6910K(109248K), 0.0100600 secs] 246942K->157745K(502464K), 0.0102240 secs] [Times: user=0.04 sys=0.00, real=0.01 secs] 
Heap after GC invocations=481 (full 2):
 par new generation   total 109248K, used 6910K [0x00000000d5a00000, 0x00000000dda00000, 0x00000000dda00000)
  eden space 87424K,   0% used [0x00000000d5a00000, 0x00000000d5a00000, 0x00000000daf60000)
  from space 21824K,  31% used [0x00000000daf60000, 0x00000000db61faf0, 0x00000000dc4b0000)
  to   space 21824K,   0% used [0x00000000dc4b0000, 0x00000000dc4b0000, 0x00000000dda00000)
 concurrent mark-sweep generation total 393216K, used 150834K [0x00000000dda00000, 0x00000000f5a00000, 0x00000000f5a00000)
 concurrent-mark-sweep perm gen total 58312K, used 35583K [0x00000000f5a00000, 0x00000000f92f2000, 0x0000000100000000)
}
2015-03-18T13:26:44.298-0400: 508106.474: Total time for which application threads were stopped: 0.0109500 seconds
{Heap before GC invocations=481 (full 2):
 par new generation   total 109248K, used 94325K [0x00000000d5a00000, 0x00000000dda00000, 0x00000000dda00000)
  eden space 87424K,  99% used [0x00000000d5a00000, 0x00000000daf5dcf8, 0x00000000daf60000)
  from space 21824K,  31% used [0x00000000daf60000, 0x00000000db61faf0, 0x00000000dc4b0000)
  to   space 21824K,   0% used [0x00000000dc4b0000, 0x00000000dc4b0000, 0x00000000dda00000)
 concurrent mark-sweep generation total 393216K, used 150834K [0x00000000dda00000, 0x00000000f5a00000, 0x00000000f5a00000)
 concurrent-mark-sweep perm gen total 58312K, used 35583K [0x00000000f5a00000, 0x00000000f92f2000, 0x0000000100000000)
2015-03-18T13:26:44.331-0400: 508106.507: [GC2015-03-18T13:26:44.331-0400: 508106.507: [ParNew
Desired survivor size 20112992 bytes, new threshold 8 (max 8)
- age   1:    1872512 bytes,    1872512 total
- age   2:     604488 bytes,    2477000 total
- age   3:     192136 bytes,    2669136 total
- age   4:      71608 bytes,    2740744 total
- age   5:      63208 bytes,    2803952 total
- age   6:     103792 bytes,    2907744 total
- age   7:     932304 bytes,    3840048 total
- age   8:     773832 bytes,    4613880 total
: 94325K->7226K(109248K), 0.0100640 secs] 245160K->159358K(502464K), 0.0102420 secs] [Times: user=0.05 sys=0.00, real=0.01 secs] 
Heap after GC invocations=482 (full 2):
 par new generation   total 109248K, used 7226K [0x00000000d5a00000, 0x00000000dda00000, 0x00000000dda00000)
  eden space 87424K,   0% used [0x00000000d5a00000, 0x00000000d5a00000, 0x00000000daf60000)
  from space 21824K,  33% used [0x00000000dc4b0000, 0x00000000dcbbeba0, 0x00000000dda00000)
  to   space 21824K,   0% used [0x00000000daf60000, 0x00000000daf60000, 0x00000000dc4b0000)
 concurrent mark-sweep generation total 393216K, used 152131K [0x00000000dda00000, 0x00000000f5a00000, 0x00000000f5a00000)
 concurrent-mark-sweep perm gen total 58312K, used 35583K [0x00000000f5a00000, 0x00000000f92f2000, 0x0000000100000000)
}
2015-03-18T13:26:44.342-0400: 508106.517: Total time for which application threads were stopped: 0.0113210 seconds
{Heap before GC invocations=482 (full 2):
 par new generation   total 109248K, used 94650K [0x00000000d5a00000, 0x00000000dda00000, 0x00000000dda00000)
  eden space 87424K, 100% used [0x00000000d5a00000, 0x00000000daf60000, 0x00000000daf60000)
  from space 21824K,  33% used [0x00000000dc4b0000, 0x00000000dcbbeba0, 0x00000000dda00000)
  to   space 21824K,   0% used [0x00000000daf60000, 0x00000000daf60000, 0x00000000dc4b0000)
 concurrent mark-sweep generation total 393216K, used 152131K [0x00000000dda00000, 0x00000000f5a00000, 0x00000000f5a00000)
 concurrent-mark-sweep perm gen total 58312K, used 35583K [0x00000000f5a00000, 0x00000000f92f2000, 0x0000000100000000)
2015-03-18T13:26:44.376-0400: 508106.551: [GC2015-03-18T13:26:44.376-0400: 508106.551: [ParNew
Desired survivor size 20112992 bytes, new threshold 8 (max 8)
- age   1:    2089392 bytes,    2089392 total
- age   2:     650056 bytes,    2739448 total
- age   3:     604488 bytes,    3343936 total
- age   4:     192136 bytes,    3536072 total
- age   5:      71608 bytes,    3607680 total
- age   6:      63144 bytes,    3670824 total
- age   7:     103576 bytes,    3774400 total
- age   8:     932152 bytes,    4706552 total
: 94650K->5827K(109248K), 0.0088310 secs] 246782K->158722K(502464K), 0.0090060 secs] [Times: user=0.04 sys=0.00, real=0.01 secs] 
Heap after GC invocations=483 (full 2):
 par new generation   total 109248K, used 5827K [0x00000000d5a00000, 0x00000000dda00000, 0x00000000dda00000)
  eden space 87424K,   0% used [0x00000000d5a00000, 0x00000000d5a00000, 0x00000000daf60000)
  from space 21824K,  26% used [0x00000000daf60000, 0x00000000db510d10, 0x00000000dc4b0000)
  to   space 21824K,   0% used [0x00000000dc4b0000, 0x00000000dc4b0000, 0x00000000dda00000)
 concurrent mark-sweep generation total 393216K, used 152895K [0x00000000dda00000, 0x00000000f5a00000, 0x00000000f5a00000)
 concurrent-mark-sweep perm gen total 58312K, used 35583K [0x00000000f5a00000, 0x00000000f92f2000, 0x0000000100000000)
}
2015-03-18T13:26:44.385-0400: 508106.560: Total time for which application threads were stopped: 0.0098820 seconds
{Heap before GC invocations=483 (full 2):
 par new generation   total 109248K, used 93251K [0x00000000d5a00000, 0x00000000dda00000, 0x00000000dda00000)
  eden space 87424K, 100% used [0x00000000d5a00000, 0x00000000daf60000, 0x00000000daf60000)
  from space 21824K,  26% used [0x00000000daf60000, 0x00000000db510d10, 0x00000000dc4b0000)
  to   space 21824K,   0% used [0x00000000dc4b0000, 0x00000000dc4b0000, 0x00000000dda00000)
 concurrent mark-sweep generation total 393216K, used 152895K [0x00000000dda00000, 0x00000000f5a00000, 0x00000000f5a00000)
 concurrent-mark-sweep perm gen total 58312K, used 35583K [0x00000000f5a00000, 0x00000000f92f2000, 0x0000000100000000)
2015-03-18T13:26:44.416-0400: 508106.591: [GC2015-03-18T13:26:44.416-0400: 508106.591: [ParNew
Desired survivor size 20112992 bytes, new threshold 8 (max 8)
- age   1:     975688 bytes,     975688 total
- age   2:     286192 bytes,    1261880 total
- age   3:     483696 bytes,    1745576 total
- age   4:     604344 bytes,    2349920 total
- age   5:     191992 bytes,    2541912 total
- age   6:      71152 bytes,    2613064 total
- age   7:      62688 bytes,    2675752 total
- age   8:     103456 bytes,    2779208 total
: 93251K->4029K(109248K), 0.0077660 secs] 246146K->157839K(502464K), 0.0079400 secs] [Times: user=0.03 sys=0.00, real=0.01 secs] 
Heap after GC invocations=484 (full 2):
 par new generation   total 109248K, used 4029K [0x00000000d5a00000, 0x00000000dda00000, 0x00000000dda00000)
  eden space 87424K,   0% used [0x00000000d5a00000, 0x00000000d5a00000, 0x00000000daf60000)
  from space 21824K,  18% used [0x00000000dc4b0000, 0x00000000dc89f760, 0x00000000dda00000)
  to   space 21824K,   0% used [0x00000000daf60000, 0x00000000daf60000, 0x00000000dc4b0000)
 concurrent mark-sweep generation total 393216K, used 153809K [0x00000000dda00000, 0x00000000f5a00000, 0x00000000f5a00000)
 concurrent-mark-sweep perm gen total 58312K, used 35583K [0x00000000f5a00000, 0x00000000f92f2000, 0x0000000100000000)
}
2015-03-18T13:26:44.424-0400: 508106.599: Total time for which application threads were stopped: 0.0089090 seconds
{Heap before GC invocations=484 (full 2):
 par new generation   total 109248K, used 91422K [0x00000000d5a00000, 0x00000000dda00000, 0x00000000dda00000)
  eden space 87424K,  99% used [0x00000000d5a00000, 0x00000000daf580b0, 0x00000000daf60000)
  from space 21824K,  18% used [0x00000000dc4b0000, 0x00000000dc89f760, 0x00000000dda00000)
  to   space 21824K,   0% used [0x00000000daf60000, 0x00000000daf60000, 0x00000000dc4b0000)
 concurrent mark-sweep generation total 393216K, used 153809K [0x00000000dda00000, 0x00000000f5a00000, 0x00000000f5a00000)
 concurrent-mark-sweep perm gen total 58312K, used 35583K [0x00000000f5a00000, 0x00000000f92f2000, 0x0000000100000000)
2015-03-18T13:26:44.453-0400: 508106.629: [GC2015-03-18T13:26:44.453-0400: 508106.629: [ParNew
Desired survivor size 20112992 bytes, new threshold 8 (max 8)
- age   1:    3855824 bytes,    3855824 total
- age   2:     209832 bytes,    4065656 total
- age   3:     154400 bytes,    4220056 total
- age   4:     483464 bytes,    4703520 total
- age   5:     604128 bytes,    5307648 total
- age   6:     191776 bytes,    5499424 total
- age   7:      70880 bytes,    5570304 total
- age   8:      62416 bytes,    5632720 total
: 91422K->6582K(109248K), 0.0079850 secs] 245231K->160496K(502464K), 0.0081370 secs] [Times: user=0.03 sys=0.00, real=0.01 secs] 
Heap after GC invocations=485 (full 2):
 par new generation   total 109248K, used 6582K [0x00000000d5a00000, 0x00000000dda00000, 0x00000000dda00000)
  eden space 87424K,   0% used [0x00000000d5a00000, 0x00000000d5a00000, 0x00000000daf60000)
  from space 21824K,  30% used [0x00000000daf60000, 0x00000000db5cd840, 0x00000000dc4b0000)
  to   space 21824K,   0% used [0x00000000dc4b0000, 0x00000000dc4b0000, 0x00000000dda00000)
 concurrent mark-sweep generation total 393216K, used 153914K [0x00000000dda00000, 0x00000000f5a00000, 0x00000000f5a00000)
 concurrent-mark-sweep perm gen total 58312K, used 35583K [0x00000000f5a00000, 0x00000000f92f2000, 0x0000000100000000)
}
2015-03-18T13:26:44.461-0400: 508106.637: Total time for which application threads were stopped: 0.0088230 seconds
{Heap before GC invocations=485 (full 2):
 par new generation   total 109248K, used 94006K [0x00000000d5a00000, 0x00000000dda00000, 0x00000000dda00000)
  eden space 87424K, 100% used [0x00000000d5a00000, 0x00000000daf60000, 0x00000000daf60000)
  from space 21824K,  30% used [0x00000000daf60000, 0x00000000db5cd840, 0x00000000dc4b0000)
  to   space 21824K,   0% used [0x00000000dc4b0000, 0x00000000dc4b0000, 0x00000000dda00000)
 concurrent mark-sweep generation total 393216K, used 153914K [0x00000000dda00000, 0x00000000f5a00000, 0x00000000f5a00000)
 concurrent-mark-sweep perm gen total 58312K, used 35583K [0x00000000f5a00000, 0x00000000f92f2000, 0x0000000100000000)
2015-03-18T13:26:44.492-0400: 508106.667: [GC2015-03-18T13:26:44.492-0400: 508106.667: [ParNew
Desired survivor size 20112992 bytes, new threshold 8 (max 8)
- age   1:    1602504 bytes,    1602504 total
- age   2:    1914736 bytes,    3517240 total
- age   3:     208688 bytes,    3725928 total
- age   4:     154400 bytes,    3880328 total
- age   5:     483032 bytes,    4363360 total
- age   6:     603856 bytes,    4967216 total
- age   7:     191504 bytes,    5158720 total
- age   8:      70880 bytes,    5229600 total
: 94006K->8105K(109248K), 0.0078430 secs] 247920K->162082K(502464K), 0.0079990 secs] [Times: user=0.03 sys=0.00, real=0.01 secs] 
Heap after GC invocations=486 (full 2):
 par new generation   total 109248K, used 8105K [0x00000000d5a00000, 0x00000000dda00000, 0x00000000dda00000)
  eden space 87424K,   0% used [0x00000000d5a00000, 0x00000000d5a00000, 0x00000000daf60000)
  from space 21824K,  37% used [0x00000000dc4b0000, 0x00000000dcc9a720, 0x00000000dda00000)
  to   space 21824K,   0% used [0x00000000daf60000, 0x00000000daf60000, 0x00000000dc4b0000)
 concurrent mark-sweep generation total 393216K, used 153977K [0x00000000dda00000, 0x00000000f5a00000, 0x00000000f5a00000)
 concurrent-mark-sweep perm gen total 58312K, used 35583K [0x00000000f5a00000, 0x00000000f92f2000, 0x0000000100000000)
}
2015-03-18T13:26:44.500-0400: 508106.675: Total time for which application threads were stopped: 0.0086320 seconds
{Heap before GC invocations=486 (full 2):
 par new generation   total 109248K, used 95529K [0x00000000d5a00000, 0x00000000dda00000, 0x00000000dda00000)
  eden space 87424K, 100% used [0x00000000d5a00000, 0x00000000daf60000, 0x00000000daf60000)
  from space 21824K,  37% used [0x00000000dc4b0000, 0x00000000dcc9a720, 0x00000000dda00000)
  to   space 21824K,   0% used [0x00000000daf60000, 0x00000000daf60000, 0x00000000dc4b0000)
 concurrent mark-sweep generation total 393216K, used 153977K [0x00000000dda00000, 0x00000000f5a00000, 0x00000000f5a00000)
 concurrent-mark-sweep perm gen total 58312K, used 35583K [0x00000000f5a00000, 0x00000000f92f2000, 0x0000000100000000)
2015-03-18T13:26:44.530-0400: 508106.706: [GC2015-03-18T13:26:44.530-0400: 508106.706: [ParNew
Desired survivor size 20112992 bytes, new threshold 8 (max 8)
- age   1:    1337816 bytes,    1337816 total
- age   2:     545000 bytes,    1882816 total
- age   3:    1914072 bytes,    3796888 total
- age   4:     208064 bytes,    4004952 total
- age   5:     154304 bytes,    4159256 total
- age   6:     482960 bytes,    4642216 total
- age   7:     603472 bytes,    5245688 total
- age   8:     191408 bytes,    5437096 total
: 95529K->6695K(109248K), 0.0080610 secs] 249506K->160743K(502464K), 0.0082050 secs] [Times: user=0.03 sys=0.00, real=0.00 secs] 
Heap after GC invocations=487 (full 2):
 par new generation   total 109248K, used 6695K [0x00000000d5a00000, 0x00000000dda00000, 0x00000000dda00000)
  eden space 87424K,   0% used [0x00000000d5a00000, 0x00000000d5a00000, 0x00000000daf60000)
  from space 21824K,  30% used [0x00000000daf60000, 0x00000000db5e9de8, 0x00000000dc4b0000)
  to   space 21824K,   0% used [0x00000000dc4b0000, 0x00000000dc4b0000, 0x00000000dda00000)
 concurrent mark-sweep generation total 393216K, used 154048K [0x00000000dda00000, 0x00000000f5a00000, 0x00000000f5a00000)
 concurrent-mark-sweep perm gen total 58312K, used 35583K [0x00000000f5a00000, 0x00000000f92f2000, 0x0000000100000000)
}
2015-03-18T13:26:44.538-0400: 508106.714: Total time for which application threads were stopped: 0.0088160 seconds
{Heap before GC invocations=487 (full 2):
 par new generation   total 109248K, used 94119K [0x00000000d5a00000, 0x00000000dda00000, 0x00000000dda00000)
  eden space 87424K, 100% used [0x00000000d5a00000, 0x00000000daf60000, 0x00000000daf60000)
  from space 21824K,  30% used [0x00000000daf60000, 0x00000000db5e9de8, 0x00000000dc4b0000)
  to   space 21824K,   0% used [0x00000000dc4b0000, 0x00000000dc4b0000, 0x00000000dda00000)
 concurrent mark-sweep generation total 393216K, used 154048K [0x00000000dda00000, 0x00000000f5a00000, 0x00000000f5a00000)
 concurrent-mark-sweep perm gen total 58312K, used 35583K [0x00000000f5a00000, 0x00000000f92f2000, 0x0000000100000000)
2015-03-18T13:26:44.569-0400: 508106.744: [GC2015-03-18T13:26:44.569-0400: 508106.745: [ParNew
Desired survivor size 20112992 bytes, new threshold 8 (max 8)
- age   1:    1058872 bytes,    1058872 total
- age   2:     482632 bytes,    1541504 total
- age   3:     544928 bytes,    2086432 total
- age   4:    1913976 bytes,    4000408 total
- age   5:     207968 bytes,    4208376 total
- age   6:     153896 bytes,    4362272 total
- age   7:     482912 bytes,    4845184 total
- age   8:     603400 bytes,    5448584 total
: 94119K->9181K(109248K), 0.0081490 secs] 248167K->163419K(502464K), 0.0083150 secs] [Times: user=0.03 sys=0.00, real=0.01 secs] 
Heap after GC invocations=488 (full 2):
 par new generation   total 109248K, used 9181K [0x00000000d5a00000, 0x00000000dda00000, 0x00000000dda00000)
  eden space 87424K,   0% used [0x00000000d5a00000, 0x00000000d5a00000, 0x00000000daf60000)
  from space 21824K,  42% used [0x00000000dc4b0000, 0x00000000dcda7780, 0x00000000dda00000)
  to   space 21824K,   0% used [0x00000000daf60000, 0x00000000daf60000, 0x00000000dc4b0000)
 concurrent mark-sweep generation total 393216K, used 154237K [0x00000000dda00000, 0x00000000f5a00000, 0x00000000f5a00000)
 concurrent-mark-sweep perm gen total 58312K, used 35583K [0x00000000f5a00000, 0x00000000f92f2000, 0x0000000100000000)
}
2015-03-18T13:26:44.577-0400: 508106.753: Total time for which application threads were stopped: 0.0090590 seconds
{Heap before GC invocations=488 (full 2):
 par new generation   total 109248K, used 96605K [0x00000000d5a00000, 0x00000000dda00000, 0x00000000dda00000)
  eden space 87424K, 100% used [0x00000000d5a00000, 0x00000000daf60000, 0x00000000daf60000)
  from space 21824K,  42% used [0x00000000dc4b0000, 0x00000000dcda7780, 0x00000000dda00000)
  to   space 21824K,   0% used [0x00000000daf60000, 0x00000000daf60000, 0x00000000dc4b0000)
 concurrent mark-sweep generation total 393216K, used 154237K [0x00000000dda00000, 0x00000000f5a00000, 0x00000000f5a00000)
 concurrent-mark-sweep perm gen total 58312K, used 35583K [0x00000000f5a00000, 0x00000000f92f2000, 0x0000000100000000)
2015-03-18T13:26:44.608-0400: 508106.784: [GC2015-03-18T13:26:44.609-0400: 508106.784: [ParNew
Desired survivor size 20112992 bytes, new threshold 8 (max 8)
- age   1:    1145464 bytes,    1145464 total
- age   2:     120240 bytes,    1265704 total
- age   3:     349624 bytes,    1615328 total
- age   4:     543696 bytes,    2159024 total
- age   5:    1913528 bytes,    4072552 total
- age   6:     207872 bytes,    4280424 total
- age   7:     153800 bytes,    4434224 total
- age   8:     482840 bytes,    4917064 total
: 96605K->6194K(109248K), 0.0084090 secs] 250843K->161023K(502464K), 0.0085510 secs] [Times: user=0.03 sys=0.00, real=0.01 secs] 
Heap after GC invocations=489 (full 2):
 par new generation   total 109248K, used 6194K [0x00000000d5a00000, 0x00000000dda00000, 0x00000000dda00000)
  eden space 87424K,   0% used [0x00000000d5a00000, 0x00000000d5a00000, 0x00000000daf60000)
  from space 21824K,  28% used [0x00000000daf60000, 0x00000000db56cb60, 0x00000000dc4b0000)
  to   space 21824K,   0% used [0x00000000dc4b0000, 0x00000000dc4b0000, 0x00000000dda00000)
 concurrent mark-sweep generation total 393216K, used 154829K [0x00000000dda00000, 0x00000000f5a00000, 0x00000000f5a00000)
 concurrent-mark-sweep perm gen total 58312K, used 35583K [0x00000000f5a00000, 0x00000000f92f2000, 0x0000000100000000)
}
2015-03-18T13:26:44.617-0400: 508106.793: Total time for which application threads were stopped: 0.0092440 seconds
{Heap before GC invocations=489 (full 2):
 par new generation   total 109248K, used 93618K [0x00000000d5a00000, 0x00000000dda00000, 0x00000000dda00000)
  eden space 87424K, 100% used [0x00000000d5a00000, 0x00000000daf60000, 0x00000000daf60000)
  from space 21824K,  28% used [0x00000000daf60000, 0x00000000db56cb60, 0x00000000dc4b0000)
  to   space 21824K,   0% used [0x00000000dc4b0000, 0x00000000dc4b0000, 0x00000000dda00000)
 concurrent mark-sweep generation total 393216K, used 154829K [0x00000000dda00000, 0x00000000f5a00000, 0x00000000f5a00000)
 concurrent-mark-sweep perm gen total 58312K, used 35583K [0x00000000f5a00000, 0x00000000f92f2000, 0x0000000100000000)
2015-03-18T13:26:44.646-0400: 508106.821: [GC2015-03-18T13:26:44.646-0400: 508106.822: [ParNew
Desired survivor size 20112992 bytes, new threshold 8 (max 8)
- age   1:    2981040 bytes,    2981040 total
- age   2:     119904 bytes,    3100944 total
- age   3:     119896 bytes,    3220840 total
- age   4:     217376 bytes,    3438216 total
- age   5:     543128 bytes,    3981344 total
- age   6:    1912896 bytes,    5894240 total
- age   7:     207656 bytes,    6101896 total
- age   8:     153608 bytes,    6255504 total
: 93618K->8441K(109248K), 0.0095640 secs] 248447K->163753K(502464K), 0.0097230 secs] [Times: user=0.03 sys=0.00, real=0.01 secs] 
Heap after GC invocations=490 (full 2):
 par new generation   total 109248K, used 8441K [0x00000000d5a00000, 0x00000000dda00000, 0x00000000dda00000)
  eden space 87424K,   0% used [0x00000000d5a00000, 0x00000000d5a00000, 0x00000000daf60000)
  from space 21824K,  38% used [0x00000000dc4b0000, 0x00000000dccee700, 0x00000000dda00000)
  to   space 21824K,   0% used [0x00000000daf60000, 0x00000000daf60000, 0x00000000dc4b0000)
 concurrent mark-sweep generation total 393216K, used 155312K [0x00000000dda00000, 0x00000000f5a00000, 0x00000000f5a00000)
 concurrent-mark-sweep perm gen total 58312K, used 35583K [0x00000000f5a00000, 0x00000000f92f2000, 0x0000000100000000)
}
2015-03-18T13:26:44.656-0400: 508106.831: Total time for which application threads were stopped: 0.0104390 seconds
{Heap before GC invocations=490 (full 2):
 par new generation   total 109248K, used 95865K [0x00000000d5a00000, 0x00000000dda00000, 0x00000000dda00000)
  eden space 87424K, 100% used [0x00000000d5a00000, 0x00000000daf60000, 0x00000000daf60000)
  from space 21824K,  38% used [0x00000000dc4b0000, 0x00000000dccee700, 0x00000000dda00000)
  to   space 21824K,   0% used [0x00000000daf60000, 0x00000000daf60000, 0x00000000dc4b0000)
 concurrent mark-sweep generation total 393216K, used 155312K [0x00000000dda00000, 0x00000000f5a00000, 0x00000000f5a00000)
 concurrent-mark-sweep perm gen total 58312K, used 35583K [0x00000000f5a00000, 0x00000000f92f2000, 0x0000000100000000)
2015-03-18T13:26:44.684-0400: 508106.859: [GC2015-03-18T13:26:44.684-0400: 508106.859: [ParNew
Desired survivor size 20112992 bytes, new threshold 8 (max 8)
- age   1:    1932704 bytes,    1932704 total
- age   2:    1866824 bytes,    3799528 total
- age   3:     118048 bytes,    3917576 total
- age   4:     119800 bytes,    4037376 total
- age   5:     217280 bytes,    4254656 total
- age   6:     542744 bytes,    4797400 total
- age   7:    1912800 bytes,    6710200 total
- age   8:     207536 bytes,    6917736 total
: 95865K->8365K(109248K), 0.0093860 secs] 251177K->163829K(502464K), 0.0095500 secs] [Times: user=0.03 sys=0.00, real=0.01 secs] 
Heap after GC invocations=491 (full 2):
 par new generation   total 109248K, used 8365K [0x00000000d5a00000, 0x00000000dda00000, 0x00000000dda00000)
  eden space 87424K,   0% used [0x00000000d5a00000, 0x00000000d5a00000, 0x00000000daf60000)
  from space 21824K,  38% used [0x00000000daf60000, 0x00000000db78b4a0, 0x00000000dc4b0000)
  to   space 21824K,   0% used [0x00000000dc4b0000, 0x00000000dc4b0000, 0x00000000dda00000)
 concurrent mark-sweep generation total 393216K, used 155463K [0x00000000dda00000, 0x00000000f5a00000, 0x00000000f5a00000)
 concurrent-mark-sweep perm gen total 58312K, used 35583K [0x00000000f5a00000, 0x00000000f92f2000, 0x0000000100000000)
}
2015-03-18T13:26:44.693-0400: 508106.869: Total time for which application threads were stopped: 0.0102450 seconds
{Heap before GC invocations=491 (full 2):
 par new generation   total 109248K, used 95789K [0x00000000d5a00000, 0x00000000dda00000, 0x00000000dda00000)
  eden space 87424K, 100% used [0x00000000d5a00000, 0x00000000daf60000, 0x00000000daf60000)
  from space 21824K,  38% used [0x00000000daf60000, 0x00000000db78b4a0, 0x00000000dc4b0000)
  to   space 21824K,   0% used [0x00000000dc4b0000, 0x00000000dc4b0000, 0x00000000dda00000)
 concurrent mark-sweep generation total 393216K, used 155463K [0x00000000dda00000, 0x00000000f5a00000, 0x00000000f5a00000)
 concurrent-mark-sweep perm gen total 58312K, used 35583K [0x00000000f5a00000, 0x00000000f92f2000, 0x0000000100000000)
2015-03-18T13:26:44.726-0400: 508106.902: [GC2015-03-18T13:26:44.726-0400: 508106.902: [ParNew
Desired survivor size 20112992 bytes, new threshold 8 (max 8)
- age   1:    3501776 bytes,    3501776 total
- age   2:    1222200 bytes,    4723976 total
- age   3:    1866040 bytes,    6590016 total
- age   4:     118008 bytes,    6708024 total
- age   5:     119800 bytes,    6827824 total
- age   6:     217240 bytes,    7045064 total
- age   7:     542744 bytes,    7587808 total
- age   8:    1912800 bytes,    9500608 total
: 95789K->11806K(109248K), 0.0114350 secs] 251253K->167476K(502464K), 0.0116010 secs] [Times: user=0.05 sys=0.00, real=0.01 secs] 
Heap after GC invocations=492 (full 2):
 par new generation   total 109248K, used 11806K [0x00000000d5a00000, 0x00000000dda00000, 0x00000000dda00000)
  eden space 87424K,   0% used [0x00000000d5a00000, 0x00000000d5a00000, 0x00000000daf60000)
  from space 21824K,  54% used [0x00000000dc4b0000, 0x00000000dd037a00, 0x00000000dda00000)
  to   space 21824K,   0% used [0x00000000daf60000, 0x00000000daf60000, 0x00000000dc4b0000)
 concurrent mark-sweep generation total 393216K, used 155669K [0x00000000dda00000, 0x00000000f5a00000, 0x00000000f5a00000)
 concurrent-mark-sweep perm gen total 58312K, used 35583K [0x00000000f5a00000, 0x00000000f92f2000, 0x0000000100000000)
}
2015-03-18T13:26:44.738-0400: 508106.913: Total time for which application threads were stopped: 0.0122400 seconds
{Heap before GC invocations=492 (full 2):
 par new generation   total 109248K, used 99230K [0x00000000d5a00000, 0x00000000dda00000, 0x00000000dda00000)
  eden space 87424K, 100% used [0x00000000d5a00000, 0x00000000daf60000, 0x00000000daf60000)
  from space 21824K,  54% used [0x00000000dc4b0000, 0x00000000dd037a00, 0x00000000dda00000)
  to   space 21824K,   0% used [0x00000000daf60000, 0x00000000daf60000, 0x00000000dc4b0000)
 concurrent mark-sweep generation total 393216K, used 155669K [0x00000000dda00000, 0x00000000f5a00000, 0x00000000f5a00000)
 concurrent-mark-sweep perm gen total 58312K, used 35584K [0x00000000f5a00000, 0x00000000f92f2000, 0x0000000100000000)
2015-03-18T13:26:44.776-0400: 508106.952: [GC2015-03-18T13:26:44.776-0400: 508106.952: [ParNew
Desired survivor size 20112992 bytes, new threshold 8 (max 8)
- age   1:    2084912 bytes,    2084912 total
- age   2:    2204248 bytes,    4289160 total
- age   3:    1220464 bytes,    5509624 total
- age   4:    1865824 bytes,    7375448 total
- age   5:     117736 bytes,    7493184 total
- age   6:     119800 bytes,    7612984 total
- age   7:     217240 bytes,    7830224 total
- age   8:     542744 bytes,    8372968 total
: 99230K->10542K(109248K), 0.0123030 secs] 254900K->168083K(502464K), 0.0124790 secs] [Times: user=0.05 sys=0.00, real=0.01 secs] 
Heap after GC invocations=493 (full 2):
 par new generation   total 109248K, used 10542K [0x00000000d5a00000, 0x00000000dda00000, 0x00000000dda00000)
  eden space 87424K,   0% used [0x00000000d5a00000, 0x00000000d5a00000, 0x00000000daf60000)
  from space 21824K,  48% used [0x00000000daf60000, 0x00000000db9abb90, 0x00000000dc4b0000)
  to   space 21824K,   0% used [0x00000000dc4b0000, 0x00000000dc4b0000, 0x00000000dda00000)
 concurrent mark-sweep generation total 393216K, used 157540K [0x00000000dda00000, 0x00000000f5a00000, 0x00000000f5a00000)
 concurrent-mark-sweep perm gen total 58312K, used 35584K [0x00000000f5a00000, 0x00000000f92f2000, 0x0000000100000000)
}
2015-03-18T13:26:44.789-0400: 508106.965: Total time for which application threads were stopped: 0.0133780 seconds
{Heap before GC invocations=493 (full 2):
 par new generation   total 109248K, used 97952K [0x00000000d5a00000, 0x00000000dda00000, 0x00000000dda00000)
  eden space 87424K,  99% used [0x00000000d5a00000, 0x00000000daf5c480, 0x00000000daf60000)
  from space 21824K,  48% used [0x00000000daf60000, 0x00000000db9abb90, 0x00000000dc4b0000)
  to   space 21824K,   0% used [0x00000000dc4b0000, 0x00000000dc4b0000, 0x00000000dda00000)
 concurrent mark-sweep generation total 393216K, used 157540K [0x00000000dda00000, 0x00000000f5a00000, 0x00000000f5a00000)
 concurrent-mark-sweep perm gen total 58312K, used 35584K [0x00000000f5a00000, 0x00000000f92f2000, 0x0000000100000000)
2015-03-18T13:26:44.825-0400: 508107.001: [GC2015-03-18T13:26:44.826-0400: 508107.001: [ParNew
Desired survivor size 20112992 bytes, new threshold 8 (max 8)
- age   1:    2978784 bytes,    2978784 total
- age   2:     645592 bytes,    3624376 total
- age   3:    2203896 bytes,    5828272 total
- age   4:    1220424 bytes,    7048696 total
- age   5:    1865608 bytes,    8914304 total
- age   6:     117464 bytes,    9031768 total
- age   7:     119800 bytes,    9151568 total
- age   8:     217240 bytes,    9368808 total
: 97952K->10349K(109248K), 0.0117200 secs] 255492K->168422K(502464K), 0.0118860 secs] [Times: user=0.04 sys=0.00, real=0.01 secs] 
Heap after GC invocations=494 (full 2):
 par new generation   total 109248K, used 10349K [0x00000000d5a00000, 0x00000000dda00000, 0x00000000dda00000)
  eden space 87424K,   0% used [0x00000000d5a00000, 0x00000000d5a00000, 0x00000000daf60000)
  from space 21824K,  47% used [0x00000000dc4b0000, 0x00000000dcecb6c0, 0x00000000dda00000)
  to   space 21824K,   0% used [0x00000000daf60000, 0x00000000daf60000, 0x00000000dc4b0000)
 concurrent mark-sweep generation total 393216K, used 158072K [0x00000000dda00000, 0x00000000f5a00000, 0x00000000f5a00000)
 concurrent-mark-sweep perm gen total 58312K, used 35584K [0x00000000f5a00000, 0x00000000f92f2000, 0x0000000100000000)
}
2015-03-18T13:26:44.837-0400: 508107.013: Total time for which application threads were stopped: 0.0125720 seconds
{Heap before GC invocations=494 (full 2):
 par new generation   total 109248K, used 97764K [0x00000000d5a00000, 0x00000000dda00000, 0x00000000dda00000)
  eden space 87424K,  99% used [0x00000000d5a00000, 0x00000000daf5da88, 0x00000000daf60000)
  from space 21824K,  47% used [0x00000000dc4b0000, 0x00000000dcecb6c0, 0x00000000dda00000)
  to   space 21824K,   0% used [0x00000000daf60000, 0x00000000daf60000, 0x00000000dc4b0000)
 concurrent mark-sweep generation total 393216K, used 158072K [0x00000000dda00000, 0x00000000f5a00000, 0x00000000f5a00000)
 concurrent-mark-sweep perm gen total 58312K, used 35584K [0x00000000f5a00000, 0x00000000f92f2000, 0x0000000100000000)
2015-03-18T13:26:44.874-0400: 508107.049: [GC2015-03-18T13:26:44.874-0400: 508107.049: [ParNew
Desired survivor size 20112992 bytes, new threshold 8 (max 8)
- age   1:    1353080 bytes,    1353080 total
- age   2:    1728808 bytes,    3081888 total
- age   3:     644336 bytes,    3726224 total
- age   4:    2203896 bytes,    5930120 total
- age   5:    1220424 bytes,    7150544 total
- age   6:    1865608 bytes,    9016152 total
- age   7:     117464 bytes,    9133616 total
- age   8:     119800 bytes,    9253416 total
: 97764K->14272K(109248K), 0.0113580 secs] 255837K->172570K(502464K), 0.0115410 secs] [Times: user=0.04 sys=0.00, real=0.01 secs] 
Heap after GC invocations=495 (full 2):
 par new generation   total 109248K, used 14272K [0x00000000d5a00000, 0x00000000dda00000, 0x00000000dda00000)
  eden space 87424K,   0% used [0x00000000d5a00000, 0x00000000d5a00000, 0x00000000daf60000)
  from space 21824K,  65% used [0x00000000daf60000, 0x00000000dbd50198, 0x00000000dc4b0000)
  to   space 21824K,   0% used [0x00000000dc4b0000, 0x00000000dc4b0000, 0x00000000dda00000)
 concurrent mark-sweep generation total 393216K, used 158297K [0x00000000dda00000, 0x00000000f5a00000, 0x00000000f5a00000)
 concurrent-mark-sweep perm gen total 58312K, used 35584K [0x00000000f5a00000, 0x00000000f92f2000, 0x0000000100000000)
}
2015-03-18T13:26:44.885-0400: 508107.061: Total time for which application threads were stopped: 0.0122660 seconds
2015-03-18T13:26:44.887-0400: 508107.063: Total time for which application threads were stopped: 0.0005450 seconds
2015-03-18T13:26:44.904-0400: 508107.080: Total time for which application threads were stopped: 0.0006010 seconds
2015-03-18T13:26:44.905-0400: 508107.080: Total time for which application threads were stopped: 0.0003890 seconds
2015-03-18T13:26:44.905-0400: 508107.081: Total time for which application threads were stopped: 0.0003710 seconds
{Heap before GC invocations=495 (full 2):
 par new generation   total 109248K, used 101680K [0x00000000d5a00000, 0x00000000dda00000, 0x00000000dda00000)
  eden space 87424K,  99% used [0x00000000d5a00000, 0x00000000daf5c130, 0x00000000daf60000)
  from space 21824K,  65% used [0x00000000daf60000, 0x00000000dbd50198, 0x00000000dc4b0000)
  to   space 21824K,   0% used [0x00000000dc4b0000, 0x00000000dc4b0000, 0x00000000dda00000)
 concurrent mark-sweep generation total 393216K, used 158297K [0x00000000dda00000, 0x00000000f5a00000, 0x00000000f5a00000)
 concurrent-mark-sweep perm gen total 58312K, used 35589K [0x00000000f5a00000, 0x00000000f92f2000, 0x0000000100000000)
2015-03-18T13:26:44.928-0400: 508107.104: [GC2015-03-18T13:26:44.928-0400: 508107.104: [ParNew
Desired survivor size 20112992 bytes, new threshold 8 (max 8)
- age   1:    1658248 bytes,    1658248 total
- age   2:      62208 bytes,    1720456 total
- age   3:    1726120 bytes,    3446576 total
- age   4:     644336 bytes,    4090912 total
- age   5:    2203896 bytes,    6294808 total
- age   6:    1220424 bytes,    7515232 total
- age   7:    1865608 bytes,    9380840 total
- age   8:     117464 bytes,    9498304 total
: 101680K->10745K(109248K), 0.0118280 secs] 259978K->169162K(502464K), 0.0120020 secs] [Times: user=0.04 sys=0.00, real=0.02 secs] 
Heap after GC invocations=496 (full 2):
 par new generation   total 109248K, used 10745K [0x00000000d5a00000, 0x00000000dda00000, 0x00000000dda00000)
  eden space 87424K,   0% used [0x00000000d5a00000, 0x00000000d5a00000, 0x00000000daf60000)
  from space 21824K,  49% used [0x00000000dc4b0000, 0x00000000dcf2e450, 0x00000000dda00000)
  to   space 21824K,   0% used [0x00000000daf60000, 0x00000000daf60000, 0x00000000dc4b0000)
 concurrent mark-sweep generation total 393216K, used 158417K [0x00000000dda00000, 0x00000000f5a00000, 0x00000000f5a00000)
 concurrent-mark-sweep perm gen total 58312K, used 35589K [0x00000000f5a00000, 0x00000000f92f2000, 0x0000000100000000)
}
2015-03-18T13:26:44.940-0400: 508107.116: Total time for which application threads were stopped: 0.0127390 seconds
2015-03-18T13:26:44.941-0400: 508107.117: Total time for which application threads were stopped: 0.0005910 seconds
2015-03-18T13:26:44.942-0400: 508107.118: Total time for which application threads were stopped: 0.0004620 seconds
2015-03-18T13:26:44.945-0400: 508107.120: Total time for which application threads were stopped: 0.0004600 seconds
2015-03-18T13:26:44.946-0400: 508107.122: Total time for which application threads were stopped: 0.0004460 seconds
2015-03-18T13:26:44.948-0400: 508107.123: Total time for which application threads were stopped: 0.0017160 seconds
2015-03-18T13:26:44.959-0400: 508107.134: Total time for which application threads were stopped: 0.0005110 seconds
2015-03-18T13:26:44.959-0400: 508107.135: Total time for which application threads were stopped: 0.0003710 seconds
2015-03-18T13:26:44.960-0400: 508107.135: Total time for which application threads were stopped: 0.0003860 seconds
2015-03-18T13:26:44.981-0400: 508107.157: Total time for which application threads were stopped: 0.0006020 seconds
2015-03-18T13:26:44.982-0400: 508107.157: Total time for which application threads were stopped: 0.0004010 seconds
2015-03-18T13:26:44.982-0400: 508107.158: Total time for which application threads were stopped: 0.0003510 seconds
2015-03-18T13:26:44.983-0400: 508107.158: Total time for which application threads were stopped: 0.0003750 seconds
{Heap before GC invocations=496 (full 2):
 par new generation   total 109248K, used 98169K [0x00000000d5a00000, 0x00000000dda00000, 0x00000000dda00000)
  eden space 87424K, 100% used [0x00000000d5a00000, 0x00000000daf60000, 0x00000000daf60000)
  from space 21824K,  49% used [0x00000000dc4b0000, 0x00000000dcf2e450, 0x00000000dda00000)
  to   space 21824K,   0% used [0x00000000daf60000, 0x00000000daf60000, 0x00000000dc4b0000)
 concurrent mark-sweep generation total 393216K, used 158417K [0x00000000dda00000, 0x00000000f5a00000, 0x00000000f5a00000)
 concurrent-mark-sweep perm gen total 58312K, used 35591K [0x00000000f5a00000, 0x00000000f92f2000, 0x0000000100000000)
2015-03-18T13:26:44.989-0400: 508107.164: [GC2015-03-18T13:26:44.989-0400: 508107.164: [ParNew
Desired survivor size 20112992 bytes, new threshold 8 (max 8)
- age   1:    2213528 bytes,    2213528 total
- age   2:     168416 bytes,    2381944 total
- age   3:      62072 bytes,    2444016 total
- age   4:    1725976 bytes,    4169992 total
- age   5:     644336 bytes,    4814328 total
- age   6:    2203896 bytes,    7018224 total
- age   7:    1220424 bytes,    8238648 total
- age   8:    1865608 bytes,   10104256 total
: 98169K->16062K(109248K), 0.0126170 secs] 256586K->174596K(502464K), 0.0128000 secs] [Times: user=0.05 sys=0.00, real=0.02 secs] 
Heap after GC invocations=497 (full 2):
 par new generation   total 109248K, used 16062K [0x00000000d5a00000, 0x00000000dda00000, 0x00000000dda00000)
  eden space 87424K,   0% used [0x00000000d5a00000, 0x00000000d5a00000, 0x00000000daf60000)
  from space 21824K,  73% used [0x00000000daf60000, 0x00000000dbf0fa80, 0x00000000dc4b0000)
  to   space 21824K,   0% used [0x00000000dc4b0000, 0x00000000dc4b0000, 0x00000000dda00000)
 concurrent mark-sweep generation total 393216K, used 158534K [0x00000000dda00000, 0x00000000f5a00000, 0x00000000f5a00000)
 concurrent-mark-sweep perm gen total 58312K, used 35591K [0x00000000f5a00000, 0x00000000f92f2000, 0x0000000100000000)
}
2015-03-18T13:26:45.002-0400: 508107.177: Total time for which application threads were stopped: 0.0134180 seconds
2015-03-18T13:26:45.003-0400: 508107.179: Total time for which application threads were stopped: 0.0005030 seconds
{Heap before GC invocations=497 (full 2):
 par new generation   total 109248K, used 103486K [0x00000000d5a00000, 0x00000000dda00000, 0x00000000dda00000)
  eden space 87424K, 100% used [0x00000000d5a00000, 0x00000000daf60000, 0x00000000daf60000)
  from space 21824K,  73% used [0x00000000daf60000, 0x00000000dbf0fa80, 0x00000000dc4b0000)
  to   space 21824K,   0% used [0x00000000dc4b0000, 0x00000000dc4b0000, 0x00000000dda00000)
 concurrent mark-sweep generation total 393216K, used 158534K [0x00000000dda00000, 0x00000000f5a00000, 0x00000000f5a00000)
 concurrent-mark-sweep perm gen total 58312K, used 35593K [0x00000000f5a00000, 0x00000000f92f2000, 0x0000000100000000)
2015-03-18T13:26:45.043-0400: 508107.219: [GC2015-03-18T13:26:45.043-0400: 508107.219: [ParNew
Desired survivor size 20112992 bytes, new threshold 8 (max 8)
- age   1:    1895320 bytes,    1895320 total
- age   2:     409624 bytes,    2304944 total
- age   3:     167864 bytes,    2472808 total
- age   4:      62072 bytes,    2534880 total
- age   5:    1725976 bytes,    4260856 total
- age   6:     644336 bytes,    4905192 total
- age   7:    2203896 bytes,    7109088 total
- age   8:    1220424 bytes,    8329512 total
: 103486K->11186K(109248K), 0.0134360 secs] 262020K->171546K(502464K), 0.0136390 secs] [Times: user=0.06 sys=0.00, real=0.01 secs] 
Heap after GC invocations=498 (full 2):
 par new generation   total 109248K, used 11186K [0x00000000d5a00000, 0x00000000dda00000, 0x00000000dda00000)
  eden space 87424K,   0% used [0x00000000d5a00000, 0x00000000d5a00000, 0x00000000daf60000)
  from space 21824K,  51% used [0x00000000dc4b0000, 0x00000000dcf9cae0, 0x00000000dda00000)
  to   space 21824K,   0% used [0x00000000daf60000, 0x00000000daf60000, 0x00000000dc4b0000)
 concurrent mark-sweep generation total 393216K, used 160359K [0x00000000dda00000, 0x00000000f5a00000, 0x00000000f5a00000)
 concurrent-mark-sweep perm gen total 58312K, used 35593K [0x00000000f5a00000, 0x00000000f92f2000, 0x0000000100000000)
}
2015-03-18T13:26:45.057-0400: 508107.232: Total time for which application threads were stopped: 0.0143100 seconds
{Heap before GC invocations=498 (full 2):
 par new generation   total 109248K, used 98610K [0x00000000d5a00000, 0x00000000dda00000, 0x00000000dda00000)
  eden space 87424K, 100% used [0x00000000d5a00000, 0x00000000daf60000, 0x00000000daf60000)
  from space 21824K,  51% used [0x00000000dc4b0000, 0x00000000dcf9cae0, 0x00000000dda00000)
  to   space 21824K,   0% used [0x00000000daf60000, 0x00000000daf60000, 0x00000000dc4b0000)
 concurrent mark-sweep generation total 393216K, used 160359K [0x00000000dda00000, 0x00000000f5a00000, 0x00000000f5a00000)
 concurrent-mark-sweep perm gen total 58312K, used 35593K [0x00000000f5a00000, 0x00000000f92f2000, 0x0000000100000000)
2015-03-18T13:26:45.095-0400: 508107.270: [GC2015-03-18T13:26:45.095-0400: 508107.271: [ParNew
Desired survivor size 20112992 bytes, new threshold 8 (max 8)
- age   1:    2303152 bytes,    2303152 total
- age   2:     214152 bytes,    2517304 total
- age   3:     409280 bytes,    2926584 total
- age   4:     167520 bytes,    3094104 total
- age   5:      62000 bytes,    3156104 total
- age   6:    1725880 bytes,    4881984 total
- age   7:     643952 bytes,    5525936 total
- age   8:    2203800 bytes,    7729736 total
: 98610K->9380K(109248K), 0.0117690 secs] 258970K->170934K(502464K), 0.0119420 secs] [Times: user=0.04 sys=0.00, real=0.01 secs] 
Heap after GC invocations=499 (full 2):
 par new generation   total 109248K, used 9380K [0x00000000d5a00000, 0x00000000dda00000, 0x00000000dda00000)
  eden space 87424K,   0% used [0x00000000d5a00000, 0x00000000d5a00000, 0x00000000daf60000)
  from space 21824K,  42% used [0x00000000daf60000, 0x00000000db889148, 0x00000000dc4b0000)
  to   space 21824K,   0% used [0x00000000dc4b0000, 0x00000000dc4b0000, 0x00000000dda00000)
 concurrent mark-sweep generation total 393216K, used 161554K [0x00000000dda00000, 0x00000000f5a00000, 0x00000000f5a00000)
 concurrent-mark-sweep perm gen total 58312K, used 35593K [0x00000000f5a00000, 0x00000000f92f2000, 0x0000000100000000)
}
2015-03-18T13:26:45.107-0400: 508107.283: Total time for which application threads were stopped: 0.0126440 seconds
{Heap before GC invocations=499 (full 2):
 par new generation   total 109248K, used 96791K [0x00000000d5a00000, 0x00000000dda00000, 0x00000000dda00000)
  eden space 87424K,  99% used [0x00000000d5a00000, 0x00000000daf5cad0, 0x00000000daf60000)
  from space 21824K,  42% used [0x00000000daf60000, 0x00000000db889148, 0x00000000dc4b0000)
  to   space 21824K,   0% used [0x00000000dc4b0000, 0x00000000dc4b0000, 0x00000000dda00000)
 concurrent mark-sweep generation total 393216K, used 161554K [0x00000000dda00000, 0x00000000f5a00000, 0x00000000f5a00000)
 concurrent-mark-sweep perm gen total 58312K, used 35593K [0x00000000f5a00000, 0x00000000f92f2000, 0x0000000100000000)
2015-03-18T13:26:45.140-0400: 508107.315: [GC2015-03-18T13:26:45.140-0400: 508107.315: [ParNew
Desired survivor size 20112992 bytes, new threshold 8 (max 8)
- age   1:    1964552 bytes,    1964552 total
- age   2:     136904 bytes,    2101456 total
- age   3:     213928 bytes,    2315384 total
- age   4:     409232 bytes,    2724616 total
- age   5:     167448 bytes,    2892064 total
- age   6:      61712 bytes,    2953776 total
- age   7:    1725080 bytes,    4678856 total
- age   8:     643360 bytes,    5322216 total
: 96791K->8379K(109248K), 0.0115260 secs] 258345K->172094K(502464K), 0.0117140 secs] [Times: user=0.04 sys=0.00, real=0.01 secs] 
Heap after GC invocations=500 (full 2):
 par new generation   total 109248K, used 8379K [0x00000000d5a00000, 0x00000000dda00000, 0x00000000dda00000)
  eden space 87424K,   0% used [0x00000000d5a00000, 0x00000000d5a00000, 0x00000000daf60000)
  from space 21824K,  38% used [0x00000000dc4b0000, 0x00000000dccdee98, 0x00000000dda00000)
  to   space 21824K,   0% used [0x00000000daf60000, 0x00000000daf60000, 0x00000000dc4b0000)
 concurrent mark-sweep generation total 393216K, used 163714K [0x00000000dda00000, 0x00000000f5a00000, 0x00000000f5a00000)
 concurrent-mark-sweep perm gen total 58312K, used 35593K [0x00000000f5a00000, 0x00000000f92f2000, 0x0000000100000000)
}
2015-03-18T13:26:45.151-0400: 508107.327: Total time for which application threads were stopped: 0.0124260 seconds
{Heap before GC invocations=500 (full 2):
 par new generation   total 109248K, used 95795K [0x00000000d5a00000, 0x00000000dda00000, 0x00000000dda00000)
  eden space 87424K,  99% used [0x00000000d5a00000, 0x00000000daf5e0f8, 0x00000000daf60000)
  from space 21824K,  38% used [0x00000000dc4b0000, 0x00000000dccdee98, 0x00000000dda00000)
  to   space 21824K,   0% used [0x00000000daf60000, 0x00000000daf60000, 0x00000000dc4b0000)
 concurrent mark-sweep generation total 393216K, used 163714K [0x00000000dda00000, 0x00000000f5a00000, 0x00000000f5a00000)
 concurrent-mark-sweep perm gen total 58312K, used 35593K [0x00000000f5a00000, 0x00000000f92f2000, 0x0000000100000000)
2015-03-18T13:26:45.187-0400: 508107.362: [GC2015-03-18T13:26:45.187-0400: 508107.362: [ParNew
Desired survivor size 20112992 bytes, new threshold 8 (max 8)
- age   1:    2714864 bytes,    2714864 total
- age   2:     425816 bytes,    3140680 total
- age   3:     136752 bytes,    3277432 total
- age   4:     213776 bytes,    3491208 total
- age   5:     409232 bytes,    3900440 total
- age   6:     167448 bytes,    4067888 total
- age   7:      61712 bytes,    4129600 total
- age   8:    1725168 bytes,    5854768 total
: 95795K->7566K(109248K), 0.0094220 secs] 259510K->171911K(502464K), 0.0095720 secs] [Times: user=0.03 sys=0.00, real=0.01 secs] 
Heap after GC invocations=501 (full 2):
 par new generation   total 109248K, used 7566K [0x00000000d5a00000, 0x00000000dda00000, 0x00000000dda00000)
  eden space 87424K,   0% used [0x00000000d5a00000, 0x00000000d5a00000, 0x00000000daf60000)
  from space 21824K,  34% used [0x00000000daf60000, 0x00000000db6c3900, 0x00000000dc4b0000)
  to   space 21824K,   0% used [0x00000000dc4b0000, 0x00000000dc4b0000, 0x00000000dda00000)
 concurrent mark-sweep generation total 393216K, used 164345K [0x00000000dda00000, 0x00000000f5a00000, 0x00000000f5a00000)
 concurrent-mark-sweep perm gen total 58312K, used 35593K [0x00000000f5a00000, 0x00000000f92f2000, 0x0000000100000000)
}
2015-03-18T13:26:45.196-0400: 508107.372: Total time for which application threads were stopped: 0.0102800 seconds
{Heap before GC invocations=501 (full 2):
 par new generation   total 109248K, used 94978K [0x00000000d5a00000, 0x00000000dda00000, 0x00000000dda00000)
  eden space 87424K,  99% used [0x00000000d5a00000, 0x00000000daf5d290, 0x00000000daf60000)
  from space 21824K,  34% used [0x00000000daf60000, 0x00000000db6c3900, 0x00000000dc4b0000)
  to   space 21824K,   0% used [0x00000000dc4b0000, 0x00000000dc4b0000, 0x00000000dda00000)
 concurrent mark-sweep generation total 393216K, used 164345K [0x00000000dda00000, 0x00000000f5a00000, 0x00000000f5a00000)
 concurrent-mark-sweep perm gen total 58312K, used 35593K [0x00000000f5a00000, 0x00000000f92f2000, 0x0000000100000000)
2015-03-18T13:26:45.234-0400: 508107.410: [GC2015-03-18T13:26:45.234-0400: 508107.410: [ParNew
Desired survivor size 20112992 bytes, new threshold 8 (max 8)
- age   1:    1752608 bytes,    1752608 total
- age   2:     774232 bytes,    2526840 total
- age   3:     425816 bytes,    2952656 total
- age   4:     136752 bytes,    3089408 total
- age   5:     213776 bytes,    3303184 total
- age   6:     409232 bytes,    3712416 total
- age   7:     167448 bytes,    3879864 total
- age   8:      61712 bytes,    3941576 total
: 94978K->4969K(109248K), 0.0096810 secs] 259324K->171003K(502464K), 0.0098720 secs] [Times: user=0.03 sys=0.00, real=0.01 secs] 
Heap after GC invocations=502 (full 2):
 par new generation   total 109248K, used 4969K [0x00000000d5a00000, 0x00000000dda00000, 0x00000000dda00000)
  eden space 87424K,   0% used [0x00000000d5a00000, 0x00000000d5a00000, 0x00000000daf60000)
  from space 21824K,  22% used [0x00000000dc4b0000, 0x00000000dc98a6e8, 0x00000000dda00000)
  to   space 21824K,   0% used [0x00000000daf60000, 0x00000000daf60000, 0x00000000dc4b0000)
 concurrent mark-sweep generation total 393216K, used 166033K [0x00000000dda00000, 0x00000000f5a00000, 0x00000000f5a00000)
 concurrent-mark-sweep perm gen total 58312K, used 35593K [0x00000000f5a00000, 0x00000000f92f2000, 0x0000000100000000)
}
2015-03-18T13:26:45.244-0400: 508107.420: Total time for which application threads were stopped: 0.0105890 seconds
{Heap before GC invocations=502 (full 2):
 par new generation   total 109248K, used 92364K [0x00000000d5a00000, 0x00000000dda00000, 0x00000000dda00000)
  eden space 87424K,  99% used [0x00000000d5a00000, 0x00000000daf58a40, 0x00000000daf60000)
  from space 21824K,  22% used [0x00000000dc4b0000, 0x00000000dc98a6e8, 0x00000000dda00000)
  to   space 21824K,   0% used [0x00000000daf60000, 0x00000000daf60000, 0x00000000dc4b0000)
 concurrent mark-sweep generation total 393216K, used 166033K [0x00000000dda00000, 0x00000000f5a00000, 0x00000000f5a00000)
 concurrent-mark-sweep perm gen total 58312K, used 35593K [0x00000000f5a00000, 0x00000000f92f2000, 0x0000000100000000)
2015-03-18T13:26:45.279-0400: 508107.455: [GC2015-03-18T13:26:45.279-0400: 508107.455: [ParNew
Desired survivor size 20112992 bytes, new threshold 8 (max 8)
- age   1:    1580304 bytes,    1580304 total
- age   2:     105832 bytes,    1686136 total
- age   3:     552864 bytes,    2239000 total
- age   4:     425816 bytes,    2664816 total
- age   5:     136752 bytes,    2801568 total
- age   6:     212288 bytes,    3013856 total
- age   7:     409232 bytes,    3423088 total
- age   8:     166904 bytes,    3589992 total
: 92364K->5395K(109248K), 0.0071970 secs] 258398K->171491K(502464K), 0.0073450 secs] [Times: user=0.03 sys=0.00, real=0.01 secs] 
Heap after GC invocations=503 (full 2):
 par new generation   total 109248K, used 5395K [0x00000000d5a00000, 0x00000000dda00000, 0x00000000dda00000)
  eden space 87424K,   0% used [0x00000000d5a00000, 0x00000000d5a00000, 0x00000000daf60000)
  from space 21824K,  24% used [0x00000000daf60000, 0x00000000db4a4d40, 0x00000000dc4b0000)
  to   space 21824K,   0% used [0x00000000dc4b0000, 0x00000000dc4b0000, 0x00000000dda00000)
 concurrent mark-sweep generation total 393216K, used 166096K [0x00000000dda00000, 0x00000000f5a00000, 0x00000000f5a00000)
 concurrent-mark-sweep perm gen total 58312K, used 35593K [0x00000000f5a00000, 0x00000000f92f2000, 0x0000000100000000)
}
2015-03-18T13:26:45.287-0400: 508107.462: Total time for which application threads were stopped: 0.0081900 seconds
{Heap before GC invocations=503 (full 2):
 par new generation   total 109248K, used 92819K [0x00000000d5a00000, 0x00000000dda00000, 0x00000000dda00000)
  eden space 87424K, 100% used [0x00000000d5a00000, 0x00000000daf60000, 0x00000000daf60000)
  from space 21824K,  24% used [0x00000000daf60000, 0x00000000db4a4d40, 0x00000000dc4b0000)
  to   space 21824K,   0% used [0x00000000dc4b0000, 0x00000000dc4b0000, 0x00000000dda00000)
 concurrent mark-sweep generation total 393216K, used 166096K [0x00000000dda00000, 0x00000000f5a00000, 0x00000000f5a00000)
 concurrent-mark-sweep perm gen total 58312K, used 35593K [0x00000000f5a00000, 0x00000000f92f2000, 0x0000000100000000)
2015-03-18T13:26:45.326-0400: 508107.502: [GC2015-03-18T13:26:45.326-0400: 508107.502: [ParNew
Desired survivor size 20112992 bytes, new threshold 8 (max 8)
- age   1:    3642960 bytes,    3642960 total
- age   2:     270536 bytes,    3913496 total
- age   3:     105832 bytes,    4019328 total
- age   4:     552832 bytes,    4572160 total
- age   5:     425776 bytes,    4997936 total
- age   6:     136536 bytes,    5134472 total
- age   7:     212288 bytes,    5346760 total
- age   8:     408912 bytes,    5755672 total
: 92819K->7102K(109248K), 0.0090160 secs] 258915K->173364K(502464K), 0.0092000 secs] [Times: user=0.03 sys=0.00, real=0.01 secs] 
Heap after GC invocations=504 (full 2):
 par new generation   total 109248K, used 7102K [0x00000000d5a00000, 0x00000000dda00000, 0x00000000dda00000)
  eden space 87424K,   0% used [0x00000000d5a00000, 0x00000000d5a00000, 0x00000000daf60000)
  from space 21824K,  32% used [0x00000000dc4b0000, 0x00000000dcb9fb00, 0x00000000dda00000)
  to   space 21824K,   0% used [0x00000000daf60000, 0x00000000daf60000, 0x00000000dc4b0000)
 concurrent mark-sweep generation total 393216K, used 166261K [0x00000000dda00000, 0x00000000f5a00000, 0x00000000f5a00000)
 concurrent-mark-sweep perm gen total 58312K, used 35593K [0x00000000f5a00000, 0x00000000f92f2000, 0x0000000100000000)
}
2015-03-18T13:26:45.336-0400: 508107.511: Total time for which application threads were stopped: 0.0098840 seconds
{Heap before GC invocations=504 (full 2):
 par new generation   total 109248K, used 94526K [0x00000000d5a00000, 0x00000000dda00000, 0x00000000dda00000)
  eden space 87424K, 100% used [0x00000000d5a00000, 0x00000000daf60000, 0x00000000daf60000)
  from space 21824K,  32% used [0x00000000dc4b0000, 0x00000000dcb9fb00, 0x00000000dda00000)
  to   space 21824K,   0% used [0x00000000daf60000, 0x00000000daf60000, 0x00000000dc4b0000)
 concurrent mark-sweep generation total 393216K, used 166261K [0x00000000dda00000, 0x00000000f5a00000, 0x00000000f5a00000)
 concurrent-mark-sweep perm gen total 58312K, used 35593K [0x00000000f5a00000, 0x00000000f92f2000, 0x0000000100000000)
2015-03-18T13:26:45.374-0400: 508107.550: [GC2015-03-18T13:26:45.375-0400: 508107.550: [ParNew
Desired survivor size 20112992 bytes, new threshold 8 (max 8)
- age   1:    1532768 bytes,    1532768 total
- age   2:    1947712 bytes,    3480480 total
- age   3:     270440 bytes,    3750920 total
- age   4:     105736 bytes,    3856656 total
- age   5:     552328 bytes,    4408984 total
- age   6:     425176 bytes,    4834160 total
- age   7:     135944 bytes,    4970104 total
- age   8:     211920 bytes,    5182024 total
: 94526K->8154K(109248K), 0.0092320 secs] 260788K->174820K(502464K), 0.0094040 secs] [Times: user=0.03 sys=0.00, real=0.01 secs] 
Heap after GC invocations=505 (full 2):
 par new generation   total 109248K, used 8154K [0x00000000d5a00000, 0x00000000dda00000, 0x00000000dda00000)
  eden space 87424K,   0% used [0x00000000d5a00000, 0x00000000d5a00000, 0x00000000daf60000)
  from space 21824K,  37% used [0x00000000daf60000, 0x00000000db7568b8, 0x00000000dc4b0000)
  to   space 21824K,   0% used [0x00000000dc4b0000, 0x00000000dc4b0000, 0x00000000dda00000)
 concurrent mark-sweep generation total 393216K, used 166666K [0x00000000dda00000, 0x00000000f5a00000, 0x00000000f5a00000)
 concurrent-mark-sweep perm gen total 58312K, used 35593K [0x00000000f5a00000, 0x00000000f92f2000, 0x0000000100000000)
}
2015-03-18T13:26:45.384-0400: 508107.560: Total time for which application threads were stopped: 0.0101330 seconds
{Heap before GC invocations=505 (full 2):
 par new generation   total 109248K, used 95578K [0x00000000d5a00000, 0x00000000dda00000, 0x00000000dda00000)
  eden space 87424K, 100% used [0x00000000d5a00000, 0x00000000daf60000, 0x00000000daf60000)
  from space 21824K,  37% used [0x00000000daf60000, 0x00000000db7568b8, 0x00000000dc4b0000)
  to   space 21824K,   0% used [0x00000000dc4b0000, 0x00000000dc4b0000, 0x00000000dda00000)
 concurrent mark-sweep generation total 393216K, used 166666K [0x00000000dda00000, 0x00000000f5a00000, 0x00000000f5a00000)
 concurrent-mark-sweep perm gen total 58312K, used 35593K [0x00000000f5a00000, 0x00000000f92f2000, 0x0000000100000000)
2015-03-18T13:26:45.416-0400: 508107.592: [GC2015-03-18T13:26:45.416-0400: 508107.592: [ParNew
Desired survivor size 20112992 bytes, new threshold 8 (max 8)
- age   1:    2128608 bytes,    2128608 total
- age   2:      87552 bytes,    2216160 total
- age   3:    1947536 bytes,    4163696 total
- age   4:     270368 bytes,    4434064 total
- age   5:     105664 bytes,    4539728 total
- age   6:     552232 bytes,    5091960 total
- age   7:     424792 bytes,    5516752 total
- age   8:     135896 bytes,    5652648 total
: 95578K->6075K(109248K), 0.0088010 secs] 262244K->172950K(502464K), 0.0090080 secs] [Times: user=0.03 sys=0.00, real=0.01 secs] 
Heap after GC invocations=506 (full 2):
 par new generation   total 109248K, used 6075K [0x00000000d5a00000, 0x00000000dda00000, 0x00000000dda00000)
  eden space 87424K,   0% used [0x00000000d5a00000, 0x00000000d5a00000, 0x00000000daf60000)
  from space 21824K,  27% used [0x00000000dc4b0000, 0x00000000dca9ec00, 0x00000000dda00000)
  to   space 21824K,   0% used [0x00000000daf60000, 0x00000000daf60000, 0x00000000dc4b0000)
 concurrent mark-sweep generation total 393216K, used 166875K [0x00000000dda00000, 0x00000000f5a00000, 0x00000000f5a00000)
 concurrent-mark-sweep perm gen total 58312K, used 35593K [0x00000000f5a00000, 0x00000000f92f2000, 0x0000000100000000)
}
2015-03-18T13:26:45.425-0400: 508107.601: Total time for which application threads were stopped: 0.0097370 seconds
{Heap before GC invocations=506 (full 2):
 par new generation   total 109248K, used 93499K [0x00000000d5a00000, 0x00000000dda00000, 0x00000000dda00000)
  eden space 87424K, 100% used [0x00000000d5a00000, 0x00000000daf60000, 0x00000000daf60000)
  from space 21824K,  27% used [0x00000000dc4b0000, 0x00000000dca9ec00, 0x00000000dda00000)
  to   space 21824K,   0% used [0x00000000daf60000, 0x00000000daf60000, 0x00000000dc4b0000)
 concurrent mark-sweep generation total 393216K, used 166875K [0x00000000dda00000, 0x00000000f5a00000, 0x00000000f5a00000)
 concurrent-mark-sweep perm gen total 58312K, used 35595K [0x00000000f5a00000, 0x00000000f92f2000, 0x0000000100000000)
2015-03-18T13:26:45.461-0400: 508107.637: [GC2015-03-18T13:26:45.461-0400: 508107.637: [ParNew
Desired survivor size 20112992 bytes, new threshold 8 (max 8)
- age   1:    2553592 bytes,    2553592 total
- age   2:     557184 bytes,    3110776 total
- age   3:      87472 bytes,    3198248 total
- age   4:    1947328 bytes,    5145576 total
- age   5:     270368 bytes,    5415944 total
- age   6:     105664 bytes,    5521608 total
- age   7:     552232 bytes,    6073840 total
- age   8:     424792 bytes,    6498632 total
: 93499K->9495K(109248K), 0.0092590 secs] 260374K->176506K(502464K), 0.0094090 secs] [Times: user=0.04 sys=0.00, real=0.01 secs] 
Heap after GC invocations=507 (full 2):
 par new generation   total 109248K, used 9495K [0x00000000d5a00000, 0x00000000dda00000, 0x00000000dda00000)
  eden space 87424K,   0% used [0x00000000d5a00000, 0x00000000d5a00000, 0x00000000daf60000)
  from space 21824K,  43% used [0x00000000daf60000, 0x00000000db8a5cc0, 0x00000000dc4b0000)
  to   space 21824K,   0% used [0x00000000dc4b0000, 0x00000000dc4b0000, 0x00000000dda00000)
 concurrent mark-sweep generation total 393216K, used 167011K [0x00000000dda00000, 0x00000000f5a00000, 0x00000000f5a00000)
 concurrent-mark-sweep perm gen total 58312K, used 35595K [0x00000000f5a00000, 0x00000000f92f2000, 0x0000000100000000)
}
2015-03-18T13:26:45.471-0400: 508107.646: Total time for which application threads were stopped: 0.0100950 seconds
{Heap before GC invocations=507 (full 2):
 par new generation   total 109248K, used 96919K [0x00000000d5a00000, 0x00000000dda00000, 0x00000000dda00000)
  eden space 87424K, 100% used [0x00000000d5a00000, 0x00000000daf60000, 0x00000000daf60000)
  from space 21824K,  43% used [0x00000000daf60000, 0x00000000db8a5cc0, 0x00000000dc4b0000)
  to   space 21824K,   0% used [0x00000000dc4b0000, 0x00000000dc4b0000, 0x00000000dda00000)
 concurrent mark-sweep generation total 393216K, used 167011K [0x00000000dda00000, 0x00000000f5a00000, 0x00000000f5a00000)
 concurrent-mark-sweep perm gen total 58312K, used 35595K [0x00000000f5a00000, 0x00000000f92f2000, 0x0000000100000000)
2015-03-18T13:26:45.511-0400: 508107.687: [GC2015-03-18T13:26:45.511-0400: 508107.687: [ParNew
Desired survivor size 20112992 bytes, new threshold 8 (max 8)
- age   1:    2991160 bytes,    2991160 total
- age   2:     875688 bytes,    3866848 total
- age   3:     556992 bytes,    4423840 total
- age   4:      87376 bytes,    4511216 total
- age   5:    1947192 bytes,    6458408 total
- age   6:     269960 bytes,    6728368 total
- age   7:     105568 bytes,    6833936 total
- age   8:     552136 bytes,    7386072 total
: 96919K->8916K(109248K), 0.0102820 secs] 263930K->176345K(502464K), 0.0104760 secs] [Times: user=0.04 sys=0.00, real=0.01 secs] 
Heap after GC invocations=508 (full 2):
 par new generation   total 109248K, used 8916K [0x00000000d5a00000, 0x00000000dda00000, 0x00000000dda00000)
  eden space 87424K,   0% used [0x00000000d5a00000, 0x00000000d5a00000, 0x00000000daf60000)
  from space 21824K,  40% used [0x00000000dc4b0000, 0x00000000dcd65380, 0x00000000dda00000)
  to   space 21824K,   0% used [0x00000000daf60000, 0x00000000daf60000, 0x00000000dc4b0000)
 concurrent mark-sweep generation total 393216K, used 167428K [0x00000000dda00000, 0x00000000f5a00000, 0x00000000f5a00000)
 concurrent-mark-sweep perm gen total 58312K, used 35595K [0x00000000f5a00000, 0x00000000f92f2000, 0x0000000100000000)
}
2015-03-18T13:26:45.522-0400: 508107.697: Total time for which application threads were stopped: 0.0111590 seconds
{Heap before GC invocations=508 (full 2):
 par new generation   total 109248K, used 96337K [0x00000000d5a00000, 0x00000000dda00000, 0x00000000dda00000)
  eden space 87424K,  99% used [0x00000000d5a00000, 0x00000000daf5f400, 0x00000000daf60000)
  from space 21824K,  40% used [0x00000000dc4b0000, 0x00000000dcd65380, 0x00000000dda00000)
  to   space 21824K,   0% used [0x00000000daf60000, 0x00000000daf60000, 0x00000000dc4b0000)
 concurrent mark-sweep generation total 393216K, used 167428K [0x00000000dda00000, 0x00000000f5a00000, 0x00000000f5a00000)
 concurrent-mark-sweep perm gen total 58312K, used 35595K [0x00000000f5a00000, 0x00000000f92f2000, 0x0000000100000000)
2015-03-18T13:26:45.559-0400: 508107.735: [GC2015-03-18T13:26:45.559-0400: 508107.735: [ParNew
Desired survivor size 20112992 bytes, new threshold 8 (max 8)
- age   1:    1724440 bytes,    1724440 total
- age   2:     823320 bytes,    2547760 total
- age   3:     875368 bytes,    3423128 total
- age   4:     556992 bytes,    3980120 total
- age   5:      87376 bytes,    4067496 total
- age   6:    1947192 bytes,    6014688 total
- age   7:     269960 bytes,    6284648 total
- age   8:     105568 bytes,    6390216 total
: 96337K->9452K(109248K), 0.0097980 secs] 263766K->177427K(502464K), 0.0099620 secs] [Times: user=0.03 sys=0.00, real=0.01 secs] 
Heap after GC invocations=509 (full 2):
 par new generation   total 109248K, used 9452K [0x00000000d5a00000, 0x00000000dda00000, 0x00000000dda00000)
  eden space 87424K,   0% used [0x00000000d5a00000, 0x00000000d5a00000, 0x00000000daf60000)
  from space 21824K,  43% used [0x00000000daf60000, 0x00000000db89b0a0, 0x00000000dc4b0000)
  to   space 21824K,   0% used [0x00000000dc4b0000, 0x00000000dc4b0000, 0x00000000dda00000)
 concurrent mark-sweep generation total 393216K, used 167975K [0x00000000dda00000, 0x00000000f5a00000, 0x00000000f5a00000)
 concurrent-mark-sweep perm gen total 58312K, used 35595K [0x00000000f5a00000, 0x00000000f92f2000, 0x0000000100000000)
}
2015-03-18T13:26:45.569-0400: 508107.745: Total time for which application threads were stopped: 0.0106710 seconds
{Heap before GC invocations=509 (full 2):
 par new generation   total 109248K, used 96858K [0x00000000d5a00000, 0x00000000dda00000, 0x00000000dda00000)
  eden space 87424K,  99% used [0x00000000d5a00000, 0x00000000daf5ba30, 0x00000000daf60000)
  from space 21824K,  43% used [0x00000000daf60000, 0x00000000db89b0a0, 0x00000000dc4b0000)
  to   space 21824K,   0% used [0x00000000dc4b0000, 0x00000000dc4b0000, 0x00000000dda00000)
 concurrent mark-sweep generation total 393216K, used 167975K [0x00000000dda00000, 0x00000000f5a00000, 0x00000000f5a00000)
 concurrent-mark-sweep perm gen total 58312K, used 35595K [0x00000000f5a00000, 0x00000000f92f2000, 0x0000000100000000)
2015-03-18T13:26:45.599-0400: 508107.775: [GC2015-03-18T13:26:45.600-0400: 508107.775: [ParNew
Desired survivor size 20112992 bytes, new threshold 8 (max 8)
- age   1:    1242304 bytes,    1242304 total
- age   2:     397976 bytes,    1640280 total
- age   3:     822800 bytes,    2463080 total
- age   4:     875224 bytes,    3338304 total
- age   5:     556872 bytes,    3895176 total
- age   6:      87232 bytes,    3982408 total
- age   7:    1946712 bytes,    5929120 total
- age   8:     269504 bytes,    6198624 total
: 96858K->7966K(109248K), 0.0092810 secs] 264833K->176046K(502464K), 0.0094570 secs] [Times: user=0.03 sys=0.00, real=0.01 secs] 
Heap after GC invocations=510 (full 2):
 par new generation   total 109248K, used 7966K [0x00000000d5a00000, 0x00000000dda00000, 0x00000000dda00000)
  eden space 87424K,   0% used [0x00000000d5a00000, 0x00000000d5a00000, 0x00000000daf60000)
  from space 21824K,  36% used [0x00000000dc4b0000, 0x00000000dcc77ae0, 0x00000000dda00000)
  to   space 21824K,   0% used [0x00000000daf60000, 0x00000000daf60000, 0x00000000dc4b0000)
 concurrent mark-sweep generation total 393216K, used 168080K [0x00000000dda00000, 0x00000000f5a00000, 0x00000000f5a00000)
 concurrent-mark-sweep perm gen total 58312K, used 35595K [0x00000000f5a00000, 0x00000000f92f2000, 0x0000000100000000)
}
2015-03-18T13:26:45.609-0400: 508107.785: Total time for which application threads were stopped: 0.0101930 seconds
{Heap before GC invocations=510 (full 2):
 par new generation   total 109248K, used 95390K [0x00000000d5a00000, 0x00000000dda00000, 0x00000000dda00000)
  eden space 87424K, 100% used [0x00000000d5a00000, 0x00000000daf60000, 0x00000000daf60000)
  from space 21824K,  36% used [0x00000000dc4b0000, 0x00000000dcc77ae0, 0x00000000dda00000)
  to   space 21824K,   0% used [0x00000000daf60000, 0x00000000daf60000, 0x00000000dc4b0000)
 concurrent mark-sweep generation total 393216K, used 168080K [0x00000000dda00000, 0x00000000f5a00000, 0x00000000f5a00000)
 concurrent-mark-sweep perm gen total 58312K, used 35595K [0x00000000f5a00000, 0x00000000f92f2000, 0x0000000100000000)
2015-03-18T13:26:45.641-0400: 508107.816: [GC2015-03-18T13:26:45.641-0400: 508107.816: [ParNew
Desired survivor size 20112992 bytes, new threshold 8 (max 8)
- age   1:    1376112 bytes,    1376112 total
- age   2:     416912 bytes,    1793024 total
- age   3:     397760 bytes,    2190784 total
- age   4:     822456 bytes,    3013240 total
- age   5:     874960 bytes,    3888200 total
- age   6:     556656 bytes,    4444856 total
- age   7:      86056 bytes,    4530912 total
- age   8:    1946496 bytes,    6477408 total
: 95390K->7514K(109248K), 0.0097700 secs] 263470K->175861K(502464K), 0.0099300 secs] [Times: user=0.03 sys=0.00, real=0.01 secs] 
Heap after GC invocations=511 (full 2):
 par new generation   total 109248K, used 7514K [0x00000000d5a00000, 0x00000000dda00000, 0x00000000dda00000)
  eden space 87424K,   0% used [0x00000000d5a00000, 0x00000000d5a00000, 0x00000000daf60000)
  from space 21824K,  34% used [0x00000000daf60000, 0x00000000db6b6a70, 0x00000000dc4b0000)
  to   space 21824K,   0% used [0x00000000dc4b0000, 0x00000000dc4b0000, 0x00000000dda00000)
 concurrent mark-sweep generation total 393216K, used 168346K [0x00000000dda00000, 0x00000000f5a00000, 0x00000000f5a00000)
 concurrent-mark-sweep perm gen total 58312K, used 35595K [0x00000000f5a00000, 0x00000000f92f2000, 0x0000000100000000)
}
2015-03-18T13:26:45.651-0400: 508107.826: Total time for which application threads were stopped: 0.0109460 seconds
{Heap before GC invocations=511 (full 2):
 par new generation   total 109248K, used 94938K [0x00000000d5a00000, 0x00000000dda00000, 0x00000000dda00000)
  eden space 87424K, 100% used [0x00000000d5a00000, 0x00000000daf60000, 0x00000000daf60000)
  from space 21824K,  34% used [0x00000000daf60000, 0x00000000db6b6a70, 0x00000000dc4b0000)
  to   space 21824K,   0% used [0x00000000dc4b0000, 0x00000000dc4b0000, 0x00000000dda00000)
 concurrent mark-sweep generation total 393216K, used 168346K [0x00000000dda00000, 0x00000000f5a00000, 0x00000000f5a00000)
 concurrent-mark-sweep perm gen total 58312K, used 35595K [0x00000000f5a00000, 0x00000000f92f2000, 0x0000000100000000)
2015-03-18T13:26:45.683-0400: 508107.858: [GC2015-03-18T13:26:45.683-0400: 508107.858: [ParNew
Desired survivor size 20112992 bytes, new threshold 8 (max 8)
- age   1:    2438888 bytes,    2438888 total
- age   2:     586480 bytes,    3025368 total
- age   3:     416496 bytes,    3441864 total
- age   4:     397760 bytes,    3839624 total
- age   5:     822304 bytes,    4661928 total
- age   6:     874960 bytes,    5536888 total
- age   7:     556656 bytes,    6093544 total
- age   8:      86056 bytes,    6179600 total
: 94938K->9617K(109248K), 0.0117200 secs] 263285K->179868K(502464K), 0.0119030 secs] [Times: user=0.04 sys=0.00, real=0.01 secs] 
Heap after GC invocations=512 (full 2):
 par new generation   total 109248K, used 9617K [0x00000000d5a00000, 0x00000000dda00000, 0x00000000dda00000)
  eden space 87424K,   0% used [0x00000000d5a00000, 0x00000000d5a00000, 0x00000000daf60000)
  from space 21824K,  44% used [0x00000000dc4b0000, 0x00000000dce145d0, 0x00000000dda00000)
  to   space 21824K,   0% used [0x00000000daf60000, 0x00000000daf60000, 0x00000000dc4b0000)
 concurrent mark-sweep generation total 393216K, used 170250K [0x00000000dda00000, 0x00000000f5a00000, 0x00000000f5a00000)
 concurrent-mark-sweep perm gen total 58312K, used 35595K [0x00000000f5a00000, 0x00000000f92f2000, 0x0000000100000000)
}
2015-03-18T13:26:45.695-0400: 508107.870: Total time for which application threads were stopped: 0.0126520 seconds
{Heap before GC invocations=512 (full 2):
 par new generation   total 109248K, used 97041K [0x00000000d5a00000, 0x00000000dda00000, 0x00000000dda00000)
  eden space 87424K, 100% used [0x00000000d5a00000, 0x00000000daf60000, 0x00000000daf60000)
  from space 21824K,  44% used [0x00000000dc4b0000, 0x00000000dce145d0, 0x00000000dda00000)
  to   space 21824K,   0% used [0x00000000daf60000, 0x00000000daf60000, 0x00000000dc4b0000)
 concurrent mark-sweep generation total 393216K, used 170250K [0x00000000dda00000, 0x00000000f5a00000, 0x00000000f5a00000)
 concurrent-mark-sweep perm gen total 58312K, used 35595K [0x00000000f5a00000, 0x00000000f92f2000, 0x0000000100000000)
2015-03-18T13:26:45.723-0400: 508107.898: [GC2015-03-18T13:26:45.723-0400: 508107.898: [ParNew
Desired survivor size 20112992 bytes, new threshold 8 (max 8)
- age   1:    2062600 bytes,    2062600 total
- age   2:    1542752 bytes,    3605352 total
- age   3:     586096 bytes,    4191448 total
- age   4:     416456 bytes,    4607904 total
- age   5:     397760 bytes,    5005664 total
- age   6:     822304 bytes,    5827968 total
- age   7:     874984 bytes,    6702952 total
- age   8:     556656 bytes,    7259608 total
: 97041K->8647K(109248K), 0.0104920 secs] 267292K->178985K(502464K), 0.0106520 secs] [Times: user=0.04 sys=0.00, real=0.01 secs] 
Heap after GC invocations=513 (full 2):
 par new generation   total 109248K, used 8647K [0x00000000d5a00000, 0x00000000dda00000, 0x00000000dda00000)
  eden space 87424K,   0% used [0x00000000d5a00000, 0x00000000d5a00000, 0x00000000daf60000)
  from space 21824K,  39% used [0x00000000daf60000, 0x00000000db7d1f20, 0x00000000dc4b0000)
  to   space 21824K,   0% used [0x00000000dc4b0000, 0x00000000dc4b0000, 0x00000000dda00000)
 concurrent mark-sweep generation total 393216K, used 170337K [0x00000000dda00000, 0x00000000f5a00000, 0x00000000f5a00000)
 concurrent-mark-sweep perm gen total 58312K, used 35595K [0x00000000f5a00000, 0x00000000f92f2000, 0x0000000100000000)
}
2015-03-18T13:26:45.733-0400: 508107.909: Total time for which application threads were stopped: 0.0113640 seconds
{Heap before GC invocations=513 (full 2):
 par new generation   total 109248K, used 96071K [0x00000000d5a00000, 0x00000000dda00000, 0x00000000dda00000)
  eden space 87424K, 100% used [0x00000000d5a00000, 0x00000000daf60000, 0x00000000daf60000)
  from space 21824K,  39% used [0x00000000daf60000, 0x00000000db7d1f20, 0x00000000dc4b0000)
  to   space 21824K,   0% used [0x00000000dc4b0000, 0x00000000dc4b0000, 0x00000000dda00000)
 concurrent mark-sweep generation total 393216K, used 170337K [0x00000000dda00000, 0x00000000f5a00000, 0x00000000f5a00000)
 concurrent-mark-sweep perm gen total 58312K, used 35595K [0x00000000f5a00000, 0x00000000f92f2000, 0x0000000100000000)
2015-03-18T13:26:45.769-0400: 508107.945: [GC2015-03-18T13:26:45.769-0400: 508107.945: [ParNew
Desired survivor size 20112992 bytes, new threshold 8 (max 8)
- age   1:     875728 bytes,     875728 total
- age   2:     965728 bytes,    1841456 total
- age   3:    1542752 bytes,    3384208 total
- age   4:     585880 bytes,    3970088 total
- age   5:     416240 bytes,    4386328 total
- age   6:     397488 bytes,    4783816 total
- age   7:     822032 bytes,    5605848 total
- age   8:     874960 bytes,    6480808 total
: 96071K->10566K(109248K), 0.0114210 secs] 266409K->181449K(502464K), 0.0116270 secs] [Times: user=0.06 sys=0.00, real=0.02 secs] 
Heap after GC invocations=514 (full 2):
 par new generation   total 109248K, used 10566K [0x00000000d5a00000, 0x00000000dda00000, 0x00000000dda00000)
  eden space 87424K,   0% used [0x00000000d5a00000, 0x00000000d5a00000, 0x00000000daf60000)
  from space 21824K,  48% used [0x00000000dc4b0000, 0x00000000dcf01840, 0x00000000dda00000)
  to   space 21824K,   0% used [0x00000000daf60000, 0x00000000daf60000, 0x00000000dc4b0000)
 concurrent mark-sweep generation total 393216K, used 170883K [0x00000000dda00000, 0x00000000f5a00000, 0x00000000f5a00000)
 concurrent-mark-sweep perm gen total 58312K, used 35595K [0x00000000f5a00000, 0x00000000f92f2000, 0x0000000100000000)
}
2015-03-18T13:26:45.781-0400: 508107.956: Total time for which application threads were stopped: 0.0123470 seconds
{Heap before GC invocations=514 (full 2):
 par new generation   total 109248K, used 97990K [0x00000000d5a00000, 0x00000000dda00000, 0x00000000dda00000)
  eden space 87424K, 100% used [0x00000000d5a00000, 0x00000000daf60000, 0x00000000daf60000)
  from space 21824K,  48% used [0x00000000dc4b0000, 0x00000000dcf01840, 0x00000000dda00000)
  to   space 21824K,   0% used [0x00000000daf60000, 0x00000000daf60000, 0x00000000dc4b0000)
 concurrent mark-sweep generation total 393216K, used 170883K [0x00000000dda00000, 0x00000000f5a00000, 0x00000000f5a00000)
 concurrent-mark-sweep perm gen total 58312K, used 35595K [0x00000000f5a00000, 0x00000000f92f2000, 0x0000000100000000)
2015-03-18T13:26:45.819-0400: 508107.995: [GC2015-03-18T13:26:45.819-0400: 508107.995: [ParNew
Desired survivor size 20112992 bytes, new threshold 8 (max 8)
- age   1:    3683320 bytes,    3683320 total
- age   2:     155168 bytes,    3838488 total
- age   3:     767528 bytes,    4606016 total
- age   4:    1542560 bytes,    6148576 total
- age   5:     585880 bytes,    6734456 total
- age   6:     416200 bytes,    7150656 total
- age   7:     397488 bytes,    7548144 total
- age   8:     822032 bytes,    8370176 total
: 97990K->10047K(109248K), 0.0127210 secs] 268873K->181788K(502464K), 0.0128810 secs] [Times: user=0.04 sys=0.00, real=0.02 secs] 
Heap after GC invocations=515 (full 2):
 par new generation   total 109248K, used 10047K [0x00000000d5a00000, 0x00000000dda00000, 0x00000000dda00000)
  eden space 87424K,   0% used [0x00000000d5a00000, 0x00000000d5a00000, 0x00000000daf60000)
  from space 21824K,  46% used [0x00000000daf60000, 0x00000000db92ff88, 0x00000000dc4b0000)
  to   space 21824K,   0% used [0x00000000dc4b0000, 0x00000000dc4b0000, 0x00000000dda00000)
 concurrent mark-sweep generation total 393216K, used 171740K [0x00000000dda00000, 0x00000000f5a00000, 0x00000000f5a00000)
 concurrent-mark-sweep perm gen total 58312K, used 35595K [0x00000000f5a00000, 0x00000000f92f2000, 0x0000000100000000)
}
2015-03-18T13:26:45.832-0400: 508108.008: Total time for which application threads were stopped: 0.0137510 seconds
{Heap before GC invocations=515 (full 2):
 par new generation   total 109248K, used 97471K [0x00000000d5a00000, 0x00000000dda00000, 0x00000000dda00000)
  eden space 87424K, 100% used [0x00000000d5a00000, 0x00000000daf60000, 0x00000000daf60000)
  from space 21824K,  46% used [0x00000000daf60000, 0x00000000db92ff88, 0x00000000dc4b0000)
  to   space 21824K,   0% used [0x00000000dc4b0000, 0x00000000dc4b0000, 0x00000000dda00000)
 concurrent mark-sweep generation total 393216K, used 171740K [0x00000000dda00000, 0x00000000f5a00000, 0x00000000f5a00000)
 concurrent-mark-sweep perm gen total 58312K, used 35595K [0x00000000f5a00000, 0x00000000f92f2000, 0x0000000100000000)
2015-03-18T13:26:45.873-0400: 508108.049: [GC2015-03-18T13:26:45.874-0400: 508108.049: [ParNew
Desired survivor size 20112992 bytes, new threshold 8 (max 8)
- age   1:    2691800 bytes,    2691800 total
- age   2:    1917144 bytes,    4608944 total
- age   3:     155168 bytes,    4764112 total
- age   4:     767528 bytes,    5531640 total
- age   5:    1542560 bytes,    7074200 total
- age   6:     585880 bytes,    7660080 total
- age   7:     416200 bytes,    8076280 total
- age   8:     397488 bytes,    8473768 total
: 97471K->12081K(109248K), 0.0126700 secs] 269212K->184626K(502464K), 0.0128740 secs] [Times: user=0.05 sys=0.00, real=0.01 secs] 
Heap after GC invocations=516 (full 2):
 par new generation   total 109248K, used 12081K [0x00000000d5a00000, 0x00000000dda00000, 0x00000000dda00000)
  eden space 87424K,   0% used [0x00000000d5a00000, 0x00000000d5a00000, 0x00000000daf60000)
  from space 21824K,  55% used [0x00000000dc4b0000, 0x00000000dd07c448, 0x00000000dda00000)
  to   space 21824K,   0% used [0x00000000daf60000, 0x00000000daf60000, 0x00000000dc4b0000)
 concurrent mark-sweep generation total 393216K, used 172545K [0x00000000dda00000, 0x00000000f5a00000, 0x00000000f5a00000)
 concurrent-mark-sweep perm gen total 58312K, used 35595K [0x00000000f5a00000, 0x00000000f92f2000, 0x0000000100000000)
}
2015-03-18T13:26:45.887-0400: 508108.062: Total time for which application threads were stopped: 0.0136040 seconds
{Heap before GC invocations=516 (full 2):
 par new generation   total 109248K, used 99505K [0x00000000d5a00000, 0x00000000dda00000, 0x00000000dda00000)
  eden space 87424K, 100% used [0x00000000d5a00000, 0x00000000daf60000, 0x00000000daf60000)
  from space 21824K,  55% used [0x00000000dc4b0000, 0x00000000dd07c448, 0x00000000dda00000)
  to   space 21824K,   0% used [0x00000000daf60000, 0x00000000daf60000, 0x00000000dc4b0000)
 concurrent mark-sweep generation total 393216K, used 172545K [0x00000000dda00000, 0x00000000f5a00000, 0x00000000f5a00000)
 concurrent-mark-sweep perm gen total 58312K, used 35595K [0x00000000f5a00000, 0x00000000f92f2000, 0x0000000100000000)
2015-03-18T13:26:45.928-0400: 508108.104: [GC2015-03-18T13:26:45.928-0400: 508108.104: [ParNew
Desired survivor size 20112992 bytes, new threshold 8 (max 8)
- age   1:    1104936 bytes,    1104936 total
- age   2:    1127536 bytes,    2232472 total
- age   3:    1916736 bytes,    4149208 total
- age   4:     155168 bytes,    4304376 total
- age   5:     767096 bytes,    5071472 total
- age   6:    1542016 bytes,    6613488 total
- age   7:     585880 bytes,    7199368 total
- age   8:     416200 bytes,    7615568 total
: 99505K->9658K(109248K), 0.0112870 secs] 272050K->182594K(502464K), 0.0114560 secs] [Times: user=0.04 sys=0.00, real=0.01 secs] 
Heap after GC invocations=517 (full 2):
 par new generation   total 109248K, used 9658K [0x00000000d5a00000, 0x00000000dda00000, 0x00000000dda00000)
  eden space 87424K,   0% used [0x00000000d5a00000, 0x00000000d5a00000, 0x00000000daf60000)
  from space 21824K,  44% used [0x00000000daf60000, 0x00000000db8ce880, 0x00000000dc4b0000)
  to   space 21824K,   0% used [0x00000000dc4b0000, 0x00000000dc4b0000, 0x00000000dda00000)
 concurrent mark-sweep generation total 393216K, used 172935K [0x00000000dda00000, 0x00000000f5a00000, 0x00000000f5a00000)
 concurrent-mark-sweep perm gen total 58312K, used 35595K [0x00000000f5a00000, 0x00000000f92f2000, 0x0000000100000000)
}
2015-03-18T13:26:45.940-0400: 508108.115: Total time for which application threads were stopped: 0.0121950 seconds
{Heap before GC invocations=517 (full 2):
 par new generation   total 109248K, used 97082K [0x00000000d5a00000, 0x00000000dda00000, 0x00000000dda00000)
  eden space 87424K, 100% used [0x00000000d5a00000, 0x00000000daf60000, 0x00000000daf60000)
  from space 21824K,  44% used [0x00000000daf60000, 0x00000000db8ce880, 0x00000000dc4b0000)
  to   space 21824K,   0% used [0x00000000dc4b0000, 0x00000000dc4b0000, 0x00000000dda00000)
 concurrent mark-sweep generation total 393216K, used 172935K [0x00000000dda00000, 0x00000000f5a00000, 0x00000000f5a00000)
 concurrent-mark-sweep perm gen total 58312K, used 35595K [0x00000000f5a00000, 0x00000000f92f2000, 0x0000000100000000)
2015-03-18T13:26:45.980-0400: 508108.156: [GC2015-03-18T13:26:45.980-0400: 508108.156: [ParNew
Desired survivor size 20112992 bytes, new threshold 8 (max 8)
- age   1:    1317856 bytes,    1317856 total
- age   2:      65744 bytes,    1383600 total
- age   3:    1127400 bytes,    2511000 total
- age   4:    1916736 bytes,    4427736 total
- age   5:     155168 bytes,    4582904 total
- age   6:     767176 bytes,    5350080 total
- age   7:    1542016 bytes,    6892096 total
- age   8:     585880 bytes,    7477976 total
: 97082K->8991K(109248K), 0.0112030 secs] 270018K->182342K(502464K), 0.0113920 secs] [Times: user=0.04 sys=0.00, real=0.01 secs] 
Heap after GC invocations=518 (full 2):
 par new generation   total 109248K, used 8991K [0x00000000d5a00000, 0x00000000dda00000, 0x00000000dda00000)
  eden space 87424K,   0% used [0x00000000d5a00000, 0x00000000d5a00000, 0x00000000daf60000)
  from space 21824K,  41% used [0x00000000dc4b0000, 0x00000000dcd77db0, 0x00000000dda00000)
  to   space 21824K,   0% used [0x00000000daf60000, 0x00000000daf60000, 0x00000000dc4b0000)
 concurrent mark-sweep generation total 393216K, used 173350K [0x00000000dda00000, 0x00000000f5a00000, 0x00000000f5a00000)
 concurrent-mark-sweep perm gen total 58312K, used 35595K [0x00000000f5a00000, 0x00000000f92f2000, 0x0000000100000000)
}
2015-03-18T13:26:45.992-0400: 508108.167: Total time for which application threads were stopped: 0.0120900 seconds
{Heap before GC invocations=518 (full 2):
 par new generation   total 109248K, used 96415K [0x00000000d5a00000, 0x00000000dda00000, 0x00000000dda00000)
  eden space 87424K, 100% used [0x00000000d5a00000, 0x00000000daf60000, 0x00000000daf60000)
  from space 21824K,  41% used [0x00000000dc4b0000, 0x00000000dcd77db0, 0x00000000dda00000)
  to   space 21824K,   0% used [0x00000000daf60000, 0x00000000daf60000, 0x00000000dc4b0000)
 concurrent mark-sweep generation total 393216K, used 173350K [0x00000000dda00000, 0x00000000f5a00000, 0x00000000f5a00000)
 concurrent-mark-sweep perm gen total 58312K, used 35595K [0x00000000f5a00000, 0x00000000f92f2000, 0x0000000100000000)
2015-03-18T13:26:46.028-0400: 508108.204: [GC2015-03-18T13:26:46.028-0400: 508108.204: [ParNew
Desired survivor size 20112992 bytes, new threshold 8 (max 8)
- age   1:    1427264 bytes,    1427264 total
- age   2:      50448 bytes,    1477712 total
- age   3:      65248 bytes,    1542960 total
- age   4:    1127144 bytes,    2670104 total
- age   5:    1916504 bytes,    4586608 total
- age   6:     154256 bytes,    4740864 total
- age   7:     766928 bytes,    5507792 total
- age   8:    1541776 bytes,    7049568 total
: 96415K->9714K(109248K), 0.0114240 secs] 269766K->183640K(502464K), 0.0116000 secs] [Times: user=0.04 sys=0.00, real=0.01 secs] 
Heap after GC invocations=519 (full 2):
 par new generation   total 109248K, used 9714K [0x00000000d5a00000, 0x00000000dda00000, 0x00000000dda00000)
  eden space 87424K,   0% used [0x00000000d5a00000, 0x00000000d5a00000, 0x00000000daf60000)
  from space 21824K,  44% used [0x00000000daf60000, 0x00000000db8dc860, 0x00000000dc4b0000)
  to   space 21824K,   0% used [0x00000000dc4b0000, 0x00000000dc4b0000, 0x00000000dda00000)
 concurrent mark-sweep generation total 393216K, used 173926K [0x00000000dda00000, 0x00000000f5a00000, 0x00000000f5a00000)
 concurrent-mark-sweep perm gen total 58312K, used 35595K [0x00000000f5a00000, 0x00000000f92f2000, 0x0000000100000000)
}
2015-03-18T13:26:46.040-0400: 508108.215: Total time for which application threads were stopped: 0.0123080 seconds
{Heap before GC invocations=519 (full 2):
 par new generation   total 109248K, used 97138K [0x00000000d5a00000, 0x00000000dda00000, 0x00000000dda00000)
  eden space 87424K, 100% used [0x00000000d5a00000, 0x00000000daf60000, 0x00000000daf60000)
  from space 21824K,  44% used [0x00000000daf60000, 0x00000000db8dc860, 0x00000000dc4b0000)
  to   space 21824K,   0% used [0x00000000dc4b0000, 0x00000000dc4b0000, 0x00000000dda00000)
 concurrent mark-sweep generation total 393216K, used 173926K [0x00000000dda00000, 0x00000000f5a00000, 0x00000000f5a00000)
 concurrent-mark-sweep perm gen total 58312K, used 35595K [0x00000000f5a00000, 0x00000000f92f2000, 0x0000000100000000)
2015-03-18T13:26:46.075-0400: 508108.251: [GC2015-03-18T13:26:46.075-0400: 508108.251: [ParNew
Desired survivor size 20112992 bytes, new threshold 8 (max 8)
- age   1:    1895072 bytes,    1895072 total
- age   2:     148152 bytes,    2043224 total
- age   3:      50448 bytes,    2093672 total
- age   4:      64960 bytes,    2158632 total
- age   5:    1127144 bytes,    3285776 total
- age   6:    1916504 bytes,    5202280 total
- age   7:     154256 bytes,    5356536 total
- age   8:     766928 bytes,    6123464 total
: 97138K->8401K(109248K), 0.0115040 secs] 271064K->183835K(502464K), 0.0116940 secs] [Times: user=0.04 sys=0.00, real=0.01 secs] 
Heap after GC invocations=520 (full 2):
 par new generation   total 109248K, used 8401K [0x00000000d5a00000, 0x00000000dda00000, 0x00000000dda00000)
  eden space 87424K,   0% used [0x00000000d5a00000, 0x00000000d5a00000, 0x00000000daf60000)
  from space 21824K,  38% used [0x00000000dc4b0000, 0x00000000dcce4540, 0x00000000dda00000)
  to   space 21824K,   0% used [0x00000000daf60000, 0x00000000daf60000, 0x00000000dc4b0000)
 concurrent mark-sweep generation total 393216K, used 175434K [0x00000000dda00000, 0x00000000f5a00000, 0x00000000f5a00000)
 concurrent-mark-sweep perm gen total 58312K, used 35595K [0x00000000f5a00000, 0x00000000f92f2000, 0x0000000100000000)
}
2015-03-18T13:26:46.087-0400: 508108.263: Total time for which application threads were stopped: 0.0124270 seconds
{Heap before GC invocations=520 (full 2):
 par new generation   total 109248K, used 95825K [0x00000000d5a00000, 0x00000000dda00000, 0x00000000dda00000)
  eden space 87424K, 100% used [0x00000000d5a00000, 0x00000000daf60000, 0x00000000daf60000)
  from space 21824K,  38% used [0x00000000dc4b0000, 0x00000000dcce4540, 0x00000000dda00000)
  to   space 21824K,   0% used [0x00000000daf60000, 0x00000000daf60000, 0x00000000dc4b0000)
 concurrent mark-sweep generation total 393216K, used 175434K [0x00000000dda00000, 0x00000000f5a00000, 0x00000000f5a00000)
 concurrent-mark-sweep perm gen total 58312K, used 35595K [0x00000000f5a00000, 0x00000000f92f2000, 0x0000000100000000)
2015-03-18T13:26:46.123-0400: 508108.298: [GC2015-03-18T13:26:46.123-0400: 508108.298: [ParNew
Desired survivor size 20112992 bytes, new threshold 8 (max 8)
- age   1:    1419144 bytes,    1419144 total
- age   2:     717904 bytes,    2137048 total
- age   3:     147512 bytes,    2284560 total
- age   4:      50304 bytes,    2334864 total
- age   5:      64960 bytes,    2399824 total
- age   6:    1127144 bytes,    3526968 total
- age   7:    1916288 bytes,    5443256 total
- age   8:     153984 bytes,    5597240 total
: 95825K->7408K(109248K), 0.0102900 secs] 271259K->183605K(502464K), 0.0104450 secs] [Times: user=0.04 sys=0.00, real=0.01 secs] 
Heap after GC invocations=521 (full 2):
 par new generation   total 109248K, used 7408K [0x00000000d5a00000, 0x00000000dda00000, 0x00000000dda00000)
  eden space 87424K,   0% used [0x00000000d5a00000, 0x00000000d5a00000, 0x00000000daf60000)
  from space 21824K,  33% used [0x00000000daf60000, 0x00000000db69c1e8, 0x00000000dc4b0000)
  to   space 21824K,   0% used [0x00000000dc4b0000, 0x00000000dc4b0000, 0x00000000dda00000)
 concurrent mark-sweep generation total 393216K, used 176196K [0x00000000dda00000, 0x00000000f5a00000, 0x00000000f5a00000)
 concurrent-mark-sweep perm gen total 58312K, used 35595K [0x00000000f5a00000, 0x00000000f92f2000, 0x0000000100000000)
}
2015-03-18T13:26:46.133-0400: 508108.309: Total time for which application threads were stopped: 0.0111610 seconds
{Heap before GC invocations=521 (full 2):
 par new generation   total 109248K, used 94832K [0x00000000d5a00000, 0x00000000dda00000, 0x00000000dda00000)
  eden space 87424K, 100% used [0x00000000d5a00000, 0x00000000daf60000, 0x00000000daf60000)
  from space 21824K,  33% used [0x00000000daf60000, 0x00000000db69c1e8, 0x00000000dc4b0000)
  to   space 21824K,   0% used [0x00000000dc4b0000, 0x00000000dc4b0000, 0x00000000dda00000)
 concurrent mark-sweep generation total 393216K, used 176196K [0x00000000dda00000, 0x00000000f5a00000, 0x00000000f5a00000)
 concurrent-mark-sweep perm gen total 58312K, used 35595K [0x00000000f5a00000, 0x00000000f92f2000, 0x0000000100000000)
2015-03-18T13:26:46.171-0400: 508108.346: [GC2015-03-18T13:26:46.171-0400: 508108.346: [ParNew
Desired survivor size 20112992 bytes, new threshold 8 (max 8)
- age   1:    1028560 bytes,    1028560 total
- age   2:     574280 bytes,    1602840 total
- age   3:     717528 bytes,    2320368 total
- age   4:     147440 bytes,    2467808 total
- age   5:      50208 bytes,    2518016 total
- age   6:      64576 bytes,    2582592 total
- age   7:    1127072 bytes,    3709664 total
- age   8:    1916272 bytes,    5625936 total
: 94832K->6464K(109248K), 0.0091420 secs] 271029K->182818K(502464K), 0.0093170 secs] [Times: user=0.03 sys=0.00, real=0.00 secs] 
Heap after GC invocations=522 (full 2):
 par new generation   total 109248K, used 6464K [0x00000000d5a00000, 0x00000000dda00000, 0x00000000dda00000)
  eden space 87424K,   0% used [0x00000000d5a00000, 0x00000000d5a00000, 0x00000000daf60000)
  from space 21824K,  29% used [0x00000000dc4b0000, 0x00000000dcb00070, 0x00000000dda00000)
  to   space 21824K,   0% used [0x00000000daf60000, 0x00000000daf60000, 0x00000000dc4b0000)
 concurrent mark-sweep generation total 393216K, used 176354K [0x00000000dda00000, 0x00000000f5a00000, 0x00000000f5a00000)
 concurrent-mark-sweep perm gen total 58312K, used 35595K [0x00000000f5a00000, 0x00000000f92f2000, 0x0000000100000000)
}
2015-03-18T13:26:46.180-0400: 508108.356: Total time for which application threads were stopped: 0.0100530 seconds
{Heap before GC invocations=522 (full 2):
 par new generation   total 109248K, used 93888K [0x00000000d5a00000, 0x00000000dda00000, 0x00000000dda00000)
  eden space 87424K, 100% used [0x00000000d5a00000, 0x00000000daf60000, 0x00000000daf60000)
  from space 21824K,  29% used [0x00000000dc4b0000, 0x00000000dcb00070, 0x00000000dda00000)
  to   space 21824K,   0% used [0x00000000daf60000, 0x00000000daf60000, 0x00000000dc4b0000)
 concurrent mark-sweep generation total 393216K, used 176354K [0x00000000dda00000, 0x00000000f5a00000, 0x00000000f5a00000)
 concurrent-mark-sweep perm gen total 58312K, used 35596K [0x00000000f5a00000, 0x00000000f92f2000, 0x0000000100000000)
2015-03-18T13:26:46.213-0400: 508108.389: [GC2015-03-18T13:26:46.214-0400: 508108.389: [ParNew
Desired survivor size 20112992 bytes, new threshold 8 (max 8)
- age   1:    3042040 bytes,    3042040 total
- age   2:     162544 bytes,    3204584 total
- age   3:     371648 bytes,    3576232 total
- age   4:     717456 bytes,    4293688 total
- age   5:     147368 bytes,    4441056 total
- age   6:      50136 bytes,    4491192 total
- age   7:      64192 bytes,    4555384 total
- age   8:    1126872 bytes,    5682256 total
: 93888K->8467K(109248K), 0.0124680 secs] 270242K->186701K(502464K), 0.0126350 secs] [Times: user=0.06 sys=0.00, real=0.01 secs] 
Heap after GC invocations=523 (full 2):
 par new generation   total 109248K, used 8467K [0x00000000d5a00000, 0x00000000dda00000, 0x00000000dda00000)
  eden space 87424K,   0% used [0x00000000d5a00000, 0x00000000d5a00000, 0x00000000daf60000)
  from space 21824K,  38% used [0x00000000daf60000, 0x00000000db7a4f78, 0x00000000dc4b0000)
  to   space 21824K,   0% used [0x00000000dc4b0000, 0x00000000dc4b0000, 0x00000000dda00000)
 concurrent mark-sweep generation total 393216K, used 178233K [0x00000000dda00000, 0x00000000f5a00000, 0x00000000f5a00000)
 concurrent-mark-sweep perm gen total 58312K, used 35596K [0x00000000f5a00000, 0x00000000f92f2000, 0x0000000100000000)
}
2015-03-18T13:26:46.226-0400: 508108.402: Total time for which application threads were stopped: 0.0134580 seconds
{Heap before GC invocations=523 (full 2):
 par new generation   total 109248K, used 95891K [0x00000000d5a00000, 0x00000000dda00000, 0x00000000dda00000)
  eden space 87424K, 100% used [0x00000000d5a00000, 0x00000000daf60000, 0x00000000daf60000)
  from space 21824K,  38% used [0x00000000daf60000, 0x00000000db7a4f78, 0x00000000dc4b0000)
  to   space 21824K,   0% used [0x00000000dc4b0000, 0x00000000dc4b0000, 0x00000000dda00000)
 concurrent mark-sweep generation total 393216K, used 178233K [0x00000000dda00000, 0x00000000f5a00000, 0x00000000f5a00000)
 concurrent-mark-sweep perm gen total 58312K, used 35596K [0x00000000f5a00000, 0x00000000f92f2000, 0x0000000100000000)
2015-03-18T13:26:46.262-0400: 508108.437: [GC2015-03-18T13:26:46.262-0400: 508108.437: [ParNew
Desired survivor size 20112992 bytes, new threshold 8 (max 8)
- age   1:    2025224 bytes,    2025224 total
- age   2:    1707464 bytes,    3732688 total
- age   3:     162544 bytes,    3895232 total
- age   4:     371648 bytes,    4266880 total
- age   5:     717456 bytes,    4984336 total
- age   6:     147368 bytes,    5131704 total
- age   7:      50136 bytes,    5181840 total
- age   8:      64192 bytes,    5246032 total
: 95891K->5843K(109248K), 0.0099760 secs] 274125K->185179K(502464K), 0.0101240 secs] [Times: user=0.03 sys=0.00, real=0.01 secs] 
Heap after GC invocations=524 (full 2):
 par new generation   total 109248K, used 5843K [0x00000000d5a00000, 0x00000000dda00000, 0x00000000dda00000)
  eden space 87424K,   0% used [0x00000000d5a00000, 0x00000000d5a00000, 0x00000000daf60000)
  from space 21824K,  26% used [0x00000000dc4b0000, 0x00000000dca64c70, 0x00000000dda00000)
  to   space 21824K,   0% used [0x00000000daf60000, 0x00000000daf60000, 0x00000000dc4b0000)
 concurrent mark-sweep generation total 393216K, used 179336K [0x00000000dda00000, 0x00000000f5a00000, 0x00000000f5a00000)
 concurrent-mark-sweep perm gen total 58312K, used 35596K [0x00000000f5a00000, 0x00000000f92f2000, 0x0000000100000000)
}
2015-03-18T13:26:46.272-0400: 508108.448: Total time for which application threads were stopped: 0.0108370 seconds
{Heap before GC invocations=524 (full 2):
 par new generation   total 109248K, used 93263K [0x00000000d5a00000, 0x00000000dda00000, 0x00000000dda00000)
  eden space 87424K,  99% used [0x00000000d5a00000, 0x00000000daf5f238, 0x00000000daf60000)
  from space 21824K,  26% used [0x00000000dc4b0000, 0x00000000dca64c70, 0x00000000dda00000)
  to   space 21824K,   0% used [0x00000000daf60000, 0x00000000daf60000, 0x00000000dc4b0000)
 concurrent mark-sweep generation total 393216K, used 179336K [0x00000000dda00000, 0x00000000f5a00000, 0x00000000f5a00000)
 concurrent-mark-sweep perm gen total 58312K, used 35596K [0x00000000f5a00000, 0x00000000f92f2000, 0x0000000100000000)
2015-03-18T13:26:46.305-0400: 508108.481: [GC2015-03-18T13:26:46.305-0400: 508108.481: [ParNew
Desired survivor size 20112992 bytes, new threshold 8 (max 8)
- age   1:    1970712 bytes,    1970712 total
- age   2:     600312 bytes,    2571024 total
- age   3:    1707464 bytes,    4278488 total
- age   4:     162544 bytes,    4441032 total
- age   5:     371648 bytes,    4812680 total
- age   6:     717456 bytes,    5530136 total
- age   7:     147368 bytes,    5677504 total
- age   8:      50136 bytes,    5727640 total
: 93263K->8983K(109248K), 0.0085940 secs] 272599K->188383K(502464K), 0.0087700 secs] [Times: user=0.03 sys=0.00, real=0.01 secs] 
Heap after GC invocations=525 (full 2):
 par new generation   total 109248K, used 8983K [0x00000000d5a00000, 0x00000000dda00000, 0x00000000dda00000)
  eden space 87424K,   0% used [0x00000000d5a00000, 0x00000000d5a00000, 0x00000000daf60000)
  from space 21824K,  41% used [0x00000000daf60000, 0x00000000db825c80, 0x00000000dc4b0000)
  to   space 21824K,   0% used [0x00000000dc4b0000, 0x00000000dc4b0000, 0x00000000dda00000)
 concurrent mark-sweep generation total 393216K, used 179400K [0x00000000dda00000, 0x00000000f5a00000, 0x00000000f5a00000)
 concurrent-mark-sweep perm gen total 58312K, used 35596K [0x00000000f5a00000, 0x00000000f92f2000, 0x0000000100000000)
}
2015-03-18T13:26:46.314-0400: 508108.490: Total time for which application threads were stopped: 0.0094830 seconds
{Heap before GC invocations=525 (full 2):
 par new generation   total 109248K, used 96377K [0x00000000d5a00000, 0x00000000dda00000, 0x00000000dda00000)
  eden space 87424K,  99% used [0x00000000d5a00000, 0x00000000daf58830, 0x00000000daf60000)
  from space 21824K,  41% used [0x00000000daf60000, 0x00000000db825c80, 0x00000000dc4b0000)
  to   space 21824K,   0% used [0x00000000dc4b0000, 0x00000000dc4b0000, 0x00000000dda00000)
 concurrent mark-sweep generation total 393216K, used 179400K [0x00000000dda00000, 0x00000000f5a00000, 0x00000000f5a00000)
 concurrent-mark-sweep perm gen total 58312K, used 35596K [0x00000000f5a00000, 0x00000000f92f2000, 0x0000000100000000)
2015-03-18T13:26:46.353-0400: 508108.529: [GC2015-03-18T13:26:46.353-0400: 508108.529: [ParNew
Desired survivor size 20112992 bytes, new threshold 8 (max 8)
- age   1:    1458256 bytes,    1458256 total
- age   2:     369072 bytes,    1827328 total
- age   3:     599224 bytes,    2426552 total
- age   4:    1707464 bytes,    4134016 total
- age   5:     162544 bytes,    4296560 total
- age   6:     371000 bytes,    4667560 total
- age   7:     716912 bytes,    5384472 total
- age   8:     147096 bytes,    5531568 total
: 96377K->6933K(109248K), 0.0085570 secs] 275778K->186385K(502464K), 0.0087230 secs] [Times: user=0.03 sys=0.00, real=0.01 secs] 
Heap after GC invocations=526 (full 2):
 par new generation   total 109248K, used 6933K [0x00000000d5a00000, 0x00000000dda00000, 0x00000000dda00000)
  eden space 87424K,   0% used [0x00000000d5a00000, 0x00000000d5a00000, 0x00000000daf60000)
  from space 21824K,  31% used [0x00000000dc4b0000, 0x00000000dcb75568, 0x00000000dda00000)
  to   space 21824K,   0% used [0x00000000daf60000, 0x00000000daf60000, 0x00000000dc4b0000)
 concurrent mark-sweep generation total 393216K, used 179451K [0x00000000dda00000, 0x00000000f5a00000, 0x00000000f5a00000)
 concurrent-mark-sweep perm gen total 58312K, used 35596K [0x00000000f5a00000, 0x00000000f92f2000, 0x0000000100000000)
}
2015-03-18T13:26:46.362-0400: 508108.538: Total time for which application threads were stopped: 0.0095540 seconds
{Heap before GC invocations=526 (full 2):
 par new generation   total 109248K, used 94341K [0x00000000d5a00000, 0x00000000dda00000, 0x00000000dda00000)
  eden space 87424K,  99% used [0x00000000d5a00000, 0x00000000daf5c290, 0x00000000daf60000)
  from space 21824K,  31% used [0x00000000dc4b0000, 0x00000000dcb75568, 0x00000000dda00000)
  to   space 21824K,   0% used [0x00000000daf60000, 0x00000000daf60000, 0x00000000dc4b0000)
 concurrent mark-sweep generation total 393216K, used 179451K [0x00000000dda00000, 0x00000000f5a00000, 0x00000000f5a00000)
 concurrent-mark-sweep perm gen total 58312K, used 35596K [0x00000000f5a00000, 0x00000000f92f2000, 0x0000000100000000)
2015-03-18T13:26:46.399-0400: 508108.574: [GC2015-03-18T13:26:46.399-0400: 508108.575: [ParNew
Desired survivor size 20112992 bytes, new threshold 8 (max 8)
- age   1:    2691816 bytes,    2691816 total
- age   2:      73856 bytes,    2765672 total
- age   3:     170944 bytes,    2936616 total
- age   4:     599088 bytes,    3535704 total
- age   5:    1707240 bytes,    5242944 total
- age   6:     162016 bytes,    5404960 total
- age   7:     370072 bytes,    5775032 total
- age   8:     716864 bytes,    6491896 total
: 94341K->9363K(109248K), 0.0100650 secs] 273793K->188961K(502464K), 0.0102570 secs] [Times: user=0.04 sys=0.00, real=0.01 secs] 
Heap after GC invocations=527 (full 2):
 par new generation   total 109248K, used 9363K [0x00000000d5a00000, 0x00000000dda00000, 0x00000000dda00000)
  eden space 87424K,   0% used [0x00000000d5a00000, 0x00000000d5a00000, 0x00000000daf60000)
  from space 21824K,  42% used [0x00000000daf60000, 0x00000000db884e40, 0x00000000dc4b0000)
  to   space 21824K,   0% used [0x00000000dc4b0000, 0x00000000dc4b0000, 0x00000000dda00000)
 concurrent mark-sweep generation total 393216K, used 179598K [0x00000000dda00000, 0x00000000f5a00000, 0x00000000f5a00000)
 concurrent-mark-sweep perm gen total 58312K, used 35596K [0x00000000f5a00000, 0x00000000f92f2000, 0x0000000100000000)
}
2015-03-18T13:26:46.409-0400: 508108.585: Total time for which application threads were stopped: 0.0110010 seconds
{Heap before GC invocations=527 (full 2):
 par new generation   total 109248K, used 96787K [0x00000000d5a00000, 0x00000000dda00000, 0x00000000dda00000)
  eden space 87424K, 100% used [0x00000000d5a00000, 0x00000000daf60000, 0x00000000daf60000)
  from space 21824K,  42% used [0x00000000daf60000, 0x00000000db884e40, 0x00000000dc4b0000)
  to   space 21824K,   0% used [0x00000000dc4b0000, 0x00000000dc4b0000, 0x00000000dda00000)
 concurrent mark-sweep generation total 393216K, used 179598K [0x00000000dda00000, 0x00000000f5a00000, 0x00000000f5a00000)
 concurrent-mark-sweep perm gen total 58312K, used 35596K [0x00000000f5a00000, 0x00000000f92f2000, 0x0000000100000000)
2015-03-18T13:26:46.448-0400: 508108.624: [GC2015-03-18T13:26:46.448-0400: 508108.624: [ParNew
Desired survivor size 20112992 bytes, new threshold 8 (max 8)
- age   1:    1852952 bytes,    1852952 total
- age   2:    1480616 bytes,    3333568 total
- age   3:      73856 bytes,    3407424 total
- age   4:     170944 bytes,    3578368 total
- age   5:     599088 bytes,    4177456 total
- age   6:    1707240 bytes,    5884696 total
- age   7:     162016 bytes,    6046712 total
- age   8:     370072 bytes,    6416784 total
: 96787K->7982K(109248K), 0.0104750 secs] 276385K->188282K(502464K), 0.0106380 secs] [Times: user=0.04 sys=0.00, real=0.01 secs] 
Heap after GC invocations=528 (full 2):
 par new generation   total 109248K, used 7982K [0x00000000d5a00000, 0x00000000dda00000, 0x00000000dda00000)
  eden space 87424K,   0% used [0x00000000d5a00000, 0x00000000d5a00000, 0x00000000daf60000)
  from space 21824K,  36% used [0x00000000dc4b0000, 0x00000000dcc7ba98, 0x00000000dda00000)
  to   space 21824K,   0% used [0x00000000daf60000, 0x00000000daf60000, 0x00000000dc4b0000)
 concurrent mark-sweep generation total 393216K, used 180300K [0x00000000dda00000, 0x00000000f5a00000, 0x00000000f5a00000)
 concurrent-mark-sweep perm gen total 58312K, used 35596K [0x00000000f5a00000, 0x00000000f92f2000, 0x0000000100000000)
}
2015-03-18T13:26:46.459-0400: 508108.634: Total time for which application threads were stopped: 0.0113320 seconds
{Heap before GC invocations=528 (full 2):
 par new generation   total 109248K, used 95395K [0x00000000d5a00000, 0x00000000dda00000, 0x00000000dda00000)
  eden space 87424K,  99% used [0x00000000d5a00000, 0x00000000daf5d418, 0x00000000daf60000)
  from space 21824K,  36% used [0x00000000dc4b0000, 0x00000000dcc7ba98, 0x00000000dda00000)
  to   space 21824K,   0% used [0x00000000daf60000, 0x00000000daf60000, 0x00000000dc4b0000)
 concurrent mark-sweep generation total 393216K, used 180300K [0x00000000dda00000, 0x00000000f5a00000, 0x00000000f5a00000)
 concurrent-mark-sweep perm gen total 58312K, used 35596K [0x00000000f5a00000, 0x00000000f92f2000, 0x0000000100000000)
2015-03-18T13:26:46.499-0400: 508108.674: [GC2015-03-18T13:26:46.499-0400: 508108.674: [ParNew
Desired survivor size 20112992 bytes, new threshold 8 (max 8)
- age   1:    1566976 bytes,    1566976 total
- age   2:     743448 bytes,    2310424 total
- age   3:    1480176 bytes,    3790600 total
- age   4:      73856 bytes,    3864456 total
- age   5:     170944 bytes,    4035400 total
- age   6:     599088 bytes,    4634488 total
- age   7:    1707240 bytes,    6341728 total
- age   8:     162016 bytes,    6503744 total
: 95395K->9776K(109248K), 0.0100080 secs] 275695K->190444K(502464K), 0.0101900 secs] [Times: user=0.04 sys=0.00, real=0.01 secs] 
Heap after GC invocations=529 (full 2):
 par new generation   total 109248K, used 9776K [0x00000000d5a00000, 0x00000000dda00000, 0x00000000dda00000)
  eden space 87424K,   0% used [0x00000000d5a00000, 0x00000000d5a00000, 0x00000000daf60000)
  from space 21824K,  44% used [0x00000000daf60000, 0x00000000db8ec378, 0x00000000dc4b0000)
  to   space 21824K,   0% used [0x00000000dc4b0000, 0x00000000dc4b0000, 0x00000000dda00000)
 concurrent mark-sweep generation total 393216K, used 180667K [0x00000000dda00000, 0x00000000f5a00000, 0x00000000f5a00000)
 concurrent-mark-sweep perm gen total 58312K, used 35596K [0x00000000f5a00000, 0x00000000f92f2000, 0x0000000100000000)
}
2015-03-18T13:26:46.509-0400: 508108.684: Total time for which application threads were stopped: 0.0108930 seconds
{Heap before GC invocations=529 (full 2):
 par new generation   total 109248K, used 97200K [0x00000000d5a00000, 0x00000000dda00000, 0x00000000dda00000)
  eden space 87424K, 100% used [0x00000000d5a00000, 0x00000000daf60000, 0x00000000daf60000)
  from space 21824K,  44% used [0x00000000daf60000, 0x00000000db8ec378, 0x00000000dc4b0000)
  to   space 21824K,   0% used [0x00000000dc4b0000, 0x00000000dc4b0000, 0x00000000dda00000)
 concurrent mark-sweep generation total 393216K, used 180667K [0x00000000dda00000, 0x00000000f5a00000, 0x00000000f5a00000)
 concurrent-mark-sweep perm gen total 58312K, used 35596K [0x00000000f5a00000, 0x00000000f92f2000, 0x0000000100000000)
2015-03-18T13:26:46.550-0400: 508108.725: [GC2015-03-18T13:26:46.550-0400: 508108.725: [ParNew
Desired survivor size 20112992 bytes, new threshold 8 (max 8)
- age   1:    1543528 bytes,    1543528 total
- age   2:     107280 bytes,    1650808 total
- age   3:     743448 bytes,    2394256 total
- age   4:    1480176 bytes,    3874432 total
- age   5:      73856 bytes,    3948288 total
- age   6:     170944 bytes,    4119232 total
- age   7:     599088 bytes,    4718320 total
- age   8:    1707240 bytes,    6425560 total
: 97200K->8207K(109248K), 0.0095080 secs] 277868K->189035K(502464K), 0.0096640 secs] [Times: user=0.04 sys=0.00, real=0.01 secs] 
Heap after GC invocations=530 (full 2):
 par new generation   total 109248K, used 8207K [0x00000000d5a00000, 0x00000000dda00000, 0x00000000dda00000)
  eden space 87424K,   0% used [0x00000000d5a00000, 0x00000000d5a00000, 0x00000000daf60000)
  from space 21824K,  37% used [0x00000000dc4b0000, 0x00000000dccb3dd8, 0x00000000dda00000)
  to   space 21824K,   0% used [0x00000000daf60000, 0x00000000daf60000, 0x00000000dc4b0000)
 concurrent mark-sweep generation total 393216K, used 180828K [0x00000000dda00000, 0x00000000f5a00000, 0x00000000f5a00000)
 concurrent-mark-sweep perm gen total 58312K, used 35596K [0x00000000f5a00000, 0x00000000f92f2000, 0x0000000100000000)
}
2015-03-18T13:26:46.559-0400: 508108.735: Total time for which application threads were stopped: 0.0103970 seconds
{Heap before GC invocations=530 (full 2):
 par new generation   total 109248K, used 95631K [0x00000000d5a00000, 0x00000000dda00000, 0x00000000dda00000)
  eden space 87424K, 100% used [0x00000000d5a00000, 0x00000000daf60000, 0x00000000daf60000)
  from space 21824K,  37% used [0x00000000dc4b0000, 0x00000000dccb3dd8, 0x00000000dda00000)
  to   space 21824K,   0% used [0x00000000daf60000, 0x00000000daf60000, 0x00000000dc4b0000)
 concurrent mark-sweep generation total 393216K, used 180828K [0x00000000dda00000, 0x00000000f5a00000, 0x00000000f5a00000)
 concurrent-mark-sweep perm gen total 58312K, used 35596K [0x00000000f5a00000, 0x00000000f92f2000, 0x0000000100000000)
2015-03-18T13:26:46.599-0400: 508108.775: [GC2015-03-18T13:26:46.599-0400: 508108.775: [ParNew
Desired survivor size 20112992 bytes, new threshold 8 (max 8)
- age   1:    1220296 bytes,    1220296 total
- age   2:      69440 bytes,    1289736 total
- age   3:     106896 bytes,    1396632 total
- age   4:     743448 bytes,    2140080 total
- age   5:    1480176 bytes,    3620256 total
- age   6:      73856 bytes,    3694112 total
- age   7:     170944 bytes,    3865056 total
- age   8:     599088 bytes,    4464144 total
: 95631K->6198K(109248K), 0.0103980 secs] 276459K->188697K(502464K), 0.0105730 secs] [Times: user=0.04 sys=0.00, real=0.01 secs] 
Heap after GC invocations=531 (full 2):
 par new generation   total 109248K, used 6198K [0x00000000d5a00000, 0x00000000dda00000, 0x00000000dda00000)
  eden space 87424K,   0% used [0x00000000d5a00000, 0x00000000d5a00000, 0x00000000daf60000)
  from space 21824K,  28% used [0x00000000daf60000, 0x00000000db56da00, 0x00000000dc4b0000)
  to   space 21824K,   0% used [0x00000000dc4b0000, 0x00000000dc4b0000, 0x00000000dda00000)
 concurrent mark-sweep generation total 393216K, used 182498K [0x00000000dda00000, 0x00000000f5a00000, 0x00000000f5a00000)
 concurrent-mark-sweep perm gen total 58312K, used 35596K [0x00000000f5a00000, 0x00000000f92f2000, 0x0000000100000000)
}
2015-03-18T13:26:46.610-0400: 508108.785: Total time for which application threads were stopped: 0.0112610 seconds
2015-03-18T13:26:46.633-0400: 508108.809: Total time for which application threads were stopped: 0.0006900 seconds
2015-03-18T13:26:46.634-0400: 508108.810: Total time for which application threads were stopped: 0.0005030 seconds
2015-03-18T13:26:46.635-0400: 508108.810: Total time for which application threads were stopped: 0.0004040 seconds
2015-03-18T13:26:46.637-0400: 508108.813: Total time for which application threads were stopped: 0.0004830 seconds
{Heap before GC invocations=531 (full 2):
 par new generation   total 109248K, used 93622K [0x00000000d5a00000, 0x00000000dda00000, 0x00000000dda00000)
  eden space 87424K, 100% used [0x00000000d5a00000, 0x00000000daf60000, 0x00000000daf60000)
  from space 21824K,  28% used [0x00000000daf60000, 0x00000000db56da00, 0x00000000dc4b0000)
  to   space 21824K,   0% used [0x00000000dc4b0000, 0x00000000dc4b0000, 0x00000000dda00000)
 concurrent mark-sweep generation total 393216K, used 182498K [0x00000000dda00000, 0x00000000f5a00000, 0x00000000f5a00000)
 concurrent-mark-sweep perm gen total 58312K, used 35596K [0x00000000f5a00000, 0x00000000f92f2000, 0x0000000100000000)
2015-03-18T13:26:46.644-0400: 508108.819: [GC2015-03-18T13:26:46.644-0400: 508108.819: [ParNew
Desired survivor size 20112992 bytes, new threshold 8 (max 8)
- age   1:    2229960 bytes,    2229960 total
- age   2:      54272 bytes,    2284232 total
- age   3:      69224 bytes,    2353456 total
- age   4:     106560 bytes,    2460016 total
- age   5:     743032 bytes,    3203048 total
- age   6:    1479960 bytes,    4683008 total
- age   7:      72632 bytes,    4755640 total
- age   8:     170752 bytes,    4926392 total
: 93622K->5421K(109248K), 0.0108100 secs] 276121K->188507K(502464K), 0.0109730 secs] [Times: user=0.05 sys=0.00, real=0.01 secs] 
Heap after GC invocations=532 (full 2):
 par new generation   total 109248K, used 5421K [0x00000000d5a00000, 0x00000000dda00000, 0x00000000dda00000)
  eden space 87424K,   0% used [0x00000000d5a00000, 0x00000000d5a00000, 0x00000000daf60000)
  from space 21824K,  24% used [0x00000000dc4b0000, 0x00000000dc9fb6a0, 0x00000000dda00000)
  to   space 21824K,   0% used [0x00000000daf60000, 0x00000000daf60000, 0x00000000dc4b0000)
 concurrent mark-sweep generation total 393216K, used 183085K [0x00000000dda00000, 0x00000000f5a00000, 0x00000000f5a00000)
 concurrent-mark-sweep perm gen total 58312K, used 35596K [0x00000000f5a00000, 0x00000000f92f2000, 0x0000000100000000)
}
2015-03-18T13:26:46.655-0400: 508108.830: Total time for which application threads were stopped: 0.0116030 seconds
2015-03-18T13:26:46.667-0400: 508108.843: Total time for which application threads were stopped: 0.0006340 seconds
{Heap before GC invocations=532 (full 2):
 par new generation   total 109248K, used 92845K [0x00000000d5a00000, 0x00000000dda00000, 0x00000000dda00000)
  eden space 87424K, 100% used [0x00000000d5a00000, 0x00000000daf60000, 0x00000000daf60000)
  from space 21824K,  24% used [0x00000000dc4b0000, 0x00000000dc9fb6a0, 0x00000000dda00000)
  to   space 21824K,   0% used [0x00000000daf60000, 0x00000000daf60000, 0x00000000dc4b0000)
 concurrent mark-sweep generation total 393216K, used 183085K [0x00000000dda00000, 0x00000000f5a00000, 0x00000000f5a00000)
 concurrent-mark-sweep perm gen total 58312K, used 35598K [0x00000000f5a00000, 0x00000000f92f2000, 0x0000000100000000)
2015-03-18T13:26:46.684-0400: 508108.860: [GC2015-03-18T13:26:46.684-0400: 508108.860: [ParNew
Desired survivor size 20112992 bytes, new threshold 8 (max 8)
- age   1:    2120680 bytes,    2120680 total
- age   2:     593408 bytes,    2714088 total
- age   3:      53624 bytes,    2767712 total
- age   4:      69152 bytes,    2836864 total
- age   5:     106488 bytes,    2943352 total
- age   6:     742960 bytes,    3686312 total
- age   7:    1479576 bytes,    5165888 total
- age   8:      72560 bytes,    5238448 total
: 92845K->7368K(109248K), 0.0104850 secs] 275931K->190633K(502464K), 0.0106630 secs] [Times: user=0.04 sys=0.00, real=0.01 secs] 
Heap after GC invocations=533 (full 2):
 par new generation   total 109248K, used 7368K [0x00000000d5a00000, 0x00000000dda00000, 0x00000000dda00000)
  eden space 87424K,   0% used [0x00000000d5a00000, 0x00000000d5a00000, 0x00000000daf60000)
  from space 21824K,  33% used [0x00000000daf60000, 0x00000000db692260, 0x00000000dc4b0000)
  to   space 21824K,   0% used [0x00000000dc4b0000, 0x00000000dc4b0000, 0x00000000dda00000)
 concurrent mark-sweep generation total 393216K, used 183265K [0x00000000dda00000, 0x00000000f5a00000, 0x00000000f5a00000)
 concurrent-mark-sweep perm gen total 58312K, used 35598K [0x00000000f5a00000, 0x00000000f92f2000, 0x0000000100000000)
}
2015-03-18T13:26:46.695-0400: 508108.871: Total time for which application threads were stopped: 0.0113360 seconds
{Heap before GC invocations=533 (full 2):
 par new generation   total 109248K, used 94786K [0x00000000d5a00000, 0x00000000dda00000, 0x00000000dda00000)
  eden space 87424K,  99% used [0x00000000d5a00000, 0x00000000daf5e890, 0x00000000daf60000)
  from space 21824K,  33% used [0x00000000daf60000, 0x00000000db692260, 0x00000000dc4b0000)
  to   space 21824K,   0% used [0x00000000dc4b0000, 0x00000000dc4b0000, 0x00000000dda00000)
 concurrent mark-sweep generation total 393216K, used 183265K [0x00000000dda00000, 0x00000000f5a00000, 0x00000000f5a00000)
 concurrent-mark-sweep perm gen total 58312K, used 35600K [0x00000000f5a00000, 0x00000000f92f2000, 0x0000000100000000)
2015-03-18T13:26:46.731-0400: 508108.906: [GC2015-03-18T13:26:46.731-0400: 508108.906: [ParNew
Desired survivor size 20112992 bytes, new threshold 8 (max 8)
- age   1:    3495928 bytes,    3495928 total
- age   2:     901872 bytes,    4397800 total
- age   3:     593320 bytes,    4991120 total
- age   4:      53552 bytes,    5044672 total
- age   5:      69080 bytes,    5113752 total
- age   6:     106008 bytes,    5219760 total
- age   7:     742736 bytes,    5962496 total
- age   8:    1478648 bytes,    7441144 total
: 94786K->8913K(109248K), 0.0119820 secs] 278051K->192250K(502464K), 0.0121520 secs] [Times: user=0.05 sys=0.00, real=0.01 secs] 
Heap after GC invocations=534 (full 2):
 par new generation   total 109248K, used 8913K [0x00000000d5a00000, 0x00000000dda00000, 0x00000000dda00000)
  eden space 87424K,   0% used [0x00000000d5a00000, 0x00000000d5a00000, 0x00000000daf60000)
  from space 21824K,  40% used [0x00000000dc4b0000, 0x00000000dcd64460, 0x00000000dda00000)
  to   space 21824K,   0% used [0x00000000daf60000, 0x00000000daf60000, 0x00000000dc4b0000)
 concurrent mark-sweep generation total 393216K, used 183337K [0x00000000dda00000, 0x00000000f5a00000, 0x00000000f5a00000)
 concurrent-mark-sweep perm gen total 58312K, used 35600K [0x00000000f5a00000, 0x00000000f92f2000, 0x0000000100000000)
}
2015-03-18T13:26:46.743-0400: 508108.918: Total time for which application threads were stopped: 0.0132250 seconds
{Heap before GC invocations=534 (full 2):
 par new generation   total 109248K, used 96337K [0x00000000d5a00000, 0x00000000dda00000, 0x00000000dda00000)
  eden space 87424K, 100% used [0x00000000d5a00000, 0x00000000daf60000, 0x00000000daf60000)
  from space 21824K,  40% used [0x00000000dc4b0000, 0x00000000dcd64460, 0x00000000dda00000)
  to   space 21824K,   0% used [0x00000000daf60000, 0x00000000daf60000, 0x00000000dc4b0000)
 concurrent mark-sweep generation total 393216K, used 183337K [0x00000000dda00000, 0x00000000f5a00000, 0x00000000f5a00000)
 concurrent-mark-sweep perm gen total 58312K, used 35600K [0x00000000f5a00000, 0x00000000f92f2000, 0x0000000100000000)
2015-03-18T13:26:46.781-0400: 508108.956: [GC2015-03-18T13:26:46.781-0400: 508108.956: [ParNew
Desired survivor size 20112992 bytes, new threshold 8 (max 8)
- age   1:    2565336 bytes,    2565336 total
- age   2:    2032368 bytes,    4597704 total
- age   3:     848816 bytes,    5446520 total
- age   4:     586256 bytes,    6032776 total
- age   5:      53552 bytes,    6086328 total
- age   6:      69080 bytes,    6155408 total
- age   7:     106008 bytes,    6261416 total
- age   8:     742736 bytes,    7004152 total
: 96337K->10837K(109248K), 0.0145990 secs] 279674K->195621K(502464K), 0.0147880 secs] [Times: user=0.05 sys=0.00, real=0.01 secs] 
Heap after GC invocations=535 (full 2):
 par new generation   total 109248K, used 10837K [0x00000000d5a00000, 0x00000000dda00000, 0x00000000dda00000)
  eden space 87424K,   0% used [0x00000000d5a00000, 0x00000000d5a00000, 0x00000000daf60000)
  from space 21824K,  49% used [0x00000000daf60000, 0x00000000db9f55e8, 0x00000000dc4b0000)
  to   space 21824K,   0% used [0x00000000dc4b0000, 0x00000000dc4b0000, 0x00000000dda00000)
 concurrent mark-sweep generation total 393216K, used 184784K [0x00000000dda00000, 0x00000000f5a00000, 0x00000000f5a00000)
 concurrent-mark-sweep perm gen total 58312K, used 35600K [0x00000000f5a00000, 0x00000000f92f2000, 0x0000000100000000)
}
2015-03-18T13:26:46.796-0400: 508108.971: Total time for which application threads were stopped: 0.0155520 seconds
{Heap before GC invocations=535 (full 2):
 par new generation   total 109248K, used 98257K [0x00000000d5a00000, 0x00000000dda00000, 0x00000000dda00000)
  eden space 87424K,  99% used [0x00000000d5a00000, 0x00000000daf5f140, 0x00000000daf60000)
  from space 21824K,  49% used [0x00000000daf60000, 0x00000000db9f55e8, 0x00000000dc4b0000)
  to   space 21824K,   0% used [0x00000000dc4b0000, 0x00000000dc4b0000, 0x00000000dda00000)
 concurrent mark-sweep generation total 393216K, used 184784K [0x00000000dda00000, 0x00000000f5a00000, 0x00000000f5a00000)
 concurrent-mark-sweep perm gen total 58312K, used 35600K [0x00000000f5a00000, 0x00000000f92f2000, 0x0000000100000000)
2015-03-18T13:26:46.834-0400: 508109.010: [GC2015-03-18T13:26:46.834-0400: 508109.010: [ParNew
Desired survivor size 20112992 bytes, new threshold 8 (max 8)
- age   1:    1348808 bytes,    1348808 total
- age   2:    1445848 bytes,    2794656 total
- age   3:    2032232 bytes,    4826888 total
- age   4:     848816 bytes,    5675704 total
- age   5:     586256 bytes,    6261960 total
- age   6:      53552 bytes,    6315512 total
- age   7:      69080 bytes,    6384592 total
- age   8:     106008 bytes,    6490600 total
: 98257K->7330K(109248K), 0.0122590 secs] 283042K->192842K(502464K), 0.0124250 secs] [Times: user=0.04 sys=0.00, real=0.01 secs] 
Heap after GC invocations=536 (full 2):
 par new generation   total 109248K, used 7330K [0x00000000d5a00000, 0x00000000dda00000, 0x00000000dda00000)
  eden space 87424K,   0% used [0x00000000d5a00000, 0x00000000d5a00000, 0x00000000daf60000)
  from space 21824K,  33% used [0x00000000dc4b0000, 0x00000000dcbd8bb0, 0x00000000dda00000)
  to   space 21824K,   0% used [0x00000000daf60000, 0x00000000daf60000, 0x00000000dc4b0000)
 concurrent mark-sweep generation total 393216K, used 185511K [0x00000000dda00000, 0x00000000f5a00000, 0x00000000f5a00000)
 concurrent-mark-sweep perm gen total 58312K, used 35600K [0x00000000f5a00000, 0x00000000f92f2000, 0x0000000100000000)
}
2015-03-18T13:26:46.847-0400: 508109.022: Total time for which application threads were stopped: 0.0130650 seconds
{Heap before GC invocations=536 (full 2):
 par new generation   total 109248K, used 94754K [0x00000000d5a00000, 0x00000000dda00000, 0x00000000dda00000)
  eden space 87424K, 100% used [0x00000000d5a00000, 0x00000000daf60000, 0x00000000daf60000)
  from space 21824K,  33% used [0x00000000dc4b0000, 0x00000000dcbd8bb0, 0x00000000dda00000)
  to   space 21824K,   0% used [0x00000000daf60000, 0x00000000daf60000, 0x00000000dc4b0000)
 concurrent mark-sweep generation total 393216K, used 185511K [0x00000000dda00000, 0x00000000f5a00000, 0x00000000f5a00000)
 concurrent-mark-sweep perm gen total 58312K, used 35600K [0x00000000f5a00000, 0x00000000f92f2000, 0x0000000100000000)
2015-03-18T13:26:46.887-0400: 508109.063: [GC2015-03-18T13:26:46.887-0400: 508109.063: [ParNew
Desired survivor size 20112992 bytes, new threshold 8 (max 8)
- age   1:    1743752 bytes,    1743752 total
- age   2:     122128 bytes,    1865880 total
- age   3:    1445208 bytes,    3311088 total
- age   4:    2032232 bytes,    5343320 total
- age   5:     848744 bytes,    6192064 total
- age   6:     586256 bytes,    6778320 total
- age   7:      53552 bytes,    6831872 total
- age   8:      69080 bytes,    6900952 total
: 94754K->8352K(109248K), 0.0115180 secs] 280266K->193969K(502464K), 0.0116980 secs] [Times: user=0.04 sys=0.00, real=0.01 secs] 
Heap after GC invocations=537 (full 2):
 par new generation   total 109248K, used 8352K [0x00000000d5a00000, 0x00000000dda00000, 0x00000000dda00000)
  eden space 87424K,   0% used [0x00000000d5a00000, 0x00000000d5a00000, 0x00000000daf60000)
  from space 21824K,  38% used [0x00000000daf60000, 0x00000000db7880c0, 0x00000000dc4b0000)
  to   space 21824K,   0% used [0x00000000dc4b0000, 0x00000000dc4b0000, 0x00000000dda00000)
 concurrent mark-sweep generation total 393216K, used 185617K [0x00000000dda00000, 0x00000000f5a00000, 0x00000000f5a00000)
 concurrent-mark-sweep perm gen total 58312K, used 35600K [0x00000000f5a00000, 0x00000000f92f2000, 0x0000000100000000)
}
2015-03-18T13:26:46.899-0400: 508109.074: Total time for which application threads were stopped: 0.0125640 seconds
2015-03-18T13:26:46.906-0400: 508109.082: Total time for which application threads were stopped: 0.0005860 seconds
{Heap before GC invocations=537 (full 2):
 par new generation   total 109248K, used 95752K [0x00000000d5a00000, 0x00000000dda00000, 0x00000000dda00000)
  eden space 87424K,  99% used [0x00000000d5a00000, 0x00000000daf5a2e8, 0x00000000daf60000)
  from space 21824K,  38% used [0x00000000daf60000, 0x00000000db7880c0, 0x00000000dc4b0000)
  to   space 21824K,   0% used [0x00000000dc4b0000, 0x00000000dc4b0000, 0x00000000dda00000)
 concurrent mark-sweep generation total 393216K, used 185617K [0x00000000dda00000, 0x00000000f5a00000, 0x00000000f5a00000)
 concurrent-mark-sweep perm gen total 58312K, used 35600K [0x00000000f5a00000, 0x00000000f92f2000, 0x0000000100000000)
2015-03-18T13:26:46.941-0400: 508109.116: [GC2015-03-18T13:26:46.941-0400: 508109.116: [ParNew
Desired survivor size 20112992 bytes, new threshold 8 (max 8)
- age   1:    2672608 bytes,    2672608 total
- age   2:      96968 bytes,    2769576 total
- age   3:     121432 bytes,    2891008 total
- age   4:    1445056 bytes,    4336064 total
- age   5:    2032232 bytes,    6368296 total
- age   6:     848312 bytes,    7216608 total
- age   7:     585960 bytes,    7802568 total
- age   8:      53280 bytes,    7855848 total
: 95752K->9669K(109248K), 0.0119630 secs] 281370K->195356K(502464K), 0.0121260 secs] [Times: user=0.05 sys=0.00, real=0.01 secs] 
Heap after GC invocations=538 (full 2):
 par new generation   total 109248K, used 9669K [0x00000000d5a00000, 0x00000000dda00000, 0x00000000dda00000)
  eden space 87424K,   0% used [0x00000000d5a00000, 0x00000000d5a00000, 0x00000000daf60000)
  from space 21824K,  44% used [0x00000000dc4b0000, 0x00000000dce216d0, 0x00000000dda00000)
  to   space 21824K,   0% used [0x00000000daf60000, 0x00000000daf60000, 0x00000000dc4b0000)
 concurrent mark-sweep generation total 393216K, used 185686K [0x00000000dda00000, 0x00000000f5a00000, 0x00000000f5a00000)
 concurrent-mark-sweep perm gen total 58312K, used 35600K [0x00000000f5a00000, 0x00000000f92f2000, 0x0000000100000000)
}
2015-03-18T13:26:46.953-0400: 508109.128: Total time for which application threads were stopped: 0.0127850 seconds
{Heap before GC invocations=538 (full 2):
 par new generation   total 109248K, used 97093K [0x00000000d5a00000, 0x00000000dda00000, 0x00000000dda00000)
  eden space 87424K, 100% used [0x00000000d5a00000, 0x00000000daf60000, 0x00000000daf60000)
  from space 21824K,  44% used [0x00000000dc4b0000, 0x00000000dce216d0, 0x00000000dda00000)
  to   space 21824K,   0% used [0x00000000daf60000, 0x00000000daf60000, 0x00000000dc4b0000)
 concurrent mark-sweep generation total 393216K, used 185686K [0x00000000dda00000, 0x00000000f5a00000, 0x00000000f5a00000)
 concurrent-mark-sweep perm gen total 58312K, used 35600K [0x00000000f5a00000, 0x00000000f92f2000, 0x0000000100000000)
2015-03-18T13:26:46.993-0400: 508109.169: [GC2015-03-18T13:26:46.994-0400: 508109.169: [ParNew
Desired survivor size 20112992 bytes, new threshold 8 (max 8)
- age   1:    2204504 bytes,    2204504 total
- age   2:    1330576 bytes,    3535080 total
- age   3:      96648 bytes,    3631728 total
- age   4:     121216 bytes,    3752944 total
- age   5:    1444984 bytes,    5197928 total
- age   6:    2031608 bytes,    7229536 total
- age   7:     847968 bytes,    8077504 total
- age   8:     585888 bytes,    8663392 total
: 97093K->12889K(109248K), 0.0125150 secs] 282780K->198629K(502464K), 0.0127120 secs] [Times: user=0.05 sys=0.00, real=0.01 secs] 
Heap after GC invocations=539 (full 2):
 par new generation   total 109248K, used 12889K [0x00000000d5a00000, 0x00000000dda00000, 0x00000000dda00000)
  eden space 87424K,   0% used [0x00000000d5a00000, 0x00000000d5a00000, 0x00000000daf60000)
  from space 21824K,  59% used [0x00000000daf60000, 0x00000000dbbf6610, 0x00000000dc4b0000)
  to   space 21824K,   0% used [0x00000000dc4b0000, 0x00000000dc4b0000, 0x00000000dda00000)
 concurrent mark-sweep generation total 393216K, used 185740K [0x00000000dda00000, 0x00000000f5a00000, 0x00000000f5a00000)
 concurrent-mark-sweep perm gen total 58312K, used 35600K [0x00000000f5a00000, 0x00000000f92f2000, 0x0000000100000000)
}
2015-03-18T13:26:47.006-0400: 508109.182: Total time for which application threads were stopped: 0.0134620 seconds
{Heap before GC invocations=539 (full 2):
 par new generation   total 109248K, used 100313K [0x00000000d5a00000, 0x00000000dda00000, 0x00000000dda00000)
  eden space 87424K, 100% used [0x00000000d5a00000, 0x00000000daf60000, 0x00000000daf60000)
  from space 21824K,  59% used [0x00000000daf60000, 0x00000000dbbf6610, 0x00000000dc4b0000)
  to   space 21824K,   0% used [0x00000000dc4b0000, 0x00000000dc4b0000, 0x00000000dda00000)
 concurrent mark-sweep generation total 393216K, used 185740K [0x00000000dda00000, 0x00000000f5a00000, 0x00000000f5a00000)
 concurrent-mark-sweep perm gen total 58312K, used 35600K [0x00000000f5a00000, 0x00000000f92f2000, 0x0000000100000000)
2015-03-18T13:26:47.041-0400: 508109.217: [GC2015-03-18T13:26:47.042-0400: 508109.217: [ParNew
Desired survivor size 20112992 bytes, new threshold 8 (max 8)
- age   1:    2586368 bytes,    2586368 total
- age   2:     124240 bytes,    2710608 total
- age   3:    1330216 bytes,    4040824 total
- age   4:      96136 bytes,    4136960 total
- age   5:     121088 bytes,    4258048 total
- age   6:    1444944 bytes,    5702992 total
- age   7:    2031224 bytes,    7734216 total
- age   8:     847920 bytes,    8582136 total
: 100313K->9891K(109248K), 0.0136140 secs] 286053K->196207K(502464K), 0.0137970 secs] [Times: user=0.05 sys=0.00, real=0.01 secs] 
Heap after GC invocations=540 (full 2):
 par new generation   total 109248K, used 9891K [0x00000000d5a00000, 0x00000000dda00000, 0x00000000dda00000)
  eden space 87424K,   0% used [0x00000000d5a00000, 0x00000000d5a00000, 0x00000000daf60000)
  from space 21824K,  45% used [0x00000000dc4b0000, 0x00000000dce58c60, 0x00000000dda00000)
  to   space 21824K,   0% used [0x00000000daf60000, 0x00000000daf60000, 0x00000000dc4b0000)
 concurrent mark-sweep generation total 393216K, used 186316K [0x00000000dda00000, 0x00000000f5a00000, 0x00000000f5a00000)
 concurrent-mark-sweep perm gen total 58312K, used 35600K [0x00000000f5a00000, 0x00000000f92f2000, 0x0000000100000000)
}
2015-03-18T13:26:47.055-0400: 508109.231: Total time for which application threads were stopped: 0.0144950 seconds
{Heap before GC invocations=540 (full 2):
 par new generation   total 109248K, used 97300K [0x00000000d5a00000, 0x00000000dda00000, 0x00000000dda00000)
  eden space 87424K,  99% used [0x00000000d5a00000, 0x00000000daf5c6e8, 0x00000000daf60000)
  from space 21824K,  45% used [0x00000000dc4b0000, 0x00000000dce58c60, 0x00000000dda00000)
  to   space 21824K,   0% used [0x00000000daf60000, 0x00000000daf60000, 0x00000000dc4b0000)
 concurrent mark-sweep generation total 393216K, used 186316K [0x00000000dda00000, 0x00000000f5a00000, 0x00000000f5a00000)
 concurrent-mark-sweep perm gen total 58312K, used 35600K [0x00000000f5a00000, 0x00000000f92f2000, 0x0000000100000000)
2015-03-18T13:26:47.088-0400: 508109.263: [GC2015-03-18T13:26:47.088-0400: 508109.263: [ParNew
Desired survivor size 20112992 bytes, new threshold 8 (max 8)
- age   1:    1811048 bytes,    1811048 total
- age   2:     469816 bytes,    2280864 total
- age   3:     123936 bytes,    2404800 total
- age   4:    1330216 bytes,    3735016 total
- age   5:      96136 bytes,    3831152 total
- age   6:     121088 bytes,    3952240 total
- age   7:    1444912 bytes,    5397152 total
- age   8:    2031224 bytes,    7428376 total
: 97300K->10912K(109248K), 0.0131280 secs] 283616K->198059K(502464K), 0.0133170 secs] [Times: user=0.05 sys=0.00, real=0.02 secs] 
Heap after GC invocations=541 (full 2):
 par new generation   total 109248K, used 10912K [0x00000000d5a00000, 0x00000000dda00000, 0x00000000dda00000)
  eden space 87424K,   0% used [0x00000000d5a00000, 0x00000000d5a00000, 0x00000000daf60000)
  from space 21824K,  50% used [0x00000000daf60000, 0x00000000dba08110, 0x00000000dc4b0000)
  to   space 21824K,   0% used [0x00000000dc4b0000, 0x00000000dc4b0000, 0x00000000dda00000)
 concurrent mark-sweep generation total 393216K, used 187147K [0x00000000dda00000, 0x00000000f5a00000, 0x00000000f5a00000)
 concurrent-mark-sweep perm gen total 58312K, used 35600K [0x00000000f5a00000, 0x00000000f92f2000, 0x0000000100000000)
}
2015-03-18T13:26:47.101-0400: 508109.277: Total time for which application threads were stopped: 0.0140820 seconds
{Heap before GC invocations=541 (full 2):
 par new generation   total 109248K, used 98336K [0x00000000d5a00000, 0x00000000dda00000, 0x00000000dda00000)
  eden space 87424K, 100% used [0x00000000d5a00000, 0x00000000daf60000, 0x00000000daf60000)
  from space 21824K,  50% used [0x00000000daf60000, 0x00000000dba08110, 0x00000000dc4b0000)
  to   space 21824K,   0% used [0x00000000dc4b0000, 0x00000000dc4b0000, 0x00000000dda00000)
 concurrent mark-sweep generation total 393216K, used 187147K [0x00000000dda00000, 0x00000000f5a00000, 0x00000000f5a00000)
 concurrent-mark-sweep perm gen total 58312K, used 35600K [0x00000000f5a00000, 0x00000000f92f2000, 0x0000000100000000)
2015-03-18T13:26:47.136-0400: 508109.312: [GC2015-03-18T13:26:47.136-0400: 508109.312: [ParNew
Desired survivor size 20112992 bytes, new threshold 8 (max 8)
- age   1:    1877152 bytes,    1877152 total
- age   2:     452392 bytes,    2329544 total
- age   3:     469568 bytes,    2799112 total
- age   4:     123936 bytes,    2923048 total
- age   5:    1330216 bytes,    4253264 total
- age   6:      96136 bytes,    4349400 total
- age   7:     121088 bytes,    4470488 total
- age   8:    1444912 bytes,    5915400 total
: 98336K->8172K(109248K), 0.0129060 secs] 285483K->197306K(502464K), 0.0130940 secs] [Times: user=0.05 sys=0.00, real=0.01 secs] 
Heap after GC invocations=542 (full 2):
 par new generation   total 109248K, used 8172K [0x00000000d5a00000, 0x00000000dda00000, 0x00000000dda00000)
  eden space 87424K,   0% used [0x00000000d5a00000, 0x00000000d5a00000, 0x00000000daf60000)
  from space 21824K,  37% used [0x00000000dc4b0000, 0x00000000dccab288, 0x00000000dda00000)
  to   space 21824K,   0% used [0x00000000daf60000, 0x00000000daf60000, 0x00000000dc4b0000)
 concurrent mark-sweep generation total 393216K, used 189134K [0x00000000dda00000, 0x00000000f5a00000, 0x00000000f5a00000)
 concurrent-mark-sweep perm gen total 58312K, used 35600K [0x00000000f5a00000, 0x00000000f92f2000, 0x0000000100000000)
}
2015-03-18T13:26:47.149-0400: 508109.325: Total time for which application threads were stopped: 0.0137890 seconds
{Heap before GC invocations=542 (full 2):
 par new generation   total 109248K, used 95596K [0x00000000d5a00000, 0x00000000dda00000, 0x00000000dda00000)
  eden space 87424K, 100% used [0x00000000d5a00000, 0x00000000daf60000, 0x00000000daf60000)
  from space 21824K,  37% used [0x00000000dc4b0000, 0x00000000dccab288, 0x00000000dda00000)
  to   space 21824K,   0% used [0x00000000daf60000, 0x00000000daf60000, 0x00000000dc4b0000)
 concurrent mark-sweep generation total 393216K, used 189134K [0x00000000dda00000, 0x00000000f5a00000, 0x00000000f5a00000)
 concurrent-mark-sweep perm gen total 58312K, used 35600K [0x00000000f5a00000, 0x00000000f92f2000, 0x0000000100000000)
2015-03-18T13:26:47.184-0400: 508109.359: [GC2015-03-18T13:26:47.184-0400: 508109.360: [ParNew
Desired survivor size 20112992 bytes, new threshold 8 (max 8)
- age   1:    1317576 bytes,    1317576 total
- age   2:     205336 bytes,    1522912 total
- age   3:     452296 bytes,    1975208 total
- age   4:     469496 bytes,    2444704 total
- age   5:     123864 bytes,    2568568 total
- age   6:    1329832 bytes,    3898400 total
- age   7:      96088 bytes,    3994488 total
- age   8:     121016 bytes,    4115504 total
: 95596K->5380K(109248K), 0.0093940 secs] 284730K->195927K(502464K), 0.0095700 secs] [Times: user=0.03 sys=0.00, real=0.01 secs] 
Heap after GC invocations=543 (full 2):
 par new generation   total 109248K, used 5380K [0x00000000d5a00000, 0x00000000dda00000, 0x00000000dda00000)
  eden space 87424K,   0% used [0x00000000d5a00000, 0x00000000d5a00000, 0x00000000daf60000)
  from space 21824K,  24% used [0x00000000daf60000, 0x00000000db4a10a0, 0x00000000dc4b0000)
  to   space 21824K,   0% used [0x00000000dc4b0000, 0x00000000dc4b0000, 0x00000000dda00000)
 concurrent mark-sweep generation total 393216K, used 190547K [0x00000000dda00000, 0x00000000f5a00000, 0x00000000f5a00000)
 concurrent-mark-sweep perm gen total 58312K, used 35600K [0x00000000f5a00000, 0x00000000f92f2000, 0x0000000100000000)
}
2015-03-18T13:26:47.194-0400: 508109.369: Total time for which application threads were stopped: 0.0102720 seconds
{Heap before GC invocations=543 (full 2):
 par new generation   total 109248K, used 92703K [0x00000000d5a00000, 0x00000000dda00000, 0x00000000dda00000)
  eden space 87424K,  99% used [0x00000000d5a00000, 0x00000000daf46cd0, 0x00000000daf60000)
  from space 21824K,  24% used [0x00000000daf60000, 0x00000000db4a10a0, 0x00000000dc4b0000)
  to   space 21824K,   0% used [0x00000000dc4b0000, 0x00000000dc4b0000, 0x00000000dda00000)
 concurrent mark-sweep generation total 393216K, used 190547K [0x00000000dda00000, 0x00000000f5a00000, 0x00000000f5a00000)
 concurrent-mark-sweep perm gen total 58312K, used 35601K [0x00000000f5a00000, 0x00000000f92f2000, 0x0000000100000000)
2015-03-18T13:26:47.222-0400: 508109.397: [GC2015-03-18T13:26:47.222-0400: 508109.397: [ParNew
Desired survivor size 20112992 bytes, new threshold 8 (max 8)
- age   1:    1778128 bytes,    1778128 total
- age   2:     102352 bytes,    1880480 total
- age   3:     205064 bytes,    2085544 total
- age   4:     452224 bytes,    2537768 total
- age   5:     468992 bytes,    3006760 total
- age   6:     123520 bytes,    3130280 total
- age   7:    1329200 bytes,    4459480 total
- age   8:      96016 bytes,    4555496 total
: 92703K->5120K(109248K), 0.0077860 secs] 283250K->195793K(502464K), 0.0079400 secs] [Times: user=0.03 sys=0.00, real=0.00 secs] 
Heap after GC invocations=544 (full 2):
 par new generation   total 109248K, used 5120K [0x00000000d5a00000, 0x00000000dda00000, 0x00000000dda00000)
  eden space 87424K,   0% used [0x00000000d5a00000, 0x00000000d5a00000, 0x00000000daf60000)
  from space 21824K,  23% used [0x00000000dc4b0000, 0x00000000dc9b0178, 0x00000000dda00000)
  to   space 21824K,   0% used [0x00000000daf60000, 0x00000000daf60000, 0x00000000dc4b0000)
 concurrent mark-sweep generation total 393216K, used 190673K [0x00000000dda00000, 0x00000000f5a00000, 0x00000000f5a00000)
 concurrent-mark-sweep perm gen total 58312K, used 35601K [0x00000000f5a00000, 0x00000000f92f2000, 0x0000000100000000)
}
2015-03-18T13:26:47.230-0400: 508109.405: Total time for which application threads were stopped: 0.0086380 seconds
{Heap before GC invocations=544 (full 2):
 par new generation   total 109248K, used 92544K [0x00000000d5a00000, 0x00000000dda00000, 0x00000000dda00000)
  eden space 87424K, 100% used [0x00000000d5a00000, 0x00000000daf60000, 0x00000000daf60000)
  from space 21824K,  23% used [0x00000000dc4b0000, 0x00000000dc9b0178, 0x00000000dda00000)
  to   space 21824K,   0% used [0x00000000daf60000, 0x00000000daf60000, 0x00000000dc4b0000)
 concurrent mark-sweep generation total 393216K, used 190673K [0x00000000dda00000, 0x00000000f5a00000, 0x00000000f5a00000)
 concurrent-mark-sweep perm gen total 58312K, used 35601K [0x00000000f5a00000, 0x00000000f92f2000, 0x0000000100000000)
2015-03-18T13:26:47.258-0400: 508109.434: [GC2015-03-18T13:26:47.258-0400: 508109.434: [ParNew
Desired survivor size 20112992 bytes, new threshold 8 (max 8)
- age   1:    2063984 bytes,    2063984 total
- age   2:     538584 bytes,    2602568 total
- age   3:     102256 bytes,    2704824 total
- age   4:     204968 bytes,    2909792 total
- age   5:     451720 bytes,    3361512 total
- age   6:     468672 bytes,    3830184 total
- age   7:     122864 bytes,    3953048 total
- age   8:    1329128 bytes,    5282176 total
: 92544K->7811K(109248K), 0.0083350 secs] 283217K->198579K(502464K), 0.0084990 secs] [Times: user=0.03 sys=0.00, real=0.01 secs] 
Heap after GC invocations=545 (full 2):
 par new generation   total 109248K, used 7811K [0x00000000d5a00000, 0x00000000dda00000, 0x00000000dda00000)
  eden space 87424K,   0% used [0x00000000d5a00000, 0x00000000d5a00000, 0x00000000daf60000)
  from space 21824K,  35% used [0x00000000daf60000, 0x00000000db700c00, 0x00000000dc4b0000)
  to   space 21824K,   0% used [0x00000000dc4b0000, 0x00000000dc4b0000, 0x00000000dda00000)
 concurrent mark-sweep generation total 393216K, used 190768K [0x00000000dda00000, 0x00000000f5a00000, 0x00000000f5a00000)
 concurrent-mark-sweep perm gen total 58312K, used 35601K [0x00000000f5a00000, 0x00000000f92f2000, 0x0000000100000000)
}
2015-03-18T13:26:47.267-0400: 508109.442: Total time for which application threads were stopped: 0.0091790 seconds
{Heap before GC invocations=545 (full 2):
 par new generation   total 109248K, used 95235K [0x00000000d5a00000, 0x00000000dda00000, 0x00000000dda00000)
  eden space 87424K, 100% used [0x00000000d5a00000, 0x00000000daf60000, 0x00000000daf60000)
  from space 21824K,  35% used [0x00000000daf60000, 0x00000000db700c00, 0x00000000dc4b0000)
  to   space 21824K,   0% used [0x00000000dc4b0000, 0x00000000dc4b0000, 0x00000000dda00000)
 concurrent mark-sweep generation total 393216K, used 190768K [0x00000000dda00000, 0x00000000f5a00000, 0x00000000f5a00000)
 concurrent-mark-sweep perm gen total 58312K, used 35601K [0x00000000f5a00000, 0x00000000f92f2000, 0x0000000100000000)
2015-03-18T13:26:47.304-0400: 508109.479: [GC2015-03-18T13:26:47.304-0400: 508109.479: [ParNew
Desired survivor size 20112992 bytes, new threshold 8 (max 8)
- age   1:    1555248 bytes,    1555248 total
- age   2:     638672 bytes,    2193920 total
- age   3:     538584 bytes,    2732504 total
- age   4:     102256 bytes,    2834760 total
- age   5:     204968 bytes,    3039728 total
- age   6:     451720 bytes,    3491448 total
- age   7:     468672 bytes,    3960120 total
- age   8:     122864 bytes,    4082984 total
: 95235K->5664K(109248K), 0.0089350 secs] 286003K->197734K(502464K), 0.0090800 secs] [Times: user=0.03 sys=0.00, real=0.01 secs] 
Heap after GC invocations=546 (full 2):
 par new generation   total 109248K, used 5664K [0x00000000d5a00000, 0x00000000dda00000, 0x00000000dda00000)
  eden space 87424K,   0% used [0x00000000d5a00000, 0x00000000d5a00000, 0x00000000daf60000)
  from space 21824K,  25% used [0x00000000dc4b0000, 0x00000000dca383b0, 0x00000000dda00000)
  to   space 21824K,   0% used [0x00000000daf60000, 0x00000000daf60000, 0x00000000dc4b0000)
 concurrent mark-sweep generation total 393216K, used 192069K [0x00000000dda00000, 0x00000000f5a00000, 0x00000000f5a00000)
 concurrent-mark-sweep perm gen total 58312K, used 35601K [0x00000000f5a00000, 0x00000000f92f2000, 0x0000000100000000)
}
2015-03-18T13:26:47.313-0400: 508109.489: Total time for which application threads were stopped: 0.0098020 seconds
2015-03-18T13:26:47.342-0400: 508109.518: Total time for which application threads were stopped: 0.0006600 seconds
2015-03-18T13:26:47.346-0400: 508109.521: Total time for which application threads were stopped: 0.0005490 seconds
2015-03-18T13:26:47.347-0400: 508109.522: Total time for which application threads were stopped: 0.0004630 seconds
2015-03-18T13:26:47.347-0400: 508109.523: Total time for which application threads were stopped: 0.0003320 seconds
{Heap before GC invocations=546 (full 2):
 par new generation   total 109248K, used 93088K [0x00000000d5a00000, 0x00000000dda00000, 0x00000000dda00000)
  eden space 87424K, 100% used [0x00000000d5a00000, 0x00000000daf60000, 0x00000000daf60000)
  from space 21824K,  25% used [0x00000000dc4b0000, 0x00000000dca383b0, 0x00000000dda00000)
  to   space 21824K,   0% used [0x00000000daf60000, 0x00000000daf60000, 0x00000000dc4b0000)
 concurrent mark-sweep generation total 393216K, used 192069K [0x00000000dda00000, 0x00000000f5a00000, 0x00000000f5a00000)
 concurrent-mark-sweep perm gen total 58312K, used 35601K [0x00000000f5a00000, 0x00000000f92f2000, 0x0000000100000000)
2015-03-18T13:26:47.350-0400: 508109.525: [GC2015-03-18T13:26:47.350-0400: 508109.525: [ParNew
Desired survivor size 20112992 bytes, new threshold 8 (max 8)
- age   1:     968408 bytes,     968408 total
- age   2:     115512 bytes,    1083920 total
- age   3:     638472 bytes,    1722392 total
- age   4:     538544 bytes,    2260936 total
- age   5:     102040 bytes,    2362976 total
- age   6:     204696 bytes,    2567672 total
- age   7:     450616 bytes,    3018288 total
- age   8:     468672 bytes,    3486960 total
: 93088K->4638K(109248K), 0.0075130 secs] 285158K->196830K(502464K), 0.0076450 secs] [Times: user=0.02 sys=0.00, real=0.01 secs] 
Heap after GC invocations=547 (full 2):
 par new generation   total 109248K, used 4638K [0x00000000d5a00000, 0x00000000dda00000, 0x00000000dda00000)
  eden space 87424K,   0% used [0x00000000d5a00000, 0x00000000d5a00000, 0x00000000daf60000)
  from space 21824K,  21% used [0x00000000daf60000, 0x00000000db3e7b78, 0x00000000dc4b0000)
  to   space 21824K,   0% used [0x00000000dc4b0000, 0x00000000dc4b0000, 0x00000000dda00000)
 concurrent mark-sweep generation total 393216K, used 192192K [0x00000000dda00000, 0x00000000f5a00000, 0x00000000f5a00000)
 concurrent-mark-sweep perm gen total 58312K, used 35601K [0x00000000f5a00000, 0x00000000f92f2000, 0x0000000100000000)
}
2015-03-18T13:26:47.357-0400: 508109.533: Total time for which application threads were stopped: 0.0081810 seconds
2015-03-18T13:26:47.399-0400: 508109.575: Total time for which application threads were stopped: 0.0007200 seconds
2015-03-18T13:26:47.400-0400: 508109.576: Total time for which application threads were stopped: 0.0004500 seconds
2015-03-18T13:26:47.400-0400: 508109.576: Total time for which application threads were stopped: 0.0003240 seconds
2015-03-18T13:26:47.401-0400: 508109.576: Total time for which application threads were stopped: 0.0003280 seconds
{Heap before GC invocations=547 (full 2):
 par new generation   total 109248K, used 92062K [0x00000000d5a00000, 0x00000000dda00000, 0x00000000dda00000)
  eden space 87424K, 100% used [0x00000000d5a00000, 0x00000000daf60000, 0x00000000daf60000)
  from space 21824K,  21% used [0x00000000daf60000, 0x00000000db3e7b78, 0x00000000dc4b0000)
  to   space 21824K,   0% used [0x00000000dc4b0000, 0x00000000dc4b0000, 0x00000000dda00000)
 concurrent mark-sweep generation total 393216K, used 192192K [0x00000000dda00000, 0x00000000f5a00000, 0x00000000f5a00000)
 concurrent-mark-sweep perm gen total 58312K, used 35602K [0x00000000f5a00000, 0x00000000f92f2000, 0x0000000100000000)
2015-03-18T13:26:47.405-0400: 508109.581: [GC2015-03-18T13:26:47.406-0400: 508109.581: [ParNew
Desired survivor size 20112992 bytes, new threshold 8 (max 8)
- age   1:    1539952 bytes,    1539952 total
- age   2:     166688 bytes,    1706640 total
- age   3:     115056 bytes,    1821696 total
- age   4:     619416 bytes,    2441112 total
- age   5:     537608 bytes,    2978720 total
- age   6:     101776 bytes,    3080496 total
- age   7:     204376 bytes,    3284872 total
- age   8:     450320 bytes,    3735192 total
: 92062K->4032K(109248K), 0.0089780 secs] 284254K->196684K(502464K), 0.0091350 secs] [Times: user=0.04 sys=0.00, real=0.01 secs] 
Heap after GC invocations=548 (full 2):
 par new generation   total 109248K, used 4032K [0x00000000d5a00000, 0x00000000dda00000, 0x00000000dda00000)
  eden space 87424K,   0% used [0x00000000d5a00000, 0x00000000d5a00000, 0x00000000daf60000)
  from space 21824K,  18% used [0x00000000dc4b0000, 0x00000000dc8a0360, 0x00000000dda00000)
  to   space 21824K,   0% used [0x00000000daf60000, 0x00000000daf60000, 0x00000000dc4b0000)
 concurrent mark-sweep generation total 393216K, used 192652K [0x00000000dda00000, 0x00000000f5a00000, 0x00000000f5a00000)
 concurrent-mark-sweep perm gen total 58312K, used 35602K [0x00000000f5a00000, 0x00000000f92f2000, 0x0000000100000000)
}
2015-03-18T13:26:47.415-0400: 508109.590: Total time for which application threads were stopped: 0.0097160 seconds
2015-03-18T13:26:47.459-0400: 508109.635: Total time for which application threads were stopped: 0.0006740 seconds
{Heap before GC invocations=548 (full 2):
 par new generation   total 109248K, used 91456K [0x00000000d5a00000, 0x00000000dda00000, 0x00000000dda00000)
  eden space 87424K, 100% used [0x00000000d5a00000, 0x00000000daf60000, 0x00000000daf60000)
  from space 21824K,  18% used [0x00000000dc4b0000, 0x00000000dc8a0360, 0x00000000dda00000)
  to   space 21824K,   0% used [0x00000000daf60000, 0x00000000daf60000, 0x00000000dc4b0000)
 concurrent mark-sweep generation total 393216K, used 192652K [0x00000000dda00000, 0x00000000f5a00000, 0x00000000f5a00000)
 concurrent-mark-sweep perm gen total 58312K, used 35604K [0x00000000f5a00000, 0x00000000f92f2000, 0x0000000100000000)
2015-03-18T13:26:47.465-0400: 508109.640: [GC2015-03-18T13:26:47.465-0400: 508109.640: [ParNew
Desired survivor size 20112992 bytes, new threshold 8 (max 8)
- age   1:    5306784 bytes,    5306784 total
- age   2:    1041112 bytes,    6347896 total
- age   3:     164784 bytes,    6512680 total
- age   4:     114768 bytes,    6627448 total
- age   5:     618888 bytes,    7246336 total
- age   6:     537440 bytes,    7783776 total
- age   7:     101536 bytes,    7885312 total
- age   8:     204088 bytes,    8089400 total
: 91456K->9551K(109248K), 0.0112950 secs] 284108K->202645K(502464K), 0.0114670 secs] [Times: user=0.05 sys=0.00, real=0.01 secs] 
Heap after GC invocations=549 (full 2):
 par new generation   total 109248K, used 9551K [0x00000000d5a00000, 0x00000000dda00000, 0x00000000dda00000)
  eden space 87424K,   0% used [0x00000000d5a00000, 0x00000000d5a00000, 0x00000000daf60000)
  from space 21824K,  43% used [0x00000000daf60000, 0x00000000db8b3e20, 0x00000000dc4b0000)
  to   space 21824K,   0% used [0x00000000dc4b0000, 0x00000000dc4b0000, 0x00000000dda00000)
 concurrent mark-sweep generation total 393216K, used 193093K [0x00000000dda00000, 0x00000000f5a00000, 0x00000000f5a00000)
 concurrent-mark-sweep perm gen total 58312K, used 35604K [0x00000000f5a00000, 0x00000000f92f2000, 0x0000000100000000)
}
2015-03-18T13:26:47.476-0400: 508109.652: Total time for which application threads were stopped: 0.0120940 seconds
{Heap before GC invocations=549 (full 2):
 par new generation   total 109248K, used 96975K [0x00000000d5a00000, 0x00000000dda00000, 0x00000000dda00000)
  eden space 87424K, 100% used [0x00000000d5a00000, 0x00000000daf60000, 0x00000000daf60000)
  from space 21824K,  43% used [0x00000000daf60000, 0x00000000db8b3e20, 0x00000000dc4b0000)
  to   space 21824K,   0% used [0x00000000dc4b0000, 0x00000000dc4b0000, 0x00000000dda00000)
 concurrent mark-sweep generation total 393216K, used 193093K [0x00000000dda00000, 0x00000000f5a00000, 0x00000000f5a00000)
 concurrent-mark-sweep perm gen total 58312K, used 35606K [0x00000000f5a00000, 0x00000000f92f2000, 0x0000000100000000)
2015-03-18T13:26:47.507-0400: 508109.682: [GC2015-03-18T13:26:47.507-0400: 508109.682: [ParNew
Desired survivor size 20112992 bytes, new threshold 8 (max 8)
- age   1:    1856648 bytes,    1856648 total
- age   2:    4814584 bytes,    6671232 total
- age   3:    1041072 bytes,    7712304 total
- age   4:     164720 bytes,    7877024 total
- age   5:     114728 bytes,    7991752 total
- age   6:     618888 bytes,    8610640 total
- age   7:     537440 bytes,    9148080 total
- age   8:     101536 bytes,    9249616 total
: 96975K->13441K(109248K), 0.0117000 secs] 290069K->206736K(502464K), 0.0118770 secs] [Times: user=0.05 sys=0.00, real=0.01 secs] 
Heap after GC invocations=550 (full 2):
 par new generation   total 109248K, used 13441K [0x00000000d5a00000, 0x00000000dda00000, 0x00000000dda00000)
  eden space 87424K,   0% used [0x00000000d5a00000, 0x00000000d5a00000, 0x00000000daf60000)
  from space 21824K,  61% used [0x00000000dc4b0000, 0x00000000dd1d06c0, 0x00000000dda00000)
  to   space 21824K,   0% used [0x00000000daf60000, 0x00000000daf60000, 0x00000000dc4b0000)
 concurrent mark-sweep generation total 393216K, used 193294K [0x00000000dda00000, 0x00000000f5a00000, 0x00000000f5a00000)
 concurrent-mark-sweep perm gen total 58312K, used 35606K [0x00000000f5a00000, 0x00000000f92f2000, 0x0000000100000000)
}
2015-03-18T13:26:47.519-0400: 508109.694: Total time for which application threads were stopped: 0.0125630 seconds
{Heap before GC invocations=550 (full 2):
 par new generation   total 109248K, used 100865K [0x00000000d5a00000, 0x00000000dda00000, 0x00000000dda00000)
  eden space 87424K, 100% used [0x00000000d5a00000, 0x00000000daf60000, 0x00000000daf60000)
  from space 21824K,  61% used [0x00000000dc4b0000, 0x00000000dd1d06c0, 0x00000000dda00000)
  to   space 21824K,   0% used [0x00000000daf60000, 0x00000000daf60000, 0x00000000dc4b0000)
 concurrent mark-sweep generation total 393216K, used 193294K [0x00000000dda00000, 0x00000000f5a00000, 0x00000000f5a00000)
 concurrent-mark-sweep perm gen total 58312K, used 35606K [0x00000000f5a00000, 0x00000000f92f2000, 0x0000000100000000)
2015-03-18T13:26:47.551-0400: 508109.726: [GC2015-03-18T13:26:47.551-0400: 508109.726: [ParNew
Desired survivor size 20112992 bytes, new threshold 8 (max 8)
- age   1:    1496624 bytes,    1496624 total
- age   2:    1221016 bytes,    2717640 total
- age   3:    4814112 bytes,    7531752 total
- age   4:    1041072 bytes,    8572824 total
- age   5:     164720 bytes,    8737544 total
- age   6:     114728 bytes,    8852272 total
- age   7:     618888 bytes,    9471160 total
- age   8:     537440 bytes,   10008600 total
: 100865K->12796K(109248K), 0.0118560 secs] 294160K->206193K(502464K), 0.0120230 secs] [Times: user=0.04 sys=0.00, real=0.01 secs] 
Heap after GC invocations=551 (full 2):
 par new generation   total 109248K, used 12796K [0x00000000d5a00000, 0x00000000dda00000, 0x00000000dda00000)
  eden space 87424K,   0% used [0x00000000d5a00000, 0x00000000d5a00000, 0x00000000daf60000)
  from space 21824K,  58% used [0x00000000daf60000, 0x00000000dbbdf380, 0x00000000dc4b0000)
  to   space 21824K,   0% used [0x00000000dc4b0000, 0x00000000dc4b0000, 0x00000000dda00000)
 concurrent mark-sweep generation total 393216K, used 193396K [0x00000000dda00000, 0x00000000f5a00000, 0x00000000f5a00000)
 concurrent-mark-sweep perm gen total 58312K, used 35606K [0x00000000f5a00000, 0x00000000f92f2000, 0x0000000100000000)
}
2015-03-18T13:26:47.563-0400: 508109.739: Total time for which application threads were stopped: 0.0128340 seconds
2015-03-18T13:26:47.567-0400: 508109.743: Total time for which application threads were stopped: 0.0006360 seconds
2015-03-18T13:26:47.582-0400: 508109.758: Total time for which application threads were stopped: 0.0006330 seconds
{Heap before GC invocations=551 (full 2):
 par new generation   total 109248K, used 100212K [0x00000000d5a00000, 0x00000000dda00000, 0x00000000dda00000)
  eden space 87424K,  99% used [0x00000000d5a00000, 0x00000000daf5dcf8, 0x00000000daf60000)
  from space 21824K,  58% used [0x00000000daf60000, 0x00000000dbbdf380, 0x00000000dc4b0000)
  to   space 21824K,   0% used [0x00000000dc4b0000, 0x00000000dc4b0000, 0x00000000dda00000)
 concurrent mark-sweep generation total 393216K, used 193396K [0x00000000dda00000, 0x00000000f5a00000, 0x00000000f5a00000)
 concurrent-mark-sweep perm gen total 58312K, used 35606K [0x00000000f5a00000, 0x00000000f92f2000, 0x0000000100000000)
2015-03-18T13:26:47.603-0400: 508109.778: [GC2015-03-18T13:26:47.603-0400: 508109.779: [ParNew
Desired survivor size 20112992 bytes, new threshold 8 (max 8)
- age   1:    1858672 bytes,    1858672 total
- age   2:     622896 bytes,    2481568 total
- age   3:    1220688 bytes,    3702256 total
- age   4:    4813960 bytes,    8516216 total
- age   5:    1041072 bytes,    9557288 total
- age   6:     164720 bytes,    9722008 total
- age   7:     114728 bytes,    9836736 total
- age   8:     618888 bytes,   10455624 total
: 100212K->12210K(109248K), 0.0129880 secs] 293608K->206134K(502464K), 0.0131780 secs] [Times: user=0.05 sys=0.00, real=0.01 secs] 
Heap after GC invocations=552 (full 2):
 par new generation   total 109248K, used 12210K [0x00000000d5a00000, 0x00000000dda00000, 0x00000000dda00000)
  eden space 87424K,   0% used [0x00000000d5a00000, 0x00000000d5a00000, 0x00000000daf60000)
  from space 21824K,  55% used [0x00000000dc4b0000, 0x00000000dd09c940, 0x00000000dda00000)
  to   space 21824K,   0% used [0x00000000daf60000, 0x00000000daf60000, 0x00000000dc4b0000)
 concurrent mark-sweep generation total 393216K, used 193923K [0x00000000dda00000, 0x00000000f5a00000, 0x00000000f5a00000)
 concurrent-mark-sweep perm gen total 58312K, used 35606K [0x00000000f5a00000, 0x00000000f92f2000, 0x0000000100000000)
}
2015-03-18T13:26:47.616-0400: 508109.792: Total time for which application threads were stopped: 0.0139740 seconds
{Heap before GC invocations=552 (full 2):
 par new generation   total 109248K, used 99634K [0x00000000d5a00000, 0x00000000dda00000, 0x00000000dda00000)
  eden space 87424K, 100% used [0x00000000d5a00000, 0x00000000daf60000, 0x00000000daf60000)
  from space 21824K,  55% used [0x00000000dc4b0000, 0x00000000dd09c940, 0x00000000dda00000)
  to   space 21824K,   0% used [0x00000000daf60000, 0x00000000daf60000, 0x00000000dc4b0000)
 concurrent mark-sweep generation total 393216K, used 193923K [0x00000000dda00000, 0x00000000f5a00000, 0x00000000f5a00000)
 concurrent-mark-sweep perm gen total 58312K, used 35606K [0x00000000f5a00000, 0x00000000f92f2000, 0x0000000100000000)
2015-03-18T13:26:47.651-0400: 508109.826: [GC2015-03-18T13:26:47.651-0400: 508109.827: [ParNew
Desired survivor size 20112992 bytes, new threshold 8 (max 8)
- age   1:    3121608 bytes,    3121608 total
- age   2:    1359216 bytes,    4480824 total
- age   3:     622144 bytes,    5102968 total
- age   4:    1220464 bytes,    6323432 total
- age   5:    4813920 bytes,   11137352 total
- age   6:    1041032 bytes,   12178384 total
- age   7:     164720 bytes,   12343104 total
- age   8:     114728 bytes,   12457832 total
: 99634K->17758K(109248K), 0.0144770 secs] 293558K->212294K(502464K), 0.0146730 secs] [Times: user=0.05 sys=0.00, real=0.01 secs] 
Heap after GC invocations=553 (full 2):
 par new generation   total 109248K, used 17758K [0x00000000d5a00000, 0x00000000dda00000, 0x00000000dda00000)
  eden space 87424K,   0% used [0x00000000d5a00000, 0x00000000d5a00000, 0x00000000daf60000)
  from space 21824K,  81% used [0x00000000daf60000, 0x00000000dc0b7800, 0x00000000dc4b0000)
  to   space 21824K,   0% used [0x00000000dc4b0000, 0x00000000dc4b0000, 0x00000000dda00000)
 concurrent mark-sweep generation total 393216K, used 194536K [0x00000000dda00000, 0x00000000f5a00000, 0x00000000f5a00000)
 concurrent-mark-sweep perm gen total 58312K, used 35606K [0x00000000f5a00000, 0x00000000f92f2000, 0x0000000100000000)
}
2015-03-18T13:26:47.666-0400: 508109.841: Total time for which application threads were stopped: 0.0153300 seconds
{Heap before GC invocations=553 (full 2):
 par new generation   total 109248K, used 105182K [0x00000000d5a00000, 0x00000000dda00000, 0x00000000dda00000)
  eden space 87424K, 100% used [0x00000000d5a00000, 0x00000000daf60000, 0x00000000daf60000)
  from space 21824K,  81% used [0x00000000daf60000, 0x00000000dc0b7800, 0x00000000dc4b0000)
  to   space 21824K,   0% used [0x00000000dc4b0000, 0x00000000dc4b0000, 0x00000000dda00000)
 concurrent mark-sweep generation total 393216K, used 194536K [0x00000000dda00000, 0x00000000f5a00000, 0x00000000f5a00000)
 concurrent-mark-sweep perm gen total 58312K, used 35606K [0x00000000f5a00000, 0x00000000f92f2000, 0x0000000100000000)
2015-03-18T13:26:47.708-0400: 508109.884: [GC2015-03-18T13:26:47.708-0400: 508109.884: [ParNew
Desired survivor size 20112992 bytes, new threshold 8 (max 8)
- age   1:    1555168 bytes,    1555168 total
- age   2:    2083512 bytes,    3638680 total
- age   3:    1359088 bytes,    4997768 total
- age   4:     622144 bytes,    5619912 total
- age   5:    1220464 bytes,    6840376 total
- age   6:    4813920 bytes,   11654296 total
- age   7:    1041032 bytes,   12695328 total
- age   8:     164720 bytes,   12860048 total
: 105182K->15259K(109248K), 0.0133050 secs] 299718K->209909K(502464K), 0.0135150 secs] [Times: user=0.04 sys=0.00, real=0.02 secs] 
Heap after GC invocations=554 (full 2):
 par new generation   total 109248K, used 15259K [0x00000000d5a00000, 0x00000000dda00000, 0x00000000dda00000)
  eden space 87424K,   0% used [0x00000000d5a00000, 0x00000000d5a00000, 0x00000000daf60000)
  from space 21824K,  69% used [0x00000000dc4b0000, 0x00000000dd396d28, 0x00000000dda00000)
  to   space 21824K,   0% used [0x00000000daf60000, 0x00000000daf60000, 0x00000000dc4b0000)
 concurrent mark-sweep generation total 393216K, used 194650K [0x00000000dda00000, 0x00000000f5a00000, 0x00000000f5a00000)
 concurrent-mark-sweep perm gen total 58312K, used 35606K [0x00000000f5a00000, 0x00000000f92f2000, 0x0000000100000000)
}
2015-03-18T13:26:47.722-0400: 508109.898: Total time for which application threads were stopped: 0.0142270 seconds
2015-03-18T13:26:47.725-0400: 508109.901: Total time for which application threads were stopped: 0.0005800 seconds
{Heap before GC invocations=554 (full 2):
 par new generation   total 109248K, used 102683K [0x00000000d5a00000, 0x00000000dda00000, 0x00000000dda00000)
  eden space 87424K, 100% used [0x00000000d5a00000, 0x00000000daf60000, 0x00000000daf60000)
  from space 21824K,  69% used [0x00000000dc4b0000, 0x00000000dd396d28, 0x00000000dda00000)
  to   space 21824K,   0% used [0x00000000daf60000, 0x00000000daf60000, 0x00000000dc4b0000)
 concurrent mark-sweep generation total 393216K, used 194650K [0x00000000dda00000, 0x00000000f5a00000, 0x00000000f5a00000)
 concurrent-mark-sweep perm gen total 58312K, used 35608K [0x00000000f5a00000, 0x00000000f92f2000, 0x0000000100000000)
2015-03-18T13:26:47.764-0400: 508109.939: [GC2015-03-18T13:26:47.764-0400: 508109.939: [ParNew
Desired survivor size 20112992 bytes, new threshold 8 (max 8)
- age   1:    4192576 bytes,    4192576 total
- age   2:      91520 bytes,    4284096 total
- age   3:    1880320 bytes,    6164416 total
- age   4:    1359088 bytes,    7523504 total
- age   5:     622144 bytes,    8145648 total
- age   6:    1220208 bytes,    9365856 total
- age   7:    4813880 bytes,   14179736 total
- age   8:    1040960 bytes,   15220696 total
: 102683K->21824K(109248K), 0.0152600 secs] 297333K->216637K(502464K), 0.0154570 secs] [Times: user=0.06 sys=0.00, real=0.01 secs] 
Heap after GC invocations=555 (full 2):
 par new generation   total 109248K, used 21824K [0x00000000d5a00000, 0x00000000dda00000, 0x00000000dda00000)
  eden space 87424K,   0% used [0x00000000d5a00000, 0x00000000d5a00000, 0x00000000daf60000)
  from space 21824K, 100% used [0x00000000daf60000, 0x00000000dc4b0000, 0x00000000dc4b0000)
  to   space 21824K,   0% used [0x00000000dc4b0000, 0x00000000dc4b0000, 0x00000000dda00000)
 concurrent mark-sweep generation total 393216K, used 194813K [0x00000000dda00000, 0x00000000f5a00000, 0x00000000f5a00000)
 concurrent-mark-sweep perm gen total 58312K, used 35608K [0x00000000f5a00000, 0x00000000f92f2000, 0x0000000100000000)
}
2015-03-18T13:26:47.779-0400: 508109.955: Total time for which application threads were stopped: 0.0162300 seconds
{Heap before GC invocations=555 (full 2):
 par new generation   total 109248K, used 109243K [0x00000000d5a00000, 0x00000000dda00000, 0x00000000dda00000)
  eden space 87424K,  99% used [0x00000000d5a00000, 0x00000000daf5ef08, 0x00000000daf60000)
  from space 21824K, 100% used [0x00000000daf60000, 0x00000000dc4b0000, 0x00000000dc4b0000)
  to   space 21824K,   0% used [0x00000000dc4b0000, 0x00000000dc4b0000, 0x00000000dda00000)
 concurrent mark-sweep generation total 393216K, used 194813K [0x00000000dda00000, 0x00000000f5a00000, 0x00000000f5a00000)
 concurrent-mark-sweep perm gen total 58312K, used 35608K [0x00000000f5a00000, 0x00000000f92f2000, 0x0000000100000000)
2015-03-18T13:26:47.822-0400: 508109.997: [GC2015-03-18T13:26:47.822-0400: 508109.997: [ParNew
Desired survivor size 20112992 bytes, new threshold 8 (max 8)
- age   1:    1796888 bytes,    1796888 total
- age   2:    2560656 bytes,    4357544 total
- age   3:      91376 bytes,    4448920 total
- age   4:    1880320 bytes,    6329240 total
- age   5:    1359088 bytes,    7688328 total
- age   6:     622144 bytes,    8310472 total
- age   7:    1220208 bytes,    9530680 total
- age   8:    4813880 bytes,   14344560 total
: 109243K->16705K(109248K), 0.0159170 secs] 304056K->212548K(502464K), 0.0161430 secs] [Times: user=0.05 sys=0.00, real=0.01 secs] 
Heap after GC invocations=556 (full 2):
 par new generation   total 109248K, used 16705K [0x00000000d5a00000, 0x00000000dda00000, 0x00000000dda00000)
  eden space 87424K,   0% used [0x00000000d5a00000, 0x00000000d5a00000, 0x00000000daf60000)
  from space 21824K,  76% used [0x00000000dc4b0000, 0x00000000dd5004c0, 0x00000000dda00000)
  to   space 21824K,   0% used [0x00000000daf60000, 0x00000000daf60000, 0x00000000dc4b0000)
 concurrent mark-sweep generation total 393216K, used 195843K [0x00000000dda00000, 0x00000000f5a00000, 0x00000000f5a00000)
 concurrent-mark-sweep perm gen total 58312K, used 35608K [0x00000000f5a00000, 0x00000000f92f2000, 0x0000000100000000)
}
2015-03-18T13:26:47.838-0400: 508110.013: Total time for which application threads were stopped: 0.0168940 seconds
{Heap before GC invocations=556 (full 2):
 par new generation   total 109248K, used 104129K [0x00000000d5a00000, 0x00000000dda00000, 0x00000000dda00000)
  eden space 87424K, 100% used [0x00000000d5a00000, 0x00000000daf60000, 0x00000000daf60000)
  from space 21824K,  76% used [0x00000000dc4b0000, 0x00000000dd5004c0, 0x00000000dda00000)
  to   space 21824K,   0% used [0x00000000daf60000, 0x00000000daf60000, 0x00000000dc4b0000)
 concurrent mark-sweep generation total 393216K, used 195843K [0x00000000dda00000, 0x00000000f5a00000, 0x00000000f5a00000)
 concurrent-mark-sweep perm gen total 58312K, used 35608K [0x00000000f5a00000, 0x00000000f92f2000, 0x0000000100000000)
2015-03-18T13:26:47.880-0400: 508110.056: [GC2015-03-18T13:26:47.881-0400: 508110.056: [ParNew
Desired survivor size 20112992 bytes, new threshold 8 (max 8)
- age   1:    1324920 bytes,    1324920 total
- age   2:      59920 bytes,    1384840 total
- age   3:    2559944 bytes,    3944784 total
- age   4:      91376 bytes,    4036160 total
- age   5:    1879888 bytes,    5916048 total
- age   6:    1358544 bytes,    7274592 total
- age   7:     622144 bytes,    7896736 total
- age   8:    1220208 bytes,    9116944 total
: 104129K->12594K(109248K), 0.0169770 secs] 299972K->213146K(502464K), 0.0171960 secs] [Times: user=0.06 sys=0.00, real=0.01 secs] 
Heap after GC invocations=557 (full 2):
 par new generation   total 109248K, used 12594K [0x00000000d5a00000, 0x00000000dda00000, 0x00000000dda00000)
  eden space 87424K,   0% used [0x00000000d5a00000, 0x00000000d5a00000, 0x00000000daf60000)
  from space 21824K,  57% used [0x00000000daf60000, 0x00000000dbbac9c0, 0x00000000dc4b0000)
  to   space 21824K,   0% used [0x00000000dc4b0000, 0x00000000dc4b0000, 0x00000000dda00000)
 concurrent mark-sweep generation total 393216K, used 200552K [0x00000000dda00000, 0x00000000f5a00000, 0x00000000f5a00000)
 concurrent-mark-sweep perm gen total 58312K, used 35608K [0x00000000f5a00000, 0x00000000f92f2000, 0x0000000100000000)
}
2015-03-18T13:26:47.898-0400: 508110.073: Total time for which application threads were stopped: 0.0180090 seconds
2015-03-18T13:26:47.898-0400: 508110.074: [GC [1 CMS-initial-mark: 200552K(393216K)] 213557K(502464K), 0.0143580 secs] [Times: user=0.02 sys=0.00, real=0.02 secs] 
2015-03-18T13:26:47.913-0400: 508110.088: Total time for which application threads were stopped: 0.0149200 seconds
2015-03-18T13:26:47.913-0400: 508110.088: [CMS-concurrent-mark-start]
{Heap before GC invocations=557 (full 3):
 par new generation   total 109248K, used 100018K [0x00000000d5a00000, 0x00000000dda00000, 0x00000000dda00000)
  eden space 87424K, 100% used [0x00000000d5a00000, 0x00000000daf60000, 0x00000000daf60000)
  from space 21824K,  57% used [0x00000000daf60000, 0x00000000dbbac9c0, 0x00000000dc4b0000)
  to   space 21824K,   0% used [0x00000000dc4b0000, 0x00000000dc4b0000, 0x00000000dda00000)
 concurrent mark-sweep generation total 393216K, used 200552K [0x00000000dda00000, 0x00000000f5a00000, 0x00000000f5a00000)
 concurrent-mark-sweep perm gen total 58312K, used 35608K [0x00000000f5a00000, 0x00000000f92f2000, 0x0000000100000000)
2015-03-18T13:26:47.958-0400: 508110.134: [GC2015-03-18T13:26:47.959-0400: 508110.134: [ParNew
Desired survivor size 20112992 bytes, new threshold 8 (max 8)
- age   1:    1591976 bytes,    1591976 total
- age   2:      66368 bytes,    1658344 total
- age   3:      59768 bytes,    1718112 total
- age   4:    2559944 bytes,    4278056 total
- age   5:      91376 bytes,    4369432 total
- age   6:    1879456 bytes,    6248888 total
- age   7:    1358000 bytes,    7606888 total
- age   8:     622144 bytes,    8229032 total
: 100018K->11352K(109248K), 0.0124620 secs] 300570K->213104K(502464K), 0.0126510 secs] [Times: user=0.04 sys=0.00, real=0.02 secs] 
Heap after GC invocations=558 (full 3):
 par new generation   total 109248K, used 11352K [0x00000000d5a00000, 0x00000000dda00000, 0x00000000dda00000)
  eden space 87424K,   0% used [0x00000000d5a00000, 0x00000000d5a00000, 0x00000000daf60000)
  from space 21824K,  52% used [0x00000000dc4b0000, 0x00000000dcfc6368, 0x00000000dda00000)
  to   space 21824K,   0% used [0x00000000daf60000, 0x00000000daf60000, 0x00000000dc4b0000)
 concurrent mark-sweep generation total 393216K, used 201752K [0x00000000dda00000, 0x00000000f5a00000, 0x00000000f5a00000)
 concurrent-mark-sweep perm gen total 58312K, used 35608K [0x00000000f5a00000, 0x00000000f92f2000, 0x0000000100000000)
}
2015-03-18T13:26:47.971-0400: 508110.147: Total time for which application threads were stopped: 0.0134670 seconds
2015-03-18T13:26:47.982-0400: 508110.157: [CMS-concurrent-mark: 0.055/0.069 secs] [Times: user=0.50 sys=0.00, real=0.07 secs] 
2015-03-18T13:26:47.982-0400: 508110.157: [CMS-concurrent-preclean-start]
2015-03-18T13:26:47.994-0400: 508110.169: [CMS-concurrent-preclean: 0.011/0.012 secs] [Times: user=0.07 sys=0.00, real=0.01 secs] 
2015-03-18T13:26:47.994-0400: 508110.169: [CMS-concurrent-abortable-preclean-start]
{Heap before GC invocations=558 (full 3):
 par new generation   total 109248K, used 98765K [0x00000000d5a00000, 0x00000000dda00000, 0x00000000dda00000)
  eden space 87424K,  99% used [0x00000000d5a00000, 0x00000000daf5d318, 0x00000000daf60000)
  from space 21824K,  52% used [0x00000000dc4b0000, 0x00000000dcfc6368, 0x00000000dda00000)
  to   space 21824K,   0% used [0x00000000daf60000, 0x00000000daf60000, 0x00000000dc4b0000)
 concurrent mark-sweep generation total 393216K, used 201752K [0x00000000dda00000, 0x00000000f5a00000, 0x00000000f5a00000)
 concurrent-mark-sweep perm gen total 58312K, used 35608K [0x00000000f5a00000, 0x00000000f92f2000, 0x0000000100000000)
2015-03-18T13:26:48.014-0400: 508110.189: [GC2015-03-18T13:26:48.014-0400: 508110.189: [ParNew
Desired survivor size 20112992 bytes, new threshold 8 (max 8)
- age   1:    1747392 bytes,    1747392 total
- age   2:      69776 bytes,    1817168 total
- age   3:      66368 bytes,    1883536 total
- age   4:      59616 bytes,    1943152 total
- age   5:    2559944 bytes,    4503096 total
- age   6:      91376 bytes,    4594472 total
- age   7:    1879520 bytes,    6473992 total
- age   8:    1358000 bytes,    7831992 total
: 98765K->9270K(109248K), 0.0100820 secs] 300517K->211644K(502464K), 0.0102750 secs] [Times: user=0.03 sys=0.00, real=0.01 secs] 
Heap after GC invocations=559 (full 3):
 par new generation   total 109248K, used 9270K [0x00000000d5a00000, 0x00000000dda00000, 0x00000000dda00000)
  eden space 87424K,   0% used [0x00000000d5a00000, 0x00000000d5a00000, 0x00000000daf60000)
  from space 21824K,  42% used [0x00000000daf60000, 0x00000000db86db40, 0x00000000dc4b0000)
  to   space 21824K,   0% used [0x00000000dc4b0000, 0x00000000dc4b0000, 0x00000000dda00000)
 concurrent mark-sweep generation total 393216K, used 202373K [0x00000000dda00000, 0x00000000f5a00000, 0x00000000f5a00000)
 concurrent-mark-sweep perm gen total 58312K, used 35608K [0x00000000f5a00000, 0x00000000f92f2000, 0x0000000100000000)
}
2015-03-18T13:26:48.024-0400: 508110.200: Total time for which application threads were stopped: 0.0109840 seconds
{Heap before GC invocations=559 (full 3):
 par new generation   total 109248K, used 96694K [0x00000000d5a00000, 0x00000000dda00000, 0x00000000dda00000)
  eden space 87424K, 100% used [0x00000000d5a00000, 0x00000000daf60000, 0x00000000daf60000)
  from space 21824K,  42% used [0x00000000daf60000, 0x00000000db86db40, 0x00000000dc4b0000)
  to   space 21824K,   0% used [0x00000000dc4b0000, 0x00000000dc4b0000, 0x00000000dda00000)
 concurrent mark-sweep generation total 393216K, used 202373K [0x00000000dda00000, 0x00000000f5a00000, 0x00000000f5a00000)
 concurrent-mark-sweep perm gen total 58312K, used 35608K [0x00000000f5a00000, 0x00000000f92f2000, 0x0000000100000000)
2015-03-18T13:26:48.067-0400: 508110.243: [GC2015-03-18T13:26:48.067-0400: 508110.243: [ParNew
Desired survivor size 20112992 bytes, new threshold 8 (max 8)
- age   1:    2274184 bytes,    2274184 total
- age   2:      74680 bytes,    2348864 total
- age   3:      69776 bytes,    2418640 total
- age   4:      65936 bytes,    2484576 total
- age   5:      59616 bytes,    2544192 total
- age   6:    2559944 bytes,    5104136 total
- age   7:      91376 bytes,    5195512 total
- age   8:    1879496 bytes,    7075008 total
: 96694K->10342K(109248K), 0.0105810 secs] 299068K->214045K(502464K), 0.0107510 secs] [Times: user=0.04 sys=0.00, real=0.01 secs] 
Heap after GC invocations=560 (full 3):
 par new generation   total 109248K, used 10342K [0x00000000d5a00000, 0x00000000dda00000, 0x00000000dda00000)
  eden space 87424K,   0% used [0x00000000d5a00000, 0x00000000d5a00000, 0x00000000daf60000)
  from space 21824K,  47% used [0x00000000dc4b0000, 0x00000000dcec9af0, 0x00000000dda00000)
  to   space 21824K,   0% used [0x00000000daf60000, 0x00000000daf60000, 0x00000000dc4b0000)
 concurrent mark-sweep generation total 393216K, used 203703K [0x00000000dda00000, 0x00000000f5a00000, 0x00000000f5a00000)
 concurrent-mark-sweep perm gen total 58312K, used 35608K [0x00000000f5a00000, 0x00000000f92f2000, 0x0000000100000000)
}
2015-03-18T13:26:48.078-0400: 508110.253: Total time for which application threads were stopped: 0.0114530 seconds
2015-03-18T13:26:48.086-0400: 508110.261: [CMS-concurrent-abortable-preclean: 0.069/0.092 secs] [Times: user=0.47 sys=0.00, real=0.09 secs] 
2015-03-18T13:26:48.087-0400: 508110.262: [GC[YG occupancy: 28080 K (109248 K)]{Heap before GC invocations=560 (full 3):
 par new generation   total 109248K, used 28080K [0x00000000d5a00000, 0x00000000dda00000, 0x00000000dda00000)
  eden space 87424K,  20% used [0x00000000d5a00000, 0x00000000d6b52770, 0x00000000daf60000)
  from space 21824K,  47% used [0x00000000dc4b0000, 0x00000000dcec9af0, 0x00000000dda00000)
  to   space 21824K,   0% used [0x00000000daf60000, 0x00000000daf60000, 0x00000000dc4b0000)
 concurrent mark-sweep generation total 393216K, used 203703K [0x00000000dda00000, 0x00000000f5a00000, 0x00000000f5a00000)
 concurrent-mark-sweep perm gen total 58312K, used 35608K [0x00000000f5a00000, 0x00000000f92f2000, 0x0000000100000000)
2015-03-18T13:26:48.087-0400: 508110.262: [GC2015-03-18T13:26:48.087-0400: 508110.262: [ParNew
Desired survivor size 20112992 bytes, new threshold 8 (max 8)
- age   1:    1795128 bytes,    1795128 total
- age   2:      82640 bytes,    1877768 total
- age   3:      74680 bytes,    1952448 total
- age   4:      69776 bytes,    2022224 total
- age   5:      65936 bytes,    2088160 total
- age   6:      59616 bytes,    2147776 total
- age   7:    2559944 bytes,    4707720 total
- age   8:      91376 bytes,    4799096 total
: 28080K->6472K(109248K), 0.0102460 secs] 231783K->212024K(502464K), 0.0103780 secs] [Times: user=0.03 sys=0.00, real=0.01 secs] 
Heap after GC invocations=561 (full 3):
 par new generation   total 109248K, used 6472K [0x00000000d5a00000, 0x00000000dda00000, 0x00000000dda00000)
  eden space 87424K,   0% used [0x00000000d5a00000, 0x00000000d5a00000, 0x00000000daf60000)
  from space 21824K,  29% used [0x00000000daf60000, 0x00000000db5b2050, 0x00000000dc4b0000)
  to   space 21824K,   0% used [0x00000000dc4b0000, 0x00000000dc4b0000, 0x00000000dda00000)
 concurrent mark-sweep generation total 393216K, used 205552K [0x00000000dda00000, 0x00000000f5a00000, 0x00000000f5a00000)
 concurrent-mark-sweep perm gen total 58312K, used 35608K [0x00000000f5a00000, 0x00000000f92f2000, 0x0000000100000000)
}
2015-03-18T13:26:48.097-0400: 508110.273: [Rescan (parallel) , 0.0045500 secs]2015-03-18T13:26:48.102-0400: 508110.277: [weak refs processing, 0.0006430 secs]2015-03-18T13:26:48.102-0400: 508110.278: [scrub string table, 0.0011500 secs] [1 CMS-remark: 205552K(393216K)] 212024K(502464K), 0.0170700 secs] [Times: user=0.05 sys=0.00, real=0.02 secs] 
2015-03-18T13:26:48.104-0400: 508110.279: Total time for which application threads were stopped: 0.0176600 seconds
2015-03-18T13:26:48.104-0400: 508110.279: [CMS-concurrent-sweep-start]
{Heap before GC invocations=561 (full 3):
 par new generation   total 109248K, used 93896K [0x00000000d5a00000, 0x00000000dda00000, 0x00000000dda00000)
  eden space 87424K, 100% used [0x00000000d5a00000, 0x00000000daf60000, 0x00000000daf60000)
  from space 21824K,  29% used [0x00000000daf60000, 0x00000000db5b2050, 0x00000000dc4b0000)
  to   space 21824K,   0% used [0x00000000dc4b0000, 0x00000000dc4b0000, 0x00000000dda00000)
 concurrent mark-sweep generation total 393216K, used 196736K [0x00000000dda00000, 0x00000000f5a00000, 0x00000000f5a00000)
 concurrent-mark-sweep perm gen total 58312K, used 35608K [0x00000000f5a00000, 0x00000000f92f2000, 0x0000000100000000)
2015-03-18T13:26:48.146-0400: 508110.321: [GC2015-03-18T13:26:48.146-0400: 508110.321: [ParNew
Desired survivor size 20112992 bytes, new threshold 8 (max 8)
- age   1:    2165960 bytes,    2165960 total
- age   2:      19424 bytes,    2185384 total
- age   3:      82360 bytes,    2267744 total
- age   4:      74224 bytes,    2341968 total
- age   5:      69776 bytes,    2411744 total
- age   6:      65936 bytes,    2477680 total
- age   7:      59616 bytes,    2537296 total
- age   8:    2559944 bytes,    5097240 total
: 93896K->6381K(109248K), 0.0073970 secs] 290632K->203208K(502464K), 0.0075690 secs] [Times: user=0.03 sys=0.00, real=0.01 secs] 
Heap after GC invocations=562 (full 3):
 par new generation   total 109248K, used 6381K [0x00000000d5a00000, 0x00000000dda00000, 0x00000000dda00000)
  eden space 87424K,   0% used [0x00000000d5a00000, 0x00000000d5a00000, 0x00000000daf60000)
  from space 21824K,  29% used [0x00000000dc4b0000, 0x00000000dcaeb568, 0x00000000dda00000)
  to   space 21824K,   0% used [0x00000000daf60000, 0x00000000daf60000, 0x00000000dc4b0000)
 concurrent mark-sweep generation total 393216K, used 196827K [0x00000000dda00000, 0x00000000f5a00000, 0x00000000f5a00000)
 concurrent-mark-sweep perm gen total 58312K, used 35608K [0x00000000f5a00000, 0x00000000f92f2000, 0x0000000100000000)
}
2015-03-18T13:26:48.153-0400: 508110.329: Total time for which application threads were stopped: 0.0082870 seconds
{Heap before GC invocations=562 (full 3):
 par new generation   total 109248K, used 93805K [0x00000000d5a00000, 0x00000000dda00000, 0x00000000dda00000)
  eden space 87424K, 100% used [0x00000000d5a00000, 0x00000000daf60000, 0x00000000daf60000)
  from space 21824K,  29% used [0x00000000dc4b0000, 0x00000000dcaeb568, 0x00000000dda00000)
  to   space 21824K,   0% used [0x00000000daf60000, 0x00000000daf60000, 0x00000000dc4b0000)
 concurrent mark-sweep generation total 393216K, used 175100K [0x00000000dda00000, 0x00000000f5a00000, 0x00000000f5a00000)
 concurrent-mark-sweep perm gen total 58312K, used 35608K [0x00000000f5a00000, 0x00000000f92f2000, 0x0000000100000000)
2015-03-18T13:26:48.194-0400: 508110.370: [GC2015-03-18T13:26:48.195-0400: 508110.370: [ParNew
Desired survivor size 20112992 bytes, new threshold 8 (max 8)
- age   1:    1551392 bytes,    1551392 total
- age   2:      75744 bytes,    1627136 total
- age   3:      19424 bytes,    1646560 total
- age   4:      82360 bytes,    1728920 total
- age   5:      74224 bytes,    1803144 total
- age   6:      69776 bytes,    1872920 total
- age   7:      65720 bytes,    1938640 total
- age   8:      59344 bytes,    1997984 total
: 93805K->5552K(109248K), 0.0087610 secs] 268905K->183156K(502464K), 0.0089470 secs] [Times: user=0.03 sys=0.00, real=0.01 secs] 
Heap after GC invocations=563 (full 3):
 par new generation   total 109248K, used 5552K [0x00000000d5a00000, 0x00000000dda00000, 0x00000000dda00000)
  eden space 87424K,   0% used [0x00000000d5a00000, 0x00000000d5a00000, 0x00000000daf60000)
  from space 21824K,  25% used [0x00000000daf60000, 0x00000000db4cc3e0, 0x00000000dc4b0000)
  to   space 21824K,   0% used [0x00000000dc4b0000, 0x00000000dc4b0000, 0x00000000dda00000)
 concurrent mark-sweep generation total 393216K, used 177603K [0x00000000dda00000, 0x00000000f5a00000, 0x00000000f5a00000)
 concurrent-mark-sweep perm gen total 58312K, used 35608K [0x00000000f5a00000, 0x00000000f92f2000, 0x0000000100000000)
}
2015-03-18T13:26:48.204-0400: 508110.379: Total time for which application threads were stopped: 0.0096590 seconds
{Heap before GC invocations=563 (full 3):
 par new generation   total 109248K, used 92976K [0x00000000d5a00000, 0x00000000dda00000, 0x00000000dda00000)
  eden space 87424K, 100% used [0x00000000d5a00000, 0x00000000daf60000, 0x00000000daf60000)
  from space 21824K,  25% used [0x00000000daf60000, 0x00000000db4cc3e0, 0x00000000dc4b0000)
  to   space 21824K,   0% used [0x00000000dc4b0000, 0x00000000dc4b0000, 0x00000000dda00000)
 concurrent mark-sweep generation total 393216K, used 155372K [0x00000000dda00000, 0x00000000f5a00000, 0x00000000f5a00000)
 concurrent-mark-sweep perm gen total 58312K, used 35608K [0x00000000f5a00000, 0x00000000f92f2000, 0x0000000100000000)
2015-03-18T13:26:48.244-0400: 508110.420: [GC2015-03-18T13:26:48.244-0400: 508110.420: [ParNew
Desired survivor size 20112992 bytes, new threshold 8 (max 8)
- age   1:    1639944 bytes,    1639944 total
- age   2:      86872 bytes,    1726816 total
- age   3:      75528 bytes,    1802344 total
- age   4:      19376 bytes,    1821720 total
- age   5:      82120 bytes,    1903840 total
- age   6:      74008 bytes,    1977848 total
- age   7:      68960 bytes,    2046808 total
- age   8:      65216 bytes,    2112024 total
: 92976K->2455K(109248K), 0.0059150 secs] 248349K->157887K(502464K), 0.0060780 secs] [Times: user=0.02 sys=0.00, real=0.00 secs] 
Heap after GC invocations=564 (full 3):
 par new generation   total 109248K, used 2455K [0x00000000d5a00000, 0x00000000dda00000, 0x00000000dda00000)
  eden space 87424K,   0% used [0x00000000d5a00000, 0x00000000d5a00000, 0x00000000daf60000)
  from space 21824K,  11% used [0x00000000dc4b0000, 0x00000000dc715ec0, 0x00000000dda00000)
  to   space 21824K,   0% used [0x00000000daf60000, 0x00000000daf60000, 0x00000000dc4b0000)
 concurrent mark-sweep generation total 393216K, used 155432K [0x00000000dda00000, 0x00000000f5a00000, 0x00000000f5a00000)
 concurrent-mark-sweep perm gen total 58312K, used 35608K [0x00000000f5a00000, 0x00000000f92f2000, 0x0000000100000000)
}
2015-03-18T13:26:48.250-0400: 508110.426: Total time for which application threads were stopped: 0.0067940 seconds
{Heap before GC invocations=564 (full 3):
 par new generation   total 109248K, used 89879K [0x00000000d5a00000, 0x00000000dda00000, 0x00000000dda00000)
  eden space 87424K,  99% used [0x00000000d5a00000, 0x00000000daf5fda0, 0x00000000daf60000)
  from space 21824K,  11% used [0x00000000dc4b0000, 0x00000000dc715ec0, 0x00000000dda00000)
  to   space 21824K,   0% used [0x00000000daf60000, 0x00000000daf60000, 0x00000000dc4b0000)
 concurrent mark-sweep generation total 393216K, used 139010K [0x00000000dda00000, 0x00000000f5a00000, 0x00000000f5a00000)
 concurrent-mark-sweep perm gen total 58312K, used 35609K [0x00000000f5a00000, 0x00000000f92f2000, 0x0000000100000000)
2015-03-18T13:26:48.276-0400: 508110.451: [GC2015-03-18T13:26:48.276-0400: 508110.451: [ParNew
Desired survivor size 20112992 bytes, new threshold 8 (max 8)
- age   1:    1460704 bytes,    1460704 total
- age   2:     241432 bytes,    1702136 total
- age   3:      86776 bytes,    1788912 total
- age   4:      75480 bytes,    1864392 total
- age   5:      19352 bytes,    1883744 total
- age   6:      82048 bytes,    1965792 total
- age   7:      73744 bytes,    2039536 total
- age   8:      68672 bytes,    2108208 total
: 89879K->2846K(109248K), 0.0060330 secs] 228889K->141921K(502464K), 0.0062080 secs] [Times: user=0.02 sys=0.00, real=0.01 secs] 
Heap after GC invocations=565 (full 3):
 par new generation   total 109248K, used 2846K [0x00000000d5a00000, 0x00000000dda00000, 0x00000000dda00000)
  eden space 87424K,   0% used [0x00000000d5a00000, 0x00000000d5a00000, 0x00000000daf60000)
  from space 21824K,  13% used [0x00000000daf60000, 0x00000000db227a50, 0x00000000dc4b0000)
  to   space 21824K,   0% used [0x00000000dc4b0000, 0x00000000dc4b0000, 0x00000000dda00000)
 concurrent mark-sweep generation total 393216K, used 139075K [0x00000000dda00000, 0x00000000f5a00000, 0x00000000f5a00000)
 concurrent-mark-sweep perm gen total 58312K, used 35609K [0x00000000f5a00000, 0x00000000f92f2000, 0x0000000100000000)
}
2015-03-18T13:26:48.282-0400: 508110.457: Total time for which application threads were stopped: 0.0069450 seconds
{Heap before GC invocations=565 (full 3):
 par new generation   total 109248K, used 90270K [0x00000000d5a00000, 0x00000000dda00000, 0x00000000dda00000)
  eden space 87424K, 100% used [0x00000000d5a00000, 0x00000000daf60000, 0x00000000daf60000)
  from space 21824K,  13% used [0x00000000daf60000, 0x00000000db227a50, 0x00000000dc4b0000)
  to   space 21824K,   0% used [0x00000000dc4b0000, 0x00000000dc4b0000, 0x00000000dda00000)
 concurrent mark-sweep generation total 393216K, used 116859K [0x00000000dda00000, 0x00000000f5a00000, 0x00000000f5a00000)
 concurrent-mark-sweep perm gen total 58312K, used 35609K [0x00000000f5a00000, 0x00000000f92f2000, 0x0000000100000000)
2015-03-18T13:26:48.317-0400: 508110.493: [GC2015-03-18T13:26:48.317-0400: 508110.493: [ParNew
Desired survivor size 20112992 bytes, new threshold 8 (max 8)
- age   1:    1958560 bytes,    1958560 total
- age   2:     790768 bytes,    2749328 total
- age   3:     241432 bytes,    2990760 total
- age   4:      86776 bytes,    3077536 total
- age   5:      75480 bytes,    3153016 total
- age   6:      19352 bytes,    3172368 total
- age   7:      82048 bytes,    3254416 total
- age   8:      73744 bytes,    3328160 total
: 90270K->4275K(109248K), 0.0073710 secs] 207130K->121203K(502464K), 0.0075350 secs] [Times: user=0.03 sys=0.00, real=0.01 secs] 
Heap after GC invocations=566 (full 3):
 par new generation   total 109248K, used 4275K [0x00000000d5a00000, 0x00000000dda00000, 0x00000000dda00000)
  eden space 87424K,   0% used [0x00000000d5a00000, 0x00000000d5a00000, 0x00000000daf60000)
  from space 21824K,  19% used [0x00000000dc4b0000, 0x00000000dc8dcc88, 0x00000000dda00000)
  to   space 21824K,   0% used [0x00000000daf60000, 0x00000000daf60000, 0x00000000dc4b0000)
 concurrent mark-sweep generation total 393216K, used 116928K [0x00000000dda00000, 0x00000000f5a00000, 0x00000000f5a00000)
 concurrent-mark-sweep perm gen total 58312K, used 35609K [0x00000000f5a00000, 0x00000000f92f2000, 0x0000000100000000)
}
2015-03-18T13:26:48.325-0400: 508110.501: Total time for which application threads were stopped: 0.0082580 seconds
{Heap before GC invocations=566 (full 3):
 par new generation   total 109248K, used 91699K [0x00000000d5a00000, 0x00000000dda00000, 0x00000000dda00000)
  eden space 87424K, 100% used [0x00000000d5a00000, 0x00000000daf60000, 0x00000000daf60000)
  from space 21824K,  19% used [0x00000000dc4b0000, 0x00000000dc8dcc88, 0x00000000dda00000)
  to   space 21824K,   0% used [0x00000000daf60000, 0x00000000daf60000, 0x00000000dc4b0000)
 concurrent mark-sweep generation total 393216K, used 97908K [0x00000000dda00000, 0x00000000f5a00000, 0x00000000f5a00000)
 concurrent-mark-sweep perm gen total 58312K, used 35609K [0x00000000f5a00000, 0x00000000f92f2000, 0x0000000100000000)
2015-03-18T13:26:48.356-0400: 508110.532: [GC2015-03-18T13:26:48.356-0400: 508110.532: [ParNew
Desired survivor size 20112992 bytes, new threshold 8 (max 8)
- age   1:    1835456 bytes,    1835456 total
- age   2:    1080392 bytes,    2915848 total
- age   3:     790688 bytes,    3706536 total
- age   4:     241432 bytes,    3947968 total
- age   5:      86776 bytes,    4034744 total
- age   6:      74832 bytes,    4109576 total
- age   7:      19352 bytes,    4128928 total
- age   8:      81232 bytes,    4210160 total
: 91699K->4828K(109248K), 0.0075100 secs] 189607K->102811K(502464K), 0.0076730 secs] [Times: user=0.02 sys=0.00, real=0.01 secs] 
Heap after GC invocations=567 (full 3):
 par new generation   total 109248K, used 4828K [0x00000000d5a00000, 0x00000000dda00000, 0x00000000dda00000)
  eden space 87424K,   0% used [0x00000000d5a00000, 0x00000000d5a00000, 0x00000000daf60000)
  from space 21824K,  22% used [0x00000000daf60000, 0x00000000db417310, 0x00000000dc4b0000)
  to   space 21824K,   0% used [0x00000000dc4b0000, 0x00000000dc4b0000, 0x00000000dda00000)
 concurrent mark-sweep generation total 393216K, used 97982K [0x00000000dda00000, 0x00000000f5a00000, 0x00000000f5a00000)
 concurrent-mark-sweep perm gen total 58312K, used 35609K [0x00000000f5a00000, 0x00000000f92f2000, 0x0000000100000000)
}
2015-03-18T13:26:48.364-0400: 508110.539: Total time for which application threads were stopped: 0.0083890 seconds
{Heap before GC invocations=567 (full 3):
 par new generation   total 109248K, used 92252K [0x00000000d5a00000, 0x00000000dda00000, 0x00000000dda00000)
  eden space 87424K, 100% used [0x00000000d5a00000, 0x00000000daf60000, 0x00000000daf60000)
  from space 21824K,  22% used [0x00000000daf60000, 0x00000000db417310, 0x00000000dc4b0000)
  to   space 21824K,   0% used [0x00000000dc4b0000, 0x00000000dc4b0000, 0x00000000dda00000)
 concurrent mark-sweep generation total 393216K, used 82137K [0x00000000dda00000, 0x00000000f5a00000, 0x00000000f5a00000)
 concurrent-mark-sweep perm gen total 58312K, used 35609K [0x00000000f5a00000, 0x00000000f92f2000, 0x0000000100000000)
2015-03-18T13:26:48.393-0400: 508110.569: [GC2015-03-18T13:26:48.393-0400: 508110.569: [ParNew
Desired survivor size 20112992 bytes, new threshold 8 (max 8)
- age   1:    1368544 bytes,    1368544 total
- age   2:     172368 bytes,    1540912 total
- age   3:    1080296 bytes,    2621208 total
- age   4:     790616 bytes,    3411824 total
- age   5:     241360 bytes,    3653184 total
- age   6:      86392 bytes,    3739576 total
- age   7:      74784 bytes,    3814360 total
- age   8:      19328 bytes,    3833688 total
: 92252K->5989K(109248K), 0.0073850 secs] 174390K->88208K(502464K), 0.0075420 secs] [Times: user=0.02 sys=0.00, real=0.01 secs] 
Heap after GC invocations=568 (full 3):
 par new generation   total 109248K, used 5989K [0x00000000d5a00000, 0x00000000dda00000, 0x00000000dda00000)
  eden space 87424K,   0% used [0x00000000d5a00000, 0x00000000d5a00000, 0x00000000daf60000)
  from space 21824K,  27% used [0x00000000dc4b0000, 0x00000000dca894b8, 0x00000000dda00000)
  to   space 21824K,   0% used [0x00000000daf60000, 0x00000000daf60000, 0x00000000dc4b0000)
 concurrent mark-sweep generation total 393216K, used 82218K [0x00000000dda00000, 0x00000000f5a00000, 0x00000000f5a00000)
 concurrent-mark-sweep perm gen total 58312K, used 35609K [0x00000000f5a00000, 0x00000000f92f2000, 0x0000000100000000)
}
2015-03-18T13:26:48.401-0400: 508110.576: Total time for which application threads were stopped: 0.0082520 seconds
2015-03-18T13:26:48.427-0400: 508110.602: [CMS-concurrent-sweep: 0.266/0.323 secs] [Times: user=2.12 sys=0.02, real=0.32 secs] 
2015-03-18T13:26:48.427-0400: 508110.603: [CMS-concurrent-reset-start]
2015-03-18T13:26:48.429-0400: 508110.604: [CMS-concurrent-reset: 0.002/0.002 secs] [Times: user=0.01 sys=0.00, real=0.00 secs] 
{Heap before GC invocations=568 (full 3):
 par new generation   total 109248K, used 93413K [0x00000000d5a00000, 0x00000000dda00000, 0x00000000dda00000)
  eden space 87424K, 100% used [0x00000000d5a00000, 0x00000000daf60000, 0x00000000daf60000)
  from space 21824K,  27% used [0x00000000dc4b0000, 0x00000000dca894b8, 0x00000000dda00000)
  to   space 21824K,   0% used [0x00000000daf60000, 0x00000000daf60000, 0x00000000dc4b0000)
 concurrent mark-sweep generation total 393216K, used 68844K [0x00000000dda00000, 0x00000000f5a00000, 0x00000000f5a00000)
 concurrent-mark-sweep perm gen total 59352K, used 35609K [0x00000000f5a00000, 0x00000000f93f6000, 0x0000000100000000)
2015-03-18T13:26:48.442-0400: 508110.617: [GC2015-03-18T13:26:48.442-0400: 508110.617: [ParNew
Desired survivor size 20112992 bytes, new threshold 8 (max 8)
- age   1:     577112 bytes,     577112 total
- age   2:     396776 bytes,     973888 total
- age   3:     172024 bytes,    1145912 total
- age   4:    1080080 bytes,    2225992 total
- age   5:     789848 bytes,    3015840 total
- age   6:     241240 bytes,    3257080 total
- age   7:      86248 bytes,    3343328 total
- age   8:      74640 bytes,    3417968 total
: 93413K->4353K(109248K), 0.0073480 secs] 162257K->73216K(502464K), 0.0075170 secs] [Times: user=0.02 sys=0.00, real=0.00 secs] 
Heap after GC invocations=569 (full 3):
 par new generation   total 109248K, used 4353K [0x00000000d5a00000, 0x00000000dda00000, 0x00000000dda00000)
  eden space 87424K,   0% used [0x00000000d5a00000, 0x00000000d5a00000, 0x00000000daf60000)
  from space 21824K,  19% used [0x00000000daf60000, 0x00000000db3a0480, 0x00000000dc4b0000)
  to   space 21824K,   0% used [0x00000000dc4b0000, 0x00000000dc4b0000, 0x00000000dda00000)
 concurrent mark-sweep generation total 393216K, used 68863K [0x00000000dda00000, 0x00000000f5a00000, 0x00000000f5a00000)
 concurrent-mark-sweep perm gen total 59352K, used 35609K [0x00000000f5a00000, 0x00000000f93f6000, 0x0000000100000000)
}
2015-03-18T13:26:48.449-0400: 508110.625: Total time for which application threads were stopped: 0.0083110 seconds
{Heap before GC invocations=569 (full 3):
 par new generation   total 109248K, used 91777K [0x00000000d5a00000, 0x00000000dda00000, 0x00000000dda00000)
  eden space 87424K, 100% used [0x00000000d5a00000, 0x00000000daf60000, 0x00000000daf60000)
  from space 21824K,  19% used [0x00000000daf60000, 0x00000000db3a0480, 0x00000000dc4b0000)
  to   space 21824K,   0% used [0x00000000dc4b0000, 0x00000000dc4b0000, 0x00000000dda00000)
 concurrent mark-sweep generation total 393216K, used 68863K [0x00000000dda00000, 0x00000000f5a00000, 0x00000000f5a00000)
 concurrent-mark-sweep perm gen total 59352K, used 35610K [0x00000000f5a00000, 0x00000000f93f6000, 0x0000000100000000)
2015-03-18T13:26:48.488-0400: 508110.663: [GC2015-03-18T13:26:48.488-0400: 508110.663: [ParNew
Desired survivor size 20112992 bytes, new threshold 8 (max 8)
- age   1:    4845856 bytes,    4845856 total
- age   2:     234456 bytes,    5080312 total
- age   3:     229608 bytes,    5309920 total
- age   4:     171128 bytes,    5481048 total
- age   5:    1079912 bytes,    6560960 total
- age   6:     789656 bytes,    7350616 total
- age   7:     241096 bytes,    7591712 total
- age   8:      86104 bytes,    7677816 total
: 91777K->8435K(109248K), 0.0104590 secs] 160640K->77372K(502464K), 0.0106390 secs] [Times: user=0.04 sys=0.00, real=0.01 secs] 
Heap after GC invocations=570 (full 3):
 par new generation   total 109248K, used 8435K [0x00000000d5a00000, 0x00000000dda00000, 0x00000000dda00000)
  eden space 87424K,   0% used [0x00000000d5a00000, 0x00000000d5a00000, 0x00000000daf60000)
  from space 21824K,  38% used [0x00000000dc4b0000, 0x00000000dccecc00, 0x00000000dda00000)
  to   space 21824K,   0% used [0x00000000daf60000, 0x00000000daf60000, 0x00000000dc4b0000)
 concurrent mark-sweep generation total 393216K, used 68937K [0x00000000dda00000, 0x00000000f5a00000, 0x00000000f5a00000)
 concurrent-mark-sweep perm gen total 59352K, used 35610K [0x00000000f5a00000, 0x00000000f93f6000, 0x0000000100000000)
}
2015-03-18T13:26:48.498-0400: 508110.674: Total time for which application threads were stopped: 0.0115440 seconds
{Heap before GC invocations=570 (full 3):
 par new generation   total 109248K, used 95859K [0x00000000d5a00000, 0x00000000dda00000, 0x00000000dda00000)
  eden space 87424K, 100% used [0x00000000d5a00000, 0x00000000daf60000, 0x00000000daf60000)
  from space 21824K,  38% used [0x00000000dc4b0000, 0x00000000dccecc00, 0x00000000dda00000)
  to   space 21824K,   0% used [0x00000000daf60000, 0x00000000daf60000, 0x00000000dc4b0000)
 concurrent mark-sweep generation total 393216K, used 68937K [0x00000000dda00000, 0x00000000f5a00000, 0x00000000f5a00000)
 concurrent-mark-sweep perm gen total 59352K, used 35628K [0x00000000f5a00000, 0x00000000f93f6000, 0x0000000100000000)
2015-03-18T13:26:48.532-0400: 508110.708: [GC2015-03-18T13:26:48.532-0400: 508110.708: [ParNew
Desired survivor size 20112992 bytes, new threshold 8 (max 8)
- age   1:    3406312 bytes,    3406312 total
- age   2:    4076664 bytes,    7482976 total
- age   3:     234168 bytes,    7717144 total
- age   4:     229488 bytes,    7946632 total
- age   5:     170696 bytes,    8117328 total
- age   6:    1079816 bytes,    9197144 total
- age   7:     789608 bytes,    9986752 total
- age   8:     241000 bytes,   10227752 total
: 95859K->13601K(109248K), 0.0125290 secs] 164796K->82625K(502464K), 0.0126990 secs] [Times: user=0.05 sys=0.00, real=0.01 secs] 
Heap after GC invocations=571 (full 3):
 par new generation   total 109248K, used 13601K [0x00000000d5a00000, 0x00000000dda00000, 0x00000000dda00000)
  eden space 87424K,   0% used [0x00000000d5a00000, 0x00000000d5a00000, 0x00000000daf60000)
  from space 21824K,  62% used [0x00000000daf60000, 0x00000000dbca8668, 0x00000000dc4b0000)
  to   space 21824K,   0% used [0x00000000dc4b0000, 0x00000000dc4b0000, 0x00000000dda00000)
 concurrent mark-sweep generation total 393216K, used 69023K [0x00000000dda00000, 0x00000000f5a00000, 0x00000000f5a00000)
 concurrent-mark-sweep perm gen total 59352K, used 35628K [0x00000000f5a00000, 0x00000000f93f6000, 0x0000000100000000)
}
2015-03-18T13:26:48.545-0400: 508110.720: Total time for which application threads were stopped: 0.0134130 seconds
{Heap before GC invocations=571 (full 3):
 par new generation   total 109248K, used 101025K [0x00000000d5a00000, 0x00000000dda00000, 0x00000000dda00000)
  eden space 87424K, 100% used [0x00000000d5a00000, 0x00000000daf60000, 0x00000000daf60000)
  from space 21824K,  62% used [0x00000000daf60000, 0x00000000dbca8668, 0x00000000dc4b0000)
  to   space 21824K,   0% used [0x00000000dc4b0000, 0x00000000dc4b0000, 0x00000000dda00000)
 concurrent mark-sweep generation total 393216K, used 69023K [0x00000000dda00000, 0x00000000f5a00000, 0x00000000f5a00000)
 concurrent-mark-sweep perm gen total 59352K, used 35628K [0x00000000f5a00000, 0x00000000f93f6000, 0x0000000100000000)
2015-03-18T13:26:48.585-0400: 508110.760: [GC2015-03-18T13:26:48.585-0400: 508110.760: [ParNew
Desired survivor size 20112992 bytes, new threshold 8 (max 8)
- age   1:    3980800 bytes,    3980800 total
- age   2:    2591056 bytes,    6571856 total
- age   3:    4076216 bytes,   10648072 total
- age   4:     234168 bytes,   10882240 total
- age   5:     229488 bytes,   11111728 total
- age   6:     170696 bytes,   11282424 total
- age   7:    1079816 bytes,   12362240 total
- age   8:     789608 bytes,   13151848 total
: 101025K->14456K(109248K), 0.0145620 secs] 170049K->83719K(502464K), 0.0147550 secs] [Times: user=0.06 sys=0.00, real=0.01 secs] 
Heap after GC invocations=572 (full 3):
 par new generation   total 109248K, used 14456K [0x00000000d5a00000, 0x00000000dda00000, 0x00000000dda00000)
  eden space 87424K,   0% used [0x00000000d5a00000, 0x00000000d5a00000, 0x00000000daf60000)
  from space 21824K,  66% used [0x00000000dc4b0000, 0x00000000dd2ce0f0, 0x00000000dda00000)
  to   space 21824K,   0% used [0x00000000daf60000, 0x00000000daf60000, 0x00000000dc4b0000)
 concurrent mark-sweep generation total 393216K, used 69262K [0x00000000dda00000, 0x00000000f5a00000, 0x00000000f5a00000)
 concurrent-mark-sweep perm gen total 59352K, used 35628K [0x00000000f5a00000, 0x00000000f93f6000, 0x0000000100000000)
}
2015-03-18T13:26:48.600-0400: 508110.775: Total time for which application threads were stopped: 0.0157770 seconds
{Heap before GC invocations=572 (full 3):
 par new generation   total 109248K, used 101864K [0x00000000d5a00000, 0x00000000dda00000, 0x00000000dda00000)
  eden space 87424K,  99% used [0x00000000d5a00000, 0x00000000daf5c1b0, 0x00000000daf60000)
  from space 21824K,  66% used [0x00000000dc4b0000, 0x00000000dd2ce0f0, 0x00000000dda00000)
  to   space 21824K,   0% used [0x00000000daf60000, 0x00000000daf60000, 0x00000000dc4b0000)
 concurrent mark-sweep generation total 393216K, used 69262K [0x00000000dda00000, 0x00000000f5a00000, 0x00000000f5a00000)
 concurrent-mark-sweep perm gen total 59352K, used 35628K [0x00000000f5a00000, 0x00000000f93f6000, 0x0000000100000000)
2015-03-18T13:26:48.644-0400: 508110.820: [GC2015-03-18T13:26:48.645-0400: 508110.820: [ParNew
Desired survivor size 20112992 bytes, new threshold 8 (max 8)
- age   1:    2125744 bytes,    2125744 total
- age   2:    2346008 bytes,    4471752 total
- age   3:    2591056 bytes,    7062808 total
- age   4:    4076216 bytes,   11139024 total
- age   5:     234168 bytes,   11373192 total
- age   6:     229488 bytes,   11602680 total
- age   7:     170696 bytes,   11773376 total
- age   8:    1079816 bytes,   12853192 total
: 101864K->19157K(109248K), 0.0146370 secs] 171127K->89193K(502464K), 0.0148440 secs] [Times: user=0.07 sys=0.00, real=0.01 secs] 
Heap after GC invocations=573 (full 3):
 par new generation   total 109248K, used 19157K [0x00000000d5a00000, 0x00000000dda00000, 0x00000000dda00000)
  eden space 87424K,   0% used [0x00000000d5a00000, 0x00000000d5a00000, 0x00000000daf60000)
  from space 21824K,  87% used [0x00000000daf60000, 0x00000000dc215490, 0x00000000dc4b0000)
  to   space 21824K,   0% used [0x00000000dc4b0000, 0x00000000dc4b0000, 0x00000000dda00000)
 concurrent mark-sweep generation total 393216K, used 70036K [0x00000000dda00000, 0x00000000f5a00000, 0x00000000f5a00000)
 concurrent-mark-sweep perm gen total 59352K, used 35628K [0x00000000f5a00000, 0x00000000f93f6000, 0x0000000100000000)
}
2015-03-18T13:26:48.659-0400: 508110.835: Total time for which application threads were stopped: 0.0155780 seconds
{Heap before GC invocations=573 (full 3):
 par new generation   total 109248K, used 106581K [0x00000000d5a00000, 0x00000000dda00000, 0x00000000dda00000)
  eden space 87424K, 100% used [0x00000000d5a00000, 0x00000000daf60000, 0x00000000daf60000)
  from space 21824K,  87% used [0x00000000daf60000, 0x00000000dc215490, 0x00000000dc4b0000)
  to   space 21824K,   0% used [0x00000000dc4b0000, 0x00000000dc4b0000, 0x00000000dda00000)
 concurrent mark-sweep generation total 393216K, used 70036K [0x00000000dda00000, 0x00000000f5a00000, 0x00000000f5a00000)
 concurrent-mark-sweep perm gen total 59352K, used 35628K [0x00000000f5a00000, 0x00000000f93f6000, 0x0000000100000000)
2015-03-18T13:26:48.702-0400: 508110.878: [GC2015-03-18T13:26:48.702-0400: 508110.878: [ParNew
Desired survivor size 20112992 bytes, new threshold 8 (max 8)
- age   1:    1448840 bytes,    1448840 total
- age   2:     762472 bytes,    2211312 total
- age   3:    2345096 bytes,    4556408 total
- age   4:    2590912 bytes,    7147320 total
- age   5:    4076216 bytes,   11223536 total
- age   6:     234168 bytes,   11457704 total
- age   7:     229488 bytes,   11687192 total
- age   8:     170696 bytes,   11857888 total
: 106581K->14686K(109248K), 0.0142510 secs] 176617K->85780K(502464K), 0.0144960 secs] [Times: user=0.07 sys=0.00, real=0.01 secs] 
Heap after GC invocations=574 (full 3):
 par new generation   total 109248K, used 14686K [0x00000000d5a00000, 0x00000000dda00000, 0x00000000dda00000)
  eden space 87424K,   0% used [0x00000000d5a00000, 0x00000000d5a00000, 0x00000000daf60000)
  from space 21824K,  67% used [0x00000000dc4b0000, 0x00000000dd307b30, 0x00000000dda00000)
  to   space 21824K,   0% used [0x00000000daf60000, 0x00000000daf60000, 0x00000000dc4b0000)
 concurrent mark-sweep generation total 393216K, used 71093K [0x00000000dda00000, 0x00000000f5a00000, 0x00000000f5a00000)
 concurrent-mark-sweep perm gen total 59352K, used 35628K [0x00000000f5a00000, 0x00000000f93f6000, 0x0000000100000000)
}
2015-03-18T13:26:48.717-0400: 508110.892: Total time for which application threads were stopped: 0.0152450 seconds
{Heap before GC invocations=574 (full 3):
 par new generation   total 109248K, used 102110K [0x00000000d5a00000, 0x00000000dda00000, 0x00000000dda00000)
  eden space 87424K, 100% used [0x00000000d5a00000, 0x00000000daf60000, 0x00000000daf60000)
  from space 21824K,  67% used [0x00000000dc4b0000, 0x00000000dd307b30, 0x00000000dda00000)
  to   space 21824K,   0% used [0x00000000daf60000, 0x00000000daf60000, 0x00000000dc4b0000)
 concurrent mark-sweep generation total 393216K, used 71093K [0x00000000dda00000, 0x00000000f5a00000, 0x00000000f5a00000)
 concurrent-mark-sweep perm gen total 59352K, used 35628K [0x00000000f5a00000, 0x00000000f93f6000, 0x0000000100000000)
2015-03-18T13:26:48.759-0400: 508110.935: [GC2015-03-18T13:26:48.759-0400: 508110.935: [ParNew
Desired survivor size 20112992 bytes, new threshold 8 (max 8)
- age   1:    1813704 bytes,    1813704 total
- age   2:      32440 bytes,    1846144 total
- age   3:     762048 bytes,    2608192 total
- age   4:    2344904 bytes,    4953096 total
- age   5:    2590912 bytes,    7544008 total
- age   6:    4076216 bytes,   11620224 total
- age   7:     234168 bytes,   11854392 total
- age   8:     229488 bytes,   12083880 total
: 102110K->17768K(109248K), 0.0131580 secs] 173204K->89036K(502464K), 0.0133440 secs] [Times: user=0.05 sys=0.00, real=0.02 secs] 
Heap after GC invocations=575 (full 3):
 par new generation   total 109248K, used 17768K [0x00000000d5a00000, 0x00000000dda00000, 0x00000000dda00000)
  eden space 87424K,   0% used [0x00000000d5a00000, 0x00000000d5a00000, 0x00000000daf60000)
  from space 21824K,  81% used [0x00000000daf60000, 0x00000000dc0ba3d0, 0x00000000dc4b0000)
  to   space 21824K,   0% used [0x00000000dc4b0000, 0x00000000dc4b0000, 0x00000000dda00000)
 concurrent mark-sweep generation total 393216K, used 71267K [0x00000000dda00000, 0x00000000f5a00000, 0x00000000f5a00000)
 concurrent-mark-sweep perm gen total 59352K, used 35628K [0x00000000f5a00000, 0x00000000f93f6000, 0x0000000100000000)
}
2015-03-18T13:26:48.773-0400: 508110.948: Total time for which application threads were stopped: 0.0140730 seconds
{Heap before GC invocations=575 (full 3):
 par new generation   total 109248K, used 105192K [0x00000000d5a00000, 0x00000000dda00000, 0x00000000dda00000)
  eden space 87424K, 100% used [0x00000000d5a00000, 0x00000000daf60000, 0x00000000daf60000)
  from space 21824K,  81% used [0x00000000daf60000, 0x00000000dc0ba3d0, 0x00000000dc4b0000)
  to   space 21824K,   0% used [0x00000000dc4b0000, 0x00000000dc4b0000, 0x00000000dda00000)
 concurrent mark-sweep generation total 393216K, used 71267K [0x00000000dda00000, 0x00000000f5a00000, 0x00000000f5a00000)
 concurrent-mark-sweep perm gen total 59352K, used 35628K [0x00000000f5a00000, 0x00000000f93f6000, 0x0000000100000000)
2015-03-18T13:26:48.815-0400: 508110.991: [GC2015-03-18T13:26:48.815-0400: 508110.991: [ParNew
Desired survivor size 20112992 bytes, new threshold 8 (max 8)
- age   1:    1197608 bytes,    1197608 total
- age   2:      50224 bytes,    1247832 total
- age   3:      31848 bytes,    1279680 total
- age   4:     761896 bytes,    2041576 total
- age   5:    2344904 bytes,    4386480 total
- age   6:    2591000 bytes,    6977480 total
- age   7:    4076216 bytes,   11053696 total
- age   8:     234168 bytes,   11287864 total
: 105192K->12349K(109248K), 0.0126040 secs] 176460K->83845K(502464K), 0.0128070 secs] [Times: user=0.04 sys=0.00, real=0.01 secs] 
Heap after GC invocations=576 (full 3):
 par new generation   total 109248K, used 12349K [0x00000000d5a00000, 0x00000000dda00000, 0x00000000dda00000)
  eden space 87424K,   0% used [0x00000000d5a00000, 0x00000000d5a00000, 0x00000000daf60000)
  from space 21824K,  56% used [0x00000000dc4b0000, 0x00000000dd0bf558, 0x00000000dda00000)
  to   space 21824K,   0% used [0x00000000daf60000, 0x00000000daf60000, 0x00000000dc4b0000)
 concurrent mark-sweep generation total 393216K, used 71495K [0x00000000dda00000, 0x00000000f5a00000, 0x00000000f5a00000)
 concurrent-mark-sweep perm gen total 59352K, used 35628K [0x00000000f5a00000, 0x00000000f93f6000, 0x0000000100000000)
}
2015-03-18T13:26:48.828-0400: 508111.004: Total time for which application threads were stopped: 0.0135300 seconds
{Heap before GC invocations=576 (full 3):
 par new generation   total 109248K, used 99769K [0x00000000d5a00000, 0x00000000dda00000, 0x00000000dda00000)
  eden space 87424K,  99% used [0x00000000d5a00000, 0x00000000daf5f278, 0x00000000daf60000)
  from space 21824K,  56% used [0x00000000dc4b0000, 0x00000000dd0bf558, 0x00000000dda00000)
  to   space 21824K,   0% used [0x00000000daf60000, 0x00000000daf60000, 0x00000000dc4b0000)
 concurrent mark-sweep generation total 393216K, used 71495K [0x00000000dda00000, 0x00000000f5a00000, 0x00000000f5a00000)
 concurrent-mark-sweep perm gen total 59352K, used 35628K [0x00000000f5a00000, 0x00000000f93f6000, 0x0000000100000000)
2015-03-18T13:26:48.871-0400: 508111.047: [GC2015-03-18T13:26:48.871-0400: 508111.047: [ParNew
Desired survivor size 20112992 bytes, new threshold 8 (max 8)
- age   1:    1805408 bytes,    1805408 total
- age   2:      56040 bytes,    1861448 total
- age   3:      50080 bytes,    1911528 total
- age   4:      31704 bytes,    1943232 total
- age   5:     761896 bytes,    2705128 total
- age   6:    2344904 bytes,    5050032 total
- age   7:    2590912 bytes,    7640944 total
- age   8:    4076216 bytes,   11717160 total
: 99769K->16869K(109248K), 0.0128800 secs] 171265K->88596K(502464K), 0.0130580 secs] [Times: user=0.05 sys=0.00, real=0.01 secs] 
Heap after GC invocations=577 (full 3):
 par new generation   total 109248K, used 16869K [0x00000000d5a00000, 0x00000000dda00000, 0x00000000dda00000)
  eden space 87424K,   0% used [0x00000000d5a00000, 0x00000000d5a00000, 0x00000000daf60000)
  from space 21824K,  77% used [0x00000000daf60000, 0x00000000dbfd9528, 0x00000000dc4b0000)
  to   space 21824K,   0% used [0x00000000dc4b0000, 0x00000000dc4b0000, 0x00000000dda00000)
 concurrent mark-sweep generation total 393216K, used 71727K [0x00000000dda00000, 0x00000000f5a00000, 0x00000000f5a00000)
 concurrent-mark-sweep perm gen total 59352K, used 35628K [0x00000000f5a00000, 0x00000000f93f6000, 0x0000000100000000)
}
2015-03-18T13:26:48.884-0400: 508111.060: Total time for which application threads were stopped: 0.0137610 seconds
{Heap before GC invocations=577 (full 3):
 par new generation   total 109248K, used 104293K [0x00000000d5a00000, 0x00000000dda00000, 0x00000000dda00000)
  eden space 87424K, 100% used [0x00000000d5a00000, 0x00000000daf60000, 0x00000000daf60000)
  from space 21824K,  77% used [0x00000000daf60000, 0x00000000dbfd9528, 0x00000000dc4b0000)
  to   space 21824K,   0% used [0x00000000dc4b0000, 0x00000000dc4b0000, 0x00000000dda00000)
 concurrent mark-sweep generation total 393216K, used 71727K [0x00000000dda00000, 0x00000000f5a00000, 0x00000000f5a00000)
 concurrent-mark-sweep perm gen total 59352K, used 35628K [0x00000000f5a00000, 0x00000000f93f6000, 0x0000000100000000)
2015-03-18T13:26:48.926-0400: 508111.102: [GC2015-03-18T13:26:48.926-0400: 508111.102: [ParNew
Desired survivor size 20112992 bytes, new threshold 8 (max 8)
- age   1:    1497088 bytes,    1497088 total
- age   2:      87488 bytes,    1584576 total
- age   3:      55584 bytes,    1640160 total
- age   4:      49720 bytes,    1689880 total
- age   5:      31704 bytes,    1721584 total
- age   6:     761896 bytes,    2483480 total
- age   7:    2344936 bytes,    4828416 total
- age   8:    2590912 bytes,    7419328 total
: 104293K->10051K(109248K), 0.0144340 secs] 176020K->85766K(502464K), 0.0146250 secs] [Times: user=0.05 sys=0.00, real=0.02 secs] 
Heap after GC invocations=578 (full 3):
 par new generation   total 109248K, used 10051K [0x00000000d5a00000, 0x00000000dda00000, 0x00000000dda00000)
  eden space 87424K,   0% used [0x00000000d5a00000, 0x00000000d5a00000, 0x00000000daf60000)
  from space 21824K,  46% used [0x00000000dc4b0000, 0x00000000dce80d10, 0x00000000dda00000)
  to   space 21824K,   0% used [0x00000000daf60000, 0x00000000daf60000, 0x00000000dc4b0000)
 concurrent mark-sweep generation total 393216K, used 75715K [0x00000000dda00000, 0x00000000f5a00000, 0x00000000f5a00000)
 concurrent-mark-sweep perm gen total 59352K, used 35628K [0x00000000f5a00000, 0x00000000f93f6000, 0x0000000100000000)
}
2015-03-18T13:26:48.941-0400: 508111.116: Total time for which application threads were stopped: 0.0153230 seconds
{Heap before GC invocations=578 (full 3):
 par new generation   total 109248K, used 97463K [0x00000000d5a00000, 0x00000000dda00000, 0x00000000dda00000)
  eden space 87424K,  99% used [0x00000000d5a00000, 0x00000000daf5d1c0, 0x00000000daf60000)
  from space 21824K,  46% used [0x00000000dc4b0000, 0x00000000dce80d10, 0x00000000dda00000)
  to   space 21824K,   0% used [0x00000000daf60000, 0x00000000daf60000, 0x00000000dc4b0000)
 concurrent mark-sweep generation total 393216K, used 75715K [0x00000000dda00000, 0x00000000f5a00000, 0x00000000f5a00000)
 concurrent-mark-sweep perm gen total 59352K, used 35628K [0x00000000f5a00000, 0x00000000f93f6000, 0x0000000100000000)
2015-03-18T13:26:48.984-0400: 508111.160: [GC2015-03-18T13:26:48.985-0400: 508111.160: [ParNew
Desired survivor size 20112992 bytes, new threshold 8 (max 8)
- age   1:    1446872 bytes,    1446872 total
- age   2:      86408 bytes,    1533280 total
- age   3:      87488 bytes,    1620768 total
- age   4:      55584 bytes,    1676352 total
- age   5:      49640 bytes,    1725992 total
- age   6:      31704 bytes,    1757696 total
- age   7:     761896 bytes,    2519592 total
- age   8:    2344960 bytes,    4864552 total
: 97463K->6588K(109248K), 0.0108710 secs] 173178K->84837K(502464K), 0.0110330 secs] [Times: user=0.04 sys=0.00, real=0.01 secs] 
Heap after GC invocations=579 (full 3):
 par new generation   total 109248K, used 6588K [0x00000000d5a00000, 0x00000000dda00000, 0x00000000dda00000)
  eden space 87424K,   0% used [0x00000000d5a00000, 0x00000000d5a00000, 0x00000000daf60000)
  from space 21824K,  30% used [0x00000000daf60000, 0x00000000db5cf150, 0x00000000dc4b0000)
  to   space 21824K,   0% used [0x00000000dc4b0000, 0x00000000dc4b0000, 0x00000000dda00000)
 concurrent mark-sweep generation total 393216K, used 78249K [0x00000000dda00000, 0x00000000f5a00000, 0x00000000f5a00000)
 concurrent-mark-sweep perm gen total 59352K, used 35628K [0x00000000f5a00000, 0x00000000f93f6000, 0x0000000100000000)
}
2015-03-18T13:26:48.996-0400: 508111.171: Total time for which application threads were stopped: 0.0117200 seconds
{Heap before GC invocations=579 (full 3):
 par new generation   total 109248K, used 93998K [0x00000000d5a00000, 0x00000000dda00000, 0x00000000dda00000)
  eden space 87424K,  99% used [0x00000000d5a00000, 0x00000000daf5c798, 0x00000000daf60000)
  from space 21824K,  30% used [0x00000000daf60000, 0x00000000db5cf150, 0x00000000dc4b0000)
  to   space 21824K,   0% used [0x00000000dc4b0000, 0x00000000dc4b0000, 0x00000000dda00000)
 concurrent mark-sweep generation total 393216K, used 78249K [0x00000000dda00000, 0x00000000f5a00000, 0x00000000f5a00000)
 concurrent-mark-sweep perm gen total 59352K, used 35628K [0x00000000f5a00000, 0x00000000f93f6000, 0x0000000100000000)
2015-03-18T13:26:49.035-0400: 508111.211: [GC2015-03-18T13:26:49.035-0400: 508111.211: [ParNew
Desired survivor size 20112992 bytes, new threshold 8 (max 8)
- age   1:    2155000 bytes,    2155000 total
- age   2:     109880 bytes,    2264880 total
- age   3:      86408 bytes,    2351288 total
- age   4:      87184 bytes,    2438472 total
- age   5:      55368 bytes,    2493840 total
- age   6:      49640 bytes,    2543480 total
- age   7:      31432 bytes,    2574912 total
- age   8:     761896 bytes,    3336808 total
: 93998K->5039K(109248K), 0.0092860 secs] 172247K->85581K(502464K), 0.0094730 secs] [Times: user=0.03 sys=0.00, real=0.01 secs] 
Heap after GC invocations=580 (full 3):
 par new generation   total 109248K, used 5039K [0x00000000d5a00000, 0x00000000dda00000, 0x00000000dda00000)
  eden space 87424K,   0% used [0x00000000d5a00000, 0x00000000d5a00000, 0x00000000daf60000)
  from space 21824K,  23% used [0x00000000dc4b0000, 0x00000000dc99bc48, 0x00000000dda00000)
  to   space 21824K,   0% used [0x00000000daf60000, 0x00000000daf60000, 0x00000000dc4b0000)
 concurrent mark-sweep generation total 393216K, used 80542K [0x00000000dda00000, 0x00000000f5a00000, 0x00000000f5a00000)
 concurrent-mark-sweep perm gen total 59352K, used 35628K [0x00000000f5a00000, 0x00000000f93f6000, 0x0000000100000000)
}
2015-03-18T13:26:49.045-0400: 508111.221: Total time for which application threads were stopped: 0.0102910 seconds
{Heap before GC invocations=580 (full 3):
 par new generation   total 109248K, used 92439K [0x00000000d5a00000, 0x00000000dda00000, 0x00000000dda00000)
  eden space 87424K,  99% used [0x00000000d5a00000, 0x00000000daf5a320, 0x00000000daf60000)
  from space 21824K,  23% used [0x00000000dc4b0000, 0x00000000dc99bc48, 0x00000000dda00000)
  to   space 21824K,   0% used [0x00000000daf60000, 0x00000000daf60000, 0x00000000dc4b0000)
 concurrent mark-sweep generation total 393216K, used 80542K [0x00000000dda00000, 0x00000000f5a00000, 0x00000000f5a00000)
 concurrent-mark-sweep perm gen total 59352K, used 35628K [0x00000000f5a00000, 0x00000000f93f6000, 0x0000000100000000)
2015-03-18T13:26:49.086-0400: 508111.261: [GC2015-03-18T13:26:49.086-0400: 508111.261: [ParNew
Desired survivor size 20112992 bytes, new threshold 8 (max 8)
- age   1:    2335376 bytes,    2335376 total
- age   2:      96488 bytes,    2431864 total
- age   3:     109880 bytes,    2541744 total
- age   4:      86408 bytes,    2628152 total
- age   5:      87184 bytes,    2715336 total
- age   6:      55368 bytes,    2770704 total
- age   7:      49424 bytes,    2820128 total
- age   8:      31160 bytes,    2851288 total
: 92439K->3836K(109248K), 0.0066630 secs] 172981K->85124K(502464K), 0.0068340 secs] [Times: user=0.02 sys=0.00, real=0.01 secs] 
Heap after GC invocations=581 (full 3):
 par new generation   total 109248K, used 3836K [0x00000000d5a00000, 0x00000000dda00000, 0x00000000dda00000)
  eden space 87424K,   0% used [0x00000000d5a00000, 0x00000000d5a00000, 0x00000000daf60000)
  from space 21824K,  17% used [0x00000000daf60000, 0x00000000db31f150, 0x00000000dc4b0000)
  to   space 21824K,   0% used [0x00000000dc4b0000, 0x00000000dc4b0000, 0x00000000dda00000)
 concurrent mark-sweep generation total 393216K, used 81288K [0x00000000dda00000, 0x00000000f5a00000, 0x00000000f5a00000)
 concurrent-mark-sweep perm gen total 59352K, used 35628K [0x00000000f5a00000, 0x00000000f93f6000, 0x0000000100000000)
}
2015-03-18T13:26:49.093-0400: 508111.268: Total time for which application threads were stopped: 0.0075360 seconds
{Heap before GC invocations=581 (full 3):
 par new generation   total 109248K, used 91260K [0x00000000d5a00000, 0x00000000dda00000, 0x00000000dda00000)
  eden space 87424K, 100% used [0x00000000d5a00000, 0x00000000daf60000, 0x00000000daf60000)
  from space 21824K,  17% used [0x00000000daf60000, 0x00000000db31f150, 0x00000000dc4b0000)
  to   space 21824K,   0% used [0x00000000dc4b0000, 0x00000000dc4b0000, 0x00000000dda00000)
 concurrent mark-sweep generation total 393216K, used 81288K [0x00000000dda00000, 0x00000000f5a00000, 0x00000000f5a00000)
 concurrent-mark-sweep perm gen total 59352K, used 35628K [0x00000000f5a00000, 0x00000000f93f6000, 0x0000000100000000)
2015-03-18T13:26:49.133-0400: 508111.308: [GC2015-03-18T13:26:49.133-0400: 508111.309: [ParNew
Desired survivor size 20112992 bytes, new threshold 8 (max 8)
- age   1:    1906752 bytes,    1906752 total
- age   2:      94352 bytes,    2001104 total
- age   3:      96488 bytes,    2097592 total
- age   4:     109880 bytes,    2207472 total
- age   5:      86408 bytes,    2293880 total
- age   6:      87184 bytes,    2381064 total
- age   7:      54936 bytes,    2436000 total
- age   8:      49424 bytes,    2485424 total
: 91260K->3569K(109248K), 0.0056380 secs] 172548K->84889K(502464K), 0.0058180 secs] [Times: user=0.02 sys=0.00, real=0.00 secs] 
Heap after GC invocations=582 (full 3):
 par new generation   total 109248K, used 3569K [0x00000000d5a00000, 0x00000000dda00000, 0x00000000dda00000)
  eden space 87424K,   0% used [0x00000000d5a00000, 0x00000000d5a00000, 0x00000000daf60000)
  from space 21824K,  16% used [0x00000000dc4b0000, 0x00000000dc82c620, 0x00000000dda00000)
  to   space 21824K,   0% used [0x00000000daf60000, 0x00000000daf60000, 0x00000000dc4b0000)
 concurrent mark-sweep generation total 393216K, used 81319K [0x00000000dda00000, 0x00000000f5a00000, 0x00000000f5a00000)
 concurrent-mark-sweep perm gen total 59352K, used 35628K [0x00000000f5a00000, 0x00000000f93f6000, 0x0000000100000000)
}
2015-03-18T13:26:49.139-0400: 508111.314: Total time for which application threads were stopped: 0.0064880 seconds
{Heap before GC invocations=582 (full 3):
 par new generation   total 109248K, used 90981K [0x00000000d5a00000, 0x00000000dda00000, 0x00000000dda00000)
  eden space 87424K,  99% used [0x00000000d5a00000, 0x00000000daf5d110, 0x00000000daf60000)
  from space 21824K,  16% used [0x00000000dc4b0000, 0x00000000dc82c620, 0x00000000dda00000)
  to   space 21824K,   0% used [0x00000000daf60000, 0x00000000daf60000, 0x00000000dc4b0000)
 concurrent mark-sweep generation total 393216K, used 81319K [0x00000000dda00000, 0x00000000f5a00000, 0x00000000f5a00000)
 concurrent-mark-sweep perm gen total 59352K, used 35628K [0x00000000f5a00000, 0x00000000f93f6000, 0x0000000100000000)
2015-03-18T13:26:49.177-0400: 508111.353: [GC2015-03-18T13:26:49.177-0400: 508111.353: [ParNew
Desired survivor size 20112992 bytes, new threshold 8 (max 8)
- age   1:    1515616 bytes,    1515616 total
- age   2:      97128 bytes,    1612744 total
- age   3:      94352 bytes,    1707096 total
- age   4:      96488 bytes,    1803584 total
- age   5:     109880 bytes,    1913464 total
- age   6:      85760 bytes,    1999224 total
- age   7:      86912 bytes,    2086136 total
- age   8:      54392 bytes,    2140528 total
: 90981K->2915K(109248K), 0.0054110 secs] 172301K->84284K(502464K), 0.0055710 secs] [Times: user=0.02 sys=0.00, real=0.01 secs] 
Heap after GC invocations=583 (full 3):
 par new generation   total 109248K, used 2915K [0x00000000d5a00000, 0x00000000dda00000, 0x00000000dda00000)
  eden space 87424K,   0% used [0x00000000d5a00000, 0x00000000d5a00000, 0x00000000daf60000)
  from space 21824K,  13% used [0x00000000daf60000, 0x00000000db238c40, 0x00000000dc4b0000)
  to   space 21824K,   0% used [0x00000000dc4b0000, 0x00000000dc4b0000, 0x00000000dda00000)
 concurrent mark-sweep generation total 393216K, used 81369K [0x00000000dda00000, 0x00000000f5a00000, 0x00000000f5a00000)
 concurrent-mark-sweep perm gen total 59352K, used 35628K [0x00000000f5a00000, 0x00000000f93f6000, 0x0000000100000000)
}
2015-03-18T13:26:49.183-0400: 508111.359: Total time for which application threads were stopped: 0.0062420 seconds
{Heap before GC invocations=583 (full 3):
 par new generation   total 109248K, used 90339K [0x00000000d5a00000, 0x00000000dda00000, 0x00000000dda00000)
  eden space 87424K, 100% used [0x00000000d5a00000, 0x00000000daf60000, 0x00000000daf60000)
  from space 21824K,  13% used [0x00000000daf60000, 0x00000000db238c40, 0x00000000dc4b0000)
  to   space 21824K,   0% used [0x00000000dc4b0000, 0x00000000dc4b0000, 0x00000000dda00000)
 concurrent mark-sweep generation total 393216K, used 81369K [0x00000000dda00000, 0x00000000f5a00000, 0x00000000f5a00000)
 concurrent-mark-sweep perm gen total 59352K, used 35628K [0x00000000f5a00000, 0x00000000f93f6000, 0x0000000100000000)
2015-03-18T13:26:49.221-0400: 508111.396: [GC2015-03-18T13:26:49.221-0400: 508111.397: [ParNew
Desired survivor size 20112992 bytes, new threshold 8 (max 8)
- age   1:    2110704 bytes,    2110704 total
- age   2:      87680 bytes,    2198384 total
- age   3:      97128 bytes,    2295512 total
- age   4:      94352 bytes,    2389864 total
- age   5:      96488 bytes,    2486352 total
- age   6:     109880 bytes,    2596232 total
- age   7:      85544 bytes,    2681776 total
- age   8:      86640 bytes,    2768416 total
: 90339K->3024K(109248K), 0.0058260 secs] 171708K->84449K(502464K), 0.0060050 secs] [Times: user=0.02 sys=0.00, real=0.00 secs] 
Heap after GC invocations=584 (full 3):
 par new generation   total 109248K, used 3024K [0x00000000d5a00000, 0x00000000dda00000, 0x00000000dda00000)
  eden space 87424K,   0% used [0x00000000d5a00000, 0x00000000d5a00000, 0x00000000daf60000)
  from space 21824K,  13% used [0x00000000dc4b0000, 0x00000000dc7a4358, 0x00000000dda00000)
  to   space 21824K,   0% used [0x00000000daf60000, 0x00000000daf60000, 0x00000000dc4b0000)
 concurrent mark-sweep generation total 393216K, used 81424K [0x00000000dda00000, 0x00000000f5a00000, 0x00000000f5a00000)
 concurrent-mark-sweep perm gen total 59352K, used 35628K [0x00000000f5a00000, 0x00000000f93f6000, 0x0000000100000000)
}
2015-03-18T13:26:49.227-0400: 508111.403: Total time for which application threads were stopped: 0.0066960 seconds
{Heap before GC invocations=584 (full 3):
 par new generation   total 109248K, used 90448K [0x00000000d5a00000, 0x00000000dda00000, 0x00000000dda00000)
  eden space 87424K, 100% used [0x00000000d5a00000, 0x00000000daf60000, 0x00000000daf60000)
  from space 21824K,  13% used [0x00000000dc4b0000, 0x00000000dc7a4358, 0x00000000dda00000)
  to   space 21824K,   0% used [0x00000000daf60000, 0x00000000daf60000, 0x00000000dc4b0000)
 concurrent mark-sweep generation total 393216K, used 81424K [0x00000000dda00000, 0x00000000f5a00000, 0x00000000f5a00000)
 concurrent-mark-sweep perm gen total 59352K, used 35628K [0x00000000f5a00000, 0x00000000f93f6000, 0x0000000100000000)
2015-03-18T13:26:49.263-0400: 508111.439: [GC2015-03-18T13:26:49.263-0400: 508111.439: [ParNew
Desired survivor size 20112992 bytes, new threshold 8 (max 8)
- age   1:    2057136 bytes,    2057136 total
- age   2:      78376 bytes,    2135512 total
- age   3:      87680 bytes,    2223192 total
- age   4:      97128 bytes,    2320320 total
- age   5:      94352 bytes,    2414672 total
- age   6:      96056 bytes,    2510728 total
- age   7:     109880 bytes,    2620608 total
- age   8:      85000 bytes,    2705608 total
: 90448K->3373K(109248K), 0.0057780 secs] 171873K->84884K(502464K), 0.0059320 secs] [Times: user=0.02 sys=0.00, real=0.00 secs] 
Heap after GC invocations=585 (full 3):
 par new generation   total 109248K, used 3373K [0x00000000d5a00000, 0x00000000dda00000, 0x00000000dda00000)
  eden space 87424K,   0% used [0x00000000d5a00000, 0x00000000d5a00000, 0x00000000daf60000)
  from space 21824K,  15% used [0x00000000daf60000, 0x00000000db2ab4e0, 0x00000000dc4b0000)
  to   space 21824K,   0% used [0x00000000dc4b0000, 0x00000000dc4b0000, 0x00000000dda00000)
 concurrent mark-sweep generation total 393216K, used 81511K [0x00000000dda00000, 0x00000000f5a00000, 0x00000000f5a00000)
 concurrent-mark-sweep perm gen total 59352K, used 35628K [0x00000000f5a00000, 0x00000000f93f6000, 0x0000000100000000)
}
2015-03-18T13:26:49.269-0400: 508111.445: Total time for which application threads were stopped: 0.0066710 seconds
{Heap before GC invocations=585 (full 3):
 par new generation   total 109248K, used 90797K [0x00000000d5a00000, 0x00000000dda00000, 0x00000000dda00000)
  eden space 87424K, 100% used [0x00000000d5a00000, 0x00000000daf60000, 0x00000000daf60000)
  from space 21824K,  15% used [0x00000000daf60000, 0x00000000db2ab4e0, 0x00000000dc4b0000)
  to   space 21824K,   0% used [0x00000000dc4b0000, 0x00000000dc4b0000, 0x00000000dda00000)
 concurrent mark-sweep generation total 393216K, used 81511K [0x00000000dda00000, 0x00000000f5a00000, 0x00000000f5a00000)
 concurrent-mark-sweep perm gen total 59352K, used 35628K [0x00000000f5a00000, 0x00000000f93f6000, 0x0000000100000000)
2015-03-18T13:26:49.301-0400: 508111.477: [GC2015-03-18T13:26:49.301-0400: 508111.477: [ParNew
Desired survivor size 20112992 bytes, new threshold 8 (max 8)
- age   1:    1688776 bytes,    1688776 total
- age   2:      77952 bytes,    1766728 total
- age   3:      78304 bytes,    1845032 total
- age   4:      87608 bytes,    1932640 total
- age   5:      97056 bytes,    2029696 total
- age   6:      94256 bytes,    2123952 total
- age   7:      95648 bytes,    2219600 total
- age   8:     109808 bytes,    2329408 total
: 90797K->3179K(109248K), 0.0057620 secs] 172308K->84775K(502464K), 0.0059460 secs] [Times: user=0.02 sys=0.00, real=0.00 secs] 
Heap after GC invocations=586 (full 3):
 par new generation   total 109248K, used 3179K [0x00000000d5a00000, 0x00000000dda00000, 0x00000000dda00000)
  eden space 87424K,   0% used [0x00000000d5a00000, 0x00000000d5a00000, 0x00000000daf60000)
  from space 21824K,  14% used [0x00000000dc4b0000, 0x00000000dc7caf60, 0x00000000dda00000)
  to   space 21824K,   0% used [0x00000000daf60000, 0x00000000daf60000, 0x00000000dc4b0000)
 concurrent mark-sweep generation total 393216K, used 81596K [0x00000000dda00000, 0x00000000f5a00000, 0x00000000f5a00000)
 concurrent-mark-sweep perm gen total 59352K, used 35628K [0x00000000f5a00000, 0x00000000f93f6000, 0x0000000100000000)
}
2015-03-18T13:26:49.307-0400: 508111.483: Total time for which application threads were stopped: 0.0066490 seconds
{Heap before GC invocations=586 (full 3):
 par new generation   total 109248K, used 90603K [0x00000000d5a00000, 0x00000000dda00000, 0x00000000dda00000)
  eden space 87424K, 100% used [0x00000000d5a00000, 0x00000000daf60000, 0x00000000daf60000)
  from space 21824K,  14% used [0x00000000dc4b0000, 0x00000000dc7caf60, 0x00000000dda00000)
  to   space 21824K,   0% used [0x00000000daf60000, 0x00000000daf60000, 0x00000000dc4b0000)
 concurrent mark-sweep generation total 393216K, used 81596K [0x00000000dda00000, 0x00000000f5a00000, 0x00000000f5a00000)
 concurrent-mark-sweep perm gen total 59352K, used 35628K [0x00000000f5a00000, 0x00000000f93f6000, 0x0000000100000000)
2015-03-18T13:26:49.338-0400: 508111.513: [GC2015-03-18T13:26:49.338-0400: 508111.514: [ParNew
Desired survivor size 20112992 bytes, new threshold 8 (max 8)
- age   1:    1566032 bytes,    1566032 total
- age   2:     169544 bytes,    1735576 total
- age   3:      77712 bytes,    1813288 total
- age   4:      78088 bytes,    1891376 total
- age   5:      87344 bytes,    1978720 total
- age   6:      96168 bytes,    2074888 total
- age   7:      93752 bytes,    2168640 total
- age   8:      95456 bytes,    2264096 total
: 90603K->3350K(109248K), 0.0063310 secs] 172199K->85055K(502464K), 0.0064930 secs] [Times: user=0.03 sys=0.00, real=0.01 secs] 
Heap after GC invocations=587 (full 3):
 par new generation   total 109248K, used 3350K [0x00000000d5a00000, 0x00000000dda00000, 0x00000000dda00000)
  eden space 87424K,   0% used [0x00000000d5a00000, 0x00000000d5a00000, 0x00000000daf60000)
  from space 21824K,  15% used [0x00000000daf60000, 0x00000000db2a5948, 0x00000000dc4b0000)
  to   space 21824K,   0% used [0x00000000dc4b0000, 0x00000000dc4b0000, 0x00000000dda00000)
 concurrent mark-sweep generation total 393216K, used 81705K [0x00000000dda00000, 0x00000000f5a00000, 0x00000000f5a00000)
 concurrent-mark-sweep perm gen total 59352K, used 35628K [0x00000000f5a00000, 0x00000000f93f6000, 0x0000000100000000)
}
2015-03-18T13:26:49.344-0400: 508111.520: Total time for which application threads were stopped: 0.0072580 seconds
{Heap before GC invocations=587 (full 3):
 par new generation   total 109248K, used 90774K [0x00000000d5a00000, 0x00000000dda00000, 0x00000000dda00000)
  eden space 87424K, 100% used [0x00000000d5a00000, 0x00000000daf60000, 0x00000000daf60000)
  from space 21824K,  15% used [0x00000000daf60000, 0x00000000db2a5948, 0x00000000dc4b0000)
  to   space 21824K,   0% used [0x00000000dc4b0000, 0x00000000dc4b0000, 0x00000000dda00000)
 concurrent mark-sweep generation total 393216K, used 81705K [0x00000000dda00000, 0x00000000f5a00000, 0x00000000f5a00000)
 concurrent-mark-sweep perm gen total 59352K, used 35628K [0x00000000f5a00000, 0x00000000f93f6000, 0x0000000100000000)
2015-03-18T13:26:49.373-0400: 508111.549: [GC2015-03-18T13:26:49.373-0400: 508111.549: [ParNew
Desired survivor size 20112992 bytes, new threshold 8 (max 8)
- age   1:    1796472 bytes,    1796472 total
- age   2:     695968 bytes,    2492440 total
- age   3:     169432 bytes,    2661872 total
- age   4:      77640 bytes,    2739512 total
- age   5:      78016 bytes,    2817528 total
- age   6:      86936 bytes,    2904464 total
- age   7:      96120 bytes,    3000584 total
- age   8:      93680 bytes,    3094264 total
: 90774K->3431K(109248K), 0.0068610 secs] 172479K->85231K(502464K), 0.0070360 secs] [Times: user=0.02 sys=0.00, real=0.00 secs] 
Heap after GC invocations=588 (full 3):
 par new generation   total 109248K, used 3431K [0x00000000d5a00000, 0x00000000dda00000, 0x00000000dda00000)
  eden space 87424K,   0% used [0x00000000d5a00000, 0x00000000d5a00000, 0x00000000daf60000)
  from space 21824K,  15% used [0x00000000dc4b0000, 0x00000000dc809fb8, 0x00000000dda00000)
  to   space 21824K,   0% used [0x00000000daf60000, 0x00000000daf60000, 0x00000000dc4b0000)
 concurrent mark-sweep generation total 393216K, used 81800K [0x00000000dda00000, 0x00000000f5a00000, 0x00000000f5a00000)
 concurrent-mark-sweep perm gen total 59352K, used 35628K [0x00000000f5a00000, 0x00000000f93f6000, 0x0000000100000000)
}
2015-03-18T13:26:49.380-0400: 508111.556: Total time for which application threads were stopped: 0.0077630 seconds
{Heap before GC invocations=588 (full 3):
 par new generation   total 109248K, used 90855K [0x00000000d5a00000, 0x00000000dda00000, 0x00000000dda00000)
  eden space 87424K, 100% used [0x00000000d5a00000, 0x00000000daf60000, 0x00000000daf60000)
  from space 21824K,  15% used [0x00000000dc4b0000, 0x00000000dc809fb8, 0x00000000dda00000)
  to   space 21824K,   0% used [0x00000000daf60000, 0x00000000daf60000, 0x00000000dc4b0000)
 concurrent mark-sweep generation total 393216K, used 81800K [0x00000000dda00000, 0x00000000f5a00000, 0x00000000f5a00000)
 concurrent-mark-sweep perm gen total 59352K, used 35628K [0x00000000f5a00000, 0x00000000f93f6000, 0x0000000100000000)
2015-03-18T13:26:49.415-0400: 508111.591: [GC2015-03-18T13:26:49.415-0400: 508111.591: [ParNew
Desired survivor size 20112992 bytes, new threshold 8 (max 8)
- age   1:    1782232 bytes,    1782232 total
- age   2:     891680 bytes,    2673912 total
- age   3:     695616 bytes,    3369528 total
- age   4:     169144 bytes,    3538672 total
- age   5:      77016 bytes,    3615688 total
- age   6:      77392 bytes,    3693080 total
- age   7:      86024 bytes,    3779104 total
- age   8:      95880 bytes,    3874984 total
: 90855K->4941K(109248K), 0.0080400 secs] 172655K->86834K(502464K), 0.0081970 secs] [Times: user=0.03 sys=0.00, real=0.01 secs] 
Heap after GC invocations=589 (full 3):
 par new generation   total 109248K, used 4941K [0x00000000d5a00000, 0x00000000dda00000, 0x00000000dda00000)
  eden space 87424K,   0% used [0x00000000d5a00000, 0x00000000d5a00000, 0x00000000daf60000)
  from space 21824K,  22% used [0x00000000daf60000, 0x00000000db433500, 0x00000000dc4b0000)
  to   space 21824K,   0% used [0x00000000dc4b0000, 0x00000000dc4b0000, 0x00000000dda00000)
 concurrent mark-sweep generation total 393216K, used 81893K [0x00000000dda00000, 0x00000000f5a00000, 0x00000000f5a00000)
 concurrent-mark-sweep perm gen total 59352K, used 35628K [0x00000000f5a00000, 0x00000000f93f6000, 0x0000000100000000)
}
2015-03-18T13:26:49.423-0400: 508111.599: Total time for which application threads were stopped: 0.0088970 seconds
{Heap before GC invocations=589 (full 3):
 par new generation   total 109248K, used 92365K [0x00000000d5a00000, 0x00000000dda00000, 0x00000000dda00000)
  eden space 87424K, 100% used [0x00000000d5a00000, 0x00000000daf60000, 0x00000000daf60000)
  from space 21824K,  22% used [0x00000000daf60000, 0x00000000db433500, 0x00000000dc4b0000)
  to   space 21824K,   0% used [0x00000000dc4b0000, 0x00000000dc4b0000, 0x00000000dda00000)
 concurrent mark-sweep generation total 393216K, used 81893K [0x00000000dda00000, 0x00000000f5a00000, 0x00000000f5a00000)
 concurrent-mark-sweep perm gen total 59352K, used 35628K [0x00000000f5a00000, 0x00000000f93f6000, 0x0000000100000000)
2015-03-18T13:26:49.552-0400: 508111.727: [GC2015-03-18T13:26:49.552-0400: 508111.728: [ParNew
Desired survivor size 20112992 bytes, new threshold 8 (max 8)
- age   1:    2589296 bytes,    2589296 total
- age   2:    1250104 bytes,    3839400 total
- age   3:     924368 bytes,    4763768 total
- age   4:     793896 bytes,    5557664 total
- age   5:     169096 bytes,    5726760 total
- age   6:      76608 bytes,    5803368 total
- age   7:      77344 bytes,    5880712 total
- age   8:      85952 bytes,    5966664 total
: 92365K->7044K(109248K), 0.0099100 secs] 174258K->89033K(502464K), 0.0100700 secs] [Times: user=0.04 sys=0.00, real=0.01 secs] 
Heap after GC invocations=590 (full 3):
 par new generation   total 109248K, used 7044K [0x00000000d5a00000, 0x00000000dda00000, 0x00000000dda00000)
  eden space 87424K,   0% used [0x00000000d5a00000, 0x00000000d5a00000, 0x00000000daf60000)
  from space 21824K,  32% used [0x00000000dc4b0000, 0x00000000dcb91210, 0x00000000dda00000)
  to   space 21824K,   0% used [0x00000000daf60000, 0x00000000daf60000, 0x00000000dc4b0000)
 concurrent mark-sweep generation total 393216K, used 81988K [0x00000000dda00000, 0x00000000f5a00000, 0x00000000f5a00000)
 concurrent-mark-sweep perm gen total 59352K, used 35628K [0x00000000f5a00000, 0x00000000f93f6000, 0x0000000100000000)
}
2015-03-18T13:26:49.562-0400: 508111.738: Total time for which application threads were stopped: 0.0108580 seconds
{Heap before GC invocations=590 (full 3):
 par new generation   total 109248K, used 94468K [0x00000000d5a00000, 0x00000000dda00000, 0x00000000dda00000)
  eden space 87424K, 100% used [0x00000000d5a00000, 0x00000000daf60000, 0x00000000daf60000)
  from space 21824K,  32% used [0x00000000dc4b0000, 0x00000000dcb91210, 0x00000000dda00000)
  to   space 21824K,   0% used [0x00000000daf60000, 0x00000000daf60000, 0x00000000dc4b0000)
 concurrent mark-sweep generation total 393216K, used 81988K [0x00000000dda00000, 0x00000000f5a00000, 0x00000000f5a00000)
 concurrent-mark-sweep perm gen total 59352K, used 35628K [0x00000000f5a00000, 0x00000000f93f6000, 0x0000000100000000)
2015-03-18T13:26:49.655-0400: 508111.831: [GC2015-03-18T13:26:49.655-0400: 508111.831: [ParNew
Desired survivor size 20112992 bytes, new threshold 8 (max 8)
- age   1:    6859952 bytes,    6859952 total
- age   2:    2287032 bytes,    9146984 total
- age   3:    1250008 bytes,   10396992 total
- age   4:     891552 bytes,   11288544 total
- age   5:     695544 bytes,   11984088 total
- age   6:     169096 bytes,   12153184 total
- age   7:      76608 bytes,   12229792 total
- age   8:      77344 bytes,   12307136 total
: 94468K->14187K(109248K), 0.0142790 secs] 176457K->96262K(502464K), 0.0144720 secs] [Times: user=0.05 sys=0.00, real=0.01 secs] 
Heap after GC invocations=591 (full 3):
 par new generation   total 109248K, used 14187K [0x00000000d5a00000, 0x00000000dda00000, 0x00000000dda00000)
  eden space 87424K,   0% used [0x00000000d5a00000, 0x00000000d5a00000, 0x00000000daf60000)
  from space 21824K,  65% used [0x00000000daf60000, 0x00000000dbd3af00, 0x00000000dc4b0000)
  to   space 21824K,   0% used [0x00000000dc4b0000, 0x00000000dc4b0000, 0x00000000dda00000)
 concurrent mark-sweep generation total 393216K, used 82074K [0x00000000dda00000, 0x00000000f5a00000, 0x00000000f5a00000)
 concurrent-mark-sweep perm gen total 59352K, used 35628K [0x00000000f5a00000, 0x00000000f93f6000, 0x0000000100000000)
}
2015-03-18T13:26:49.670-0400: 508111.846: Total time for which application threads were stopped: 0.0152430 seconds
{Heap before GC invocations=591 (full 3):
 par new generation   total 109248K, used 101611K [0x00000000d5a00000, 0x00000000dda00000, 0x00000000dda00000)
  eden space 87424K, 100% used [0x00000000d5a00000, 0x00000000daf60000, 0x00000000daf60000)
  from space 21824K,  65% used [0x00000000daf60000, 0x00000000dbd3af00, 0x00000000dc4b0000)
  to   space 21824K,   0% used [0x00000000dc4b0000, 0x00000000dc4b0000, 0x00000000dda00000)
 concurrent mark-sweep generation total 393216K, used 82074K [0x00000000dda00000, 0x00000000f5a00000, 0x00000000f5a00000)
 concurrent-mark-sweep perm gen total 59352K, used 35628K [0x00000000f5a00000, 0x00000000f93f6000, 0x0000000100000000)
2015-03-18T13:26:49.712-0400: 508111.888: [GC2015-03-18T13:26:49.712-0400: 508111.888: [ParNew
Desired survivor size 20112992 bytes, new threshold 8 (max 8)
- age   1:    1937680 bytes,    1937680 total
- age   2:    5685192 bytes,    7622872 total
- age   3:    2287032 bytes,    9909904 total
- age   4:    1250008 bytes,   11159912 total
- age   5:     891624 bytes,   12051536 total
- age   6:     695544 bytes,   12747080 total
- age   7:     169096 bytes,   12916176 total
- age   8:      76608 bytes,   12992784 total
: 101611K->20392K(109248K), 0.0139350 secs] 183686K->102544K(502464K), 0.0141600 secs] [Times: user=0.05 sys=0.00, real=0.01 secs] 
Heap after GC invocations=592 (full 3):
 par new generation   total 109248K, used 20392K [0x00000000d5a00000, 0x00000000dda00000, 0x00000000dda00000)
  eden space 87424K,   0% used [0x00000000d5a00000, 0x00000000d5a00000, 0x00000000daf60000)
  from space 21824K,  93% used [0x00000000dc4b0000, 0x00000000dd89a280, 0x00000000dda00000)
  to   space 21824K,   0% used [0x00000000daf60000, 0x00000000daf60000, 0x00000000dc4b0000)
 concurrent mark-sweep generation total 393216K, used 82151K [0x00000000dda00000, 0x00000000f5a00000, 0x00000000f5a00000)
 concurrent-mark-sweep perm gen total 59352K, used 35628K [0x00000000f5a00000, 0x00000000f93f6000, 0x0000000100000000)
}
2015-03-18T13:26:49.726-0400: 508111.902: Total time for which application threads were stopped: 0.0148920 seconds
{Heap before GC invocations=592 (full 3):
 par new generation   total 109248K, used 107816K [0x00000000d5a00000, 0x00000000dda00000, 0x00000000dda00000)
  eden space 87424K, 100% used [0x00000000d5a00000, 0x00000000daf60000, 0x00000000daf60000)
  from space 21824K,  93% used [0x00000000dc4b0000, 0x00000000dd89a280, 0x00000000dda00000)
  to   space 21824K,   0% used [0x00000000daf60000, 0x00000000daf60000, 0x00000000dc4b0000)
 concurrent mark-sweep generation total 393216K, used 82151K [0x00000000dda00000, 0x00000000f5a00000, 0x00000000f5a00000)
 concurrent-mark-sweep perm gen total 59352K, used 35628K [0x00000000f5a00000, 0x00000000f93f6000, 0x0000000100000000)
2015-03-18T13:26:49.767-0400: 508111.943: [GC2015-03-18T13:26:49.768-0400: 508111.943: [ParNew
Desired survivor size 20112992 bytes, new threshold 8 (max 8)
- age   1:    1155432 bytes,    1155432 total
- age   2:      29024 bytes,    1184456 total
- age   3:    5684328 bytes,    6868784 total
- age   4:    2352920 bytes,    9221704 total
- age   5:    1282792 bytes,   10504496 total
- age   6:     891552 bytes,   11396048 total
- age   7:     695544 bytes,   12091592 total
- age   8:     169096 bytes,   12260688 total
: 107816K->14302K(109248K), 0.0140060 secs] 189968K->96531K(502464K), 0.0141960 secs] [Times: user=0.05 sys=0.00, real=0.02 secs] 
Heap after GC invocations=593 (full 3):
 par new generation   total 109248K, used 14302K [0x00000000d5a00000, 0x00000000dda00000, 0x00000000dda00000)
  eden space 87424K,   0% used [0x00000000d5a00000, 0x00000000d5a00000, 0x00000000daf60000)
  from space 21824K,  65% used [0x00000000daf60000, 0x00000000dbd57af0, 0x00000000dc4b0000)
  to   space 21824K,   0% used [0x00000000dc4b0000, 0x00000000dc4b0000, 0x00000000dda00000)
 concurrent mark-sweep generation total 393216K, used 82228K [0x00000000dda00000, 0x00000000f5a00000, 0x00000000f5a00000)
 concurrent-mark-sweep perm gen total 59352K, used 35628K [0x00000000f5a00000, 0x00000000f93f6000, 0x0000000100000000)
}
2015-03-18T13:26:49.782-0400: 508111.957: Total time for which application threads were stopped: 0.0149410 seconds
{Heap before GC invocations=593 (full 3):
 par new generation   total 109248K, used 101726K [0x00000000d5a00000, 0x00000000dda00000, 0x00000000dda00000)
  eden space 87424K, 100% used [0x00000000d5a00000, 0x00000000daf60000, 0x00000000daf60000)
  from space 21824K,  65% used [0x00000000daf60000, 0x00000000dbd57af0, 0x00000000dc4b0000)
  to   space 21824K,   0% used [0x00000000dc4b0000, 0x00000000dc4b0000, 0x00000000dda00000)
 concurrent mark-sweep generation total 393216K, used 82228K [0x00000000dda00000, 0x00000000f5a00000, 0x00000000f5a00000)
 concurrent-mark-sweep perm gen total 59352K, used 35628K [0x00000000f5a00000, 0x00000000f93f6000, 0x0000000100000000)
2015-03-18T13:26:49.824-0400: 508111.999: [GC2015-03-18T13:26:49.824-0400: 508112.000: [ParNew
Desired survivor size 20112992 bytes, new threshold 8 (max 8)
- age   1:    1304328 bytes,    1304328 total
- age   2:      32280 bytes,    1336608 total
- age   3:      29024 bytes,    1365632 total
- age   4:    5683784 bytes,    7049416 total
- age   5:    2287032 bytes,    9336448 total
- age   6:    1250008 bytes,   10586456 total
- age   7:     891552 bytes,   11478008 total
- age   8:     695544 bytes,   12173552 total
: 101726K->20675K(109248K), 0.0138190 secs] 183955K->103071K(502464K), 0.0140280 secs] [Times: user=0.06 sys=0.00, real=0.01 secs] 
Heap after GC invocations=594 (full 3):
 par new generation   total 109248K, used 20675K [0x00000000d5a00000, 0x00000000dda00000, 0x00000000dda00000)
  eden space 87424K,   0% used [0x00000000d5a00000, 0x00000000d5a00000, 0x00000000daf60000)
  from space 21824K,  94% used [0x00000000dc4b0000, 0x00000000dd8e0e80, 0x00000000dda00000)
  to   space 21824K,   0% used [0x00000000daf60000, 0x00000000daf60000, 0x00000000dc4b0000)
 concurrent mark-sweep generation total 393216K, used 82395K [0x00000000dda00000, 0x00000000f5a00000, 0x00000000f5a00000)
 concurrent-mark-sweep perm gen total 59352K, used 35628K [0x00000000f5a00000, 0x00000000f93f6000, 0x0000000100000000)
}
2015-03-18T13:26:49.838-0400: 508112.014: Total time for which application threads were stopped: 0.0147560 seconds
{Heap before GC invocations=594 (full 3):
 par new generation   total 109248K, used 108099K [0x00000000d5a00000, 0x00000000dda00000, 0x00000000dda00000)
  eden space 87424K, 100% used [0x00000000d5a00000, 0x00000000daf60000, 0x00000000daf60000)
  from space 21824K,  94% used [0x00000000dc4b0000, 0x00000000dd8e0e80, 0x00000000dda00000)
  to   space 21824K,   0% used [0x00000000daf60000, 0x00000000daf60000, 0x00000000dc4b0000)
 concurrent mark-sweep generation total 393216K, used 82395K [0x00000000dda00000, 0x00000000f5a00000, 0x00000000f5a00000)
 concurrent-mark-sweep perm gen total 59352K, used 35628K [0x00000000f5a00000, 0x00000000f93f6000, 0x0000000100000000)
2015-03-18T13:26:49.881-0400: 508112.056: [GC2015-03-18T13:26:49.881-0400: 508112.056: [ParNew
Desired survivor size 20112992 bytes, new threshold 8 (max 8)
- age   1:    1196568 bytes,    1196568 total
- age   2:      39640 bytes,    1236208 total
- age   3:      32136 bytes,    1268344 total
- age   4:      29024 bytes,    1297368 total
- age   5:    5683800 bytes,    6981168 total
- age   6:    2287032 bytes,    9268200 total
- age   7:    1250008 bytes,   10518208 total
- age   8:     891552 bytes,   11409760 total
: 108099K->15280K(109248K), 0.0140110 secs] 190495K->98359K(502464K), 0.0142010 secs] [Times: user=0.05 sys=0.00, real=0.01 secs] 
Heap after GC invocations=595 (full 3):
 par new generation   total 109248K, used 15280K [0x00000000d5a00000, 0x00000000dda00000, 0x00000000dda00000)
  eden space 87424K,   0% used [0x00000000d5a00000, 0x00000000d5a00000, 0x00000000daf60000)
  from space 21824K,  70% used [0x00000000daf60000, 0x00000000dbe4c128, 0x00000000dc4b0000)
  to   space 21824K,   0% used [0x00000000dc4b0000, 0x00000000dc4b0000, 0x00000000dda00000)
 concurrent mark-sweep generation total 393216K, used 83078K [0x00000000dda00000, 0x00000000f5a00000, 0x00000000f5a00000)
 concurrent-mark-sweep perm gen total 59352K, used 35628K [0x00000000f5a00000, 0x00000000f93f6000, 0x0000000100000000)
}
2015-03-18T13:26:49.895-0400: 508112.071: Total time for which application threads were stopped: 0.0150090 seconds
{Heap before GC invocations=595 (full 3):
 par new generation   total 109248K, used 102704K [0x00000000d5a00000, 0x00000000dda00000, 0x00000000dda00000)
  eden space 87424K, 100% used [0x00000000d5a00000, 0x00000000daf60000, 0x00000000daf60000)
  from space 21824K,  70% used [0x00000000daf60000, 0x00000000dbe4c128, 0x00000000dc4b0000)
  to   space 21824K,   0% used [0x00000000dc4b0000, 0x00000000dc4b0000, 0x00000000dda00000)
 concurrent mark-sweep generation total 393216K, used 83078K [0x00000000dda00000, 0x00000000f5a00000, 0x00000000f5a00000)
 concurrent-mark-sweep perm gen total 59352K, used 35628K [0x00000000f5a00000, 0x00000000f93f6000, 0x0000000100000000)
2015-03-18T13:26:49.937-0400: 508112.113: [GC2015-03-18T13:26:49.937-0400: 508112.113: [ParNew
Desired survivor size 20112992 bytes, new threshold 8 (max 8)
- age   1:    1573320 bytes,    1573320 total
- age   2:      40344 bytes,    1613664 total
- age   3:      39104 bytes,    1652768 total
- age   4:      31312 bytes,    1684080 total
- age   5:      29024 bytes,    1713104 total
- age   6:    5683960 bytes,    7397064 total
- age   7:    2287032 bytes,    9684096 total
- age   8:    1250008 bytes,   10934104 total
: 102704K->13918K(109248K), 0.0135680 secs] 185783K->97870K(502464K), 0.0137630 secs] [Times: user=0.05 sys=0.00, real=0.02 secs] 
Heap after GC invocations=596 (full 3):
 par new generation   total 109248K, used 13918K [0x00000000d5a00000, 0x00000000dda00000, 0x00000000dda00000)
  eden space 87424K,   0% used [0x00000000d5a00000, 0x00000000d5a00000, 0x00000000daf60000)
  from space 21824K,  63% used [0x00000000dc4b0000, 0x00000000dd247ab0, 0x00000000dda00000)
  to   space 21824K,   0% used [0x00000000daf60000, 0x00000000daf60000, 0x00000000dc4b0000)
 concurrent mark-sweep generation total 393216K, used 83952K [0x00000000dda00000, 0x00000000f5a00000, 0x00000000f5a00000)
 concurrent-mark-sweep perm gen total 59352K, used 35628K [0x00000000f5a00000, 0x00000000f93f6000, 0x0000000100000000)
}
2015-03-18T13:26:49.951-0400: 508112.126: Total time for which application threads were stopped: 0.0144410 seconds
{Heap before GC invocations=596 (full 3):
 par new generation   total 109248K, used 101342K [0x00000000d5a00000, 0x00000000dda00000, 0x00000000dda00000)
  eden space 87424K, 100% used [0x00000000d5a00000, 0x00000000daf60000, 0x00000000daf60000)
  from space 21824K,  63% used [0x00000000dc4b0000, 0x00000000dd247ab0, 0x00000000dda00000)
  to   space 21824K,   0% used [0x00000000daf60000, 0x00000000daf60000, 0x00000000dc4b0000)
 concurrent mark-sweep generation total 393216K, used 83952K [0x00000000dda00000, 0x00000000f5a00000, 0x00000000f5a00000)
 concurrent-mark-sweep perm gen total 59352K, used 35628K [0x00000000f5a00000, 0x00000000f93f6000, 0x0000000100000000)
2015-03-18T13:26:49.990-0400: 508112.166: [GC2015-03-18T13:26:49.991-0400: 508112.166: [ParNew
Desired survivor size 20112992 bytes, new threshold 8 (max 8)
- age   1:    2302280 bytes,    2302280 total
- age   2:      37632 bytes,    2339912 total
- age   3:      39888 bytes,    2379800 total
- age   4:      39104 bytes,    2418904 total
- age   5:      31312 bytes,    2450216 total
- age   6:      29024 bytes,    2479240 total
- age   7:    5683704 bytes,    8162944 total
- age   8:    2287032 bytes,   10449976 total
: 101342K->12140K(109248K), 0.0139670 secs] 185294K->97318K(502464K), 0.0141660 secs] [Times: user=0.05 sys=0.00, real=0.01 secs] 
Heap after GC invocations=597 (full 3):
 par new generation   total 109248K, used 12140K [0x00000000d5a00000, 0x00000000dda00000, 0x00000000dda00000)
  eden space 87424K,   0% used [0x00000000d5a00000, 0x00000000d5a00000, 0x00000000daf60000)
  from space 21824K,  55% used [0x00000000daf60000, 0x00000000dbb3b3b8, 0x00000000dc4b0000)
  to   space 21824K,   0% used [0x00000000dc4b0000, 0x00000000dc4b0000, 0x00000000dda00000)
 concurrent mark-sweep generation total 393216K, used 85177K [0x00000000dda00000, 0x00000000f5a00000, 0x00000000f5a00000)
 concurrent-mark-sweep perm gen total 59352K, used 35628K [0x00000000f5a00000, 0x00000000f93f6000, 0x0000000100000000)
}
2015-03-18T13:26:50.005-0400: 508112.180: Total time for which application threads were stopped: 0.0148530 seconds
{Heap before GC invocations=597 (full 3):
 par new generation   total 109248K, used 99564K [0x00000000d5a00000, 0x00000000dda00000, 0x00000000dda00000)
  eden space 87424K, 100% used [0x00000000d5a00000, 0x00000000daf60000, 0x00000000daf60000)
  from space 21824K,  55% used [0x00000000daf60000, 0x00000000dbb3b3b8, 0x00000000dc4b0000)
  to   space 21824K,   0% used [0x00000000dc4b0000, 0x00000000dc4b0000, 0x00000000dda00000)
 concurrent mark-sweep generation total 393216K, used 85177K [0x00000000dda00000, 0x00000000f5a00000, 0x00000000f5a00000)
 concurrent-mark-sweep perm gen total 59352K, used 35628K [0x00000000f5a00000, 0x00000000f93f6000, 0x0000000100000000)
2015-03-18T13:26:50.046-0400: 508112.221: [GC2015-03-18T13:26:50.046-0400: 508112.222: [ParNew
Desired survivor size 20112992 bytes, new threshold 8 (max 8)
- age   1:    1327448 bytes,    1327448 total
- age   2:      80808 bytes,    1408256 total
- age   3:      37328 bytes,    1445584 total
- age   4:      39128 bytes,    1484712 total
- age   5:      39104 bytes,    1523816 total
- age   6:      31312 bytes,    1555128 total
- age   7:      29024 bytes,    1584152 total
- age   8:    5683704 bytes,    7267856 total
: 99564K->9002K(109248K), 0.0125150 secs] 184742K->96430K(502464K), 0.0126890 secs] [Times: user=0.05 sys=0.00, real=0.01 secs] 
Heap after GC invocations=598 (full 3):
 par new generation   total 109248K, used 9002K [0x00000000d5a00000, 0x00000000dda00000, 0x00000000dda00000)
  eden space 87424K,   0% used [0x00000000d5a00000, 0x00000000d5a00000, 0x00000000daf60000)
  from space 21824K,  41% used [0x00000000dc4b0000, 0x00000000dcd7ab40, 0x00000000dda00000)
  to   space 21824K,   0% used [0x00000000daf60000, 0x00000000daf60000, 0x00000000dc4b0000)
 concurrent mark-sweep generation total 393216K, used 87427K [0x00000000dda00000, 0x00000000f5a00000, 0x00000000f5a00000)
 concurrent-mark-sweep perm gen total 59352K, used 35628K [0x00000000f5a00000, 0x00000000f93f6000, 0x0000000100000000)
}
2015-03-18T13:26:50.059-0400: 508112.234: Total time for which application threads were stopped: 0.0134080 seconds
{Heap before GC invocations=598 (full 3):
 par new generation   total 109248K, used 96426K [0x00000000d5a00000, 0x00000000dda00000, 0x00000000dda00000)
  eden space 87424K, 100% used [0x00000000d5a00000, 0x00000000daf60000, 0x00000000daf60000)
  from space 21824K,  41% used [0x00000000dc4b0000, 0x00000000dcd7ab40, 0x00000000dda00000)
  to   space 21824K,   0% used [0x00000000daf60000, 0x00000000daf60000, 0x00000000dc4b0000)
 concurrent mark-sweep generation total 393216K, used 87427K [0x00000000dda00000, 0x00000000f5a00000, 0x00000000f5a00000)
 concurrent-mark-sweep perm gen total 59352K, used 35628K [0x00000000f5a00000, 0x00000000f93f6000, 0x0000000100000000)
2015-03-18T13:26:50.098-0400: 508112.274: [GC2015-03-18T13:26:50.098-0400: 508112.274: [ParNew
Desired survivor size 20112992 bytes, new threshold 8 (max 8)
- age   1:    1769288 bytes,    1769288 total
- age   2:      98440 bytes,    1867728 total
- age   3:      80808 bytes,    1948536 total
- age   4:      37328 bytes,    1985864 total
- age   5:      39128 bytes,    2024992 total
- age   6:      39104 bytes,    2064096 total
- age   7:      31312 bytes,    2095408 total
- age   8:      29024 bytes,    2124432 total
: 96426K->7573K(109248K), 0.0132210 secs] 183854K->100556K(502464K), 0.0134180 secs] [Times: user=0.05 sys=0.00, real=0.02 secs] 
Heap after GC invocations=599 (full 3):
 par new generation   total 109248K, used 7573K [0x00000000d5a00000, 0x00000000dda00000, 0x00000000dda00000)
  eden space 87424K,   0% used [0x00000000d5a00000, 0x00000000d5a00000, 0x00000000daf60000)
  from space 21824K,  34% used [0x00000000daf60000, 0x00000000db6c5780, 0x00000000dc4b0000)
  to   space 21824K,   0% used [0x00000000dc4b0000, 0x00000000dc4b0000, 0x00000000dda00000)
 concurrent mark-sweep generation total 393216K, used 92982K [0x00000000dda00000, 0x00000000f5a00000, 0x00000000f5a00000)
 concurrent-mark-sweep perm gen total 59352K, used 35628K [0x00000000f5a00000, 0x00000000f93f6000, 0x0000000100000000)
}
2015-03-18T13:26:50.112-0400: 508112.287: Total time for which application threads were stopped: 0.0142410 seconds
{Heap before GC invocations=599 (full 3):
 par new generation   total 109248K, used 94997K [0x00000000d5a00000, 0x00000000dda00000, 0x00000000dda00000)
  eden space 87424K, 100% used [0x00000000d5a00000, 0x00000000daf60000, 0x00000000daf60000)
  from space 21824K,  34% used [0x00000000daf60000, 0x00000000db6c5780, 0x00000000dc4b0000)
  to   space 21824K,   0% used [0x00000000dc4b0000, 0x00000000dc4b0000, 0x00000000dda00000)
 concurrent mark-sweep generation total 393216K, used 92982K [0x00000000dda00000, 0x00000000f5a00000, 0x00000000f5a00000)
 concurrent-mark-sweep perm gen total 59352K, used 35628K [0x00000000f5a00000, 0x00000000f93f6000, 0x0000000100000000)
2015-03-18T13:26:50.151-0400: 508112.327: [GC2015-03-18T13:26:50.151-0400: 508112.327: [ParNew
Desired survivor size 20112992 bytes, new threshold 8 (max 8)
- age   1:    2573168 bytes,    2573168 total
- age   2:     142552 bytes,    2715720 total
- age   3:      98440 bytes,    2814160 total
- age   4:      80808 bytes,    2894968 total
- age   5:      37328 bytes,    2932296 total
- age   6:      39128 bytes,    2971424 total
- age   7:      39104 bytes,    3010528 total
- age   8:      31312 bytes,    3041840 total
: 94997K->4305K(109248K), 0.0057560 secs] 187980K->97318K(502464K), 0.0059180 secs] [Times: user=0.02 sys=0.00, real=0.00 secs] 
Heap after GC invocations=600 (full 3):
 par new generation   total 109248K, used 4305K [0x00000000d5a00000, 0x00000000dda00000, 0x00000000dda00000)
  eden space 87424K,   0% used [0x00000000d5a00000, 0x00000000d5a00000, 0x00000000daf60000)
  from space 21824K,  19% used [0x00000000dc4b0000, 0x00000000dc8e4640, 0x00000000dda00000)
  to   space 21824K,   0% used [0x00000000daf60000, 0x00000000daf60000, 0x00000000dc4b0000)
 concurrent mark-sweep generation total 393216K, used 93012K [0x00000000dda00000, 0x00000000f5a00000, 0x00000000f5a00000)
 concurrent-mark-sweep perm gen total 59352K, used 35628K [0x00000000f5a00000, 0x00000000f93f6000, 0x0000000100000000)
}
2015-03-18T13:26:50.157-0400: 508112.333: Total time for which application threads were stopped: 0.0065980 seconds
{Heap before GC invocations=600 (full 3):
 par new generation   total 109248K, used 91729K [0x00000000d5a00000, 0x00000000dda00000, 0x00000000dda00000)
  eden space 87424K, 100% used [0x00000000d5a00000, 0x00000000daf60000, 0x00000000daf60000)
  from space 21824K,  19% used [0x00000000dc4b0000, 0x00000000dc8e4640, 0x00000000dda00000)
  to   space 21824K,   0% used [0x00000000daf60000, 0x00000000daf60000, 0x00000000dc4b0000)
 concurrent mark-sweep generation total 393216K, used 93012K [0x00000000dda00000, 0x00000000f5a00000, 0x00000000f5a00000)
 concurrent-mark-sweep perm gen total 59352K, used 35628K [0x00000000f5a00000, 0x00000000f93f6000, 0x0000000100000000)
2015-03-18T13:26:50.195-0400: 508112.370: [GC2015-03-18T13:26:50.195-0400: 508112.370: [ParNew
Desired survivor size 20112992 bytes, new threshold 8 (max 8)
- age   1:    2135792 bytes,    2135792 total
- age   2:      89472 bytes,    2225264 total
- age   3:     142552 bytes,    2367816 total
- age   4:      98440 bytes,    2466256 total
- age   5:      80808 bytes,    2547064 total
- age   6:      37328 bytes,    2584392 total
- age   7:      39128 bytes,    2623520 total
- age   8:      39104 bytes,    2662624 total
: 91729K->3717K(109248K), 0.0055680 secs] 184742K->96762K(502464K), 0.0057490 secs] [Times: user=0.02 sys=0.00, real=0.01 secs] 
Heap after GC invocations=601 (full 3):
 par new generation   total 109248K, used 3717K [0x00000000d5a00000, 0x00000000dda00000, 0x00000000dda00000)
  eden space 87424K,   0% used [0x00000000d5a00000, 0x00000000d5a00000, 0x00000000daf60000)
  from space 21824K,  17% used [0x00000000daf60000, 0x00000000db301568, 0x00000000dc4b0000)
  to   space 21824K,   0% used [0x00000000dc4b0000, 0x00000000dc4b0000, 0x00000000dda00000)
 concurrent mark-sweep generation total 393216K, used 93045K [0x00000000dda00000, 0x00000000f5a00000, 0x00000000f5a00000)
 concurrent-mark-sweep perm gen total 59352K, used 35628K [0x00000000f5a00000, 0x00000000f93f6000, 0x0000000100000000)
}
2015-03-18T13:26:50.201-0400: 508112.376: Total time for which application threads were stopped: 0.0064620 seconds
{Heap before GC invocations=601 (full 3):
 par new generation   total 109248K, used 91141K [0x00000000d5a00000, 0x00000000dda00000, 0x00000000dda00000)
  eden space 87424K, 100% used [0x00000000d5a00000, 0x00000000daf60000, 0x00000000daf60000)
  from space 21824K,  17% used [0x00000000daf60000, 0x00000000db301568, 0x00000000dc4b0000)
  to   space 21824K,   0% used [0x00000000dc4b0000, 0x00000000dc4b0000, 0x00000000dda00000)
 concurrent mark-sweep generation total 393216K, used 93045K [0x00000000dda00000, 0x00000000f5a00000, 0x00000000f5a00000)
 concurrent-mark-sweep perm gen total 59352K, used 35628K [0x00000000f5a00000, 0x00000000f93f6000, 0x0000000100000000)
2015-03-18T13:26:50.238-0400: 508112.414: [GC2015-03-18T13:26:50.238-0400: 508112.414: [ParNew
Desired survivor size 20112992 bytes, new threshold 8 (max 8)
- age   1:    2382448 bytes,    2382448 total
- age   2:      94904 bytes,    2477352 total
- age   3:      89472 bytes,    2566824 total
- age   4:     142552 bytes,    2709376 total
- age   5:      98224 bytes,    2807600 total
- age   6:      80376 bytes,    2887976 total
- age   7:      36784 bytes,    2924760 total
- age   8:      38856 bytes,    2963616 total
: 91141K->3817K(109248K), 0.0057030 secs] 184186K->96902K(502464K), 0.0058640 secs] [Times: user=0.02 sys=0.00, real=0.01 secs] 
Heap after GC invocations=602 (full 3):
 par new generation   total 109248K, used 3817K [0x00000000d5a00000, 0x00000000dda00000, 0x00000000dda00000)
  eden space 87424K,   0% used [0x00000000d5a00000, 0x00000000d5a00000, 0x00000000daf60000)
  from space 21824K,  17% used [0x00000000dc4b0000, 0x00000000dc86a560, 0x00000000dda00000)
  to   space 21824K,   0% used [0x00000000daf60000, 0x00000000daf60000, 0x00000000dc4b0000)
 concurrent mark-sweep generation total 393216K, used 93085K [0x00000000dda00000, 0x00000000f5a00000, 0x00000000f5a00000)
 concurrent-mark-sweep perm gen total 59352K, used 35628K [0x00000000f5a00000, 0x00000000f93f6000, 0x0000000100000000)
}
2015-03-18T13:26:50.244-0400: 508112.420: Total time for which application threads were stopped: 0.0065790 seconds
{Heap before GC invocations=602 (full 3):
 par new generation   total 109248K, used 91214K [0x00000000d5a00000, 0x00000000dda00000, 0x00000000dda00000)
  eden space 87424K,  99% used [0x00000000d5a00000, 0x00000000daf59658, 0x00000000daf60000)
  from space 21824K,  17% used [0x00000000dc4b0000, 0x00000000dc86a560, 0x00000000dda00000)
  to   space 21824K,   0% used [0x00000000daf60000, 0x00000000daf60000, 0x00000000dc4b0000)
 concurrent mark-sweep generation total 393216K, used 93085K [0x00000000dda00000, 0x00000000f5a00000, 0x00000000f5a00000)
 concurrent-mark-sweep perm gen total 59352K, used 35628K [0x00000000f5a00000, 0x00000000f93f6000, 0x0000000100000000)
2015-03-18T13:26:50.282-0400: 508112.457: [GC2015-03-18T13:26:50.282-0400: 508112.457: [ParNew
Desired survivor size 20112992 bytes, new threshold 8 (max 8)
- age   1:    2151096 bytes,    2151096 total
- age   2:      89624 bytes,    2240720 total
- age   3:      94904 bytes,    2335624 total
- age   4:      89472 bytes,    2425096 total
- age   5:     142552 bytes,    2567648 total
- age   6:      97144 bytes,    2664792 total
- age   7:      80160 bytes,    2744952 total
- age   8:      35424 bytes,    2780376 total
: 91214K->4405K(109248K), 0.0056000 secs] 184300K->97531K(502464K), 0.0057850 secs] [Times: user=0.02 sys=0.00, real=0.00 secs] 
Heap after GC invocations=603 (full 3):
 par new generation   total 109248K, used 4405K [0x00000000d5a00000, 0x00000000dda00000, 0x00000000dda00000)
  eden space 87424K,   0% used [0x00000000d5a00000, 0x00000000d5a00000, 0x00000000daf60000)
  from space 21824K,  20% used [0x00000000daf60000, 0x00000000db3ad7d0, 0x00000000dc4b0000)
  to   space 21824K,   0% used [0x00000000dc4b0000, 0x00000000dc4b0000, 0x00000000dda00000)
 concurrent mark-sweep generation total 393216K, used 93125K [0x00000000dda00000, 0x00000000f5a00000, 0x00000000f5a00000)
 concurrent-mark-sweep perm gen total 59352K, used 35628K [0x00000000f5a00000, 0x00000000f93f6000, 0x0000000100000000)
}
2015-03-18T13:26:50.288-0400: 508112.463: Total time for which application threads were stopped: 0.0065040 seconds
{Heap before GC invocations=603 (full 3):
 par new generation   total 109248K, used 91829K [0x00000000d5a00000, 0x00000000dda00000, 0x00000000dda00000)
  eden space 87424K, 100% used [0x00000000d5a00000, 0x00000000daf60000, 0x00000000daf60000)
  from space 21824K,  20% used [0x00000000daf60000, 0x00000000db3ad7d0, 0x00000000dc4b0000)
  to   space 21824K,   0% used [0x00000000dc4b0000, 0x00000000dc4b0000, 0x00000000dda00000)
 concurrent mark-sweep generation total 393216K, used 93125K [0x00000000dda00000, 0x00000000f5a00000, 0x00000000f5a00000)
 concurrent-mark-sweep perm gen total 59352K, used 35628K [0x00000000f5a00000, 0x00000000f93f6000, 0x0000000100000000)
2015-03-18T13:26:50.324-0400: 508112.500: [GC2015-03-18T13:26:50.324-0400: 508112.500: [ParNew
Desired survivor size 20112992 bytes, new threshold 8 (max 8)
- age   1:    1722000 bytes,    1722000 total
- age   2:      87320 bytes,    1809320 total
- age   3:      89624 bytes,    1898944 total
- age   4:      94904 bytes,    1993848 total
- age   5:      89472 bytes,    2083320 total
- age   6:     142552 bytes,    2225872 total
- age   7:      96928 bytes,    2322800 total
- age   8:      80160 bytes,    2402960 total
: 91829K->3270K(109248K), 0.0054820 secs] 184955K->96431K(502464K), 0.0056360 secs] [Times: user=0.01 sys=0.00, real=0.00 secs] 
Heap after GC invocations=604 (full 3):
 par new generation   total 109248K, used 3270K [0x00000000d5a00000, 0x00000000dda00000, 0x00000000dda00000)
  eden space 87424K,   0% used [0x00000000d5a00000, 0x00000000d5a00000, 0x00000000daf60000)
  from space 21824K,  14% used [0x00000000dc4b0000, 0x00000000dc7e1a30, 0x00000000dda00000)
  to   space 21824K,   0% used [0x00000000daf60000, 0x00000000daf60000, 0x00000000dc4b0000)
 concurrent mark-sweep generation total 393216K, used 93160K [0x00000000dda00000, 0x00000000f5a00000, 0x00000000f5a00000)
 concurrent-mark-sweep perm gen total 59352K, used 35628K [0x00000000f5a00000, 0x00000000f93f6000, 0x0000000100000000)
}
2015-03-18T13:26:50.330-0400: 508112.506: Total time for which application threads were stopped: 0.0063010 seconds
{Heap before GC invocations=604 (full 3):
 par new generation   total 109248K, used 90694K [0x00000000d5a00000, 0x00000000dda00000, 0x00000000dda00000)
  eden space 87424K, 100% used [0x00000000d5a00000, 0x00000000daf60000, 0x00000000daf60000)
  from space 21824K,  14% used [0x00000000dc4b0000, 0x00000000dc7e1a30, 0x00000000dda00000)
  to   space 21824K,   0% used [0x00000000daf60000, 0x00000000daf60000, 0x00000000dc4b0000)
 concurrent mark-sweep generation total 393216K, used 93160K [0x00000000dda00000, 0x00000000f5a00000, 0x00000000f5a00000)
 concurrent-mark-sweep perm gen total 59352K, used 35628K [0x00000000f5a00000, 0x00000000f93f6000, 0x0000000100000000)
2015-03-18T13:26:50.366-0400: 508112.541: [GC2015-03-18T13:26:50.366-0400: 508112.541: [ParNew
Desired survivor size 20112992 bytes, new threshold 8 (max 8)
- age   1:    1607104 bytes,    1607104 total
- age   2:      86344 bytes,    1693448 total
- age   3:      87320 bytes,    1780768 total
- age   4:      89624 bytes,    1870392 total
- age   5:      94904 bytes,    1965296 total
- age   6:      89472 bytes,    2054768 total
- age   7:     142552 bytes,    2197320 total
- age   8:      96928 bytes,    2294248 total
: 90694K->2747K(109248K), 0.0056530 secs] 183855K->95988K(502464K), 0.0058310 secs] [Times: user=0.02 sys=0.00, real=0.01 secs] 
Heap after GC invocations=605 (full 3):
 par new generation   total 109248K, used 2747K [0x00000000d5a00000, 0x00000000dda00000, 0x00000000dda00000)
  eden space 87424K,   0% used [0x00000000d5a00000, 0x00000000d5a00000, 0x00000000daf60000)
  from space 21824K,  12% used [0x00000000daf60000, 0x00000000db20efa0, 0x00000000dc4b0000)
  to   space 21824K,   0% used [0x00000000dc4b0000, 0x00000000dc4b0000, 0x00000000dda00000)
 concurrent mark-sweep generation total 393216K, used 93240K [0x00000000dda00000, 0x00000000f5a00000, 0x00000000f5a00000)
 concurrent-mark-sweep perm gen total 59352K, used 35628K [0x00000000f5a00000, 0x00000000f93f6000, 0x0000000100000000)
}
2015-03-18T13:26:50.372-0400: 508112.547: Total time for which application threads were stopped: 0.0065020 seconds
{Heap before GC invocations=605 (full 3):
 par new generation   total 109248K, used 90171K [0x00000000d5a00000, 0x00000000dda00000, 0x00000000dda00000)
  eden space 87424K, 100% used [0x00000000d5a00000, 0x00000000daf60000, 0x00000000daf60000)
  from space 21824K,  12% used [0x00000000daf60000, 0x00000000db20efa0, 0x00000000dc4b0000)
  to   space 21824K,   0% used [0x00000000dc4b0000, 0x00000000dc4b0000, 0x00000000dda00000)
 concurrent mark-sweep generation total 393216K, used 93240K [0x00000000dda00000, 0x00000000f5a00000, 0x00000000f5a00000)
 concurrent-mark-sweep perm gen total 59352K, used 35628K [0x00000000f5a00000, 0x00000000f93f6000, 0x0000000100000000)
2015-03-18T13:26:50.406-0400: 508112.581: [GC2015-03-18T13:26:50.406-0400: 508112.581: [ParNew
Desired survivor size 20112992 bytes, new threshold 8 (max 8)
- age   1:    1943184 bytes,    1943184 total
- age   2:      78632 bytes,    2021816 total
- age   3:      86344 bytes,    2108160 total
- age   4:      87320 bytes,    2195480 total
- age   5:      89624 bytes,    2285104 total
- age   6:      94904 bytes,    2380008 total
- age   7:      89472 bytes,    2469480 total
- age   8:     142552 bytes,    2612032 total
: 90171K->3916K(109248K), 0.0058240 secs] 183412K->97253K(502464K), 0.0059950 secs] [Times: user=0.02 sys=0.00, real=0.01 secs] 
Heap after GC invocations=606 (full 3):
 par new generation   total 109248K, used 3916K [0x00000000d5a00000, 0x00000000dda00000, 0x00000000dda00000)
  eden space 87424K,   0% used [0x00000000d5a00000, 0x00000000d5a00000, 0x00000000daf60000)
  from space 21824K,  17% used [0x00000000dc4b0000, 0x00000000dc883100, 0x00000000dda00000)
  to   space 21824K,   0% used [0x00000000daf60000, 0x00000000daf60000, 0x00000000dc4b0000)
 concurrent mark-sweep generation total 393216K, used 93337K [0x00000000dda00000, 0x00000000f5a00000, 0x00000000f5a00000)
 concurrent-mark-sweep perm gen total 59352K, used 35628K [0x00000000f5a00000, 0x00000000f93f6000, 0x0000000100000000)
}
2015-03-18T13:26:50.412-0400: 508112.587: Total time for which application threads were stopped: 0.0067200 seconds
{Heap before GC invocations=606 (full 3):
 par new generation   total 109248K, used 91340K [0x00000000d5a00000, 0x00000000dda00000, 0x00000000dda00000)
  eden space 87424K, 100% used [0x00000000d5a00000, 0x00000000daf60000, 0x00000000daf60000)
  from space 21824K,  17% used [0x00000000dc4b0000, 0x00000000dc883100, 0x00000000dda00000)
  to   space 21824K,   0% used [0x00000000daf60000, 0x00000000daf60000, 0x00000000dc4b0000)
 concurrent mark-sweep generation total 393216K, used 93337K [0x00000000dda00000, 0x00000000f5a00000, 0x00000000f5a00000)
 concurrent-mark-sweep perm gen total 59352K, used 35628K [0x00000000f5a00000, 0x00000000f93f6000, 0x0000000100000000)
2015-03-18T13:26:50.446-0400: 508112.621: [GC2015-03-18T13:26:50.446-0400: 508112.621: [ParNew
Desired survivor size 20112992 bytes, new threshold 8 (max 8)
- age   1:    1422024 bytes,    1422024 total
- age   2:      72336 bytes,    1494360 total
- age   3:      78632 bytes,    1572992 total
- age   4:      86344 bytes,    1659336 total
- age   5:      87320 bytes,    1746656 total
- age   6:      89624 bytes,    1836280 total
- age   7:      94904 bytes,    1931184 total
- age   8:      89472 bytes,    2020656 total
: 91340K->2568K(109248K), 0.0062620 secs] 184677K->96047K(502464K), 0.0064440 secs] [Times: user=0.02 sys=0.00, real=0.01 secs] 
Heap after GC invocations=607 (full 3):
 par new generation   total 109248K, used 2568K [0x00000000d5a00000, 0x00000000dda00000, 0x00000000dda00000)
  eden space 87424K,   0% used [0x00000000d5a00000, 0x00000000d5a00000, 0x00000000daf60000)
  from space 21824K,  11% used [0x00000000daf60000, 0x00000000db1e2108, 0x00000000dc4b0000)
  to   space 21824K,   0% used [0x00000000dc4b0000, 0x00000000dc4b0000, 0x00000000dda00000)
 concurrent mark-sweep generation total 393216K, used 93478K [0x00000000dda00000, 0x00000000f5a00000, 0x00000000f5a00000)
 concurrent-mark-sweep perm gen total 59352K, used 35628K [0x00000000f5a00000, 0x00000000f93f6000, 0x0000000100000000)
}
2015-03-18T13:26:50.452-0400: 508112.628: Total time for which application threads were stopped: 0.0071510 seconds
{Heap before GC invocations=607 (full 3):
 par new generation   total 109248K, used 89992K [0x00000000d5a00000, 0x00000000dda00000, 0x00000000dda00000)
  eden space 87424K, 100% used [0x00000000d5a00000, 0x00000000daf60000, 0x00000000daf60000)
  from space 21824K,  11% used [0x00000000daf60000, 0x00000000db1e2108, 0x00000000dc4b0000)
  to   space 21824K,   0% used [0x00000000dc4b0000, 0x00000000dc4b0000, 0x00000000dda00000)
 concurrent mark-sweep generation total 393216K, used 93478K [0x00000000dda00000, 0x00000000f5a00000, 0x00000000f5a00000)
 concurrent-mark-sweep perm gen total 59352K, used 35628K [0x00000000f5a00000, 0x00000000f93f6000, 0x0000000100000000)
2015-03-18T13:26:50.476-0400: 508112.652: [GC2015-03-18T13:26:50.477-0400: 508112.652: [ParNew
Desired survivor size 20112992 bytes, new threshold 8 (max 8)
- age   1:    1803440 bytes,    1803440 total
- age   2:      51392 bytes,    1854832 total
- age   3:      71928 bytes,    1926760 total
- age   4:      78272 bytes,    2005032 total
- age   5:      85912 bytes,    2090944 total
- age   6:      86264 bytes,    2177208 total
- age   7:      88328 bytes,    2265536 total
- age   8:      94520 bytes,    2360056 total
: 89992K->2776K(109248K), 0.0071050 secs] 183471K->96344K(502464K), 0.0072650 secs] [Times: user=0.03 sys=0.00, real=0.01 secs] 
Heap after GC invocations=608 (full 3):
 par new generation   total 109248K, used 2776K [0x00000000d5a00000, 0x00000000dda00000, 0x00000000dda00000)
  eden space 87424K,   0% used [0x00000000d5a00000, 0x00000000d5a00000, 0x00000000daf60000)
  from space 21824K,  12% used [0x00000000dc4b0000, 0x00000000dc766398, 0x00000000dda00000)
  to   space 21824K,   0% used [0x00000000daf60000, 0x00000000daf60000, 0x00000000dc4b0000)
 concurrent mark-sweep generation total 393216K, used 93567K [0x00000000dda00000, 0x00000000f5a00000, 0x00000000f5a00000)
 concurrent-mark-sweep perm gen total 59352K, used 35628K [0x00000000f5a00000, 0x00000000f93f6000, 0x0000000100000000)
}
2015-03-18T13:26:50.484-0400: 508112.659: Total time for which application threads were stopped: 0.0079990 seconds
{Heap before GC invocations=608 (full 3):
 par new generation   total 109248K, used 90200K [0x00000000d5a00000, 0x00000000dda00000, 0x00000000dda00000)
  eden space 87424K, 100% used [0x00000000d5a00000, 0x00000000daf60000, 0x00000000daf60000)
  from space 21824K,  12% used [0x00000000dc4b0000, 0x00000000dc766398, 0x00000000dda00000)
  to   space 21824K,   0% used [0x00000000daf60000, 0x00000000daf60000, 0x00000000dc4b0000)
 concurrent mark-sweep generation total 393216K, used 93567K [0x00000000dda00000, 0x00000000f5a00000, 0x00000000f5a00000)
 concurrent-mark-sweep perm gen total 59352K, used 35628K [0x00000000f5a00000, 0x00000000f93f6000, 0x0000000100000000)
2015-03-18T13:26:50.516-0400: 508112.692: [GC2015-03-18T13:26:50.516-0400: 508112.692: [ParNew
Desired survivor size 20112992 bytes, new threshold 8 (max 8)
- age   1:    1958064 bytes,    1958064 total
- age   2:     400088 bytes,    2358152 total
- age   3:      51152 bytes,    2409304 total
- age   4:      71712 bytes,    2481016 total
- age   5:      78032 bytes,    2559048 total
- age   6:      85384 bytes,    2644432 total
- age   7:      85400 bytes,    2729832 total
- age   8:      88136 bytes,    2817968 total
: 90200K->3962K(109248K), 0.0079000 secs] 183768K->97623K(502464K), 0.0080710 secs] [Times: user=0.03 sys=0.00, real=0.01 secs] 
Heap after GC invocations=609 (full 3):
 par new generation   total 109248K, used 3962K [0x00000000d5a00000, 0x00000000dda00000, 0x00000000dda00000)
  eden space 87424K,   0% used [0x00000000d5a00000, 0x00000000d5a00000, 0x00000000daf60000)
  from space 21824K,  18% used [0x00000000daf60000, 0x00000000db33e840, 0x00000000dc4b0000)
  to   space 21824K,   0% used [0x00000000dc4b0000, 0x00000000dc4b0000, 0x00000000dda00000)
 concurrent mark-sweep generation total 393216K, used 93661K [0x00000000dda00000, 0x00000000f5a00000, 0x00000000f5a00000)
 concurrent-mark-sweep perm gen total 59352K, used 35628K [0x00000000f5a00000, 0x00000000f93f6000, 0x0000000100000000)
}
2015-03-18T13:26:50.524-0400: 508112.700: Total time for which application threads were stopped: 0.0088010 seconds
2015-03-18T13:26:50.659-0400: 508112.835: Total time for which application threads were stopped: 0.0007550 seconds
{Heap before GC invocations=609 (full 3):
 par new generation   total 109248K, used 91386K [0x00000000d5a00000, 0x00000000dda00000, 0x00000000dda00000)
  eden space 87424K, 100% used [0x00000000d5a00000, 0x00000000daf60000, 0x00000000daf60000)
  from space 21824K,  18% used [0x00000000daf60000, 0x00000000db33e840, 0x00000000dc4b0000)
  to   space 21824K,   0% used [0x00000000dc4b0000, 0x00000000dc4b0000, 0x00000000dda00000)
 concurrent mark-sweep generation total 393216K, used 93661K [0x00000000dda00000, 0x00000000f5a00000, 0x00000000f5a00000)
 concurrent-mark-sweep perm gen total 59352K, used 35628K [0x00000000f5a00000, 0x00000000f93f6000, 0x0000000100000000)
2015-03-18T13:26:50.671-0400: 508112.846: [GC2015-03-18T13:26:50.671-0400: 508112.846: [ParNew
Desired survivor size 20112992 bytes, new threshold 8 (max 8)
- age   1:    5725160 bytes,    5725160 total
- age   2:    1632328 bytes,    7357488 total
- age   3:     400312 bytes,    7757800 total
- age   4:      51008 bytes,    7808808 total
- age   5:      71616 bytes,    7880424 total
- age   6:      77888 bytes,    7958312 total
- age   7:      85216 bytes,    8043528 total
- age   8:      84632 bytes,    8128160 total
: 91386K->8463K(109248K), 0.0134290 secs] 185047K->102213K(502464K), 0.0135800 secs] [Times: user=0.05 sys=0.00, real=0.01 secs] 
Heap after GC invocations=610 (full 3):
 par new generation   total 109248K, used 8463K [0x00000000d5a00000, 0x00000000dda00000, 0x00000000dda00000)
  eden space 87424K,   0% used [0x00000000d5a00000, 0x00000000d5a00000, 0x00000000daf60000)
  from space 21824K,  38% used [0x00000000dc4b0000, 0x00000000dccf3ee0, 0x00000000dda00000)
  to   space 21824K,   0% used [0x00000000daf60000, 0x00000000daf60000, 0x00000000dc4b0000)
 concurrent mark-sweep generation total 393216K, used 93749K [0x00000000dda00000, 0x00000000f5a00000, 0x00000000f5a00000)
 concurrent-mark-sweep perm gen total 59352K, used 35628K [0x00000000f5a00000, 0x00000000f93f6000, 0x0000000100000000)
}
2015-03-18T13:26:50.684-0400: 508112.860: Total time for which application threads were stopped: 0.0143920 seconds
{Heap before GC invocations=610 (full 3):
 par new generation   total 109248K, used 95887K [0x00000000d5a00000, 0x00000000dda00000, 0x00000000dda00000)
  eden space 87424K, 100% used [0x00000000d5a00000, 0x00000000daf60000, 0x00000000daf60000)
  from space 21824K,  38% used [0x00000000dc4b0000, 0x00000000dccf3ee0, 0x00000000dda00000)
  to   space 21824K,   0% used [0x00000000daf60000, 0x00000000daf60000, 0x00000000dc4b0000)
 concurrent mark-sweep generation total 393216K, used 93749K [0x00000000dda00000, 0x00000000f5a00000, 0x00000000f5a00000)
 concurrent-mark-sweep perm gen total 59352K, used 35633K [0x00000000f5a00000, 0x00000000f93f6000, 0x0000000100000000)
2015-03-18T13:26:50.727-0400: 508112.903: [GC2015-03-18T13:26:50.727-0400: 508112.903: [ParNew
Desired survivor size 20112992 bytes, new threshold 8 (max 8)
- age   1:    6339400 bytes,    6339400 total
- age   2:    4989152 bytes,   11328552 total
- age   3:    1632288 bytes,   12960840 total
- age   4:     399872 bytes,   13360712 total
- age   5:      51008 bytes,   13411720 total
- age   6:      71616 bytes,   13483336 total
- age   7:      77888 bytes,   13561224 total
- age   8:      85216 bytes,   13646440 total
: 95887K->17288K(109248K), 0.0178450 secs] 189637K->111122K(502464K), 0.0180510 secs] [Times: user=0.07 sys=0.00, real=0.02 secs] 
Heap after GC invocations=611 (full 3):
 par new generation   total 109248K, used 17288K [0x00000000d5a00000, 0x00000000dda00000, 0x00000000dda00000)
  eden space 87424K,   0% used [0x00000000d5a00000, 0x00000000d5a00000, 0x00000000daf60000)
  from space 21824K,  79% used [0x00000000daf60000, 0x00000000dc0421e8, 0x00000000dc4b0000)
  to   space 21824K,   0% used [0x00000000dc4b0000, 0x00000000dc4b0000, 0x00000000dda00000)
 concurrent mark-sweep generation total 393216K, used 93833K [0x00000000dda00000, 0x00000000f5a00000, 0x00000000f5a00000)
 concurrent-mark-sweep perm gen total 59352K, used 35633K [0x00000000f5a00000, 0x00000000f93f6000, 0x0000000100000000)
}
2015-03-18T13:26:50.745-0400: 508112.921: Total time for which application threads were stopped: 0.0187940 seconds
2015-03-18T13:26:50.753-0400: 508112.928: Total time for which application threads were stopped: 0.0006090 seconds
{Heap before GC invocations=611 (full 3):
 par new generation   total 109248K, used 104712K [0x00000000d5a00000, 0x00000000dda00000, 0x00000000dda00000)
  eden space 87424K, 100% used [0x00000000d5a00000, 0x00000000daf60000, 0x00000000daf60000)
  from space 21824K,  79% used [0x00000000daf60000, 0x00000000dc0421e8, 0x00000000dc4b0000)
  to   space 21824K,   0% used [0x00000000dc4b0000, 0x00000000dc4b0000, 0x00000000dda00000)
 concurrent mark-sweep generation total 393216K, used 93833K [0x00000000dda00000, 0x00000000f5a00000, 0x00000000f5a00000)
 concurrent-mark-sweep perm gen total 59352K, used 35633K [0x00000000f5a00000, 0x00000000f93f6000, 0x0000000100000000)
2015-03-18T13:26:50.789-0400: 508112.965: [GC2015-03-18T13:26:50.789-0400: 508112.965: [ParNew
Desired survivor size 20112992 bytes, new threshold 8 (max 8)
- age   1:    1818320 bytes,    1818320 total
- age   2:    5208256 bytes,    7026576 total
- age   3:    4982064 bytes,   12008640 total
- age   4:    1632288 bytes,   13640928 total
- age   5:     399872 bytes,   14040800 total
- age   6:      51008 bytes,   14091808 total
- age   7:      71616 bytes,   14163424 total
- age   8:      77888 bytes,   14241312 total
: 104712K->18065K(109248K), 0.0144960 secs] 198546K->111983K(502464K), 0.0146840 secs] [Times: user=0.06 sys=0.00, real=0.02 secs] 
Heap after GC invocations=612 (full 3):
 par new generation   total 109248K, used 18065K [0x00000000d5a00000, 0x00000000dda00000, 0x00000000dda00000)
  eden space 87424K,   0% used [0x00000000d5a00000, 0x00000000d5a00000, 0x00000000daf60000)
  from space 21824K,  82% used [0x00000000dc4b0000, 0x00000000dd654408, 0x00000000dda00000)
  to   space 21824K,   0% used [0x00000000daf60000, 0x00000000daf60000, 0x00000000dc4b0000)
 concurrent mark-sweep generation total 393216K, used 93918K [0x00000000dda00000, 0x00000000f5a00000, 0x00000000f5a00000)
 concurrent-mark-sweep perm gen total 59352K, used 35633K [0x00000000f5a00000, 0x00000000f93f6000, 0x0000000100000000)
}
2015-03-18T13:26:50.804-0400: 508112.980: Total time for which application threads were stopped: 0.0154070 seconds
2015-03-18T13:26:50.815-0400: 508112.991: Total time for which application threads were stopped: 0.0006360 seconds
2015-03-18T13:26:50.816-0400: 508112.992: Total time for which application threads were stopped: 0.0004360 seconds
2015-03-18T13:26:50.816-0400: 508112.992: Total time for which application threads were stopped: 0.0003820 seconds
2015-03-18T13:26:50.817-0400: 508112.993: Total time for which application threads were stopped: 0.0003680 seconds
2015-03-18T13:26:50.817-0400: 508112.993: Total time for which application threads were stopped: 0.0003790 seconds
2015-03-18T13:26:50.818-0400: 508112.993: Total time for which application threads were stopped: 0.0003180 seconds
2015-03-18T13:26:50.818-0400: 508112.994: Total time for which application threads were stopped: 0.0003340 seconds
2015-03-18T13:26:50.818-0400: 508112.994: Total time for which application threads were stopped: 0.0003500 seconds
2015-03-18T13:26:50.819-0400: 508112.994: Total time for which application threads were stopped: 0.0003480 seconds
2015-03-18T13:26:50.819-0400: 508112.995: Total time for which application threads were stopped: 0.0003450 seconds
2015-03-18T13:26:50.820-0400: 508112.995: Total time for which application threads were stopped: 0.0003600 seconds
2015-03-18T13:26:50.820-0400: 508112.996: Total time for which application threads were stopped: 0.0003370 seconds
2015-03-18T13:26:50.820-0400: 508112.996: Total time for which application threads were stopped: 0.0003490 seconds
2015-03-18T13:26:50.824-0400: 508112.999: Total time for which application threads were stopped: 0.0004710 seconds
2015-03-18T13:26:50.825-0400: 508113.000: Total time for which application threads were stopped: 0.0004480 seconds
2015-03-18T13:26:50.826-0400: 508113.001: Total time for which application threads were stopped: 0.0003850 seconds
2015-03-18T13:26:50.826-0400: 508113.002: Total time for which application threads were stopped: 0.0003650 seconds
2015-03-18T13:26:50.827-0400: 508113.002: Total time for which application threads were stopped: 0.0003280 seconds
2015-03-18T13:26:50.829-0400: 508113.004: Total time for which application threads were stopped: 0.0004320 seconds
2015-03-18T13:26:50.829-0400: 508113.005: Total time for which application threads were stopped: 0.0004010 seconds
2015-03-18T13:26:50.830-0400: 508113.005: Total time for which application threads were stopped: 0.0003620 seconds
2015-03-18T13:26:50.830-0400: 508113.006: Total time for which application threads were stopped: 0.0003570 seconds
2015-03-18T13:26:50.831-0400: 508113.007: Total time for which application threads were stopped: 0.0004220 seconds
2015-03-18T13:26:50.832-0400: 508113.007: Total time for which application threads were stopped: 0.0004250 seconds
2015-03-18T13:26:50.833-0400: 508113.009: Total time for which application threads were stopped: 0.0004700 seconds
2015-03-18T13:26:50.834-0400: 508113.009: Total time for which application threads were stopped: 0.0004400 seconds
2015-03-18T13:26:50.835-0400: 508113.010: Total time for which application threads were stopped: 0.0005270 seconds
2015-03-18T13:26:50.835-0400: 508113.011: Total time for which application threads were stopped: 0.0004390 seconds
2015-03-18T13:26:50.836-0400: 508113.012: Total time for which application threads were stopped: 0.0005190 seconds
2015-03-18T13:26:50.837-0400: 508113.012: Total time for which application threads were stopped: 0.0005060 seconds
2015-03-18T13:26:50.838-0400: 508113.013: Total time for which application threads were stopped: 0.0004740 seconds
2015-03-18T13:26:50.841-0400: 508113.016: Total time for which application threads were stopped: 0.0025440 seconds
2015-03-18T13:26:50.841-0400: 508113.017: Total time for which application threads were stopped: 0.0005000 seconds
2015-03-18T13:26:50.842-0400: 508113.018: Total time for which application threads were stopped: 0.0004780 seconds
2015-03-18T13:26:50.843-0400: 508113.018: Total time for which application threads were stopped: 0.0004490 seconds
2015-03-18T13:26:50.843-0400: 508113.019: Total time for which application threads were stopped: 0.0005090 seconds
2015-03-18T13:26:50.845-0400: 508113.020: Total time for which application threads were stopped: 0.0004790 seconds
2015-03-18T13:26:50.845-0400: 508113.021: Total time for which application threads were stopped: 0.0003740 seconds
2015-03-18T13:26:50.850-0400: 508113.025: Total time for which application threads were stopped: 0.0004740 seconds
2015-03-18T13:26:50.851-0400: 508113.026: Total time for which application threads were stopped: 0.0004490 seconds
2015-03-18T13:26:50.851-0400: 508113.027: Total time for which application threads were stopped: 0.0004140 seconds
2015-03-18T13:26:50.853-0400: 508113.029: Total time for which application threads were stopped: 0.0004540 seconds
2015-03-18T13:26:50.858-0400: 508113.033: Total time for which application threads were stopped: 0.0012520 seconds
2015-03-18T13:26:50.859-0400: 508113.034: Total time for which application threads were stopped: 0.0005650 seconds
2015-03-18T13:26:50.860-0400: 508113.035: Total time for which application threads were stopped: 0.0004670 seconds
2015-03-18T13:26:50.864-0400: 508113.040: Total time for which application threads were stopped: 0.0005090 seconds
{Heap before GC invocations=612 (full 3):
 par new generation   total 109248K, used 105489K [0x00000000d5a00000, 0x00000000dda00000, 0x00000000dda00000)
  eden space 87424K, 100% used [0x00000000d5a00000, 0x00000000daf60000, 0x00000000daf60000)
  from space 21824K,  82% used [0x00000000dc4b0000, 0x00000000dd654408, 0x00000000dda00000)
  to   space 21824K,   0% used [0x00000000daf60000, 0x00000000daf60000, 0x00000000dc4b0000)
 concurrent mark-sweep generation total 393216K, used 93918K [0x00000000dda00000, 0x00000000f5a00000, 0x00000000f5a00000)
 concurrent-mark-sweep perm gen total 59352K, used 35643K [0x00000000f5a00000, 0x00000000f93f6000, 0x0000000100000000)
2015-03-18T13:26:50.865-0400: 508113.041: [GC2015-03-18T13:26:50.865-0400: 508113.041: [ParNew
Desired survivor size 20112992 bytes, new threshold 8 (max 8)
- age   1:    2240912 bytes,    2240912 total
- age   2:     544064 bytes,    2784976 total
- age   3:    5206200 bytes,    7991176 total
- age   4:    4960016 bytes,   12951192 total
- age   5:    1632288 bytes,   14583480 total
- age   6:     399872 bytes,   14983352 total
- age   7:      51008 bytes,   15034360 total
- age   8:      71616 bytes,   15105976 total
: 105489K->18858K(109248K), 0.0160820 secs] 199407K->112855K(502464K), 0.0162680 secs] [Times: user=0.07 sys=0.00, real=0.02 secs] 
Heap after GC invocations=613 (full 3):
 par new generation   total 109248K, used 18858K [0x00000000d5a00000, 0x00000000dda00000, 0x00000000dda00000)
  eden space 87424K,   0% used [0x00000000d5a00000, 0x00000000d5a00000, 0x00000000daf60000)
  from space 21824K,  86% used [0x00000000daf60000, 0x00000000dc1ca988, 0x00000000dc4b0000)
  to   space 21824K,   0% used [0x00000000dc4b0000, 0x00000000dc4b0000, 0x00000000dda00000)
 concurrent mark-sweep generation total 393216K, used 93996K [0x00000000dda00000, 0x00000000f5a00000, 0x00000000f5a00000)
 concurrent-mark-sweep perm gen total 59352K, used 35643K [0x00000000f5a00000, 0x00000000f93f6000, 0x0000000100000000)
}
2015-03-18T13:26:50.881-0400: 508113.057: Total time for which application threads were stopped: 0.0168540 seconds
2015-03-18T13:26:50.882-0400: 508113.058: Total time for which application threads were stopped: 0.0005900 seconds
2015-03-18T13:26:50.883-0400: 508113.059: Total time for which application threads were stopped: 0.0004230 seconds
2015-03-18T13:26:50.884-0400: 508113.060: Total time for which application threads were stopped: 0.0004700 seconds
2015-03-18T13:26:50.885-0400: 508113.060: Total time for which application threads were stopped: 0.0004600 seconds
2015-03-18T13:26:50.885-0400: 508113.061: Total time for which application threads were stopped: 0.0003020 seconds
2015-03-18T13:26:50.886-0400: 508113.061: Total time for which application threads were stopped: 0.0003670 seconds
2015-03-18T13:26:50.886-0400: 508113.062: Total time for which application threads were stopped: 0.0002770 seconds
2015-03-18T13:26:50.886-0400: 508113.062: Total time for which application threads were stopped: 0.0003090 seconds
2015-03-18T13:26:50.887-0400: 508113.062: Total time for which application threads were stopped: 0.0002910 seconds
2015-03-18T13:26:50.888-0400: 508113.064: Total time for which application threads were stopped: 0.0017670 seconds
2015-03-18T13:26:50.890-0400: 508113.066: Total time for which application threads were stopped: 0.0004790 seconds
2015-03-18T13:26:50.896-0400: 508113.071: Total time for which application threads were stopped: 0.0005390 seconds
2015-03-18T13:26:50.898-0400: 508113.073: Total time for which application threads were stopped: 0.0005530 seconds
2015-03-18T13:26:50.899-0400: 508113.075: Total time for which application threads were stopped: 0.0004040 seconds
2015-03-18T13:26:50.901-0400: 508113.077: Total time for which application threads were stopped: 0.0004210 seconds
2015-03-18T13:26:50.902-0400: 508113.077: Total time for which application threads were stopped: 0.0003750 seconds
2015-03-18T13:26:50.905-0400: 508113.080: Total time for which application threads were stopped: 0.0003890 seconds
2015-03-18T13:26:50.907-0400: 508113.083: Total time for which application threads were stopped: 0.0003800 seconds
2015-03-18T13:26:50.909-0400: 508113.084: Total time for which application threads were stopped: 0.0004210 seconds
2015-03-18T13:26:50.910-0400: 508113.086: Total time for which application threads were stopped: 0.0003840 seconds
2015-03-18T13:26:50.912-0400: 508113.088: Total time for which application threads were stopped: 0.0007230 seconds
2015-03-18T13:26:50.914-0400: 508113.089: Total time for which application threads were stopped: 0.0003180 seconds
2015-03-18T13:26:50.915-0400: 508113.090: Total time for which application threads were stopped: 0.0003400 seconds
2015-03-18T13:26:50.916-0400: 508113.092: Total time for which application threads were stopped: 0.0003270 seconds
2015-03-18T13:26:50.917-0400: 508113.093: Total time for which application threads were stopped: 0.0003270 seconds
{Heap before GC invocations=613 (full 3):
 par new generation   total 109248K, used 106282K [0x00000000d5a00000, 0x00000000dda00000, 0x00000000dda00000)
  eden space 87424K, 100% used [0x00000000d5a00000, 0x00000000daf60000, 0x00000000daf60000)
  from space 21824K,  86% used [0x00000000daf60000, 0x00000000dc1ca988, 0x00000000dc4b0000)
  to   space 21824K,   0% used [0x00000000dc4b0000, 0x00000000dc4b0000, 0x00000000dda00000)
 concurrent mark-sweep generation total 393216K, used 93996K [0x00000000dda00000, 0x00000000f5a00000, 0x00000000f5a00000)
 concurrent-mark-sweep perm gen total 59352K, used 35650K [0x00000000f5a00000, 0x00000000f93f6000, 0x0000000100000000)
2015-03-18T13:26:50.928-0400: 508113.103: [GC2015-03-18T13:26:50.928-0400: 508113.103: [ParNew
Desired survivor size 20112992 bytes, new threshold 8 (max 8)
- age   1:    1525448 bytes,    1525448 total
- age   2:     651576 bytes,    2177024 total
- age   3:     487648 bytes,    2664672 total
- age   4:    4037968 bytes,    6702640 total
- age   5:    4323176 bytes,   11025816 total
- age   6:    1632288 bytes,   12658104 total
- age   7:     399872 bytes,   13057976 total
- age   8:      51008 bytes,   13108984 total
: 106282K->19167K(109248K), 0.0147460 secs] 200279K->113235K(502464K), 0.0148980 secs] [Times: user=0.05 sys=0.00, real=0.02 secs] 
Heap after GC invocations=614 (full 3):
 par new generation   total 109248K, used 19167K [0x00000000d5a00000, 0x00000000dda00000, 0x00000000dda00000)
  eden space 87424K,   0% used [0x00000000d5a00000, 0x00000000d5a00000, 0x00000000daf60000)
  from space 21824K,  87% used [0x00000000dc4b0000, 0x00000000dd767e40, 0x00000000dda00000)
  to   space 21824K,   0% used [0x00000000daf60000, 0x00000000daf60000, 0x00000000dc4b0000)
 concurrent mark-sweep generation total 393216K, used 94068K [0x00000000dda00000, 0x00000000f5a00000, 0x00000000f5a00000)
 concurrent-mark-sweep perm gen total 59352K, used 35650K [0x00000000f5a00000, 0x00000000f93f6000, 0x0000000100000000)
}
2015-03-18T13:26:50.943-0400: 508113.118: Total time for which application threads were stopped: 0.0155700 seconds
2015-03-18T13:26:50.945-0400: 508113.120: Total time for which application threads were stopped: 0.0019540 seconds
{Heap before GC invocations=614 (full 3):
 par new generation   total 109248K, used 106591K [0x00000000d5a00000, 0x00000000dda00000, 0x00000000dda00000)
  eden space 87424K, 100% used [0x00000000d5a00000, 0x00000000daf60000, 0x00000000daf60000)
  from space 21824K,  87% used [0x00000000dc4b0000, 0x00000000dd767e40, 0x00000000dda00000)
  to   space 21824K,   0% used [0x00000000daf60000, 0x00000000daf60000, 0x00000000dc4b0000)
 concurrent mark-sweep generation total 393216K, used 94068K [0x00000000dda00000, 0x00000000f5a00000, 0x00000000f5a00000)
 concurrent-mark-sweep perm gen total 59352K, used 35650K [0x00000000f5a00000, 0x00000000f93f6000, 0x0000000100000000)
2015-03-18T13:26:50.985-0400: 508113.161: [GC2015-03-18T13:26:50.985-0400: 508113.161: [ParNew
Desired survivor size 20112992 bytes, new threshold 8 (max 8)
- age   1:    1316448 bytes,    1316448 total
- age   2:     375424 bytes,    1691872 total
- age   3:     627864 bytes,    2319736 total
- age   4:     487512 bytes,    2807248 total
- age   5:    4037968 bytes,    6845216 total
- age   6:    4323176 bytes,   11168392 total
- age   7:    1632288 bytes,   12800680 total
- age   8:     399952 bytes,   13200632 total
: 106591K->15990K(109248K), 0.0143830 secs] 200659K->110110K(502464K), 0.0145850 secs] [Times: user=0.06 sys=0.00, real=0.01 secs] 
Heap after GC invocations=615 (full 3):
 par new generation   total 109248K, used 15990K [0x00000000d5a00000, 0x00000000dda00000, 0x00000000dda00000)
  eden space 87424K,   0% used [0x00000000d5a00000, 0x00000000d5a00000, 0x00000000daf60000)
  from space 21824K,  73% used [0x00000000daf60000, 0x00000000dbefda00, 0x00000000dc4b0000)
  to   space 21824K,   0% used [0x00000000dc4b0000, 0x00000000dc4b0000, 0x00000000dda00000)
 concurrent mark-sweep generation total 393216K, used 94120K [0x00000000dda00000, 0x00000000f5a00000, 0x00000000f5a00000)
 concurrent-mark-sweep perm gen total 59352K, used 35650K [0x00000000f5a00000, 0x00000000f93f6000, 0x0000000100000000)
}
2015-03-18T13:26:51.000-0400: 508113.175: Total time for which application threads were stopped: 0.0153490 seconds
{Heap before GC invocations=615 (full 3):
 par new generation   total 109248K, used 103399K [0x00000000d5a00000, 0x00000000dda00000, 0x00000000dda00000)
  eden space 87424K,  99% used [0x00000000d5a00000, 0x00000000daf5c2a8, 0x00000000daf60000)
  from space 21824K,  73% used [0x00000000daf60000, 0x00000000dbefda00, 0x00000000dc4b0000)
  to   space 21824K,   0% used [0x00000000dc4b0000, 0x00000000dc4b0000, 0x00000000dda00000)
 concurrent mark-sweep generation total 393216K, used 94120K [0x00000000dda00000, 0x00000000f5a00000, 0x00000000f5a00000)
 concurrent-mark-sweep perm gen total 59352K, used 35650K [0x00000000f5a00000, 0x00000000f93f6000, 0x0000000100000000)
2015-03-18T13:26:51.043-0400: 508113.218: [GC2015-03-18T13:26:51.043-0400: 508113.218: [ParNew
Desired survivor size 20112992 bytes, new threshold 8 (max 8)
- age   1:    1653840 bytes,    1653840 total
- age   2:      37624 bytes,    1691464 total
- age   3:     114640 bytes,    1806104 total
- age   4:     540576 bytes,    2346680 total
- age   5:     487512 bytes,    2834192 total
- age   6:    4037968 bytes,    6872160 total
- age   7:    4320680 bytes,   11192840 total
- age   8:    1632288 bytes,   12825128 total
: 103399K->20417K(109248K), 0.0149660 secs] 197519K->114932K(502464K), 0.0151310 secs] [Times: user=0.06 sys=0.00, real=0.01 secs] 
Heap after GC invocations=616 (full 3):
 par new generation   total 109248K, used 20417K [0x00000000d5a00000, 0x00000000dda00000, 0x00000000dda00000)
  eden space 87424K,   0% used [0x00000000d5a00000, 0x00000000d5a00000, 0x00000000daf60000)
  from space 21824K,  93% used [0x00000000dc4b0000, 0x00000000dd8a0688, 0x00000000dda00000)
  to   space 21824K,   0% used [0x00000000daf60000, 0x00000000daf60000, 0x00000000dc4b0000)
 concurrent mark-sweep generation total 393216K, used 94514K [0x00000000dda00000, 0x00000000f5a00000, 0x00000000f5a00000)
 concurrent-mark-sweep perm gen total 59352K, used 35650K [0x00000000f5a00000, 0x00000000f93f6000, 0x0000000100000000)
}
2015-03-18T13:26:51.058-0400: 508113.234: Total time for which application threads were stopped: 0.0158790 seconds
{Heap before GC invocations=616 (full 3):
 par new generation   total 109248K, used 107830K [0x00000000d5a00000, 0x00000000dda00000, 0x00000000dda00000)
  eden space 87424K,  99% used [0x00000000d5a00000, 0x00000000daf5d4a0, 0x00000000daf60000)
  from space 21824K,  93% used [0x00000000dc4b0000, 0x00000000dd8a0688, 0x00000000dda00000)
  to   space 21824K,   0% used [0x00000000daf60000, 0x00000000daf60000, 0x00000000dc4b0000)
 concurrent mark-sweep generation total 393216K, used 94514K [0x00000000dda00000, 0x00000000f5a00000, 0x00000000f5a00000)
 concurrent-mark-sweep perm gen total 59352K, used 35650K [0x00000000f5a00000, 0x00000000f93f6000, 0x0000000100000000)
2015-03-18T13:26:51.099-0400: 508113.275: [GC2015-03-18T13:26:51.100-0400: 508113.275: [ParNew
Desired survivor size 20112992 bytes, new threshold 8 (max 8)
- age   1:    1638648 bytes,    1638648 total
- age   2:      51376 bytes,    1690024 total
- age   3:      37176 bytes,    1727200 total
- age   4:      70824 bytes,    1798024 total
- age   5:     528664 bytes,    2326688 total
- age   6:     487512 bytes,    2814200 total
- age   7:    4037968 bytes,    6852168 total
- age   8:    4320680 bytes,   11172848 total
: 107830K->13607K(109248K), 0.0151370 secs] 202345K->109720K(502464K), 0.0153270 secs] [Times: user=0.06 sys=0.00, real=0.02 secs] 
Heap after GC invocations=617 (full 3):
 par new generation   total 109248K, used 13607K [0x00000000d5a00000, 0x00000000dda00000, 0x00000000dda00000)
  eden space 87424K,   0% used [0x00000000d5a00000, 0x00000000d5a00000, 0x00000000daf60000)
  from space 21824K,  62% used [0x00000000daf60000, 0x00000000dbca9f70, 0x00000000dc4b0000)
  to   space 21824K,   0% used [0x00000000dc4b0000, 0x00000000dc4b0000, 0x00000000dda00000)
 concurrent mark-sweep generation total 393216K, used 96112K [0x00000000dda00000, 0x00000000f5a00000, 0x00000000f5a00000)
 concurrent-mark-sweep perm gen total 59352K, used 35650K [0x00000000f5a00000, 0x00000000f93f6000, 0x0000000100000000)
}
2015-03-18T13:26:51.115-0400: 508113.291: Total time for which application threads were stopped: 0.0160810 seconds
{Heap before GC invocations=617 (full 3):
 par new generation   total 109248K, used 101024K [0x00000000d5a00000, 0x00000000dda00000, 0x00000000dda00000)
  eden space 87424K,  99% used [0x00000000d5a00000, 0x00000000daf5e250, 0x00000000daf60000)
  from space 21824K,  62% used [0x00000000daf60000, 0x00000000dbca9f70, 0x00000000dc4b0000)
  to   space 21824K,   0% used [0x00000000dc4b0000, 0x00000000dc4b0000, 0x00000000dda00000)
 concurrent mark-sweep generation total 393216K, used 96112K [0x00000000dda00000, 0x00000000f5a00000, 0x00000000f5a00000)
 concurrent-mark-sweep perm gen total 59352K, used 35650K [0x00000000f5a00000, 0x00000000f93f6000, 0x0000000100000000)
2015-03-18T13:26:51.159-0400: 508113.335: [GC2015-03-18T13:26:51.159-0400: 508113.335: [ParNew
Desired survivor size 20112992 bytes, new threshold 8 (max 8)
- age   1:    2220816 bytes,    2220816 total
- age   2:      61152 bytes,    2281968 total
- age   3:      45944 bytes,    2327912 total
- age   4:      36872 bytes,    2364784 total
- age   5:      70824 bytes,    2435608 total
- age   6:     528744 bytes,    2964352 total
- age   7:     487512 bytes,    3451864 total
- age   8:    4038104 bytes,    7489968 total
: 101024K->9695K(109248K), 0.0159830 secs] 197137K->110038K(502464K), 0.0161530 secs] [Times: user=0.05 sys=0.00, real=0.02 secs] 
Heap after GC invocations=618 (full 3):
 par new generation   total 109248K, used 9695K [0x00000000d5a00000, 0x00000000dda00000, 0x00000000dda00000)
  eden space 87424K,   0% used [0x00000000d5a00000, 0x00000000d5a00000, 0x00000000daf60000)
  from space 21824K,  44% used [0x00000000dc4b0000, 0x00000000dce27d00, 0x00000000dda00000)
  to   space 21824K,   0% used [0x00000000daf60000, 0x00000000daf60000, 0x00000000dc4b0000)
 concurrent mark-sweep generation total 393216K, used 100343K [0x00000000dda00000, 0x00000000f5a00000, 0x00000000f5a00000)
 concurrent-mark-sweep perm gen total 59352K, used 35650K [0x00000000f5a00000, 0x00000000f93f6000, 0x0000000100000000)
}
2015-03-18T13:26:51.175-0400: 508113.351: Total time for which application threads were stopped: 0.0168600 seconds
{Heap before GC invocations=618 (full 3):
 par new generation   total 109248K, used 97109K [0x00000000d5a00000, 0x00000000dda00000, 0x00000000dda00000)
  eden space 87424K,  99% used [0x00000000d5a00000, 0x00000000daf5d898, 0x00000000daf60000)
  from space 21824K,  44% used [0x00000000dc4b0000, 0x00000000dce27d00, 0x00000000dda00000)
  to   space 21824K,   0% used [0x00000000daf60000, 0x00000000daf60000, 0x00000000dc4b0000)
 concurrent mark-sweep generation total 393216K, used 100343K [0x00000000dda00000, 0x00000000f5a00000, 0x00000000f5a00000)
 concurrent-mark-sweep perm gen total 59352K, used 35650K [0x00000000f5a00000, 0x00000000f93f6000, 0x0000000100000000)
2015-03-18T13:26:51.219-0400: 508113.394: [GC2015-03-18T13:26:51.219-0400: 508113.394: [ParNew
Desired survivor size 20112992 bytes, new threshold 8 (max 8)
- age   1:    2215912 bytes,    2215912 total
- age   2:      89592 bytes,    2305504 total
- age   3:      61152 bytes,    2366656 total
- age   4:      45336 bytes,    2411992 total
- age   5:      36872 bytes,    2448864 total
- age   6:      70824 bytes,    2519688 total
- age   7:     528664 bytes,    3048352 total
- age   8:     487512 bytes,    3535864 total
: 97109K->5166K(109248K), 0.0122090 secs] 197452K->109457K(502464K), 0.0123850 secs] [Times: user=0.04 sys=0.00, real=0.02 secs] 
Heap after GC invocations=619 (full 3):
 par new generation   total 109248K, used 5166K [0x00000000d5a00000, 0x00000000dda00000, 0x00000000dda00000)
  eden space 87424K,   0% used [0x00000000d5a00000, 0x00000000d5a00000, 0x00000000daf60000)
  from space 21824K,  23% used [0x00000000daf60000, 0x00000000db46baa0, 0x00000000dc4b0000)
  to   space 21824K,   0% used [0x00000000dc4b0000, 0x00000000dc4b0000, 0x00000000dda00000)
 concurrent mark-sweep generation total 393216K, used 104290K [0x00000000dda00000, 0x00000000f5a00000, 0x00000000f5a00000)
 concurrent-mark-sweep perm gen total 59352K, used 35650K [0x00000000f5a00000, 0x00000000f93f6000, 0x0000000100000000)
}
2015-03-18T13:26:51.231-0400: 508113.407: Total time for which application threads were stopped: 0.0132170 seconds
{Heap before GC invocations=619 (full 3):
 par new generation   total 109248K, used 92583K [0x00000000d5a00000, 0x00000000dda00000, 0x00000000dda00000)
  eden space 87424K,  99% used [0x00000000d5a00000, 0x00000000daf5e558, 0x00000000daf60000)
  from space 21824K,  23% used [0x00000000daf60000, 0x00000000db46baa0, 0x00000000dc4b0000)
  to   space 21824K,   0% used [0x00000000dc4b0000, 0x00000000dc4b0000, 0x00000000dda00000)
 concurrent mark-sweep generation total 393216K, used 104290K [0x00000000dda00000, 0x00000000f5a00000, 0x00000000f5a00000)
 concurrent-mark-sweep perm gen total 59352K, used 35650K [0x00000000f5a00000, 0x00000000f93f6000, 0x0000000100000000)
2015-03-18T13:26:51.273-0400: 508113.449: [GC2015-03-18T13:26:51.273-0400: 508113.449: [ParNew
Desired survivor size 20112992 bytes, new threshold 8 (max 8)
- age   1:    1811352 bytes,    1811352 total
- age   2:     116272 bytes,    1927624 total
- age   3:      84344 bytes,    2011968 total
- age   4:      61152 bytes,    2073120 total
- age   5:      45336 bytes,    2118456 total
- age   6:      36872 bytes,    2155328 total
- age   7:      70824 bytes,    2226152 total
- age   8:     528664 bytes,    2754816 total
: 92583K->4526K(109248K), 0.0066140 secs] 196874K->109295K(502464K), 0.0067780 secs] [Times: user=0.02 sys=0.00, real=0.00 secs] 
Heap after GC invocations=620 (full 3):
 par new generation   total 109248K, used 4526K [0x00000000d5a00000, 0x00000000dda00000, 0x00000000dda00000)
  eden space 87424K,   0% used [0x00000000d5a00000, 0x00000000d5a00000, 0x00000000daf60000)
  from space 21824K,  20% used [0x00000000dc4b0000, 0x00000000dc91b9b8, 0x00000000dda00000)
  to   space 21824K,   0% used [0x00000000daf60000, 0x00000000daf60000, 0x00000000dc4b0000)
 concurrent mark-sweep generation total 393216K, used 104768K [0x00000000dda00000, 0x00000000f5a00000, 0x00000000f5a00000)
 concurrent-mark-sweep perm gen total 59352K, used 35650K [0x00000000f5a00000, 0x00000000f93f6000, 0x0000000100000000)
}
2015-03-18T13:26:51.280-0400: 508113.455: Total time for which application threads were stopped: 0.0074600 seconds
{Heap before GC invocations=620 (full 3):
 par new generation   total 109248K, used 91950K [0x00000000d5a00000, 0x00000000dda00000, 0x00000000dda00000)
  eden space 87424K, 100% used [0x00000000d5a00000, 0x00000000daf60000, 0x00000000daf60000)
  from space 21824K,  20% used [0x00000000dc4b0000, 0x00000000dc91b9b8, 0x00000000dda00000)
  to   space 21824K,   0% used [0x00000000daf60000, 0x00000000daf60000, 0x00000000dc4b0000)
 concurrent mark-sweep generation total 393216K, used 104768K [0x00000000dda00000, 0x00000000f5a00000, 0x00000000f5a00000)
 concurrent-mark-sweep perm gen total 59352K, used 35650K [0x00000000f5a00000, 0x00000000f93f6000, 0x0000000100000000)
2015-03-18T13:26:51.319-0400: 508113.495: [GC2015-03-18T13:26:51.319-0400: 508113.495: [ParNew
Desired survivor size 20112992 bytes, new threshold 8 (max 8)
- age   1:    1421832 bytes,    1421832 total
- age   2:     127416 bytes,    1549248 total
- age   3:     116272 bytes,    1665520 total
- age   4:      83752 bytes,    1749272 total
- age   5:      61152 bytes,    1810424 total
- age   6:      45336 bytes,    1855760 total
- age   7:      36872 bytes,    1892632 total
- age   8:      70824 bytes,    1963456 total
: 91950K->2638K(109248K), 0.0066610 secs] 196719K->107931K(502464K), 0.0068500 secs] [Times: user=0.02 sys=0.00, real=0.01 secs] 
Heap after GC invocations=621 (full 3):
 par new generation   total 109248K, used 2638K [0x00000000d5a00000, 0x00000000dda00000, 0x00000000dda00000)
  eden space 87424K,   0% used [0x00000000d5a00000, 0x00000000d5a00000, 0x00000000daf60000)
  from space 21824K,  12% used [0x00000000daf60000, 0x00000000db1f3980, 0x00000000dc4b0000)
  to   space 21824K,   0% used [0x00000000dc4b0000, 0x00000000dc4b0000, 0x00000000dda00000)
 concurrent mark-sweep generation total 393216K, used 105293K [0x00000000dda00000, 0x00000000f5a00000, 0x00000000f5a00000)
 concurrent-mark-sweep perm gen total 59352K, used 35650K [0x00000000f5a00000, 0x00000000f93f6000, 0x0000000100000000)
}
2015-03-18T13:26:51.326-0400: 508113.502: Total time for which application threads were stopped: 0.0075060 seconds
{Heap before GC invocations=621 (full 3):
 par new generation   total 109248K, used 90046K [0x00000000d5a00000, 0x00000000dda00000, 0x00000000dda00000)
  eden space 87424K,  99% used [0x00000000d5a00000, 0x00000000daf5c220, 0x00000000daf60000)
  from space 21824K,  12% used [0x00000000daf60000, 0x00000000db1f3980, 0x00000000dc4b0000)
  to   space 21824K,   0% used [0x00000000dc4b0000, 0x00000000dc4b0000, 0x00000000dda00000)
 concurrent mark-sweep generation total 393216K, used 105293K [0x00000000dda00000, 0x00000000f5a00000, 0x00000000f5a00000)
 concurrent-mark-sweep perm gen total 59352K, used 35650K [0x00000000f5a00000, 0x00000000f93f6000, 0x0000000100000000)
2015-03-18T13:26:51.365-0400: 508113.541: [GC2015-03-18T13:26:51.366-0400: 508113.541: [ParNew
Desired survivor size 20112992 bytes, new threshold 8 (max 8)
- age   1:    2685728 bytes,    2685728 total
- age   2:      95792 bytes,    2781520 total
- age   3:     125640 bytes,    2907160 total
- age   4:     116272 bytes,    3023432 total
- age   5:      83536 bytes,    3106968 total
- age   6:      61152 bytes,    3168120 total
- age   7:      45064 bytes,    3213184 total
- age   8:      36872 bytes,    3250056 total
: 90046K->3734K(109248K), 0.0062570 secs] 195339K->109104K(502464K), 0.0064090 secs] [Times: user=0.02 sys=0.00, real=0.01 secs] 
Heap after GC invocations=622 (full 3):
 par new generation   total 109248K, used 3734K [0x00000000d5a00000, 0x00000000dda00000, 0x00000000dda00000)
  eden space 87424K,   0% used [0x00000000d5a00000, 0x00000000d5a00000, 0x00000000daf60000)
  from space 21824K,  17% used [0x00000000dc4b0000, 0x00000000dc855bf0, 0x00000000dda00000)
  to   space 21824K,   0% used [0x00000000daf60000, 0x00000000daf60000, 0x00000000dc4b0000)
 concurrent mark-sweep generation total 393216K, used 105369K [0x00000000dda00000, 0x00000000f5a00000, 0x00000000f5a00000)
 concurrent-mark-sweep perm gen total 59352K, used 35650K [0x00000000f5a00000, 0x00000000f93f6000, 0x0000000100000000)
}
2015-03-18T13:26:51.372-0400: 508113.548: Total time for which application threads were stopped: 0.0071430 seconds
{Heap before GC invocations=622 (full 3):
 par new generation   total 109248K, used 91156K [0x00000000d5a00000, 0x00000000dda00000, 0x00000000dda00000)
  eden space 87424K,  99% used [0x00000000d5a00000, 0x00000000daf5f460, 0x00000000daf60000)
  from space 21824K,  17% used [0x00000000dc4b0000, 0x00000000dc855bf0, 0x00000000dda00000)
  to   space 21824K,   0% used [0x00000000daf60000, 0x00000000daf60000, 0x00000000dc4b0000)
 concurrent mark-sweep generation total 393216K, used 105369K [0x00000000dda00000, 0x00000000f5a00000, 0x00000000f5a00000)
 concurrent-mark-sweep perm gen total 59352K, used 35650K [0x00000000f5a00000, 0x00000000f93f6000, 0x0000000100000000)
2015-03-18T13:26:51.409-0400: 508113.585: [GC2015-03-18T13:26:51.409-0400: 508113.585: [ParNew
Desired survivor size 20112992 bytes, new threshold 8 (max 8)
- age   1:    1786056 bytes,    1786056 total
- age   2:      89216 bytes,    1875272 total
- age   3:      95792 bytes,    1971064 total
- age   4:     122760 bytes,    2093824 total
- age   5:     116056 bytes,    2209880 total
- age   6:      82888 bytes,    2292768 total
- age   7:      60176 bytes,    2352944 total
- age   8:      43976 bytes,    2396920 total
: 91156K->3243K(109248K), 0.0056880 secs] 196525K->108650K(502464K), 0.0058490 secs] [Times: user=0.02 sys=0.00, real=0.01 secs] 
Heap after GC invocations=623 (full 3):
 par new generation   total 109248K, used 3243K [0x00000000d5a00000, 0x00000000dda00000, 0x00000000dda00000)
  eden space 87424K,   0% used [0x00000000d5a00000, 0x00000000d5a00000, 0x00000000daf60000)
  from space 21824K,  14% used [0x00000000daf60000, 0x00000000db28ad20, 0x00000000dc4b0000)
  to   space 21824K,   0% used [0x00000000dc4b0000, 0x00000000dc4b0000, 0x00000000dda00000)
 concurrent mark-sweep generation total 393216K, used 105407K [0x00000000dda00000, 0x00000000f5a00000, 0x00000000f5a00000)
 concurrent-mark-sweep perm gen total 59352K, used 35650K [0x00000000f5a00000, 0x00000000f93f6000, 0x0000000100000000)
}
2015-03-18T13:26:51.415-0400: 508113.591: Total time for which application threads were stopped: 0.0065190 seconds
{Heap before GC invocations=623 (full 3):
 par new generation   total 109248K, used 90667K [0x00000000d5a00000, 0x00000000dda00000, 0x00000000dda00000)
  eden space 87424K, 100% used [0x00000000d5a00000, 0x00000000daf60000, 0x00000000daf60000)
  from space 21824K,  14% used [0x00000000daf60000, 0x00000000db28ad20, 0x00000000dc4b0000)
  to   space 21824K,   0% used [0x00000000dc4b0000, 0x00000000dc4b0000, 0x00000000dda00000)
 concurrent mark-sweep generation total 393216K, used 105407K [0x00000000dda00000, 0x00000000f5a00000, 0x00000000f5a00000)
 concurrent-mark-sweep perm gen total 59352K, used 35650K [0x00000000f5a00000, 0x00000000f93f6000, 0x0000000100000000)
2015-03-18T13:26:51.454-0400: 508113.629: [GC2015-03-18T13:26:51.454-0400: 508113.629: [ParNew
Desired survivor size 20112992 bytes, new threshold 8 (max 8)
- age   1:    1594008 bytes,    1594008 total
- age   2:      98544 bytes,    1692552 total
- age   3:      89216 bytes,    1781768 total
- age   4:      95792 bytes,    1877560 total
- age   5:     122760 bytes,    2000320 total
- age   6:     115408 bytes,    2115728 total
- age   7:      82888 bytes,    2198616 total
- age   8:      59360 bytes,    2257976 total
: 90667K->3052K(109248K), 0.0056350 secs] 196074K->108504K(502464K), 0.0057870 secs] [Times: user=0.02 sys=0.00, real=0.00 secs] 
Heap after GC invocations=624 (full 3):
 par new generation   total 109248K, used 3052K [0x00000000d5a00000, 0x00000000dda00000, 0x00000000dda00000)
  eden space 87424K,   0% used [0x00000000d5a00000, 0x00000000d5a00000, 0x00000000daf60000)
  from space 21824K,  13% used [0x00000000dc4b0000, 0x00000000dc7ab380, 0x00000000dda00000)
  to   space 21824K,   0% used [0x00000000daf60000, 0x00000000daf60000, 0x00000000dc4b0000)
 concurrent mark-sweep generation total 393216K, used 105452K [0x00000000dda00000, 0x00000000f5a00000, 0x00000000f5a00000)
 concurrent-mark-sweep perm gen total 59352K, used 35650K [0x00000000f5a00000, 0x00000000f93f6000, 0x0000000100000000)
}
2015-03-18T13:26:51.460-0400: 508113.635: Total time for which application threads were stopped: 0.0065490 seconds
{Heap before GC invocations=624 (full 3):
 par new generation   total 109248K, used 90466K [0x00000000d5a00000, 0x00000000dda00000, 0x00000000dda00000)
  eden space 87424K,  99% used [0x00000000d5a00000, 0x00000000daf5d878, 0x00000000daf60000)
  from space 21824K,  13% used [0x00000000dc4b0000, 0x00000000dc7ab380, 0x00000000dda00000)
  to   space 21824K,   0% used [0x00000000daf60000, 0x00000000daf60000, 0x00000000dc4b0000)
 concurrent mark-sweep generation total 393216K, used 105452K [0x00000000dda00000, 0x00000000f5a00000, 0x00000000f5a00000)
 concurrent-mark-sweep perm gen total 59352K, used 35650K [0x00000000f5a00000, 0x00000000f93f6000, 0x0000000100000000)
2015-03-18T13:26:51.498-0400: 508113.673: [GC2015-03-18T13:26:51.498-0400: 508113.673: [ParNew
Desired survivor size 20112992 bytes, new threshold 8 (max 8)
- age   1:    1748224 bytes,    1748224 total
- age   2:      82784 bytes,    1831008 total
- age   3:      95112 bytes,    1926120 total
- age   4:      86928 bytes,    2013048 total
- age   5:      95792 bytes,    2108840 total
- age   6:     122760 bytes,    2231600 total
- age   7:     115408 bytes,    2347008 total
- age   8:      82888 bytes,    2429896 total
: 90466K->3085K(109248K), 0.0056820 secs] 195919K->108596K(502464K), 0.0058270 secs] [Times: user=0.02 sys=0.00, real=0.01 secs] 
Heap after GC invocations=625 (full 3):
 par new generation   total 109248K, used 3085K [0x00000000d5a00000, 0x00000000dda00000, 0x00000000dda00000)
  eden space 87424K,   0% used [0x00000000d5a00000, 0x00000000d5a00000, 0x00000000daf60000)
  from space 21824K,  14% used [0x00000000daf60000, 0x00000000db263520, 0x00000000dc4b0000)
  to   space 21824K,   0% used [0x00000000dc4b0000, 0x00000000dc4b0000, 0x00000000dda00000)
 concurrent mark-sweep generation total 393216K, used 105511K [0x00000000dda00000, 0x00000000f5a00000, 0x00000000f5a00000)
 concurrent-mark-sweep perm gen total 59352K, used 35650K [0x00000000f5a00000, 0x00000000f93f6000, 0x0000000100000000)
}
2015-03-18T13:26:51.504-0400: 508113.679: Total time for which application threads were stopped: 0.0065890 seconds
{Heap before GC invocations=625 (full 3):
 par new generation   total 109248K, used 90509K [0x00000000d5a00000, 0x00000000dda00000, 0x00000000dda00000)
  eden space 87424K, 100% used [0x00000000d5a00000, 0x00000000daf60000, 0x00000000daf60000)
  from space 21824K,  14% used [0x00000000daf60000, 0x00000000db263520, 0x00000000dc4b0000)
  to   space 21824K,   0% used [0x00000000dc4b0000, 0x00000000dc4b0000, 0x00000000dda00000)
 concurrent mark-sweep generation total 393216K, used 105511K [0x00000000dda00000, 0x00000000f5a00000, 0x00000000f5a00000)
 concurrent-mark-sweep perm gen total 59352K, used 35650K [0x00000000f5a00000, 0x00000000f93f6000, 0x0000000100000000)
2015-03-18T13:26:51.541-0400: 508113.716: [GC2015-03-18T13:26:51.541-0400: 508113.716: [ParNew
Desired survivor size 20112992 bytes, new threshold 8 (max 8)
- age   1:    2792440 bytes,    2792440 total
- age   2:      89152 bytes,    2881592 total
- age   3:      82784 bytes,    2964376 total
- age   4:      95112 bytes,    3059488 total
- age   5:      86928 bytes,    3146416 total
- age   6:      95792 bytes,    3242208 total
- age   7:     122760 bytes,    3364968 total
- age   8:     115408 bytes,    3480376 total
: 90509K->3891K(109248K), 0.0062730 secs] 196020K->109486K(502464K), 0.0064390 secs] [Times: user=0.02 sys=0.00, real=0.00 secs] 
Heap after GC invocations=626 (full 3):
 par new generation   total 109248K, used 3891K [0x00000000d5a00000, 0x00000000dda00000, 0x00000000dda00000)
  eden space 87424K,   0% used [0x00000000d5a00000, 0x00000000d5a00000, 0x00000000daf60000)
  from space 21824K,  17% used [0x00000000dc4b0000, 0x00000000dc87cfc8, 0x00000000dda00000)
  to   space 21824K,   0% used [0x00000000daf60000, 0x00000000daf60000, 0x00000000dc4b0000)
 concurrent mark-sweep generation total 393216K, used 105594K [0x00000000dda00000, 0x00000000f5a00000, 0x00000000f5a00000)
 concurrent-mark-sweep perm gen total 59352K, used 35650K [0x00000000f5a00000, 0x00000000f93f6000, 0x0000000100000000)
}
2015-03-18T13:26:51.547-0400: 508113.723: Total time for which application threads were stopped: 0.0072190 seconds
{Heap before GC invocations=626 (full 3):
 par new generation   total 109248K, used 91315K [0x00000000d5a00000, 0x00000000dda00000, 0x00000000dda00000)
  eden space 87424K, 100% used [0x00000000d5a00000, 0x00000000daf60000, 0x00000000daf60000)
  from space 21824K,  17% used [0x00000000dc4b0000, 0x00000000dc87cfc8, 0x00000000dda00000)
  to   space 21824K,   0% used [0x00000000daf60000, 0x00000000daf60000, 0x00000000dc4b0000)
 concurrent mark-sweep generation total 393216K, used 105594K [0x00000000dda00000, 0x00000000f5a00000, 0x00000000f5a00000)
 concurrent-mark-sweep perm gen total 59352K, used 35650K [0x00000000f5a00000, 0x00000000f93f6000, 0x0000000100000000)
2015-03-18T13:26:51.584-0400: 508113.760: [GC2015-03-18T13:26:51.584-0400: 508113.760: [ParNew
Desired survivor size 20112992 bytes, new threshold 8 (max 8)
- age   1:    2411752 bytes,    2411752 total
- age   2:      73760 bytes,    2485512 total
- age   3:      86864 bytes,    2572376 total
- age   4:      82784 bytes,    2655160 total
- age   5:      95112 bytes,    2750272 total
- age   6:      86928 bytes,    2837200 total
- age   7:      95792 bytes,    2932992 total
- age   8:     122760 bytes,    3055752 total
: 91315K->4845K(109248K), 0.0061330 secs] 196910K->110554K(502464K), 0.0062800 secs] [Times: user=0.02 sys=0.00, real=0.01 secs] 
Heap after GC invocations=627 (full 3):
 par new generation   total 109248K, used 4845K [0x00000000d5a00000, 0x00000000dda00000, 0x00000000dda00000)
  eden space 87424K,   0% used [0x00000000d5a00000, 0x00000000d5a00000, 0x00000000daf60000)
  from space 21824K,  22% used [0x00000000daf60000, 0x00000000db41b738, 0x00000000dc4b0000)
  to   space 21824K,   0% used [0x00000000dc4b0000, 0x00000000dc4b0000, 0x00000000dda00000)
 concurrent mark-sweep generation total 393216K, used 105709K [0x00000000dda00000, 0x00000000f5a00000, 0x00000000f5a00000)
 concurrent-mark-sweep perm gen total 59352K, used 35650K [0x00000000f5a00000, 0x00000000f93f6000, 0x0000000100000000)
}
2015-03-18T13:26:51.590-0400: 508113.766: Total time for which application threads were stopped: 0.0069950 seconds
{Heap before GC invocations=627 (full 3):
 par new generation   total 109248K, used 92269K [0x00000000d5a00000, 0x00000000dda00000, 0x00000000dda00000)
  eden space 87424K, 100% used [0x00000000d5a00000, 0x00000000daf60000, 0x00000000daf60000)
  from space 21824K,  22% used [0x00000000daf60000, 0x00000000db41b738, 0x00000000dc4b0000)
  to   space 21824K,   0% used [0x00000000dc4b0000, 0x00000000dc4b0000, 0x00000000dda00000)
 concurrent mark-sweep generation total 393216K, used 105709K [0x00000000dda00000, 0x00000000f5a00000, 0x00000000f5a00000)
 concurrent-mark-sweep perm gen total 59352K, used 35650K [0x00000000f5a00000, 0x00000000f93f6000, 0x0000000100000000)
2015-03-18T13:26:51.625-0400: 508113.800: [GC2015-03-18T13:26:51.625-0400: 508113.800: [ParNew
Desired survivor size 20112992 bytes, new threshold 8 (max 8)
- age   1:    1836992 bytes,    1836992 total
- age   2:      69184 bytes,    1906176 total
- age   3:      73592 bytes,    1979768 total
- age   4:      86672 bytes,    2066440 total
- age   5:      82640 bytes,    2149080 total
- age   6:      94680 bytes,    2243760 total
- age   7:      86472 bytes,    2330232 total
- age   8:      95648 bytes,    2425880 total
: 92269K->3236K(109248K), 0.0058950 secs] 197978K->109066K(502464K), 0.0060700 secs] [Times: user=0.02 sys=0.00, real=0.01 secs] 
Heap after GC invocations=628 (full 3):
 par new generation   total 109248K, used 3236K [0x00000000d5a00000, 0x00000000dda00000, 0x00000000dda00000)
  eden space 87424K,   0% used [0x00000000d5a00000, 0x00000000d5a00000, 0x00000000daf60000)
  from space 21824K,  14% used [0x00000000dc4b0000, 0x00000000dc7d9088, 0x00000000dda00000)
  to   space 21824K,   0% used [0x00000000daf60000, 0x00000000daf60000, 0x00000000dc4b0000)
 concurrent mark-sweep generation total 393216K, used 105830K [0x00000000dda00000, 0x00000000f5a00000, 0x00000000f5a00000)
 concurrent-mark-sweep perm gen total 59352K, used 35650K [0x00000000f5a00000, 0x00000000f93f6000, 0x0000000100000000)
}
2015-03-18T13:26:51.631-0400: 508113.806: Total time for which application threads were stopped: 0.0068160 seconds
{Heap before GC invocations=628 (full 3):
 par new generation   total 109248K, used 90640K [0x00000000d5a00000, 0x00000000dda00000, 0x00000000dda00000)
  eden space 87424K,  99% used [0x00000000d5a00000, 0x00000000daf5b248, 0x00000000daf60000)
  from space 21824K,  14% used [0x00000000dc4b0000, 0x00000000dc7d9088, 0x00000000dda00000)
  to   space 21824K,   0% used [0x00000000daf60000, 0x00000000daf60000, 0x00000000dc4b0000)
 concurrent mark-sweep generation total 393216K, used 105830K [0x00000000dda00000, 0x00000000f5a00000, 0x00000000f5a00000)
 concurrent-mark-sweep perm gen total 59352K, used 35650K [0x00000000f5a00000, 0x00000000f93f6000, 0x0000000100000000)
2015-03-18T13:26:51.652-0400: 508113.827: [GC2015-03-18T13:26:51.652-0400: 508113.827: [ParNew
Desired survivor size 20112992 bytes, new threshold 8 (max 8)
- age   1:    1332752 bytes,    1332752 total
- age   2:     101712 bytes,    1434464 total
- age   3:      68872 bytes,    1503336 total
- age   4:      72160 bytes,    1575496 total
- age   5:      84616 bytes,    1660112 total
- age   6:      82352 bytes,    1742464 total
- age   7:      93120 bytes,    1835584 total
- age   8:      86256 bytes,    1921840 total
: 90640K->2495K(109248K), 0.0062420 secs] 196471K->108421K(502464K), 0.0063890 secs] [Times: user=0.02 sys=0.00, real=0.00 secs] 
Heap after GC invocations=629 (full 3):
 par new generation   total 109248K, used 2495K [0x00000000d5a00000, 0x00000000dda00000, 0x00000000dda00000)
  eden space 87424K,   0% used [0x00000000d5a00000, 0x00000000d5a00000, 0x00000000daf60000)
  from space 21824K,  11% used [0x00000000daf60000, 0x00000000db1cffc0, 0x00000000dc4b0000)
  to   space 21824K,   0% used [0x00000000dc4b0000, 0x00000000dc4b0000, 0x00000000dda00000)
 concurrent mark-sweep generation total 393216K, used 105925K [0x00000000dda00000, 0x00000000f5a00000, 0x00000000f5a00000)
 concurrent-mark-sweep perm gen total 59352K, used 35650K [0x00000000f5a00000, 0x00000000f93f6000, 0x0000000100000000)
}
2015-03-18T13:26:51.658-0400: 508113.834: Total time for which application threads were stopped: 0.0071600 seconds
{Heap before GC invocations=629 (full 3):
 par new generation   total 109248K, used 89919K [0x00000000d5a00000, 0x00000000dda00000, 0x00000000dda00000)
  eden space 87424K, 100% used [0x00000000d5a00000, 0x00000000daf60000, 0x00000000daf60000)
  from space 21824K,  11% used [0x00000000daf60000, 0x00000000db1cffc0, 0x00000000dc4b0000)
  to   space 21824K,   0% used [0x00000000dc4b0000, 0x00000000dc4b0000, 0x00000000dda00000)
 concurrent mark-sweep generation total 393216K, used 105925K [0x00000000dda00000, 0x00000000f5a00000, 0x00000000f5a00000)
 concurrent-mark-sweep perm gen total 59352K, used 35650K [0x00000000f5a00000, 0x00000000f93f6000, 0x0000000100000000)
2015-03-18T13:26:51.710-0400: 508113.886: [GC2015-03-18T13:26:51.710-0400: 508113.886: [ParNew
Desired survivor size 20112992 bytes, new threshold 8 (max 8)
- age   1:    2557992 bytes,    2557992 total
- age   2:     612544 bytes,    3170536 total
- age   3:     101376 bytes,    3271912 total
- age   4:      67456 bytes,    3339368 total
- age   5:      71344 bytes,    3410712 total
- age   6:      84328 bytes,    3495040 total
- age   7:      81104 bytes,    3576144 total
- age   8:      92496 bytes,    3668640 total
: 89919K->4227K(109248K), 0.0077420 secs] 195845K->110238K(502464K), 0.0079190 secs] [Times: user=0.03 sys=0.00, real=0.01 secs] 
Heap after GC invocations=630 (full 3):
 par new generation   total 109248K, used 4227K [0x00000000d5a00000, 0x00000000dda00000, 0x00000000dda00000)
  eden space 87424K,   0% used [0x00000000d5a00000, 0x00000000d5a00000, 0x00000000daf60000)
  from space 21824K,  19% used [0x00000000dc4b0000, 0x00000000dc8d0e40, 0x00000000dda00000)
  to   space 21824K,   0% used [0x00000000daf60000, 0x00000000daf60000, 0x00000000dc4b0000)
 concurrent mark-sweep generation total 393216K, used 106011K [0x00000000dda00000, 0x00000000f5a00000, 0x00000000f5a00000)
 concurrent-mark-sweep perm gen total 59352K, used 35650K [0x00000000f5a00000, 0x00000000f93f6000, 0x0000000100000000)
}
2015-03-18T13:26:51.718-0400: 508113.894: Total time for which application threads were stopped: 0.0085870 seconds
2015-03-18T13:26:52.133-0400: 508114.308: Total time for which application threads were stopped: 0.0007950 seconds
2015-03-18T13:26:52.133-0400: 508114.309: Total time for which application threads were stopped: 0.0004970 seconds
2015-03-18T13:26:52.134-0400: 508114.309: Total time for which application threads were stopped: 0.0003680 seconds
2015-03-18T13:26:52.138-0400: 508114.313: Total time for which application threads were stopped: 0.0003840 seconds
2015-03-18T13:26:52.138-0400: 508114.314: Total time for which application threads were stopped: 0.0003290 seconds
2015-03-18T13:26:52.138-0400: 508114.314: Total time for which application threads were stopped: 0.0003300 seconds
2015-03-18T13:26:52.159-0400: 508114.335: Total time for which application threads were stopped: 0.0003320 seconds
2015-03-18T13:26:52.165-0400: 508114.341: Total time for which application threads were stopped: 0.0004620 seconds
2015-03-18T13:26:52.166-0400: 508114.342: Total time for which application threads were stopped: 0.0003800 seconds
2015-03-18T13:26:52.181-0400: 508114.357: Total time for which application threads were stopped: 0.0003810 seconds
2015-03-18T13:26:52.181-0400: 508114.357: Total time for which application threads were stopped: 0.0003560 seconds
2015-03-18T13:26:52.182-0400: 508114.357: Total time for which application threads were stopped: 0.0003320 seconds
2015-03-18T13:26:52.190-0400: 508114.366: Total time for which application threads were stopped: 0.0003520 seconds
2015-03-18T13:26:52.190-0400: 508114.366: Total time for which application threads were stopped: 0.0003580 seconds
2015-03-18T13:26:52.191-0400: 508114.366: Total time for which application threads were stopped: 0.0003280 seconds
2015-03-18T13:26:52.205-0400: 508114.381: Total time for which application threads were stopped: 0.0003120 seconds
2015-03-18T13:26:52.229-0400: 508114.404: Total time for which application threads were stopped: 0.0003340 seconds
2015-03-18T13:26:52.229-0400: 508114.405: Total time for which application threads were stopped: 0.0002740 seconds
2015-03-18T13:26:52.229-0400: 508114.405: Total time for which application threads were stopped: 0.0003050 seconds
2015-03-18T13:26:52.277-0400: 508114.452: Total time for which application threads were stopped: 0.0006030 seconds
2015-03-18T13:26:52.277-0400: 508114.453: Total time for which application threads were stopped: 0.0003640 seconds
2015-03-18T13:26:52.278-0400: 508114.453: Total time for which application threads were stopped: 0.0003360 seconds
2015-03-18T13:26:52.797-0400: 508114.973: Total time for which application threads were stopped: 0.0004740 seconds
2015-03-18T13:26:52.797-0400: 508114.973: Total time for which application threads were stopped: 0.0003160 seconds
2015-03-18T13:26:52.909-0400: 508115.085: Total time for which application threads were stopped: 0.0003220 seconds
2015-03-18T13:26:52.910-0400: 508115.085: Total time for which application threads were stopped: 0.0003120 seconds
2015-03-18T13:26:52.915-0400: 508115.090: Total time for which application threads were stopped: 0.0003110 seconds
2015-03-18T13:26:52.915-0400: 508115.091: Total time for which application threads were stopped: 0.0002840 seconds
2015-03-18T13:26:52.916-0400: 508115.091: Total time for which application threads were stopped: 0.0002690 seconds
2015-03-18T13:26:52.916-0400: 508115.092: Total time for which application threads were stopped: 0.0002690 seconds
2015-03-18T13:26:52.916-0400: 508115.092: Total time for which application threads were stopped: 0.0002790 seconds
2015-03-18T13:26:52.917-0400: 508115.092: Total time for which application threads were stopped: 0.0002650 seconds
2015-03-18T13:26:52.917-0400: 508115.093: Total time for which application threads were stopped: 0.0002670 seconds
2015-03-18T13:26:52.917-0400: 508115.093: Total time for which application threads were stopped: 0.0002760 seconds
2015-03-18T13:27:20.092-0400: 508142.268: Total time for which application threads were stopped: 0.0006000 seconds
2015-03-18T13:27:20.093-0400: 508142.269: Total time for which application threads were stopped: 0.0002780 seconds
2015-03-18T13:27:20.108-0400: 508142.284: Total time for which application threads were stopped: 0.0004420 seconds
2015-03-18T13:27:20.109-0400: 508142.284: Total time for which application threads were stopped: 0.0004100 seconds
2015-03-18T13:27:20.110-0400: 508142.285: Total time for which application threads were stopped: 0.0005860 seconds
2015-03-18T13:27:20.110-0400: 508142.286: Total time for which application threads were stopped: 0.0004010 seconds
2015-03-18T13:27:20.111-0400: 508142.286: Total time for which application threads were stopped: 0.0004340 seconds
2015-03-18T13:27:20.112-0400: 508142.288: Total time for which application threads were stopped: 0.0007370 seconds
2015-03-18T13:27:20.113-0400: 508142.288: Total time for which application threads were stopped: 0.0003360 seconds
2015-03-18T13:27:20.113-0400: 508142.289: Total time for which application threads were stopped: 0.0004050 seconds
2015-03-18T13:27:20.333-0400: 508142.508: Total time for which application threads were stopped: 0.0005730 seconds
2015-03-18T13:27:20.372-0400: 508142.548: Total time for which application threads were stopped: 0.0003340 seconds
2015-03-18T13:27:20.373-0400: 508142.548: Total time for which application threads were stopped: 0.0002930 seconds
2015-03-18T13:27:20.375-0400: 508142.550: Total time for which application threads were stopped: 0.0003670 seconds
2015-03-18T13:27:20.375-0400: 508142.551: Total time for which application threads were stopped: 0.0003310 seconds
2015-03-18T13:27:25.376-0400: 508147.552: Total time for which application threads were stopped: 0.0006200 seconds
2015-03-18T13:27:27.010-0400: 508149.186: Total time for which application threads were stopped: 0.0006420 seconds
2015-03-18T13:27:27.035-0400: 508149.211: Total time for which application threads were stopped: 0.0005150 seconds
2015-03-18T13:27:27.037-0400: 508149.212: Total time for which application threads were stopped: 0.0004000 seconds
2015-03-18T13:27:27.037-0400: 508149.213: Total time for which application threads were stopped: 0.0003790 seconds
2015-03-18T13:27:27.039-0400: 508149.215: Total time for which application threads were stopped: 0.0004840 seconds
2015-03-18T13:27:27.039-0400: 508149.215: Total time for which application threads were stopped: 0.0004190 seconds
2015-03-18T13:27:27.065-0400: 508149.240: Total time for which application threads were stopped: 0.0003770 seconds
2015-03-18T13:27:27.069-0400: 508149.245: Total time for which application threads were stopped: 0.0003760 seconds
2015-03-18T13:27:27.070-0400: 508149.246: Total time for which application threads were stopped: 0.0003260 seconds
2015-03-18T13:27:30.508-0400: 508152.684: Total time for which application threads were stopped: 0.0007300 seconds
2015-03-18T13:27:30.509-0400: 508152.685: Total time for which application threads were stopped: 0.0005100 seconds
2015-03-18T13:27:30.510-0400: 508152.686: Total time for which application threads were stopped: 0.0004950 seconds
2015-03-18T13:27:30.511-0400: 508152.687: Total time for which application threads were stopped: 0.0005110 seconds
2015-03-18T13:27:30.512-0400: 508152.687: Total time for which application threads were stopped: 0.0003990 seconds
2015-03-18T13:27:30.512-0400: 508152.688: Total time for which application threads were stopped: 0.0004150 seconds
2015-03-18T13:27:30.515-0400: 508152.690: Total time for which application threads were stopped: 0.0021410 seconds
2015-03-18T13:27:30.515-0400: 508152.691: Total time for which application threads were stopped: 0.0004380 seconds
2015-03-18T13:27:30.516-0400: 508152.692: Total time for which application threads were stopped: 0.0005330 seconds
2015-03-18T13:27:30.517-0400: 508152.693: Total time for which application threads were stopped: 0.0003830 seconds
2015-03-18T13:27:30.517-0400: 508152.693: Total time for which application threads were stopped: 0.0003380 seconds
2015-03-18T13:27:30.518-0400: 508152.694: Total time for which application threads were stopped: 0.0003880 seconds
2015-03-18T13:27:30.519-0400: 508152.694: Total time for which application threads were stopped: 0.0003310 seconds
2015-03-18T13:27:30.519-0400: 508152.695: Total time for which application threads were stopped: 0.0003730 seconds
2015-03-18T13:27:30.521-0400: 508152.697: Total time for which application threads were stopped: 0.0014950 seconds
2015-03-18T13:27:30.522-0400: 508152.697: Total time for which application threads were stopped: 0.0003470 seconds
2015-03-18T13:27:30.522-0400: 508152.698: Total time for which application threads were stopped: 0.0003700 seconds
2015-03-18T13:27:30.523-0400: 508152.699: Total time for which application threads were stopped: 0.0005390 seconds
2015-03-18T13:27:30.525-0400: 508152.700: Total time for which application threads were stopped: 0.0012170 seconds
2015-03-18T13:27:30.560-0400: 508152.736: Total time for which application threads were stopped: 0.0005150 seconds
2015-03-18T13:27:30.561-0400: 508152.737: Total time for which application threads were stopped: 0.0005280 seconds
2015-03-18T13:27:30.562-0400: 508152.738: Total time for which application threads were stopped: 0.0005020 seconds
2015-03-18T13:27:30.563-0400: 508152.739: Total time for which application threads were stopped: 0.0005590 seconds
2015-03-18T13:27:30.564-0400: 508152.739: Total time for which application threads were stopped: 0.0003320 seconds
2015-03-18T13:27:30.565-0400: 508152.740: Total time for which application threads were stopped: 0.0003530 seconds
2015-03-18T13:27:30.565-0400: 508152.741: Total time for which application threads were stopped: 0.0004170 seconds
2015-03-18T13:27:30.566-0400: 508152.742: Total time for which application threads were stopped: 0.0003860 seconds
2015-03-18T13:27:30.567-0400: 508152.743: Total time for which application threads were stopped: 0.0003260 seconds
2015-03-18T13:27:30.568-0400: 508152.744: Total time for which application threads were stopped: 0.0002910 seconds
2015-03-18T13:27:30.569-0400: 508152.744: Total time for which application threads were stopped: 0.0004430 seconds
2015-03-18T13:27:30.601-0400: 508152.776: Total time for which application threads were stopped: 0.0003510 seconds
2015-03-18T13:27:30.601-0400: 508152.777: Total time for which application threads were stopped: 0.0002960 seconds
2015-03-18T13:27:30.602-0400: 508152.777: Total time for which application threads were stopped: 0.0002810 seconds
2015-03-18T13:27:30.603-0400: 508152.779: Total time for which application threads were stopped: 0.0003280 seconds
2015-03-18T13:27:30.607-0400: 508152.782: Total time for which application threads were stopped: 0.0003010 seconds
2015-03-18T13:27:30.608-0400: 508152.783: Total time for which application threads were stopped: 0.0002760 seconds
2015-03-18T13:27:30.608-0400: 508152.784: Total time for which application threads were stopped: 0.0002750 seconds
2015-03-18T13:27:30.610-0400: 508152.785: Total time for which application threads were stopped: 0.0002760 seconds
2015-03-18T13:27:30.611-0400: 508152.786: Total time for which application threads were stopped: 0.0002750 seconds
2015-03-18T13:27:30.612-0400: 508152.787: Total time for which application threads were stopped: 0.0002750 seconds
2015-03-18T13:27:30.613-0400: 508152.789: Total time for which application threads were stopped: 0.0002940 seconds
2015-03-18T13:27:30.614-0400: 508152.790: Total time for which application threads were stopped: 0.0003330 seconds
2015-03-18T13:27:35.581-0400: 508157.756: Total time for which application threads were stopped: 0.0015980 seconds
2015-03-18T13:27:42.193-0400: 508164.369: Total time for which application threads were stopped: 0.0006920 seconds
2015-03-18T13:27:42.194-0400: 508164.369: Total time for which application threads were stopped: 0.0004460 seconds
2015-03-18T13:27:42.194-0400: 508164.370: Total time for which application threads were stopped: 0.0003700 seconds
2015-03-18T13:27:42.195-0400: 508164.370: Total time for which application threads were stopped: 0.0002920 seconds
2015-03-18T13:27:42.246-0400: 508164.421: Total time for which application threads were stopped: 0.0003230 seconds
2015-03-18T13:27:42.279-0400: 508164.455: Total time for which application threads were stopped: 0.0003090 seconds
2015-03-18T13:27:42.333-0400: 508164.508: Total time for which application threads were stopped: 0.0003100 seconds
2015-03-18T13:27:42.845-0400: 508165.020: Total time for which application threads were stopped: 0.0014590 seconds
2015-03-18T13:39:52.939-0400: 508895.115: Total time for which application threads were stopped: 0.0006430 seconds
2015-03-18T13:39:53.940-0400: 508896.116: Total time for which application threads were stopped: 0.0005210 seconds
2015-03-18T13:41:17.652-0400: 508979.828: Total time for which application threads were stopped: 0.0006310 seconds
2015-03-18T13:41:17.653-0400: 508979.828: Total time for which application threads were stopped: 0.0002650 seconds
2015-03-18T13:41:17.654-0400: 508979.829: Total time for which application threads were stopped: 0.0002630 seconds
2015-03-18T13:41:17.657-0400: 508979.832: Total time for which application threads were stopped: 0.0007680 seconds
2015-03-18T13:41:17.670-0400: 508979.846: Total time for which application threads were stopped: 0.0004940 seconds
2015-03-18T13:41:17.671-0400: 508979.847: Total time for which application threads were stopped: 0.0004210 seconds
2015-03-18T13:41:17.672-0400: 508979.847: Total time for which application threads were stopped: 0.0004160 seconds
2015-03-18T13:41:17.672-0400: 508979.848: Total time for which application threads were stopped: 0.0004110 seconds
2015-03-18T13:41:17.673-0400: 508979.848: Total time for which application threads were stopped: 0.0003380 seconds
2015-03-18T13:41:17.673-0400: 508979.849: Total time for which application threads were stopped: 0.0003980 seconds
2015-03-18T13:41:17.675-0400: 508979.851: Total time for which application threads were stopped: 0.0004440 seconds
2015-03-18T13:41:17.676-0400: 508979.851: Total time for which application threads were stopped: 0.0004090 seconds
2015-03-18T13:41:17.676-0400: 508979.852: Total time for which application threads were stopped: 0.0004230 seconds
2015-03-18T13:41:17.677-0400: 508979.853: Total time for which application threads were stopped: 0.0003460 seconds
2015-03-18T13:41:17.677-0400: 508979.853: Total time for which application threads were stopped: 0.0003220 seconds
2015-03-18T13:41:17.678-0400: 508979.853: Total time for which application threads were stopped: 0.0003480 seconds
2015-03-18T13:41:17.678-0400: 508979.854: Total time for which application threads were stopped: 0.0003700 seconds
2015-03-18T13:41:17.679-0400: 508979.855: Total time for which application threads were stopped: 0.0003300 seconds
2015-03-18T13:41:17.680-0400: 508979.855: Total time for which application threads were stopped: 0.0003790 seconds
2015-03-18T13:41:17.680-0400: 508979.856: Total time for which application threads were stopped: 0.0003970 seconds
2015-03-18T13:41:17.681-0400: 508979.856: Total time for which application threads were stopped: 0.0003760 seconds
2015-03-18T13:41:17.681-0400: 508979.857: Total time for which application threads were stopped: 0.0003660 seconds
2015-03-18T13:41:17.682-0400: 508979.858: Total time for which application threads were stopped: 0.0003550 seconds
2015-03-18T13:41:17.682-0400: 508979.858: Total time for which application threads were stopped: 0.0003650 seconds
2015-03-18T13:41:17.683-0400: 508979.859: Total time for which application threads were stopped: 0.0003430 seconds
2015-03-18T13:41:17.684-0400: 508979.859: Total time for which application threads were stopped: 0.0003380 seconds
2015-03-18T13:41:17.684-0400: 508979.860: Total time for which application threads were stopped: 0.0003210 seconds
2015-03-18T13:41:17.686-0400: 508979.861: Total time for which application threads were stopped: 0.0003110 seconds
2015-03-18T13:41:17.686-0400: 508979.862: Total time for which application threads were stopped: 0.0003090 seconds
2015-03-18T13:41:17.688-0400: 508979.864: Total time for which application threads were stopped: 0.0004180 seconds
2015-03-18T13:41:17.689-0400: 508979.865: Total time for which application threads were stopped: 0.0004260 seconds
2015-03-18T13:41:17.690-0400: 508979.866: Total time for which application threads were stopped: 0.0004030 seconds
2015-03-18T13:41:17.691-0400: 508979.866: Total time for which application threads were stopped: 0.0003820 seconds
2015-03-18T13:41:17.691-0400: 508979.867: Total time for which application threads were stopped: 0.0004360 seconds
2015-03-18T13:41:17.692-0400: 508979.868: Total time for which application threads were stopped: 0.0003710 seconds
2015-03-18T13:41:17.693-0400: 508979.868: Total time for which application threads were stopped: 0.0003770 seconds
2015-03-18T13:41:17.693-0400: 508979.869: Total time for which application threads were stopped: 0.0003970 seconds
2015-03-18T13:41:17.694-0400: 508979.870: Total time for which application threads were stopped: 0.0003190 seconds
2015-03-18T13:41:17.701-0400: 508979.877: Total time for which application threads were stopped: 0.0003490 seconds
2015-03-18T13:41:17.720-0400: 508979.896: Total time for which application threads were stopped: 0.0004020 seconds
2015-03-18T13:41:17.720-0400: 508979.896: Total time for which application threads were stopped: 0.0003250 seconds
2015-03-18T13:41:17.722-0400: 508979.898: Total time for which application threads were stopped: 0.0013620 seconds
2015-03-18T13:41:17.723-0400: 508979.899: Total time for which application threads were stopped: 0.0004020 seconds
2015-03-18T13:41:17.723-0400: 508979.899: Total time for which application threads were stopped: 0.0004200 seconds
2015-03-18T13:41:17.724-0400: 508979.899: Total time for which application threads were stopped: 0.0003140 seconds
2015-03-18T13:41:17.725-0400: 508979.900: Total time for which application threads were stopped: 0.0004610 seconds
2015-03-18T13:41:17.725-0400: 508979.901: Total time for which application threads were stopped: 0.0003930 seconds
2015-03-18T13:41:17.726-0400: 508979.901: Total time for which application threads were stopped: 0.0003990 seconds
2015-03-18T13:41:17.726-0400: 508979.902: Total time for which application threads were stopped: 0.0004000 seconds
2015-03-18T13:41:17.727-0400: 508979.902: Total time for which application threads were stopped: 0.0003910 seconds
2015-03-18T13:41:17.728-0400: 508979.903: Total time for which application threads were stopped: 0.0003740 seconds
2015-03-18T13:41:17.729-0400: 508979.905: Total time for which application threads were stopped: 0.0013010 seconds
2015-03-18T13:41:17.732-0400: 508979.907: Total time for which application threads were stopped: 0.0003450 seconds
2015-03-18T13:41:17.736-0400: 508979.912: Total time for which application threads were stopped: 0.0009820 seconds
2015-03-18T13:41:17.743-0400: 508979.918: Total time for which application threads were stopped: 0.0004420 seconds
2015-03-18T13:41:17.743-0400: 508979.919: Total time for which application threads were stopped: 0.0004760 seconds
2015-03-18T13:41:17.744-0400: 508979.920: Total time for which application threads were stopped: 0.0005200 seconds
2015-03-18T13:41:17.745-0400: 508979.920: Total time for which application threads were stopped: 0.0005540 seconds
2015-03-18T13:41:17.745-0400: 508979.921: Total time for which application threads were stopped: 0.0006290 seconds
2015-03-18T13:41:17.746-0400: 508979.922: Total time for which application threads were stopped: 0.0006250 seconds
2015-03-18T13:41:17.747-0400: 508979.923: Total time for which application threads were stopped: 0.0004640 seconds
2015-03-18T13:41:17.748-0400: 508979.924: Total time for which application threads were stopped: 0.0012630 seconds
2015-03-18T13:41:17.749-0400: 508979.925: Total time for which application threads were stopped: 0.0004370 seconds
2015-03-18T13:41:17.749-0400: 508979.925: Total time for which application threads were stopped: 0.0004340 seconds
2015-03-18T13:41:17.750-0400: 508979.926: Total time for which application threads were stopped: 0.0003700 seconds
2015-03-18T13:41:17.751-0400: 508979.926: Total time for which application threads were stopped: 0.0004010 seconds
2015-03-18T13:41:17.751-0400: 508979.927: Total time for which application threads were stopped: 0.0003930 seconds
2015-03-18T13:41:17.752-0400: 508979.927: Total time for which application threads were stopped: 0.0004040 seconds
2015-03-18T13:41:17.754-0400: 508979.929: Total time for which application threads were stopped: 0.0003810 seconds
2015-03-18T13:41:17.754-0400: 508979.930: Total time for which application threads were stopped: 0.0003460 seconds
2015-03-18T13:41:17.909-0400: 508980.084: Total time for which application threads were stopped: 0.0003830 seconds
2015-03-18T13:41:17.909-0400: 508980.085: Total time for which application threads were stopped: 0.0002950 seconds
2015-03-18T13:41:17.910-0400: 508980.085: Total time for which application threads were stopped: 0.0003090 seconds
2015-03-18T13:41:17.929-0400: 508980.105: Total time for which application threads were stopped: 0.0017750 seconds
2015-03-18T13:41:17.930-0400: 508980.105: Total time for which application threads were stopped: 0.0003280 seconds
2015-03-18T13:41:17.930-0400: 508980.106: Total time for which application threads were stopped: 0.0003250 seconds
2015-03-18T13:41:17.934-0400: 508980.110: Total time for which application threads were stopped: 0.0011720 seconds
2015-03-18T13:41:17.935-0400: 508980.111: Total time for which application threads were stopped: 0.0010200 seconds
2015-03-18T13:41:17.938-0400: 508980.113: Total time for which application threads were stopped: 0.0003570 seconds
2015-03-18T13:41:17.945-0400: 508980.121: Total time for which application threads were stopped: 0.0003610 seconds
2015-03-18T13:41:17.949-0400: 508980.124: Total time for which application threads were stopped: 0.0004270 seconds
2015-03-18T13:41:17.950-0400: 508980.126: Total time for which application threads were stopped: 0.0003740 seconds
2015-03-18T13:41:17.951-0400: 508980.127: Total time for which application threads were stopped: 0.0004670 seconds
2015-03-18T13:41:17.952-0400: 508980.127: Total time for which application threads were stopped: 0.0003290 seconds
2015-03-18T13:41:17.953-0400: 508980.129: Total time for which application threads were stopped: 0.0003400 seconds
2015-03-18T13:41:17.954-0400: 508980.130: Total time for which application threads were stopped: 0.0003480 seconds
2015-03-18T13:41:17.954-0400: 508980.130: Total time for which application threads were stopped: 0.0003190 seconds
2015-03-18T13:41:17.958-0400: 508980.134: Total time for which application threads were stopped: 0.0003840 seconds
2015-03-18T13:41:18.094-0400: 508980.270: Total time for which application threads were stopped: 0.0003620 seconds
2015-03-18T13:41:18.096-0400: 508980.271: Total time for which application threads were stopped: 0.0002700 seconds
2015-03-18T13:41:21.857-0400: 508984.033: Total time for which application threads were stopped: 0.0007950 seconds
2015-03-18T13:41:21.858-0400: 508984.034: Total time for which application threads were stopped: 0.0002700 seconds
2015-03-18T13:41:21.862-0400: 508984.038: Total time for which application threads were stopped: 0.0004780 seconds
2015-03-18T13:41:21.863-0400: 508984.038: Total time for which application threads were stopped: 0.0004560 seconds
2015-03-18T13:41:21.863-0400: 508984.039: Total time for which application threads were stopped: 0.0004020 seconds
2015-03-18T13:41:21.864-0400: 508984.040: Total time for which application threads were stopped: 0.0003760 seconds
2015-03-18T13:41:21.865-0400: 508984.040: Total time for which application threads were stopped: 0.0004500 seconds
2015-03-18T13:41:21.865-0400: 508984.041: Total time for which application threads were stopped: 0.0004270 seconds
2015-03-18T13:41:21.866-0400: 508984.042: Total time for which application threads were stopped: 0.0004620 seconds
2015-03-18T13:41:21.867-0400: 508984.042: Total time for which application threads were stopped: 0.0004440 seconds
2015-03-18T13:41:21.868-0400: 508984.043: Total time for which application threads were stopped: 0.0004520 seconds
2015-03-18T13:41:21.871-0400: 508984.047: Total time for which application threads were stopped: 0.0033790 seconds
2015-03-18T13:41:21.872-0400: 508984.048: Total time for which application threads were stopped: 0.0003630 seconds
2015-03-18T13:41:21.873-0400: 508984.048: Total time for which application threads were stopped: 0.0004450 seconds
2015-03-18T13:41:21.874-0400: 508984.049: Total time for which application threads were stopped: 0.0004320 seconds
2015-03-18T13:41:21.874-0400: 508984.050: Total time for which application threads were stopped: 0.0003790 seconds
2015-03-18T13:41:21.875-0400: 508984.050: Total time for which application threads were stopped: 0.0004020 seconds
2015-03-18T13:41:21.875-0400: 508984.051: Total time for which application threads were stopped: 0.0004040 seconds
2015-03-18T13:41:21.877-0400: 508984.053: Total time for which application threads were stopped: 0.0014260 seconds
2015-03-18T13:41:21.878-0400: 508984.053: Total time for which application threads were stopped: 0.0003530 seconds
2015-03-18T13:41:21.878-0400: 508984.054: Total time for which application threads were stopped: 0.0003930 seconds
2015-03-18T13:41:21.879-0400: 508984.055: Total time for which application threads were stopped: 0.0011330 seconds
2015-03-18T13:41:21.880-0400: 508984.056: Total time for which application threads were stopped: 0.0003580 seconds
2015-03-18T13:41:21.881-0400: 508984.056: Total time for which application threads were stopped: 0.0003740 seconds
2015-03-18T13:41:21.881-0400: 508984.057: Total time for which application threads were stopped: 0.0003520 seconds
2015-03-18T13:41:21.882-0400: 508984.057: Total time for which application threads were stopped: 0.0003890 seconds
2015-03-18T13:41:21.883-0400: 508984.058: Total time for which application threads were stopped: 0.0003440 seconds
2015-03-18T13:41:21.883-0400: 508984.059: Total time for which application threads were stopped: 0.0003360 seconds
2015-03-18T13:41:21.884-0400: 508984.059: Total time for which application threads were stopped: 0.0003230 seconds
2015-03-18T13:41:21.884-0400: 508984.060: Total time for which application threads were stopped: 0.0003130 seconds
2015-03-18T13:41:21.885-0400: 508984.060: Total time for which application threads were stopped: 0.0002970 seconds
2015-03-18T13:41:21.886-0400: 508984.061: Total time for which application threads were stopped: 0.0003650 seconds
2015-03-18T13:41:21.886-0400: 508984.062: Total time for which application threads were stopped: 0.0003190 seconds
2015-03-18T13:41:26.881-0400: 508989.056: Total time for which application threads were stopped: 0.0005710 seconds
2015-03-18T13:41:26.881-0400: 508989.057: Total time for which application threads were stopped: 0.0002860 seconds
2015-03-18T13:41:26.883-0400: 508989.058: Total time for which application threads were stopped: 0.0002980 seconds
2015-03-18T13:41:26.883-0400: 508989.059: Total time for which application threads were stopped: 0.0002720 seconds
2015-03-18T13:41:26.884-0400: 508989.060: Total time for which application threads were stopped: 0.0003080 seconds
2015-03-18T13:41:26.885-0400: 508989.061: Total time for which application threads were stopped: 0.0003090 seconds
2015-03-18T13:41:26.886-0400: 508989.062: Total time for which application threads were stopped: 0.0003570 seconds
2015-03-18T13:41:26.887-0400: 508989.062: Total time for which application threads were stopped: 0.0002790 seconds
2015-03-18T13:41:26.887-0400: 508989.063: Total time for which application threads were stopped: 0.0002930 seconds
2015-03-18T13:41:26.888-0400: 508989.063: Total time for which application threads were stopped: 0.0002770 seconds
2015-03-18T13:41:39.058-0400: 509001.234: Total time for which application threads were stopped: 0.0007410 seconds
2015-03-18T13:41:39.059-0400: 509001.235: Total time for which application threads were stopped: 0.0003300 seconds
2015-03-18T13:41:39.062-0400: 509001.237: Total time for which application threads were stopped: 0.0003480 seconds
2015-03-18T13:41:39.067-0400: 509001.243: Total time for which application threads were stopped: 0.0004300 seconds
2015-03-18T13:41:39.068-0400: 509001.244: Total time for which application threads were stopped: 0.0003570 seconds
2015-03-18T13:41:39.069-0400: 509001.244: Total time for which application threads were stopped: 0.0004330 seconds
2015-03-18T13:41:39.069-0400: 509001.245: Total time for which application threads were stopped: 0.0003980 seconds
2015-03-18T13:41:39.070-0400: 509001.246: Total time for which application threads were stopped: 0.0003550 seconds
2015-03-18T13:41:39.071-0400: 509001.246: Total time for which application threads were stopped: 0.0003430 seconds
2015-03-18T13:41:39.072-0400: 509001.247: Total time for which application threads were stopped: 0.0004750 seconds
2015-03-18T13:41:39.073-0400: 509001.249: Total time for which application threads were stopped: 0.0003490 seconds
2015-03-18T13:41:39.074-0400: 509001.249: Total time for which application threads were stopped: 0.0003590 seconds
2015-03-18T13:41:39.075-0400: 509001.251: Total time for which application threads were stopped: 0.0004460 seconds
2015-03-18T13:41:39.076-0400: 509001.252: Total time for which application threads were stopped: 0.0004180 seconds
2015-03-18T13:41:39.077-0400: 509001.252: Total time for which application threads were stopped: 0.0003680 seconds
2015-03-18T13:41:39.079-0400: 509001.255: Total time for which application threads were stopped: 0.0003470 seconds
2015-03-18T13:41:39.080-0400: 509001.256: Total time for which application threads were stopped: 0.0004090 seconds
2015-03-18T13:41:39.081-0400: 509001.257: Total time for which application threads were stopped: 0.0003630 seconds
2015-03-18T13:41:39.082-0400: 509001.257: Total time for which application threads were stopped: 0.0003720 seconds
2015-03-18T13:41:39.083-0400: 509001.258: Total time for which application threads were stopped: 0.0003260 seconds
2015-03-18T13:41:39.083-0400: 509001.259: Total time for which application threads were stopped: 0.0003370 seconds
2015-03-18T13:41:39.084-0400: 509001.260: Total time for which application threads were stopped: 0.0004810 seconds
2015-03-18T13:41:39.086-0400: 509001.262: Total time for which application threads were stopped: 0.0004190 seconds
2015-03-18T13:41:39.090-0400: 509001.266: Total time for which application threads were stopped: 0.0003460 seconds
2015-03-18T13:41:39.091-0400: 509001.266: Total time for which application threads were stopped: 0.0003100 seconds
2015-03-18T13:41:39.094-0400: 509001.270: Total time for which application threads were stopped: 0.0003330 seconds
2015-03-18T13:41:39.095-0400: 509001.270: Total time for which application threads were stopped: 0.0003420 seconds
2015-03-18T13:41:39.097-0400: 509001.273: Total time for which application threads were stopped: 0.0005170 seconds
2015-03-18T13:41:39.098-0400: 509001.274: Total time for which application threads were stopped: 0.0005690 seconds
2015-03-18T13:41:39.102-0400: 509001.277: Total time for which application threads were stopped: 0.0024000 seconds
2015-03-18T13:41:39.103-0400: 509001.278: Total time for which application threads were stopped: 0.0005370 seconds
2015-03-18T13:41:39.103-0400: 509001.279: Total time for which application threads were stopped: 0.0004740 seconds
2015-03-18T13:41:39.104-0400: 509001.280: Total time for which application threads were stopped: 0.0004740 seconds
2015-03-18T13:41:39.105-0400: 509001.281: Total time for which application threads were stopped: 0.0004740 seconds
2015-03-18T13:41:39.106-0400: 509001.281: Total time for which application threads were stopped: 0.0004190 seconds
2015-03-18T13:41:39.107-0400: 509001.282: Total time for which application threads were stopped: 0.0003910 seconds
2015-03-18T13:41:39.107-0400: 509001.283: Total time for which application threads were stopped: 0.0003930 seconds
2015-03-18T13:41:39.108-0400: 509001.283: Total time for which application threads were stopped: 0.0002910 seconds
2015-03-18T13:41:39.108-0400: 509001.284: Total time for which application threads were stopped: 0.0003640 seconds
2015-03-18T13:41:39.110-0400: 509001.285: Total time for which application threads were stopped: 0.0004960 seconds
2015-03-18T13:41:39.111-0400: 509001.287: Total time for which application threads were stopped: 0.0003950 seconds
2015-03-18T13:41:39.111-0400: 509001.287: Total time for which application threads were stopped: 0.0003370 seconds
2015-03-18T13:41:39.113-0400: 509001.289: Total time for which application threads were stopped: 0.0004030 seconds
2015-03-18T13:41:39.115-0400: 509001.291: Total time for which application threads were stopped: 0.0004400 seconds
2015-03-18T13:41:39.116-0400: 509001.291: Total time for which application threads were stopped: 0.0003560 seconds
2015-03-18T13:41:39.116-0400: 509001.292: Total time for which application threads were stopped: 0.0003790 seconds
2015-03-18T13:41:39.117-0400: 509001.292: Total time for which application threads were stopped: 0.0003650 seconds
2015-03-18T13:41:39.117-0400: 509001.293: Total time for which application threads were stopped: 0.0003460 seconds
2015-03-18T13:41:39.118-0400: 509001.294: Total time for which application threads were stopped: 0.0003790 seconds
{Heap before GC invocations=630 (full 3):
 par new generation   total 109248K, used 91651K [0x00000000d5a00000, 0x00000000dda00000, 0x00000000dda00000)
  eden space 87424K, 100% used [0x00000000d5a00000, 0x00000000daf60000, 0x00000000daf60000)
  from space 21824K,  19% used [0x00000000dc4b0000, 0x00000000dc8d0e40, 0x00000000dda00000)
  to   space 21824K,   0% used [0x00000000daf60000, 0x00000000daf60000, 0x00000000dc4b0000)
 concurrent mark-sweep generation total 393216K, used 106011K [0x00000000dda00000, 0x00000000f5a00000, 0x00000000f5a00000)
 concurrent-mark-sweep perm gen total 59352K, used 36043K [0x00000000f5a00000, 0x00000000f93f6000, 0x0000000100000000)
2015-03-18T13:41:39.119-0400: 509001.294: [GC2015-03-18T13:41:39.119-0400: 509001.294: [ParNew
Desired survivor size 20112992 bytes, new threshold 8 (max 8)
- age   1:    8920888 bytes,    8920888 total
- age   2:    2539368 bytes,   11460256 total
- age   3:     609336 bytes,   12069592 total
- age   4:     101376 bytes,   12170968 total
- age   5:      66312 bytes,   12237280 total
- age   6:      71344 bytes,   12308624 total
- age   7:      84328 bytes,   12392952 total
- age   8:      81104 bytes,   12474056 total
: 91651K->13496K(109248K), 0.0177780 secs] 197662K->119600K(502464K), 0.0179600 secs] [Times: user=0.08 sys=0.00, real=0.02 secs] 
Heap after GC invocations=631 (full 3):
 par new generation   total 109248K, used 13496K [0x00000000d5a00000, 0x00000000dda00000, 0x00000000dda00000)
  eden space 87424K,   0% used [0x00000000d5a00000, 0x00000000d5a00000, 0x00000000daf60000)
  from space 21824K,  61% used [0x00000000daf60000, 0x00000000dbc8e3c8, 0x00000000dc4b0000)
  to   space 21824K,   0% used [0x00000000dc4b0000, 0x00000000dc4b0000, 0x00000000dda00000)
 concurrent mark-sweep generation total 393216K, used 106103K [0x00000000dda00000, 0x00000000f5a00000, 0x00000000f5a00000)
 concurrent-mark-sweep perm gen total 59352K, used 36043K [0x00000000f5a00000, 0x00000000f93f6000, 0x0000000100000000)
}
2015-03-18T13:41:39.137-0400: 509001.312: Total time for which application threads were stopped: 0.0185000 seconds
2015-03-18T13:41:39.139-0400: 509001.314: Total time for which application threads were stopped: 0.0006000 seconds
2015-03-18T13:41:39.139-0400: 509001.315: Total time for which application threads were stopped: 0.0003700 seconds
2015-03-18T13:41:39.141-0400: 509001.316: Total time for which application threads were stopped: 0.0003790 seconds
2015-03-18T13:41:39.142-0400: 509001.318: Total time for which application threads were stopped: 0.0004050 seconds
2015-03-18T13:41:39.143-0400: 509001.318: Total time for which application threads were stopped: 0.0004210 seconds
2015-03-18T13:41:39.144-0400: 509001.320: Total time for which application threads were stopped: 0.0004170 seconds
2015-03-18T13:41:39.145-0400: 509001.321: Total time for which application threads were stopped: 0.0003460 seconds
2015-03-18T13:41:39.145-0400: 509001.321: Total time for which application threads were stopped: 0.0003450 seconds
2015-03-18T13:41:39.148-0400: 509001.323: Total time for which application threads were stopped: 0.0015020 seconds
2015-03-18T13:41:39.149-0400: 509001.324: Total time for which application threads were stopped: 0.0004060 seconds
2015-03-18T13:41:39.151-0400: 509001.326: Total time for which application threads were stopped: 0.0004060 seconds
2015-03-18T13:41:39.152-0400: 509001.327: Total time for which application threads were stopped: 0.0003620 seconds
2015-03-18T13:41:39.155-0400: 509001.330: Total time for which application threads were stopped: 0.0005010 seconds
2015-03-18T13:41:39.155-0400: 509001.331: Total time for which application threads were stopped: 0.0003910 seconds
2015-03-18T13:41:39.156-0400: 509001.331: Total time for which application threads were stopped: 0.0003600 seconds
2015-03-18T13:41:39.156-0400: 509001.332: Total time for which application threads were stopped: 0.0003610 seconds
2015-03-18T13:41:39.162-0400: 509001.338: Total time for which application threads were stopped: 0.0004490 seconds
2015-03-18T13:41:39.174-0400: 509001.350: Total time for which application threads were stopped: 0.0003730 seconds
2015-03-18T13:41:39.187-0400: 509001.363: Total time for which application threads were stopped: 0.0005110 seconds
2015-03-18T13:41:39.188-0400: 509001.364: Total time for which application threads were stopped: 0.0004900 seconds
2015-03-18T13:41:39.189-0400: 509001.365: Total time for which application threads were stopped: 0.0003810 seconds
2015-03-18T13:41:39.190-0400: 509001.365: Total time for which application threads were stopped: 0.0003770 seconds
2015-03-18T13:41:39.199-0400: 509001.375: Total time for which application threads were stopped: 0.0003500 seconds
2015-03-18T13:41:39.200-0400: 509001.376: Total time for which application threads were stopped: 0.0003700 seconds
2015-03-18T13:41:39.202-0400: 509001.378: Total time for which application threads were stopped: 0.0003590 seconds
2015-03-18T13:41:39.202-0400: 509001.378: Total time for which application threads were stopped: 0.0003640 seconds
2015-03-18T13:41:39.301-0400: 509001.476: Total time for which application threads were stopped: 0.0005900 seconds
2015-03-18T13:41:39.337-0400: 509001.513: Total time for which application threads were stopped: 0.0006410 seconds
2015-03-18T13:41:39.343-0400: 509001.519: Total time for which application threads were stopped: 0.0006060 seconds
2015-03-18T13:41:39.437-0400: 509001.613: Total time for which application threads were stopped: 0.0005490 seconds
2015-03-18T13:41:39.441-0400: 509001.617: Total time for which application threads were stopped: 0.0004620 seconds
2015-03-18T13:41:39.443-0400: 509001.619: Total time for which application threads were stopped: 0.0005120 seconds
2015-03-18T13:41:39.445-0400: 509001.621: Total time for which application threads were stopped: 0.0004050 seconds
2015-03-18T13:41:39.461-0400: 509001.636: Total time for which application threads were stopped: 0.0005580 seconds
2015-03-18T13:41:39.479-0400: 509001.654: Total time for which application threads were stopped: 0.0005710 seconds
2015-03-18T13:41:39.480-0400: 509001.656: Total time for which application threads were stopped: 0.0005150 seconds
2015-03-18T13:41:39.485-0400: 509001.660: Total time for which application threads were stopped: 0.0004440 seconds
2015-03-18T13:41:39.486-0400: 509001.662: Total time for which application threads were stopped: 0.0003880 seconds
2015-03-18T13:41:39.497-0400: 509001.673: Total time for which application threads were stopped: 0.0004200 seconds
2015-03-18T13:41:39.498-0400: 509001.674: Total time for which application threads were stopped: 0.0004280 seconds
2015-03-18T13:41:39.512-0400: 509001.688: Total time for which application threads were stopped: 0.0005670 seconds
2015-03-18T13:41:39.515-0400: 509001.691: Total time for which application threads were stopped: 0.0005050 seconds
2015-03-18T13:41:39.522-0400: 509001.697: Total time for which application threads were stopped: 0.0004900 seconds
2015-03-18T13:41:39.531-0400: 509001.707: Total time for which application threads were stopped: 0.0010080 seconds
2015-03-18T13:41:39.534-0400: 509001.710: Total time for which application threads were stopped: 0.0004240 seconds
2015-03-18T13:41:39.542-0400: 509001.718: Total time for which application threads were stopped: 0.0016960 seconds
2015-03-18T13:41:39.817-0400: 509001.992: Total time for which application threads were stopped: 0.0016960 seconds
2015-03-18T13:41:39.820-0400: 509001.995: Total time for which application threads were stopped: 0.0004300 seconds
{Heap before GC invocations=631 (full 3):
 par new generation   total 109248K, used 100913K [0x00000000d5a00000, 0x00000000dda00000, 0x00000000dda00000)
  eden space 87424K,  99% used [0x00000000d5a00000, 0x00000000daf5e2f0, 0x00000000daf60000)
  from space 21824K,  61% used [0x00000000daf60000, 0x00000000dbc8e3c8, 0x00000000dc4b0000)
  to   space 21824K,   0% used [0x00000000dc4b0000, 0x00000000dc4b0000, 0x00000000dda00000)
 concurrent mark-sweep generation total 393216K, used 106103K [0x00000000dda00000, 0x00000000f5a00000, 0x00000000f5a00000)
 concurrent-mark-sweep perm gen total 59352K, used 36115K [0x00000000f5a00000, 0x00000000f93f6000, 0x0000000100000000)
2015-03-18T13:41:39.840-0400: 509002.015: [GC2015-03-18T13:41:39.840-0400: 509002.016: [ParNew
Desired survivor size 20112992 bytes, new threshold 3 (max 8)
- age   1:   11695968 bytes,   11695968 total
- age   2:    7351216 bytes,   19047184 total
- age   3:    2343144 bytes,   21390328 total
- age   4:     578840 bytes,   21969168 total
- age   5:      99376 bytes,   22068544 total
- age   6:      66312 bytes,   22134856 total
- age   7:      71344 bytes,   22206200 total
- age   8:      84328 bytes,   22290528 total
: 100913K->21824K(109248K), 0.0175170 secs] 207017K->131864K(502464K), 0.0176840 secs] [Times: user=0.08 sys=0.00, real=0.02 secs] 
Heap after GC invocations=632 (full 3):
 par new generation   total 109248K, used 21824K [0x00000000d5a00000, 0x00000000dda00000, 0x00000000dda00000)
  eden space 87424K,   0% used [0x00000000d5a00000, 0x00000000d5a00000, 0x00000000daf60000)
  from space 21824K, 100% used [0x00000000dc4b0000, 0x00000000dda00000, 0x00000000dda00000)
  to   space 21824K,   0% used [0x00000000daf60000, 0x00000000daf60000, 0x00000000dc4b0000)
 concurrent mark-sweep generation total 393216K, used 110040K [0x00000000dda00000, 0x00000000f5a00000, 0x00000000f5a00000)
 concurrent-mark-sweep perm gen total 59352K, used 36115K [0x00000000f5a00000, 0x00000000f93f6000, 0x0000000100000000)
}
2015-03-18T13:41:39.858-0400: 509002.033: Total time for which application threads were stopped: 0.0181530 seconds
2015-03-18T13:41:40.224-0400: 509002.399: Total time for which application threads were stopped: 0.0009330 seconds
2015-03-18T13:41:40.225-0400: 509002.400: Total time for which application threads were stopped: 0.0002350 seconds
2015-03-18T13:41:40.225-0400: 509002.400: Total time for which application threads were stopped: 0.0002000 seconds
2015-03-18T13:41:40.225-0400: 509002.401: Total time for which application threads were stopped: 0.0001970 seconds
2015-03-18T13:41:40.226-0400: 509002.401: Total time for which application threads were stopped: 0.0006680 seconds
2015-03-18T13:41:40.226-0400: 509002.402: Total time for which application threads were stopped: 0.0002010 seconds
2015-03-18T13:41:40.226-0400: 509002.402: Total time for which application threads were stopped: 0.0002080 seconds
2015-03-18T13:41:40.227-0400: 509002.403: Total time for which application threads were stopped: 0.0002600 seconds
2015-03-18T13:41:40.227-0400: 509002.403: Total time for which application threads were stopped: 0.0002500 seconds
2015-03-18T13:41:40.228-0400: 509002.403: Total time for which application threads were stopped: 0.0001970 seconds
2015-03-18T13:41:40.228-0400: 509002.403: Total time for which application threads were stopped: 0.0002170 seconds
2015-03-18T13:41:40.228-0400: 509002.404: Total time for which application threads were stopped: 0.0001990 seconds
2015-03-18T13:41:40.230-0400: 509002.406: Total time for which application threads were stopped: 0.0003110 seconds
2015-03-18T13:41:40.231-0400: 509002.407: Total time for which application threads were stopped: 0.0002720 seconds
2015-03-18T13:41:40.232-0400: 509002.408: Total time for which application threads were stopped: 0.0003110 seconds
2015-03-18T13:41:40.232-0400: 509002.408: Total time for which application threads were stopped: 0.0003090 seconds
2015-03-18T13:41:40.233-0400: 509002.408: Total time for which application threads were stopped: 0.0002580 seconds
2015-03-18T13:41:40.233-0400: 509002.409: Total time for which application threads were stopped: 0.0003090 seconds
2015-03-18T13:41:40.234-0400: 509002.410: Total time for which application threads were stopped: 0.0002970 seconds
2015-03-18T13:41:40.234-0400: 509002.410: Total time for which application threads were stopped: 0.0003070 seconds
2015-03-18T13:41:40.235-0400: 509002.411: Total time for which application threads were stopped: 0.0003620 seconds
2015-03-18T13:41:41.236-0400: 509003.411: Total time for which application threads were stopped: 0.0006300 seconds
{Heap before GC invocations=632 (full 3):
 par new generation   total 109248K, used 109248K [0x00000000d5a00000, 0x00000000dda00000, 0x00000000dda00000)
  eden space 87424K, 100% used [0x00000000d5a00000, 0x00000000daf60000, 0x00000000daf60000)
  from space 21824K, 100% used [0x00000000dc4b0000, 0x00000000dda00000, 0x00000000dda00000)
  to   space 21824K,   0% used [0x00000000daf60000, 0x00000000daf60000, 0x00000000dc4b0000)
 concurrent mark-sweep generation total 393216K, used 110040K [0x00000000dda00000, 0x00000000f5a00000, 0x00000000f5a00000)
 concurrent-mark-sweep perm gen total 59352K, used 36129K [0x00000000f5a00000, 0x00000000f93f6000, 0x0000000100000000)
2015-03-18T13:41:41.463-0400: 509003.638: [GC2015-03-18T13:41:41.463-0400: 509003.638: [ParNew
Desired survivor size 20112992 bytes, new threshold 8 (max 8)
- age   1:    1461832 bytes,    1461832 total
- age   2:    2289544 bytes,    3751376 total
- age   3:    4745016 bytes,    8496392 total
: 109248K->18630K(109248K), 0.0159340 secs] 219288K->131854K(502464K), 0.0161420 secs] [Times: user=0.06 sys=0.00, real=0.02 secs] 
Heap after GC invocations=633 (full 3):
 par new generation   total 109248K, used 18630K [0x00000000d5a00000, 0x00000000dda00000, 0x00000000dda00000)
  eden space 87424K,   0% used [0x00000000d5a00000, 0x00000000d5a00000, 0x00000000daf60000)
  from space 21824K,  85% used [0x00000000daf60000, 0x00000000dc1919a0, 0x00000000dc4b0000)
  to   space 21824K,   0% used [0x00000000dc4b0000, 0x00000000dc4b0000, 0x00000000dda00000)
 concurrent mark-sweep generation total 393216K, used 113224K [0x00000000dda00000, 0x00000000f5a00000, 0x00000000f5a00000)
 concurrent-mark-sweep perm gen total 59352K, used 36129K [0x00000000f5a00000, 0x00000000f93f6000, 0x0000000100000000)
}
2015-03-18T13:41:41.479-0400: 509003.654: Total time for which application threads were stopped: 0.0173630 seconds
2015-03-18T13:41:41.493-0400: 509003.669: Total time for which application threads were stopped: 0.0006440 seconds
2015-03-18T13:41:41.494-0400: 509003.669: Total time for which application threads were stopped: 0.0003470 seconds
2015-03-18T13:41:41.494-0400: 509003.670: Total time for which application threads were stopped: 0.0003550 seconds
2015-03-18T13:41:41.526-0400: 509003.702: Total time for which application threads were stopped: 0.0004240 seconds
2015-03-18T13:42:11.908-0400: 509034.084: Total time for which application threads were stopped: 0.0006220 seconds
2015-03-18T13:42:11.926-0400: 509034.102: Total time for which application threads were stopped: 0.0003260 seconds
2015-03-18T13:42:11.928-0400: 509034.104: Total time for which application threads were stopped: 0.0003100 seconds
2015-03-18T13:42:11.928-0400: 509034.104: Total time for which application threads were stopped: 0.0002770 seconds
2015-03-18T13:42:11.931-0400: 509034.107: Total time for which application threads were stopped: 0.0003920 seconds
2015-03-18T13:42:11.932-0400: 509034.107: Total time for which application threads were stopped: 0.0002710 seconds
2015-03-18T13:42:11.933-0400: 509034.108: Total time for which application threads were stopped: 0.0002790 seconds
2015-03-18T13:42:11.935-0400: 509034.110: Total time for which application threads were stopped: 0.0003010 seconds
2015-03-18T13:42:11.936-0400: 509034.112: Total time for which application threads were stopped: 0.0009490 seconds
2015-03-18T13:42:24.342-0400: 509046.518: Total time for which application threads were stopped: 0.0006320 seconds
2015-03-18T13:42:24.343-0400: 509046.518: Total time for which application threads were stopped: 0.0002760 seconds
2015-03-18T13:42:24.346-0400: 509046.522: Total time for which application threads were stopped: 0.0005010 seconds
2015-03-18T13:42:24.347-0400: 509046.523: Total time for which application threads were stopped: 0.0004800 seconds
2015-03-18T13:42:24.348-0400: 509046.523: Total time for which application threads were stopped: 0.0005080 seconds
2015-03-18T13:42:24.349-0400: 509046.524: Total time for which application threads were stopped: 0.0004140 seconds
2015-03-18T13:42:24.349-0400: 509046.525: Total time for which application threads were stopped: 0.0004910 seconds
2015-03-18T13:42:24.350-0400: 509046.525: Total time for which application threads were stopped: 0.0004150 seconds
2015-03-18T13:42:24.350-0400: 509046.526: Total time for which application threads were stopped: 0.0004140 seconds
2015-03-18T13:42:24.351-0400: 509046.527: Total time for which application threads were stopped: 0.0003880 seconds
2015-03-18T13:42:24.352-0400: 509046.527: Total time for which application threads were stopped: 0.0004590 seconds
2015-03-18T13:42:24.352-0400: 509046.528: Total time for which application threads were stopped: 0.0004630 seconds
2015-03-18T13:42:24.353-0400: 509046.529: Total time for which application threads were stopped: 0.0004190 seconds
2015-03-18T13:42:24.354-0400: 509046.529: Total time for which application threads were stopped: 0.0004400 seconds
2015-03-18T13:42:24.354-0400: 509046.530: Total time for which application threads were stopped: 0.0003970 seconds
2015-03-18T13:42:24.355-0400: 509046.531: Total time for which application threads were stopped: 0.0004480 seconds
2015-03-18T13:42:24.356-0400: 509046.531: Total time for which application threads were stopped: 0.0004340 seconds
2015-03-18T13:42:24.356-0400: 509046.532: Total time for which application threads were stopped: 0.0003520 seconds
2015-03-18T13:42:24.357-0400: 509046.532: Total time for which application threads were stopped: 0.0004590 seconds
2015-03-18T13:42:24.357-0400: 509046.533: Total time for which application threads were stopped: 0.0004080 seconds
2015-03-18T13:42:24.358-0400: 509046.534: Total time for which application threads were stopped: 0.0003980 seconds
2015-03-18T13:42:24.360-0400: 509046.536: Total time for which application threads were stopped: 0.0021650 seconds
2015-03-18T13:42:24.376-0400: 509046.552: Total time for which application threads were stopped: 0.0003740 seconds
2015-03-18T13:42:24.377-0400: 509046.552: Total time for which application threads were stopped: 0.0002830 seconds
2015-03-18T13:42:24.377-0400: 509046.553: Total time for which application threads were stopped: 0.0002820 seconds
2015-03-18T13:42:24.378-0400: 509046.554: Total time for which application threads were stopped: 0.0003250 seconds
2015-03-18T13:42:24.380-0400: 509046.556: Total time for which application threads were stopped: 0.0003150 seconds
2015-03-18T13:42:24.381-0400: 509046.557: Total time for which application threads were stopped: 0.0003090 seconds
2015-03-18T13:42:24.382-0400: 509046.558: Total time for which application threads were stopped: 0.0003040 seconds
2015-03-18T13:42:24.383-0400: 509046.558: Total time for which application threads were stopped: 0.0003080 seconds
2015-03-18T13:42:24.384-0400: 509046.560: Total time for which application threads were stopped: 0.0003270 seconds
2015-03-18T13:42:24.385-0400: 509046.561: Total time for which application threads were stopped: 0.0003370 seconds
2015-03-18T13:42:24.386-0400: 509046.562: Total time for which application threads were stopped: 0.0003120 seconds
2015-03-18T13:42:24.389-0400: 509046.564: Total time for which application threads were stopped: 0.0019820 seconds
2015-03-18T13:42:29.366-0400: 509051.542: Total time for which application threads were stopped: 0.0006120 seconds
2015-03-18T13:42:29.366-0400: 509051.542: Total time for which application threads were stopped: 0.0003250 seconds
2015-03-18T13:42:29.367-0400: 509051.542: Total time for which application threads were stopped: 0.0003380 seconds
2015-03-18T13:42:29.367-0400: 509051.543: Total time for which application threads were stopped: 0.0003180 seconds
2015-03-18T13:42:29.369-0400: 509051.544: Total time for which application threads were stopped: 0.0003260 seconds
2015-03-18T13:42:29.369-0400: 509051.545: Total time for which application threads were stopped: 0.0003080 seconds
2015-03-18T13:42:29.369-0400: 509051.545: Total time for which application threads were stopped: 0.0003220 seconds
2015-03-18T13:42:29.370-0400: 509051.545: Total time for which application threads were stopped: 0.0002790 seconds
2015-03-18T13:42:29.391-0400: 509051.567: Total time for which application threads were stopped: 0.0002870 seconds
2015-03-18T13:42:54.225-0400: 509076.400: Total time for which application threads were stopped: 0.0007010 seconds
2015-03-18T13:42:54.225-0400: 509076.401: Total time for which application threads were stopped: 0.0004000 seconds
2015-03-18T13:42:54.226-0400: 509076.402: Total time for which application threads were stopped: 0.0003520 seconds
2015-03-18T13:42:54.227-0400: 509076.402: Total time for which application threads were stopped: 0.0003740 seconds
2015-03-18T13:42:54.227-0400: 509076.403: Total time for which application threads were stopped: 0.0004490 seconds
2015-03-18T13:42:54.228-0400: 509076.404: Total time for which application threads were stopped: 0.0004220 seconds
2015-03-18T13:42:54.229-0400: 509076.405: Total time for which application threads were stopped: 0.0005130 seconds
2015-03-18T13:42:54.230-0400: 509076.406: Total time for which application threads were stopped: 0.0004500 seconds
2015-03-18T13:42:54.231-0400: 509076.406: Total time for which application threads were stopped: 0.0003880 seconds
2015-03-18T13:42:54.233-0400: 509076.409: Total time for which application threads were stopped: 0.0004680 seconds
2015-03-18T13:42:54.234-0400: 509076.410: Total time for which application threads were stopped: 0.0004880 seconds
2015-03-18T13:42:54.235-0400: 509076.411: Total time for which application threads were stopped: 0.0004630 seconds
2015-03-18T13:42:54.236-0400: 509076.412: Total time for which application threads were stopped: 0.0004500 seconds
2015-03-18T13:42:54.237-0400: 509076.413: Total time for which application threads were stopped: 0.0004310 seconds
2015-03-18T13:42:54.238-0400: 509076.414: Total time for which application threads were stopped: 0.0003250 seconds
2015-03-18T13:42:55.239-0400: 509077.414: Total time for which application threads were stopped: 0.0004420 seconds
2015-03-18T13:42:59.235-0400: 509081.411: Total time for which application threads were stopped: 0.0005620 seconds
2015-03-18T13:42:59.236-0400: 509081.411: Total time for which application threads were stopped: 0.0003750 seconds
2015-03-18T13:42:59.236-0400: 509081.412: Total time for which application threads were stopped: 0.0003680 seconds
2015-03-18T13:42:59.237-0400: 509081.412: Total time for which application threads were stopped: 0.0002940 seconds
2015-03-18T13:42:59.238-0400: 509081.414: Total time for which application threads were stopped: 0.0003030 seconds
2015-03-18T13:42:59.239-0400: 509081.414: Total time for which application threads were stopped: 0.0002680 seconds
2015-03-18T13:42:59.239-0400: 509081.415: Total time for which application threads were stopped: 0.0003520 seconds
2015-03-18T13:42:59.240-0400: 509081.415: Total time for which application threads were stopped: 0.0003310 seconds
2015-03-18T13:42:59.249-0400: 509081.424: Total time for which application threads were stopped: 0.0008550 seconds
2015-03-18T13:43:02.794-0400: 509084.970: Total time for which application threads were stopped: 0.0005810 seconds
2015-03-18T13:43:02.800-0400: 509084.975: Total time for which application threads were stopped: 0.0005220 seconds
2015-03-18T13:43:02.801-0400: 509084.976: Total time for which application threads were stopped: 0.0003860 seconds
2015-03-18T13:43:07.799-0400: 509089.975: Total time for which application threads were stopped: 0.0009090 seconds
2015-03-18T13:43:07.800-0400: 509089.975: Total time for which application threads were stopped: 0.0003820 seconds
2015-03-18T13:43:07.800-0400: 509089.976: Total time for which application threads were stopped: 0.0002930 seconds
2015-03-18T13:43:07.800-0400: 509089.976: Total time for which application threads were stopped: 0.0003340 seconds
2015-03-18T13:43:07.801-0400: 509089.976: Total time for which application threads were stopped: 0.0002890 seconds
2015-03-18T13:43:07.802-0400: 509089.977: Total time for which application threads were stopped: 0.0002690 seconds
2015-03-18T13:43:07.802-0400: 509089.978: Total time for which application threads were stopped: 0.0002910 seconds
2015-03-18T13:43:07.802-0400: 509089.978: Total time for which application threads were stopped: 0.0002730 seconds
2015-03-18T13:43:07.811-0400: 509089.986: Total time for which application threads were stopped: 0.0002990 seconds
2015-03-18T13:43:52.812-0400: 509134.988: Total time for which application threads were stopped: 0.0006020 seconds
2015-03-18T13:43:52.848-0400: 509135.024: Total time for which application threads were stopped: 0.0003300 seconds
2015-03-18T13:43:52.848-0400: 509135.024: Total time for which application threads were stopped: 0.0002980 seconds
2015-03-18T13:43:52.849-0400: 509135.024: Total time for which application threads were stopped: 0.0002710 seconds
2015-03-18T13:43:52.849-0400: 509135.025: Total time for which application threads were stopped: 0.0003000 seconds
2015-03-18T13:43:52.850-0400: 509135.025: Total time for which application threads were stopped: 0.0002970 seconds
2015-03-18T13:43:52.852-0400: 509135.027: Total time for which application threads were stopped: 0.0003640 seconds
2015-03-18T13:43:52.853-0400: 509135.028: Total time for which application threads were stopped: 0.0008470 seconds
2015-03-18T13:50:44.696-0400: 509546.871: Total time for which application threads were stopped: 0.0004810 seconds
2015-03-18T13:50:44.696-0400: 509546.872: Total time for which application threads were stopped: 0.0001630 seconds
2015-03-18T13:50:44.704-0400: 509546.880: Total time for which application threads were stopped: 0.0001990 seconds
2015-03-18T13:50:44.704-0400: 509546.880: Total time for which application threads were stopped: 0.0001900 seconds
2015-03-18T13:50:44.706-0400: 509546.881: Total time for which application threads were stopped: 0.0002200 seconds
2015-03-18T13:50:44.706-0400: 509546.882: Total time for which application threads were stopped: 0.0001980 seconds
2015-03-18T13:50:44.834-0400: 509547.010: Total time for which application threads were stopped: 0.0002090 seconds
2015-03-18T13:50:44.860-0400: 509547.036: Total time for which application threads were stopped: 0.0002100 seconds
2015-03-18T13:50:44.888-0400: 509547.064: Total time for which application threads were stopped: 0.0005730 seconds
2015-03-18T13:50:45.074-0400: 509547.250: Total time for which application threads were stopped: 0.0002320 seconds
2015-03-18T13:50:45.260-0400: 509547.435: Total time for which application threads were stopped: 0.0004640 seconds
2015-03-18T13:50:45.260-0400: 509547.436: Total time for which application threads were stopped: 0.0001860 seconds
2015-03-18T13:50:45.329-0400: 509547.505: Total time for which application threads were stopped: 0.0003530 seconds
2015-03-18T13:50:45.473-0400: 509547.648: Total time for which application threads were stopped: 0.0003340 seconds
2015-03-18T13:50:45.479-0400: 509547.654: Total time for which application threads were stopped: 0.0003040 seconds
2015-03-18T13:50:45.479-0400: 509547.655: Total time for which application threads were stopped: 0.0002600 seconds
2015-03-18T13:50:46.381-0400: 509548.556: Total time for which application threads were stopped: 0.0008050 seconds
2015-03-18T13:50:46.381-0400: 509548.557: Total time for which application threads were stopped: 0.0003510 seconds
2015-03-18T13:50:46.383-0400: 509548.558: Total time for which application threads were stopped: 0.0003830 seconds
2015-03-18T13:50:46.383-0400: 509548.559: Total time for which application threads were stopped: 0.0003410 seconds
2015-03-18T13:50:46.384-0400: 509548.559: Total time for which application threads were stopped: 0.0003950 seconds
2015-03-18T13:50:46.384-0400: 509548.560: Total time for which application threads were stopped: 0.0003790 seconds
2015-03-18T13:50:46.385-0400: 509548.561: Total time for which application threads were stopped: 0.0003590 seconds
2015-03-18T13:50:46.386-0400: 509548.562: Total time for which application threads were stopped: 0.0003040 seconds
2015-03-18T13:50:47.270-0400: 509549.445: Total time for which application threads were stopped: 0.0007910 seconds
{Heap before GC invocations=633 (full 3):
 par new generation   total 109248K, used 106054K [0x00000000d5a00000, 0x00000000dda00000, 0x00000000dda00000)
  eden space 87424K, 100% used [0x00000000d5a00000, 0x00000000daf60000, 0x00000000daf60000)
  from space 21824K,  85% used [0x00000000daf60000, 0x00000000dc1919a0, 0x00000000dc4b0000)
  to   space 21824K,   0% used [0x00000000dc4b0000, 0x00000000dc4b0000, 0x00000000dda00000)
 concurrent mark-sweep generation total 393216K, used 113224K [0x00000000dda00000, 0x00000000f5a00000, 0x00000000f5a00000)
 concurrent-mark-sweep perm gen total 59352K, used 36189K [0x00000000f5a00000, 0x00000000f93f6000, 0x0000000100000000)
2015-03-18T13:50:47.377-0400: 509549.553: [GC2015-03-18T13:50:47.377-0400: 509549.553: [ParNew
Desired survivor size 20112992 bytes, new threshold 8 (max 8)
- age   1:    5940896 bytes,    5940896 total
- age   2:    1303672 bytes,    7244568 total
- age   3:    1894008 bytes,    9138576 total
- age   4:    4239800 bytes,   13378376 total
: 106054K->17086K(109248K), 0.0154170 secs] 219278K->130311K(502464K), 0.0156320 secs] [Times: user=0.06 sys=0.00, real=0.02 secs] 
Heap after GC invocations=634 (full 3):
 par new generation   total 109248K, used 17086K [0x00000000d5a00000, 0x00000000dda00000, 0x00000000dda00000)
  eden space 87424K,   0% used [0x00000000d5a00000, 0x00000000d5a00000, 0x00000000daf60000)
  from space 21824K,  78% used [0x00000000dc4b0000, 0x00000000dd55fa70, 0x00000000dda00000)
  to   space 21824K,   0% used [0x00000000daf60000, 0x00000000daf60000, 0x00000000dc4b0000)
 concurrent mark-sweep generation total 393216K, used 113224K [0x00000000dda00000, 0x00000000f5a00000, 0x00000000f5a00000)
 concurrent-mark-sweep perm gen total 59352K, used 36189K [0x00000000f5a00000, 0x00000000f93f6000, 0x0000000100000000)
}
2015-03-18T13:50:47.393-0400: 509549.568: Total time for which application threads were stopped: 0.0163110 seconds
2015-03-18T13:50:47.394-0400: 509549.570: Total time for which application threads were stopped: 0.0012730 seconds
2015-03-18T13:50:47.395-0400: 509549.570: Total time for which application threads were stopped: 0.0003690 seconds
{Heap before GC invocations=634 (full 3):
 par new generation   total 109248K, used 104510K [0x00000000d5a00000, 0x00000000dda00000, 0x00000000dda00000)
  eden space 87424K, 100% used [0x00000000d5a00000, 0x00000000daf60000, 0x00000000daf60000)
  from space 21824K,  78% used [0x00000000dc4b0000, 0x00000000dd55fa70, 0x00000000dda00000)
  to   space 21824K,   0% used [0x00000000daf60000, 0x00000000daf60000, 0x00000000dc4b0000)
 concurrent mark-sweep generation total 393216K, used 113224K [0x00000000dda00000, 0x00000000f5a00000, 0x00000000f5a00000)
 concurrent-mark-sweep perm gen total 59352K, used 36193K [0x00000000f5a00000, 0x00000000f93f6000, 0x0000000100000000)
2015-03-18T13:50:47.456-0400: 509549.632: [GC2015-03-18T13:50:47.456-0400: 509549.632: [ParNew
Desired survivor size 20112992 bytes, new threshold 8 (max 8)
- age   1:    1613872 bytes,    1613872 total
- age   2:    4504744 bytes,    6118616 total
- age   3:    1295416 bytes,    7414032 total
- age   4:    1893872 bytes,    9307904 total
- age   5:    4216256 bytes,   13524160 total
: 104510K->17744K(109248K), 0.0148500 secs] 217735K->130969K(502464K), 0.0150450 secs] [Times: user=0.05 sys=0.00, real=0.02 secs] 
Heap after GC invocations=635 (full 3):
 par new generation   total 109248K, used 17744K [0x00000000d5a00000, 0x00000000dda00000, 0x00000000dda00000)
  eden space 87424K,   0% used [0x00000000d5a00000, 0x00000000d5a00000, 0x00000000daf60000)
  from space 21824K,  81% used [0x00000000daf60000, 0x00000000dc0b4338, 0x00000000dc4b0000)
  to   space 21824K,   0% used [0x00000000dc4b0000, 0x00000000dc4b0000, 0x00000000dda00000)
 concurrent mark-sweep generation total 393216K, used 113224K [0x00000000dda00000, 0x00000000f5a00000, 0x00000000f5a00000)
 concurrent-mark-sweep perm gen total 59352K, used 36193K [0x00000000f5a00000, 0x00000000f93f6000, 0x0000000100000000)
}
2015-03-18T13:50:47.471-0400: 509549.647: Total time for which application threads were stopped: 0.0158090 seconds
2015-03-18T13:50:47.473-0400: 509549.649: Total time for which application threads were stopped: 0.0013920 seconds
2015-03-18T13:50:47.474-0400: 509549.649: Total time for which application threads were stopped: 0.0003740 seconds
2015-03-18T13:50:47.475-0400: 509549.650: Total time for which application threads were stopped: 0.0004340 seconds
2015-03-18T13:50:47.475-0400: 509549.651: Total time for which application threads were stopped: 0.0004390 seconds
2015-03-18T13:50:47.476-0400: 509549.652: Total time for which application threads were stopped: 0.0004120 seconds
2015-03-18T13:50:47.511-0400: 509549.687: Total time for which application threads were stopped: 0.0014840 seconds
2015-03-18T13:50:47.573-0400: 509549.748: Total time for which application threads were stopped: 0.0005970 seconds
2015-03-18T13:50:47.596-0400: 509549.771: Total time for which application threads were stopped: 0.0003310 seconds
2015-03-18T13:50:47.902-0400: 509550.078: Total time for which application threads were stopped: 0.0004560 seconds
2015-03-18T13:50:47.938-0400: 509550.113: Total time for which application threads were stopped: 0.0004280 seconds
2015-03-18T13:50:47.961-0400: 509550.136: Total time for which application threads were stopped: 0.0008570 seconds
{Heap before GC invocations=635 (full 3):
 par new generation   total 109248K, used 105168K [0x00000000d5a00000, 0x00000000dda00000, 0x00000000dda00000)
  eden space 87424K, 100% used [0x00000000d5a00000, 0x00000000daf60000, 0x00000000daf60000)
  from space 21824K,  81% used [0x00000000daf60000, 0x00000000dc0b4338, 0x00000000dc4b0000)
  to   space 21824K,   0% used [0x00000000dc4b0000, 0x00000000dc4b0000, 0x00000000dda00000)
 concurrent mark-sweep generation total 393216K, used 113224K [0x00000000dda00000, 0x00000000f5a00000, 0x00000000f5a00000)
 concurrent-mark-sweep perm gen total 59352K, used 36208K [0x00000000f5a00000, 0x00000000f93f6000, 0x0000000100000000)
2015-03-18T13:50:47.962-0400: 509550.138: [GC2015-03-18T13:50:47.962-0400: 509550.138: [ParNew
Desired survivor size 20112992 bytes, new threshold 8 (max 8)
- age   1:     442480 bytes,     442480 total
- age   2:     515472 bytes,     957952 total
- age   3:    3494440 bytes,    4452392 total
- age   4:    1295416 bytes,    5747808 total
- age   5:    1893872 bytes,    7641680 total
- age   6:    4216144 bytes,   11857824 total
: 105168K->14773K(109248K), 0.0138330 secs] 218393K->127997K(502464K), 0.0140160 secs] [Times: user=0.05 sys=0.00, real=0.01 secs] 
Heap after GC invocations=636 (full 3):
 par new generation   total 109248K, used 14773K [0x00000000d5a00000, 0x00000000dda00000, 0x00000000dda00000)
  eden space 87424K,   0% used [0x00000000d5a00000, 0x00000000d5a00000, 0x00000000daf60000)
  from space 21824K,  67% used [0x00000000dc4b0000, 0x00000000dd31d4e0, 0x00000000dda00000)
  to   space 21824K,   0% used [0x00000000daf60000, 0x00000000daf60000, 0x00000000dc4b0000)
 concurrent mark-sweep generation total 393216K, used 113224K [0x00000000dda00000, 0x00000000f5a00000, 0x00000000f5a00000)
 concurrent-mark-sweep perm gen total 59352K, used 36208K [0x00000000f5a00000, 0x00000000f93f6000, 0x0000000100000000)
}
2015-03-18T13:50:47.976-0400: 509550.152: Total time for which application threads were stopped: 0.0144770 seconds
2015-03-18T13:50:47.977-0400: 509550.152: Total time for which application threads were stopped: 0.0005470 seconds
2015-03-18T13:50:47.977-0400: 509550.153: Total time for which application threads were stopped: 0.0003300 seconds
2015-03-18T13:50:47.978-0400: 509550.153: Total time for which application threads were stopped: 0.0003470 seconds
2015-03-18T13:50:47.978-0400: 509550.154: Total time for which application threads were stopped: 0.0003060 seconds
2015-03-18T13:50:47.980-0400: 509550.156: Total time for which application threads were stopped: 0.0003420 seconds
2015-03-18T13:50:48.004-0400: 509550.180: Total time for which application threads were stopped: 0.0003140 seconds
2015-03-18T13:50:48.164-0400: 509550.339: Total time for which application threads were stopped: 0.0003130 seconds
2015-03-18T13:50:52.572-0400: 509554.748: Total time for which application threads were stopped: 0.0005600 seconds
2015-03-18T13:50:52.596-0400: 509554.771: Total time for which application threads were stopped: 0.0003060 seconds
2015-03-18T13:50:52.937-0400: 509555.113: Total time for which application threads were stopped: 0.0003440 seconds
2015-03-18T13:50:52.980-0400: 509555.156: Total time for which application threads were stopped: 0.0003230 seconds
2015-03-18T13:50:53.004-0400: 509555.179: Total time for which application threads were stopped: 0.0002770 seconds
2015-03-18T13:51:37.622-0400: 509599.797: Total time for which application threads were stopped: 0.0006520 seconds
2015-03-18T13:51:37.645-0400: 509599.821: Total time for which application threads were stopped: 0.0002980 seconds
2015-03-18T13:51:37.982-0400: 509600.157: Total time for which application threads were stopped: 0.0003060 seconds
2015-03-18T13:51:37.987-0400: 509600.163: Total time for which application threads were stopped: 0.0002990 seconds
2015-03-18T13:51:38.054-0400: 509600.229: Total time for which application threads were stopped: 0.0003030 seconds
2015-03-18T13:51:44.707-0400: 509606.882: Total time for which application threads were stopped: 0.0005130 seconds
2015-03-18T13:53:08.324-0400: 509690.500: Total time for which application threads were stopped: 0.0012230 seconds
2015-03-18T13:53:08.325-0400: 509690.501: Total time for which application threads were stopped: 0.0006610 seconds
2015-03-18T13:53:30.809-0400: 509712.984: Total time for which application threads were stopped: 0.0006710 seconds
2015-03-18T13:53:30.809-0400: 509712.985: Total time for which application threads were stopped: 0.0002950 seconds
2015-03-18T13:53:30.811-0400: 509712.987: Total time for which application threads were stopped: 0.0003510 seconds
2015-03-18T13:53:30.811-0400: 509712.987: Total time for which application threads were stopped: 0.0003080 seconds
2015-03-18T13:54:20.617-0400: 509762.793: Total time for which application threads were stopped: 0.0006200 seconds
2015-03-18T13:54:20.923-0400: 509763.098: Total time for which application threads were stopped: 0.0004460 seconds
2015-03-18T13:54:30.812-0400: 509772.988: Total time for which application threads were stopped: 0.0006360 seconds
2015-03-18T13:55:37.553-0400: 509839.729: Total time for which application threads were stopped: 0.0005720 seconds
2015-03-18T13:55:37.604-0400: 509839.779: Total time for which application threads were stopped: 0.0003440 seconds
2015-03-18T13:55:37.605-0400: 509839.780: Total time for which application threads were stopped: 0.0002820 seconds
2015-03-18T13:55:37.612-0400: 509839.788: Total time for which application threads were stopped: 0.0003400 seconds
2015-03-18T13:55:37.620-0400: 509839.796: Total time for which application threads were stopped: 0.0003340 seconds
2015-03-18T13:55:37.629-0400: 509839.804: Total time for which application threads were stopped: 0.0003040 seconds
2015-03-18T13:55:37.751-0400: 509839.927: Total time for which application threads were stopped: 0.0003300 seconds
2015-03-18T13:55:37.843-0400: 509840.018: Total time for which application threads were stopped: 0.0003230 seconds
2015-03-18T13:55:37.909-0400: 509840.085: Total time for which application threads were stopped: 0.0003530 seconds
2015-03-18T13:55:37.943-0400: 509840.118: Total time for which application threads were stopped: 0.0003210 seconds
2015-03-18T13:55:38.010-0400: 509840.185: Total time for which application threads were stopped: 0.0008270 seconds
2015-03-18T13:55:38.051-0400: 509840.227: Total time for which application threads were stopped: 0.0004370 seconds
2015-03-18T13:55:38.052-0400: 509840.228: Total time for which application threads were stopped: 0.0003470 seconds
2015-03-18T13:55:38.055-0400: 509840.231: Total time for which application threads were stopped: 0.0004100 seconds
2015-03-18T13:55:38.055-0400: 509840.231: Total time for which application threads were stopped: 0.0002650 seconds
2015-03-18T13:55:38.056-0400: 509840.231: Total time for which application threads were stopped: 0.0002500 seconds
2015-03-18T13:55:38.057-0400: 509840.233: Total time for which application threads were stopped: 0.0002740 seconds
2015-03-18T13:55:38.058-0400: 509840.233: Total time for which application threads were stopped: 0.0002480 seconds
2015-03-18T13:55:38.059-0400: 509840.235: Total time for which application threads were stopped: 0.0002720 seconds
2015-03-18T13:55:38.060-0400: 509840.235: Total time for which application threads were stopped: 0.0002480 seconds
2015-03-18T13:55:38.060-0400: 509840.236: Total time for which application threads were stopped: 0.0002480 seconds
2015-03-18T13:55:38.060-0400: 509840.236: Total time for which application threads were stopped: 0.0002590 seconds
2015-03-18T13:55:38.089-0400: 509840.265: Total time for which application threads were stopped: 0.0002810 seconds
2015-03-18T13:55:38.091-0400: 509840.266: Total time for which application threads were stopped: 0.0002570 seconds
2015-03-18T13:55:38.091-0400: 509840.267: Total time for which application threads were stopped: 0.0002530 seconds
2015-03-18T13:55:38.093-0400: 509840.268: Total time for which application threads were stopped: 0.0003110 seconds
2015-03-18T13:55:38.093-0400: 509840.269: Total time for which application threads were stopped: 0.0002860 seconds
2015-03-18T13:55:38.093-0400: 509840.269: Total time for which application threads were stopped: 0.0003130 seconds
2015-03-18T13:55:38.094-0400: 509840.269: Total time for which application threads were stopped: 0.0002900 seconds
2015-03-18T13:55:38.117-0400: 509840.293: Total time for which application threads were stopped: 0.0002830 seconds
2015-03-18T13:55:38.117-0400: 509840.293: Total time for which application threads were stopped: 0.0002600 seconds
2015-03-18T13:55:38.118-0400: 509840.293: Total time for which application threads were stopped: 0.0002480 seconds
2015-03-18T13:55:38.119-0400: 509840.295: Total time for which application threads were stopped: 0.0002660 seconds
2015-03-18T13:55:38.119-0400: 509840.295: Total time for which application threads were stopped: 0.0002740 seconds
2015-03-18T13:55:38.121-0400: 509840.297: Total time for which application threads were stopped: 0.0002500 seconds
2015-03-18T13:55:38.121-0400: 509840.297: Total time for which application threads were stopped: 0.0002510 seconds
2015-03-18T13:55:38.122-0400: 509840.297: Total time for which application threads were stopped: 0.0002440 seconds
2015-03-18T13:55:38.122-0400: 509840.297: Total time for which application threads were stopped: 0.0002440 seconds
2015-03-18T13:55:38.139-0400: 509840.315: Total time for which application threads were stopped: 0.0002790 seconds
2015-03-18T13:55:38.139-0400: 509840.315: Total time for which application threads were stopped: 0.0002520 seconds
2015-03-18T13:55:38.140-0400: 509840.315: Total time for which application threads were stopped: 0.0002460 seconds
2015-03-18T13:55:38.141-0400: 509840.317: Total time for which application threads were stopped: 0.0002490 seconds
2015-03-18T13:55:38.141-0400: 509840.317: Total time for which application threads were stopped: 0.0002610 seconds
2015-03-18T13:55:38.143-0400: 509840.318: Total time for which application threads were stopped: 0.0002690 seconds
2015-03-18T13:55:38.143-0400: 509840.319: Total time for which application threads were stopped: 0.0003010 seconds
2015-03-18T13:55:38.144-0400: 509840.319: Total time for which application threads were stopped: 0.0002640 seconds
2015-03-18T13:55:38.144-0400: 509840.319: Total time for which application threads were stopped: 0.0002510 seconds
2015-03-18T13:55:38.160-0400: 509840.335: Total time for which application threads were stopped: 0.0002780 seconds
2015-03-18T13:55:38.160-0400: 509840.336: Total time for which application threads were stopped: 0.0002440 seconds
2015-03-18T13:55:38.161-0400: 509840.336: Total time for which application threads were stopped: 0.0002550 seconds
2015-03-18T13:55:38.162-0400: 509840.337: Total time for which application threads were stopped: 0.0002470 seconds
2015-03-18T13:55:38.162-0400: 509840.338: Total time for which application threads were stopped: 0.0002430 seconds
2015-03-18T13:55:38.164-0400: 509840.339: Total time for which application threads were stopped: 0.0002480 seconds
2015-03-18T13:55:38.164-0400: 509840.339: Total time for which application threads were stopped: 0.0002430 seconds
2015-03-18T13:55:38.164-0400: 509840.340: Total time for which application threads were stopped: 0.0002410 seconds
2015-03-18T13:55:38.165-0400: 509840.340: Total time for which application threads were stopped: 0.0005250 seconds
2015-03-18T13:55:38.179-0400: 509840.355: Total time for which application threads were stopped: 0.0002930 seconds
2015-03-18T13:55:38.180-0400: 509840.355: Total time for which application threads were stopped: 0.0002450 seconds
2015-03-18T13:55:38.180-0400: 509840.356: Total time for which application threads were stopped: 0.0002440 seconds
2015-03-18T13:55:38.181-0400: 509840.357: Total time for which application threads were stopped: 0.0002770 seconds
2015-03-18T13:55:38.182-0400: 509840.357: Total time for which application threads were stopped: 0.0002560 seconds
2015-03-18T13:55:38.196-0400: 509840.372: Total time for which application threads were stopped: 0.0002560 seconds
2015-03-18T13:55:38.197-0400: 509840.372: Total time for which application threads were stopped: 0.0002560 seconds
2015-03-18T13:55:38.197-0400: 509840.373: Total time for which application threads were stopped: 0.0002520 seconds
2015-03-18T13:55:38.198-0400: 509840.374: Total time for which application threads were stopped: 0.0002560 seconds
2015-03-18T13:55:38.199-0400: 509840.374: Total time for which application threads were stopped: 0.0002420 seconds
2015-03-18T13:55:38.211-0400: 509840.386: Total time for which application threads were stopped: 0.0003580 seconds
2015-03-18T13:55:38.212-0400: 509840.387: Total time for which application threads were stopped: 0.0002470 seconds
2015-03-18T13:55:38.212-0400: 509840.388: Total time for which application threads were stopped: 0.0002510 seconds
2015-03-18T13:55:38.213-0400: 509840.388: Total time for which application threads were stopped: 0.0002430 seconds
2015-03-18T13:55:38.214-0400: 509840.390: Total time for which application threads were stopped: 0.0002450 seconds
2015-03-18T13:55:38.214-0400: 509840.390: Total time for which application threads were stopped: 0.0002490 seconds
2015-03-18T13:55:38.226-0400: 509840.402: Total time for which application threads were stopped: 0.0003030 seconds
2015-03-18T13:55:38.227-0400: 509840.402: Total time for which application threads were stopped: 0.0002870 seconds
2015-03-18T13:55:38.228-0400: 509840.404: Total time for which application threads were stopped: 0.0002550 seconds
2015-03-18T13:55:38.228-0400: 509840.404: Total time for which application threads were stopped: 0.0002620 seconds
2015-03-18T13:55:38.239-0400: 509840.415: Total time for which application threads were stopped: 0.0002890 seconds
2015-03-18T13:55:38.240-0400: 509840.415: Total time for which application threads were stopped: 0.0002570 seconds
2015-03-18T13:55:38.240-0400: 509840.416: Total time for which application threads were stopped: 0.0002520 seconds
2015-03-18T13:55:38.241-0400: 509840.417: Total time for which application threads were stopped: 0.0002540 seconds
2015-03-18T13:55:38.242-0400: 509840.417: Total time for which application threads were stopped: 0.0002390 seconds
2015-03-18T13:55:38.250-0400: 509840.425: Total time for which application threads were stopped: 0.0002450 seconds
2015-03-18T13:55:38.250-0400: 509840.426: Total time for which application threads were stopped: 0.0002410 seconds
2015-03-18T13:55:38.250-0400: 509840.426: Total time for which application threads were stopped: 0.0002550 seconds
2015-03-18T13:55:38.251-0400: 509840.426: Total time for which application threads were stopped: 0.0002400 seconds
2015-03-18T13:55:38.251-0400: 509840.427: Total time for which application threads were stopped: 0.0002400 seconds
2015-03-18T13:55:38.252-0400: 509840.428: Total time for which application threads were stopped: 0.0002470 seconds
2015-03-18T13:55:38.254-0400: 509840.429: Total time for which application threads were stopped: 0.0002910 seconds
2015-03-18T13:55:38.254-0400: 509840.430: Total time for which application threads were stopped: 0.0002900 seconds
2015-03-18T13:55:38.255-0400: 509840.430: Total time for which application threads were stopped: 0.0002840 seconds
2015-03-18T13:55:38.255-0400: 509840.431: Total time for which application threads were stopped: 0.0002500 seconds
2015-03-18T13:55:38.256-0400: 509840.432: Total time for which application threads were stopped: 0.0002360 seconds
2015-03-18T13:55:38.403-0400: 509840.579: Total time for which application threads were stopped: 0.0002940 seconds
Heap
 par new generation   total 109248K, used 37016K [0x00000000d5a00000, 0x00000000dda00000, 0x00000000dda00000)
  eden space 87424K,  25% used [0x00000000d5a00000, 0x00000000d6fb8bd8, 0x00000000daf60000)
  from space 21824K,  67% used [0x00000000dc4b0000, 0x00000000dd31d4e0, 0x00000000dda00000)
  to   space 21824K,   0% used [0x00000000daf60000, 0x00000000daf60000, 0x00000000dc4b0000)
 concurrent mark-sweep generation total 393216K, used 113224K [0x00000000dda00000, 0x00000000f5a00000, 0x00000000f5a00000)
 concurrent-mark-sweep perm gen total 59352K, used 36315K [0x00000000f5a00000, 0x00000000f93f6000, 0x0000000100000000)
