Total time for which application threads were stopped: 0.0000791 seconds
Total time for which application threads were stopped: 0.0001185 seconds
{Heap before GC invocations=0 (full 0):
 par new generation   total 109248K, used 87424K [0x00000000dae00000, 0x00000000e2e00000, 0x00000000e2e00000)
  eden space 87424K, 100% used [0x00000000dae00000, 0x00000000e0360000, 0x00000000e0360000)
  from space 21824K,   0% used [0x00000000e0360000, 0x00000000e0360000, 0x00000000e18b0000)
  to   space 21824K,   0% used [0x00000000e18b0000, 0x00000000e18b0000, 0x00000000e2e00000)
 concurrent mark-sweep generation total 393216K, used 0K [0x00000000e2e00000, 0x00000000fae00000, 0x00000000fae00000)
 concurrent-mark-sweep perm gen total 21248K, used 16960K [0x00000000fae00000, 0x00000000fc2c0000, 0x0000000100000000)
2015-04-23T10:50:25.243-0400: 2.915: [GC 2.915: [ParNew
Desired survivor size 20112992 bytes, new threshold 8 (max 8)
- age   1:   13957432 bytes,   13957432 total
: 87424K->13745K(109248K), 0.0167010 secs] 87424K->13745K(502464K), 0.0167972 secs] [Times: user=0.06 sys=0.00, real=0.02 secs] 
Heap after GC invocations=1 (full 0):
 par new generation   total 109248K, used 13745K [0x00000000dae00000, 0x00000000e2e00000, 0x00000000e2e00000)
  eden space 87424K,   0% used [0x00000000dae00000, 0x00000000dae00000, 0x00000000e0360000)
  from space 21824K,  62% used [0x00000000e18b0000, 0x00000000e261c4a8, 0x00000000e2e00000)
  to   space 21824K,   0% used [0x00000000e0360000, 0x00000000e0360000, 0x00000000e18b0000)
 concurrent mark-sweep generation total 393216K, used 0K [0x00000000e2e00000, 0x00000000fae00000, 0x00000000fae00000)
 concurrent-mark-sweep perm gen total 21248K, used 16960K [0x00000000fae00000, 0x00000000fc2c0000, 0x0000000100000000)
}
Total time for which application threads were stopped: 0.0172318 seconds
Total time for which application threads were stopped: 0.0001835 seconds
Total time for which application threads were stopped: 0.0003755 seconds
Total time for which application threads were stopped: 0.0001104 seconds
Total time for which application threads were stopped: 0.0000312 seconds
Total time for which application threads were stopped: 0.0002160 seconds
Total time for which application threads were stopped: 0.0001219 seconds
Total time for which application threads were stopped: 0.0001283 seconds
Total time for which application threads were stopped: 0.0000954 seconds
Total time for which application threads were stopped: 0.0000701 seconds
Total time for which application threads were stopped: 0.0000569 seconds
Total time for which application threads were stopped: 0.0000560 seconds
Total time for which application threads were stopped: 0.0000945 seconds
Total time for which application threads were stopped: 0.0000654 seconds
Total time for which application threads were stopped: 0.0000941 seconds
Total time for which application threads were stopped: 0.0000522 seconds
Total time for which application threads were stopped: 0.0000663 seconds
Total time for which application threads were stopped: 0.0000445 seconds
Total time for which application threads were stopped: 0.0000774 seconds
Total time for which application threads were stopped: 0.0001715 seconds
Total time for which application threads were stopped: 0.0000920 seconds
Total time for which application threads were stopped: 0.0000595 seconds
Total time for which application threads were stopped: 0.0000851 seconds
Total time for which application threads were stopped: 0.0000556 seconds
Total time for which application threads were stopped: 0.0000616 seconds
Total time for which application threads were stopped: 0.0000458 seconds
Total time for which application threads were stopped: 0.0000984 seconds
Total time for which application threads were stopped: 0.0000847 seconds
Total time for which application threads were stopped: 0.0000530 seconds
Total time for which application threads were stopped: 0.0000458 seconds
Total time for which application threads were stopped: 0.0000629 seconds
Total time for which application threads were stopped: 0.0000488 seconds
Total time for which application threads were stopped: 0.0000693 seconds
Total time for which application threads were stopped: 0.0000530 seconds
Total time for which application threads were stopped: 0.0000599 seconds
Total time for which application threads were stopped: 0.0000560 seconds
Total time for which application threads were stopped: 0.0000419 seconds
Total time for which application threads were stopped: 0.0000513 seconds
Total time for which application threads were stopped: 0.0000834 seconds
Total time for which application threads were stopped: 0.0002297 seconds
Total time for which application threads were stopped: 0.0001518 seconds
Total time for which application threads were stopped: 0.0001565 seconds
Total time for which application threads were stopped: 0.0000868 seconds
Total time for which application threads were stopped: 0.0001732 seconds
Total time for which application threads were stopped: 0.0000582 seconds
Total time for which application threads were stopped: 0.0001642 seconds
Total time for which application threads were stopped: 0.0001270 seconds
Total time for which application threads were stopped: 0.0000479 seconds
Total time for which application threads were stopped: 0.0000607 seconds
Total time for which application threads were stopped: 0.0000368 seconds
Total time for which application threads were stopped: 0.0000684 seconds
Total time for which application threads were stopped: 0.0000402 seconds
Total time for which application threads were stopped: 0.0000522 seconds
Total time for which application threads were stopped: 0.0000616 seconds
Total time for which application threads were stopped: 0.0001189 seconds
Total time for which application threads were stopped: 0.0000488 seconds
Total time for which application threads were stopped: 0.0001270 seconds
Total time for which application threads were stopped: 0.0000488 seconds
Total time for which application threads were stopped: 0.0000659 seconds
Total time for which application threads were stopped: 0.0000552 seconds
Total time for which application threads were stopped: 0.0000441 seconds
Total time for which application threads were stopped: 0.0000744 seconds
Total time for which application threads were stopped: 0.0000547 seconds
Total time for which application threads were stopped: 0.0000560 seconds
Total time for which application threads were stopped: 0.0000526 seconds
Total time for which application threads were stopped: 0.0000543 seconds
Total time for which application threads were stopped: 0.0001027 seconds
Total time for which application threads were stopped: 0.0002314 seconds
Total time for which application threads were stopped: 0.0000582 seconds
Total time for which application threads were stopped: 0.0000505 seconds
Total time for which application threads were stopped: 0.0001604 seconds
Total time for which application threads were stopped: 0.0000483 seconds
Total time for which application threads were stopped: 0.0000612 seconds
Total time for which application threads were stopped: 0.0000492 seconds
Total time for which application threads were stopped: 0.0000612 seconds
Total time for which application threads were stopped: 0.0000509 seconds
Total time for which application threads were stopped: 0.0001193 seconds
Total time for which application threads were stopped: 0.0000518 seconds
Total time for which application threads were stopped: 0.0001523 seconds
Total time for which application threads were stopped: 0.0000590 seconds
Total time for which application threads were stopped: 0.0001437 seconds
Total time for which application threads were stopped: 0.0000659 seconds
Total time for which application threads were stopped: 0.0000855 seconds
Total time for which application threads were stopped: 0.0000808 seconds
Total time for which application threads were stopped: 0.0000813 seconds
Total time for which application threads were stopped: 0.0002006 seconds
Total time for which application threads were stopped: 0.0000911 seconds
Total time for which application threads were stopped: 0.0000864 seconds
Total time for which application threads were stopped: 0.0000967 seconds
Total time for which application threads were stopped: 0.0003879 seconds
Total time for which application threads were stopped: 0.0000962 seconds
Total time for which application threads were stopped: 0.0000770 seconds
{Heap before GC invocations=1 (full 0):
 par new generation   total 109248K, used 101169K [0x00000000dae00000, 0x00000000e2e00000, 0x00000000e2e00000)
  eden space 87424K, 100% used [0x00000000dae00000, 0x00000000e0360000, 0x00000000e0360000)
  from space 21824K,  62% used [0x00000000e18b0000, 0x00000000e261c4a8, 0x00000000e2e00000)
  to   space 21824K,   0% used [0x00000000e0360000, 0x00000000e0360000, 0x00000000e18b0000)
 concurrent mark-sweep generation total 393216K, used 0K [0x00000000e2e00000, 0x00000000fae00000, 0x00000000fae00000)
 concurrent-mark-sweep perm gen total 21248K, used 21088K [0x00000000fae00000, 0x00000000fc2c0000, 0x0000000100000000)
2015-04-23T10:50:45.050-0400: 22.718: [GC 22.719: [ParNew
Desired survivor size 20112992 bytes, new threshold 8 (max 8)
- age   1:    8021096 bytes,    8021096 total
- age   2:    4211224 bytes,   12232320 total
: 101169K->14074K(109248K), 0.0170410 secs] 101169K->14074K(502464K), 0.0171304 secs] [Times: user=0.00 sys=0.00, real=0.01 secs] 
Heap after GC invocations=2 (full 0):
 par new generation   total 109248K, used 14074K [0x00000000dae00000, 0x00000000e2e00000, 0x00000000e2e00000)
  eden space 87424K,   0% used [0x00000000dae00000, 0x00000000dae00000, 0x00000000e0360000)
  from space 21824K,  64% used [0x00000000e0360000, 0x00000000e111e940, 0x00000000e18b0000)
  to   space 21824K,   0% used [0x00000000e18b0000, 0x00000000e18b0000, 0x00000000e2e00000)
 concurrent mark-sweep generation total 393216K, used 0K [0x00000000e2e00000, 0x00000000fae00000, 0x00000000fae00000)
 concurrent-mark-sweep perm gen total 21248K, used 21088K [0x00000000fae00000, 0x00000000fc2c0000, 0x0000000100000000)
}
Total time for which application threads were stopped: 0.0173759 seconds
Total time for which application threads were stopped: 0.0000838 seconds
Total time for which application threads were stopped: 0.0000744 seconds
Total time for which application threads were stopped: 0.0000475 seconds
Total time for which application threads were stopped: 0.0000992 seconds
Total time for which application threads were stopped: 0.0000667 seconds
Total time for which application threads were stopped: 0.0000701 seconds
Total time for which application threads were stopped: 0.0001005 seconds
Total time for which application threads were stopped: 0.0000710 seconds
Total time for which application threads were stopped: 0.0000573 seconds
Total time for which application threads were stopped: 0.0000453 seconds
Total time for which application threads were stopped: 0.0000689 seconds
Total time for which application threads were stopped: 0.0000252 seconds
Total time for which application threads were stopped: 0.0000244 seconds
Total time for which application threads were stopped: 0.0000240 seconds
Total time for which application threads were stopped: 0.0000244 seconds
Total time for which application threads were stopped: 0.0000244 seconds
Total time for which application threads were stopped: 0.0000240 seconds
Total time for which application threads were stopped: 0.0000355 seconds
Total time for which application threads were stopped: 0.0000950 seconds
Total time for which application threads were stopped: 0.0003272 seconds
Total time for which application threads were stopped: 0.0000736 seconds
Total time for which application threads were stopped: 0.0000791 seconds
Total time for which application threads were stopped: 0.0000569 seconds
Total time for which application threads were stopped: 0.0000518 seconds
Total time for which application threads were stopped: 0.0000458 seconds
Total time for which application threads were stopped: 0.0000714 seconds
Total time for which application threads were stopped: 0.0000577 seconds
Total time for which application threads were stopped: 0.0000590 seconds
Total time for which application threads were stopped: 0.0000689 seconds
Total time for which application threads were stopped: 0.0000582 seconds
Total time for which application threads were stopped: 0.0000586 seconds
Total time for which application threads were stopped: 0.0000496 seconds
Total time for which application threads were stopped: 0.0000774 seconds
Total time for which application threads were stopped: 0.0000552 seconds
Total time for which application threads were stopped: 0.0000522 seconds
Total time for which application threads were stopped: 0.0000586 seconds
Total time for which application threads were stopped: 0.0000577 seconds
Total time for which application threads were stopped: 0.0000496 seconds
Total time for which application threads were stopped: 0.0000757 seconds
Total time for which application threads were stopped: 0.0002605 seconds
Total time for which application threads were stopped: 0.0000770 seconds
Total time for which application threads were stopped: 0.0000778 seconds
Total time for which application threads were stopped: 0.0000706 seconds
Total time for which application threads were stopped: 0.0000817 seconds
Total time for which application threads were stopped: 0.0000642 seconds
Total time for which application threads were stopped: 0.0000783 seconds
Total time for which application threads were stopped: 0.0000740 seconds
Total time for which application threads were stopped: 0.0002571 seconds
Total time for which application threads were stopped: 0.0001078 seconds
Total time for which application threads were stopped: 0.0002305 seconds
Total time for which application threads were stopped: 0.0001078 seconds
Total time for which application threads were stopped: 0.0000808 seconds
Total time for which application threads were stopped: 0.0000920 seconds
Total time for which application threads were stopped: 0.0000873 seconds
Total time for which application threads were stopped: 0.0000676 seconds
Total time for which application threads were stopped: 0.0001300 seconds
Total time for which application threads were stopped: 0.0000603 seconds
Total time for which application threads were stopped: 0.0000800 seconds
Total time for which application threads were stopped: 0.0000770 seconds
Total time for which application threads were stopped: 0.0000791 seconds
Total time for which application threads were stopped: 0.0001236 seconds
Total time for which application threads were stopped: 0.0001788 seconds
Total time for which application threads were stopped: 0.0000988 seconds
Total time for which application threads were stopped: 0.0000903 seconds
Total time for which application threads were stopped: 0.0003088 seconds
Total time for which application threads were stopped: 0.0000650 seconds
Total time for which application threads were stopped: 0.0000586 seconds
Total time for which application threads were stopped: 0.0000599 seconds
Total time for which application threads were stopped: 0.0000885 seconds
Total time for which application threads were stopped: 0.0000646 seconds
Total time for which application threads were stopped: 0.0000654 seconds
Total time for which application threads were stopped: 0.0000663 seconds
Total time for which application threads were stopped: 0.0000868 seconds
Total time for which application threads were stopped: 0.0000877 seconds
Total time for which application threads were stopped: 0.0000680 seconds
Total time for which application threads were stopped: 0.0000890 seconds
Total time for which application threads were stopped: 0.0000689 seconds
Total time for which application threads were stopped: 0.0000697 seconds
Total time for which application threads were stopped: 0.0000607 seconds
Total time for which application threads were stopped: 0.0000967 seconds
Total time for which application threads were stopped: 0.0000680 seconds
Total time for which application threads were stopped: 0.0000680 seconds
Total time for which application threads were stopped: 0.0000624 seconds
Total time for which application threads were stopped: 0.0000881 seconds
Total time for which application threads were stopped: 0.0000663 seconds
Total time for which application threads were stopped: 0.0003114 seconds
{Heap before GC invocations=2 (full 0):
 par new generation   total 109248K, used 101498K [0x00000000dae00000, 0x00000000e2e00000, 0x00000000e2e00000)
  eden space 87424K, 100% used [0x00000000dae00000, 0x00000000e0360000, 0x00000000e0360000)
  from space 21824K,  64% used [0x00000000e0360000, 0x00000000e111e940, 0x00000000e18b0000)
  to   space 21824K,   0% used [0x00000000e18b0000, 0x00000000e18b0000, 0x00000000e2e00000)
 concurrent mark-sweep generation total 393216K, used 0K [0x00000000e2e00000, 0x00000000fae00000, 0x00000000fae00000)
 concurrent-mark-sweep perm gen total 21440K, used 21289K [0x00000000fae00000, 0x00000000fc2f0000, 0x0000000100000000)
2015-04-23T10:50:45.310-0400: 22.983: [GC 22.983: [ParNew
Desired survivor size 20112992 bytes, new threshold 8 (max 8)
- age   1:    5801512 bytes,    5801512 total
- age   2:    4898280 bytes,   10699792 total
- age   3:    4209656 bytes,   14909448 total
: 101498K->21412K(109248K), 0.0128656 secs] 101498K->21412K(502464K), 0.0129515 secs] [Times: user=0.06 sys=0.01, real=0.01 secs] 
Heap after GC invocations=3 (full 0):
 par new generation   total 109248K, used 21412K [0x00000000dae00000, 0x00000000e2e00000, 0x00000000e2e00000)
  eden space 87424K,   0% used [0x00000000dae00000, 0x00000000dae00000, 0x00000000e0360000)
  from space 21824K,  98% used [0x00000000e18b0000, 0x00000000e2d99380, 0x00000000e2e00000)
  to   space 21824K,   0% used [0x00000000e0360000, 0x00000000e0360000, 0x00000000e18b0000)
 concurrent mark-sweep generation total 393216K, used 0K [0x00000000e2e00000, 0x00000000fae00000, 0x00000000fae00000)
 concurrent-mark-sweep perm gen total 21440K, used 21289K [0x00000000fae00000, 0x00000000fc2f0000, 0x0000000100000000)
}
Total time for which application threads were stopped: 0.0133408 seconds
Total time for which application threads were stopped: 0.0001018 seconds
Total time for which application threads were stopped: 0.0000710 seconds
Total time for which application threads were stopped: 0.0000847 seconds
Total time for which application threads were stopped: 0.0002263 seconds
Total time for which application threads were stopped: 0.0000603 seconds
Total time for which application threads were stopped: 0.0000672 seconds
Total time for which application threads were stopped: 0.0001493 seconds
Total time for which application threads were stopped: 0.0001056 seconds
Total time for which application threads were stopped: 0.0001116 seconds
Total time for which application threads were stopped: 0.0000706 seconds
Total time for which application threads were stopped: 0.0001270 seconds
Total time for which application threads were stopped: 0.0000898 seconds
Total time for which application threads were stopped: 0.0000470 seconds
Total time for which application threads were stopped: 0.0000586 seconds
Total time for which application threads were stopped: 0.0000744 seconds
Total time for which application threads were stopped: 0.0000907 seconds
Total time for which application threads were stopped: 0.0001553 seconds
Total time for which application threads were stopped: 0.0000753 seconds
Total time for which application threads were stopped: 0.0000868 seconds
Total time for which application threads were stopped: 0.0000595 seconds
Total time for which application threads were stopped: 0.0000629 seconds
Total time for which application threads were stopped: 0.0000903 seconds
Total time for which application threads were stopped: 0.0000962 seconds
Total time for which application threads were stopped: 0.0000659 seconds
Total time for which application threads were stopped: 0.0000791 seconds
Total time for which application threads were stopped: 0.0000684 seconds
Total time for which application threads were stopped: 0.0000684 seconds
Total time for which application threads were stopped: 0.0000766 seconds
Total time for which application threads were stopped: 0.0000599 seconds
Total time for which application threads were stopped: 0.0003820 seconds
Total time for which application threads were stopped: 0.0000903 seconds
{Heap before GC invocations=3 (full 0):
 par new generation   total 109248K, used 108836K [0x00000000dae00000, 0x00000000e2e00000, 0x00000000e2e00000)
  eden space 87424K, 100% used [0x00000000dae00000, 0x00000000e0360000, 0x00000000e0360000)
  from space 21824K,  98% used [0x00000000e18b0000, 0x00000000e2d99380, 0x00000000e2e00000)
  to   space 21824K,   0% used [0x00000000e0360000, 0x00000000e0360000, 0x00000000e18b0000)
 concurrent mark-sweep generation total 393216K, used 0K [0x00000000e2e00000, 0x00000000fae00000, 0x00000000fae00000)
 concurrent-mark-sweep perm gen total 21440K, used 21358K [0x00000000fae00000, 0x00000000fc2f0000, 0x0000000100000000)
2015-04-23T10:50:45.400-0400: 23.070: [GC 23.070: [ParNew
Desired survivor size 20112992 bytes, new threshold 8 (max 8)
- age   1:    2513152 bytes,    2513152 total
- age   2:    2237272 bytes,    4750424 total
- age   3:    4898288 bytes,    9648712 total
- age   4:    4208728 bytes,   13857440 total
: 108836K->16273K(109248K), 0.0123317 secs] 108836K->16273K(502464K), 0.0124276 secs] [Times: user=0.03 sys=0.03, real=0.01 secs] 
Heap after GC invocations=4 (full 0):
 par new generation   total 109248K, used 16273K [0x00000000dae00000, 0x00000000e2e00000, 0x00000000e2e00000)
  eden space 87424K,   0% used [0x00000000dae00000, 0x00000000dae00000, 0x00000000e0360000)
  from space 21824K,  74% used [0x00000000e0360000, 0x00000000e1344500, 0x00000000e18b0000)
  to   space 21824K,   0% used [0x00000000e18b0000, 0x00000000e18b0000, 0x00000000e2e00000)
 concurrent mark-sweep generation total 393216K, used 0K [0x00000000e2e00000, 0x00000000fae00000, 0x00000000fae00000)
 concurrent-mark-sweep perm gen total 21440K, used 21358K [0x00000000fae00000, 0x00000000fc2f0000, 0x0000000100000000)
}
Total time for which application threads were stopped: 0.0127231 seconds
Total time for which application threads were stopped: 0.0001185 seconds
Total time for which application threads were stopped: 0.0000624 seconds
Total time for which application threads were stopped: 0.0000860 seconds
Total time for which application threads were stopped: 0.0000911 seconds
Total time for which application threads were stopped: 0.0000642 seconds
Total time for which application threads were stopped: 0.0001014 seconds
Total time for which application threads were stopped: 0.0000766 seconds
Total time for which application threads were stopped: 0.0000642 seconds
Total time for which application threads were stopped: 0.0000612 seconds
Total time for which application threads were stopped: 0.0000766 seconds
Total time for which application threads were stopped: 0.0001792 seconds
Total time for which application threads were stopped: 0.0000804 seconds
Total time for which application threads were stopped: 0.0000950 seconds
Total time for which application threads were stopped: 0.0001433 seconds
Total time for which application threads were stopped: 0.0000689 seconds
Total time for which application threads were stopped: 0.0000928 seconds
Total time for which application threads were stopped: 0.0002631 seconds
{Heap before GC invocations=4 (full 0):
 par new generation   total 109248K, used 103697K [0x00000000dae00000, 0x00000000e2e00000, 0x00000000e2e00000)
  eden space 87424K, 100% used [0x00000000dae00000, 0x00000000e0360000, 0x00000000e0360000)
  from space 21824K,  74% used [0x00000000e0360000, 0x00000000e1344500, 0x00000000e18b0000)
  to   space 21824K,   0% used [0x00000000e18b0000, 0x00000000e18b0000, 0x00000000e2e00000)
 concurrent mark-sweep generation total 393216K, used 0K [0x00000000e2e00000, 0x00000000fae00000, 0x00000000fae00000)
 concurrent-mark-sweep perm gen total 21632K, used 21562K [0x00000000fae00000, 0x00000000fc320000, 0x0000000100000000)
2015-04-23T10:50:45.480-0400: 23.152: [GC 23.152: [ParNew
Desired survivor size 20112992 bytes, new threshold 8 (max 8)
- age   1:     935696 bytes,     935696 total
- age   2:     794056 bytes,    1729752 total
- age   3:    2132776 bytes,    3862528 total
- age   4:    4898216 bytes,    8760744 total
- age   5:    4208600 bytes,   12969344 total
: 103697K->18275K(109248K), 0.0117325 secs] 103697K->18275K(502464K), 0.0118339 secs] [Times: user=0.08 sys=0.00, real=0.01 secs] 
Heap after GC invocations=5 (full 0):
 par new generation   total 109248K, used 18275K [0x00000000dae00000, 0x00000000e2e00000, 0x00000000e2e00000)
  eden space 87424K,   0% used [0x00000000dae00000, 0x00000000dae00000, 0x00000000e0360000)
  from space 21824K,  83% used [0x00000000e18b0000, 0x00000000e2a88dc0, 0x00000000e2e00000)
  to   space 21824K,   0% used [0x00000000e0360000, 0x00000000e0360000, 0x00000000e18b0000)
 concurrent mark-sweep generation total 393216K, used 0K [0x00000000e2e00000, 0x00000000fae00000, 0x00000000fae00000)
 concurrent-mark-sweep perm gen total 21632K, used 21562K [0x00000000fae00000, 0x00000000fc320000, 0x0000000100000000)
}
Total time for which application threads were stopped: 0.0120794 seconds
Total time for which application threads were stopped: 0.0001198 seconds
Total time for which application threads were stopped: 0.0000676 seconds
Total time for which application threads were stopped: 0.0002977 seconds
Total time for which application threads were stopped: 0.0002275 seconds
{Heap before GC invocations=5 (full 0):
 par new generation   total 109248K, used 105699K [0x00000000dae00000, 0x00000000e2e00000, 0x00000000e2e00000)
  eden space 87424K, 100% used [0x00000000dae00000, 0x00000000e0360000, 0x00000000e0360000)
  from space 21824K,  83% used [0x00000000e18b0000, 0x00000000e2a88dc0, 0x00000000e2e00000)
  to   space 21824K,   0% used [0x00000000e0360000, 0x00000000e0360000, 0x00000000e18b0000)
 concurrent mark-sweep generation total 393216K, used 0K [0x00000000e2e00000, 0x00000000fae00000, 0x00000000fae00000)
 concurrent-mark-sweep perm gen total 21632K, used 21627K [0x00000000fae00000, 0x00000000fc320000, 0x0000000100000000)
2015-04-23T10:50:45.560-0400: 23.228: [GC 23.228: [ParNew
Desired survivor size 20112992 bytes, new threshold 8 (max 8)
- age   1:    1151040 bytes,    1151040 total
- age   2:      26928 bytes,    1177968 total
- age   3:     764872 bytes,    1942840 total
- age   4:    2132776 bytes,    4075616 total
- age   5:    4898216 bytes,    8973832 total
- age   6:    4208624 bytes,   13182456 total
: 105699K->15590K(109248K), 0.0118651 secs] 105699K->15590K(502464K), 0.0119506 secs] [Times: user=0.08 sys=0.00, real=0.01 secs] 
Heap after GC invocations=6 (full 0):
 par new generation   total 109248K, used 15590K [0x00000000dae00000, 0x00000000e2e00000, 0x00000000e2e00000)
  eden space 87424K,   0% used [0x00000000dae00000, 0x00000000dae00000, 0x00000000e0360000)
  from space 21824K,  71% used [0x00000000e0360000, 0x00000000e1299b80, 0x00000000e18b0000)
  to   space 21824K,   0% used [0x00000000e18b0000, 0x00000000e18b0000, 0x00000000e2e00000)
 concurrent mark-sweep generation total 393216K, used 0K [0x00000000e2e00000, 0x00000000fae00000, 0x00000000fae00000)
 concurrent-mark-sweep perm gen total 21632K, used 21627K [0x00000000fae00000, 0x00000000fc320000, 0x0000000100000000)
}
Total time for which application threads were stopped: 0.0123134 seconds
{Heap before GC invocations=6 (full 0):
 par new generation   total 109248K, used 103010K [0x00000000dae00000, 0x00000000e2e00000, 0x00000000e2e00000)
  eden space 87424K,  99% used [0x00000000dae00000, 0x00000000e035ed18, 0x00000000e0360000)
  from space 21824K,  71% used [0x00000000e0360000, 0x00000000e1299b80, 0x00000000e18b0000)
  to   space 21824K,   0% used [0x00000000e18b0000, 0x00000000e18b0000, 0x00000000e2e00000)
 concurrent mark-sweep generation total 393216K, used 0K [0x00000000e2e00000, 0x00000000fae00000, 0x00000000fae00000)
 concurrent-mark-sweep perm gen total 21824K, used 21658K [0x00000000fae00000, 0x00000000fc350000, 0x0000000100000000)
2015-04-23T10:50:45.620-0400: 23.289: [GC 23.290: [ParNew
Desired survivor size 20112992 bytes, new threshold 8 (max 8)
- age   1:    1240768 bytes,    1240768 total
- age   2:      27392 bytes,    1268160 total
- age   3:      26928 bytes,    1295088 total
- age   4:     764872 bytes,    2059960 total
- age   5:    2132776 bytes,    4192736 total
- age   6:    4898288 bytes,    9091024 total
- age   7:    4208600 bytes,   13299624 total
: 103010K->20307K(109248K), 0.0115661 secs] 103010K->20307K(502464K), 0.0116683 secs] [Times: user=0.06 sys=0.00, real=0.01 secs] 
Heap after GC invocations=7 (full 0):
 par new generation   total 109248K, used 20307K [0x00000000dae00000, 0x00000000e2e00000, 0x00000000e2e00000)
  eden space 87424K,   0% used [0x00000000dae00000, 0x00000000dae00000, 0x00000000e0360000)
  from space 21824K,  93% used [0x00000000e18b0000, 0x00000000e2c84c00, 0x00000000e2e00000)
  to   space 21824K,   0% used [0x00000000e0360000, 0x00000000e0360000, 0x00000000e18b0000)
 concurrent mark-sweep generation total 393216K, used 0K [0x00000000e2e00000, 0x00000000fae00000, 0x00000000fae00000)
 concurrent-mark-sweep perm gen total 21824K, used 21658K [0x00000000fae00000, 0x00000000fc350000, 0x0000000100000000)
}
Total time for which application threads were stopped: 0.0119725 seconds
{Heap before GC invocations=7 (full 0):
 par new generation   total 109248K, used 107729K [0x00000000dae00000, 0x00000000e2e00000, 0x00000000e2e00000)
  eden space 87424K,  99% used [0x00000000dae00000, 0x00000000e035f8d0, 0x00000000e0360000)
  from space 21824K,  93% used [0x00000000e18b0000, 0x00000000e2c84c00, 0x00000000e2e00000)
  to   space 21824K,   0% used [0x00000000e0360000, 0x00000000e0360000, 0x00000000e18b0000)
 concurrent mark-sweep generation total 393216K, used 0K [0x00000000e2e00000, 0x00000000fae00000, 0x00000000fae00000)
 concurrent-mark-sweep perm gen total 21824K, used 21682K [0x00000000fae00000, 0x00000000fc350000, 0x0000000100000000)
2015-04-23T10:50:45.680-0400: 23.346: [GC 23.346: [ParNew
Desired survivor size 20112992 bytes, new threshold 8 (max 8)
- age   1:     901632 bytes,     901632 total
- age   2:      93560 bytes,     995192 total
- age   3:      27360 bytes,    1022552 total
- age   4:      26928 bytes,    1049480 total
- age   5:     764872 bytes,    1814352 total
- age   6:    2132776 bytes,    3947128 total
- age   7:    4898216 bytes,    8845344 total
- age   8:    4208616 bytes,   13053960 total
: 107729K->15369K(109248K), 0.0119832 secs] 107729K->15369K(502464K), 0.0120644 secs] [Times: user=0.06 sys=0.00, real=0.01 secs] 
Heap after GC invocations=8 (full 0):
 par new generation   total 109248K, used 15369K [0x00000000dae00000, 0x00000000e2e00000, 0x00000000e2e00000)
  eden space 87424K,   0% used [0x00000000dae00000, 0x00000000dae00000, 0x00000000e0360000)
  from space 21824K,  70% used [0x00000000e0360000, 0x00000000e1262760, 0x00000000e18b0000)
  to   space 21824K,   0% used [0x00000000e18b0000, 0x00000000e18b0000, 0x00000000e2e00000)
 concurrent mark-sweep generation total 393216K, used 0K [0x00000000e2e00000, 0x00000000fae00000, 0x00000000fae00000)
 concurrent-mark-sweep perm gen total 21824K, used 21682K [0x00000000fae00000, 0x00000000fc350000, 0x0000000100000000)
}
Total time for which application threads were stopped: 0.0124708 seconds
Total time for which application threads were stopped: 0.0001138 seconds
Total time for which application threads were stopped: 0.0001843 seconds
Total time for which application threads were stopped: 0.0001228 seconds
{Heap before GC invocations=8 (full 0):
 par new generation   total 109248K, used 102793K [0x00000000dae00000, 0x00000000e2e00000, 0x00000000e2e00000)
  eden space 87424K, 100% used [0x00000000dae00000, 0x00000000e0360000, 0x00000000e0360000)
  from space 21824K,  70% used [0x00000000e0360000, 0x00000000e1262760, 0x00000000e18b0000)
  to   space 21824K,   0% used [0x00000000e18b0000, 0x00000000e18b0000, 0x00000000e2e00000)
 concurrent mark-sweep generation total 393216K, used 0K [0x00000000e2e00000, 0x00000000fae00000, 0x00000000fae00000)
 concurrent-mark-sweep perm gen total 22016K, used 21962K [0x00000000fae00000, 0x00000000fc380000, 0x0000000100000000)
2015-04-23T10:50:45.796-0400: 23.463: [GC 23.463: [ParNew
Desired survivor size 20112992 bytes, new threshold 8 (max 8)
- age   1:    4129800 bytes,    4129800 total
- age   2:      58760 bytes,    4188560 total
- age   3:      93272 bytes,    4281832 total
- age   4:      27264 bytes,    4309096 total
- age   5:      26928 bytes,    4336024 total
- age   6:     764792 bytes,    5100816 total
- age   7:    2132392 bytes,    7233208 total
- age   8:    4897920 bytes,   12131128 total
: 102793K->16647K(109248K), 0.0292068 secs] 102793K->21210K(502464K), 0.0292970 secs] [Times: user=0.08 sys=0.00, real=0.03 secs] 
Heap after GC invocations=9 (full 0):
 par new generation   total 109248K, used 16647K [0x00000000dae00000, 0x00000000e2e00000, 0x00000000e2e00000)
  eden space 87424K,   0% used [0x00000000dae00000, 0x00000000dae00000, 0x00000000e0360000)
  from space 21824K,  76% used [0x00000000e18b0000, 0x00000000e28f1c00, 0x00000000e2e00000)
  to   space 21824K,   0% used [0x00000000e0360000, 0x00000000e0360000, 0x00000000e18b0000)
 concurrent mark-sweep generation total 393216K, used 4563K [0x00000000e2e00000, 0x00000000fae00000, 0x00000000fae00000)
 concurrent-mark-sweep perm gen total 22016K, used 21962K [0x00000000fae00000, 0x00000000fc380000, 0x0000000100000000)
}
Total time for which application threads were stopped: 0.0297594 seconds
Total time for which application threads were stopped: 0.0001270 seconds
Total time for which application threads were stopped: 0.0001600 seconds
Total time for which application threads were stopped: 0.0001343 seconds
Total time for which application threads were stopped: 0.0000924 seconds
Total time for which application threads were stopped: 0.0001189 seconds
Total time for which application threads were stopped: 0.0001891 seconds
Total time for which application threads were stopped: 0.0001151 seconds
{Heap before GC invocations=9 (full 0):
 par new generation   total 109248K, used 104070K [0x00000000dae00000, 0x00000000e2e00000, 0x00000000e2e00000)
  eden space 87424K,  99% used [0x00000000dae00000, 0x00000000e035fe90, 0x00000000e0360000)
  from space 21824K,  76% used [0x00000000e18b0000, 0x00000000e28f1c00, 0x00000000e2e00000)
  to   space 21824K,   0% used [0x00000000e0360000, 0x00000000e0360000, 0x00000000e18b0000)
 concurrent mark-sweep generation total 393216K, used 4563K [0x00000000e2e00000, 0x00000000fae00000, 0x00000000fae00000)
 concurrent-mark-sweep perm gen total 22400K, used 22239K [0x00000000fae00000, 0x00000000fc3e0000, 0x0000000100000000)
2015-04-23T10:50:45.922-0400: 23.597: [GC 23.597: [ParNew
Desired survivor size 20112992 bytes, new threshold 8 (max 8)
- age   1:    5238112 bytes,    5238112 total
- age   2:    3185168 bytes,    8423280 total
- age   3:      58728 bytes,    8482008 total
- age   4:      93272 bytes,    8575280 total
- age   5:      27264 bytes,    8602544 total
- age   6:      26928 bytes,    8629472 total
- age   7:     764360 bytes,    9393832 total
- age   8:    2132040 bytes,   11525872 total
: 104070K->14432K(109248K), 0.0173130 secs] 108634K->23904K(502464K), 0.0174054 secs] [Times: user=0.08 sys=0.00, real=0.02 secs] 
Heap after GC invocations=10 (full 0):
 par new generation   total 109248K, used 14432K [0x00000000dae00000, 0x00000000e2e00000, 0x00000000e2e00000)
  eden space 87424K,   0% used [0x00000000dae00000, 0x00000000dae00000, 0x00000000e0360000)
  from space 21824K,  66% used [0x00000000e0360000, 0x00000000e11783c0, 0x00000000e18b0000)
  to   space 21824K,   0% used [0x00000000e18b0000, 0x00000000e18b0000, 0x00000000e2e00000)
 concurrent mark-sweep generation total 393216K, used 9471K [0x00000000e2e00000, 0x00000000fae00000, 0x00000000fae00000)
 concurrent-mark-sweep perm gen total 22400K, used 22239K [0x00000000fae00000, 0x00000000fc3e0000, 0x0000000100000000)
}
Total time for which application threads were stopped: 0.0176843 seconds
Total time for which application threads were stopped: 0.0000847 seconds
Total time for which application threads were stopped: 0.0000714 seconds
Total time for which application threads were stopped: 0.0001899 seconds
{Heap before GC invocations=10 (full 0):
 par new generation   total 109248K, used 101798K [0x00000000dae00000, 0x00000000e2e00000, 0x00000000e2e00000)
  eden space 87424K,  99% used [0x00000000dae00000, 0x00000000e0351578, 0x00000000e0360000)
  from space 21824K,  66% used [0x00000000e0360000, 0x00000000e11783c0, 0x00000000e18b0000)
  to   space 21824K,   0% used [0x00000000e18b0000, 0x00000000e18b0000, 0x00000000e2e00000)
 concurrent mark-sweep generation total 393216K, used 9471K [0x00000000e2e00000, 0x00000000fae00000, 0x00000000fae00000)
 concurrent-mark-sweep perm gen total 22400K, used 22270K [0x00000000fae00000, 0x00000000fc3e0000, 0x0000000100000000)
2015-04-23T10:50:46.002-0400: 23.673: [GC 23.673: [ParNew
Desired survivor size 20112992 bytes, new threshold 8 (max 8)
- age   1:    1000768 bytes,    1000768 total
- age   2:    3950632 bytes,    4951400 total
- age   3:    3185256 bytes,    8136656 total
- age   4:      58728 bytes,    8195384 total
- age   5:      93272 bytes,    8288656 total
- age   6:      27264 bytes,    8315920 total
- age   7:      26928 bytes,    8342848 total
- age   8:     763544 bytes,    9106392 total
: 101798K->12807K(109248K), 0.0103390 secs] 111270K->24398K(502464K), 0.0104403 secs] [Times: user=0.00 sys=0.00, real=0.01 secs] 
Heap after GC invocations=11 (full 0):
 par new generation   total 109248K, used 12807K [0x00000000dae00000, 0x00000000e2e00000, 0x00000000e2e00000)
  eden space 87424K,   0% used [0x00000000dae00000, 0x00000000dae00000, 0x00000000e0360000)
  from space 21824K,  58% used [0x00000000e18b0000, 0x00000000e2531db0, 0x00000000e2e00000)
  to   space 21824K,   0% used [0x00000000e0360000, 0x00000000e0360000, 0x00000000e18b0000)
 concurrent mark-sweep generation total 393216K, used 11590K [0x00000000e2e00000, 0x00000000fae00000, 0x00000000fae00000)
 concurrent-mark-sweep perm gen total 22400K, used 22270K [0x00000000fae00000, 0x00000000fc3e0000, 0x0000000100000000)
}
Total time for which application threads were stopped: 0.0107303 seconds
{Heap before GC invocations=11 (full 0):
 par new generation   total 109248K, used 100231K [0x00000000dae00000, 0x00000000e2e00000, 0x00000000e2e00000)
  eden space 87424K, 100% used [0x00000000dae00000, 0x00000000e0360000, 0x00000000e0360000)
  from space 21824K,  58% used [0x00000000e18b0000, 0x00000000e2531db0, 0x00000000e2e00000)
  to   space 21824K,   0% used [0x00000000e0360000, 0x00000000e0360000, 0x00000000e18b0000)
 concurrent mark-sweep generation total 393216K, used 11590K [0x00000000e2e00000, 0x00000000fae00000, 0x00000000fae00000)
 concurrent-mark-sweep perm gen total 22400K, used 22280K [0x00000000fae00000, 0x00000000fc3e0000, 0x0000000100000000)
2015-04-23T10:50:46.052-0400: 23.728: [GC 23.728: [ParNew
Desired survivor size 20112992 bytes, new threshold 8 (max 8)
- age   1:    1017760 bytes,    1017760 total
- age   2:      44896 bytes,    1062656 total
- age   3:    3950584 bytes,    5013240 total
- age   4:    3185144 bytes,    8198384 total
- age   5:      58728 bytes,    8257112 total
- age   6:      93272 bytes,    8350384 total
- age   7:      27264 bytes,    8377648 total
- age   8:      26928 bytes,    8404576 total
: 100231K->11792K(109248K), 0.0075186 secs] 111822K->24138K(502464K), 0.0075981 secs] [Times: user=0.00 sys=0.00, real=0.00 secs] 
Heap after GC invocations=12 (full 0):
 par new generation   total 109248K, used 11792K [0x00000000dae00000, 0x00000000e2e00000, 0x00000000e2e00000)
  eden space 87424K,   0% used [0x00000000dae00000, 0x00000000dae00000, 0x00000000e0360000)
  from space 21824K,  54% used [0x00000000e0360000, 0x00000000e0ee4240, 0x00000000e18b0000)
  to   space 21824K,   0% used [0x00000000e18b0000, 0x00000000e18b0000, 0x00000000e2e00000)
 concurrent mark-sweep generation total 393216K, used 12345K [0x00000000e2e00000, 0x00000000fae00000, 0x00000000fae00000)
 concurrent-mark-sweep perm gen total 22400K, used 22280K [0x00000000fae00000, 0x00000000fc3e0000, 0x0000000100000000)
}
Total time for which application threads were stopped: 0.0079715 seconds
Total time for which application threads were stopped: 0.0001997 seconds
{Heap before GC invocations=12 (full 0):
 par new generation   total 109248K, used 99208K [0x00000000dae00000, 0x00000000e2e00000, 0x00000000e2e00000)
  eden space 87424K,  99% used [0x00000000dae00000, 0x00000000e035e078, 0x00000000e0360000)
  from space 21824K,  54% used [0x00000000e0360000, 0x00000000e0ee4240, 0x00000000e18b0000)
  to   space 21824K,   0% used [0x00000000e18b0000, 0x00000000e18b0000, 0x00000000e2e00000)
 concurrent mark-sweep generation total 393216K, used 12345K [0x00000000e2e00000, 0x00000000fae00000, 0x00000000fae00000)
 concurrent-mark-sweep perm gen total 22400K, used 22336K [0x00000000fae00000, 0x00000000fc3e0000, 0x0000000100000000)
2015-04-23T10:50:46.112-0400: 23.787: [GC 23.787: [ParNew
Desired survivor size 20112992 bytes, new threshold 8 (max 8)
- age   1:    1101976 bytes,    1101976 total
- age   2:      27848 bytes,    1129824 total
- age   3:      44896 bytes,    1174720 total
- age   4:    3949800 bytes,    5124520 total
- age   5:    3185088 bytes,    8309608 total
- age   6:      58728 bytes,    8368336 total
- age   7:      93272 bytes,    8461608 total
- age   8:      27264 bytes,    8488872 total
: 99208K->9103K(109248K), 0.0062414 secs] 111554K->21476K(502464K), 0.0063368 secs] [Times: user=0.00 sys=0.00, real=0.01 secs] 
Heap after GC invocations=13 (full 0):
 par new generation   total 109248K, used 9103K [0x00000000dae00000, 0x00000000e2e00000, 0x00000000e2e00000)
  eden space 87424K,   0% used [0x00000000dae00000, 0x00000000dae00000, 0x00000000e0360000)
  from space 21824K,  41% used [0x00000000e18b0000, 0x00000000e2193f40, 0x00000000e2e00000)
  to   space 21824K,   0% used [0x00000000e0360000, 0x00000000e0360000, 0x00000000e18b0000)
 concurrent mark-sweep generation total 393216K, used 12372K [0x00000000e2e00000, 0x00000000fae00000, 0x00000000fae00000)
 concurrent-mark-sweep perm gen total 22400K, used 22336K [0x00000000fae00000, 0x00000000fc3e0000, 0x0000000100000000)
}
Total time for which application threads were stopped: 0.0066212 seconds
Total time for which application threads were stopped: 0.0001039 seconds
{Heap before GC invocations=13 (full 0):
 par new generation   total 109248K, used 96527K [0x00000000dae00000, 0x00000000e2e00000, 0x00000000e2e00000)
  eden space 87424K, 100% used [0x00000000dae00000, 0x00000000e0360000, 0x00000000e0360000)
  from space 21824K,  41% used [0x00000000e18b0000, 0x00000000e2193f40, 0x00000000e2e00000)
  to   space 21824K,   0% used [0x00000000e0360000, 0x00000000e0360000, 0x00000000e18b0000)
 concurrent mark-sweep generation total 393216K, used 12372K [0x00000000e2e00000, 0x00000000fae00000, 0x00000000fae00000)
 concurrent-mark-sweep perm gen total 22400K, used 22385K [0x00000000fae00000, 0x00000000fc3e0000, 0x0000000100000000)
2015-04-23T10:50:46.172-0400: 23.844: [GC 23.844: [ParNew
Desired survivor size 20112992 bytes, new threshold 8 (max 8)
- age   1:    3033952 bytes,    3033952 total
- age   2:      35224 bytes,    3069176 total
- age   3:      27848 bytes,    3097024 total
- age   4:      44896 bytes,    3141920 total
- age   5:    3949672 bytes,    7091592 total
- age   6:    3184048 bytes,   10275640 total
- age   7:      58728 bytes,   10334368 total
- age   8:      93272 bytes,   10427640 total
: 96527K->14710K(109248K), 0.0069933 secs] 108900K->27110K(502464K), 0.0070699 secs] [Times: user=0.00 sys=0.00, real=0.01 secs] 
Heap after GC invocations=14 (full 0):
 par new generation   total 109248K, used 14710K [0x00000000dae00000, 0x00000000e2e00000, 0x00000000e2e00000)
  eden space 87424K,   0% used [0x00000000dae00000, 0x00000000dae00000, 0x00000000e0360000)
  from space 21824K,  67% used [0x00000000e0360000, 0x00000000e11bdb80, 0x00000000e18b0000)
  to   space 21824K,   0% used [0x00000000e18b0000, 0x00000000e18b0000, 0x00000000e2e00000)
 concurrent mark-sweep generation total 393216K, used 12399K [0x00000000e2e00000, 0x00000000fae00000, 0x00000000fae00000)
 concurrent-mark-sweep perm gen total 22400K, used 22385K [0x00000000fae00000, 0x00000000fc3e0000, 0x0000000100000000)
}
Total time for which application threads were stopped: 0.0073513 seconds
{Heap before GC invocations=14 (full 0):
 par new generation   total 109248K, used 102134K [0x00000000dae00000, 0x00000000e2e00000, 0x00000000e2e00000)
  eden space 87424K, 100% used [0x00000000dae00000, 0x00000000e0360000, 0x00000000e0360000)
  from space 21824K,  67% used [0x00000000e0360000, 0x00000000e11bdb80, 0x00000000e18b0000)
  to   space 21824K,   0% used [0x00000000e18b0000, 0x00000000e18b0000, 0x00000000e2e00000)
 concurrent mark-sweep generation total 393216K, used 12399K [0x00000000e2e00000, 0x00000000fae00000, 0x00000000fae00000)
 concurrent-mark-sweep perm gen total 22592K, used 22467K [0x00000000fae00000, 0x00000000fc410000, 0x0000000100000000)
2015-04-23T10:50:46.232-0400: 23.906: [GC 23.906: [ParNew
Desired survivor size 20112992 bytes, new threshold 8 (max 8)
- age   1:    1965064 bytes,    1965064 total
- age   2:      38008 bytes,    2003072 total
- age   3:      34024 bytes,    2037096 total
- age   4:      27848 bytes,    2064944 total
- age   5:      44864 bytes,    2109808 total
- age   6:    3949624 bytes,    6059432 total
- age   7:    3184048 bytes,    9243480 total
- age   8:      58728 bytes,    9302208 total
: 102134K->11315K(109248K), 0.0066717 secs] 114534K->23807K(502464K), 0.0067534 secs] [Times: user=0.08 sys=0.00, real=0.01 secs] 
Heap after GC invocations=15 (full 0):
 par new generation   total 109248K, used 11315K [0x00000000dae00000, 0x00000000e2e00000, 0x00000000e2e00000)
  eden space 87424K,   0% used [0x00000000dae00000, 0x00000000dae00000, 0x00000000e0360000)
  from space 21824K,  51% used [0x00000000e18b0000, 0x00000000e23bcc80, 0x00000000e2e00000)
  to   space 21824K,   0% used [0x00000000e0360000, 0x00000000e0360000, 0x00000000e18b0000)
 concurrent mark-sweep generation total 393216K, used 12492K [0x00000000e2e00000, 0x00000000fae00000, 0x00000000fae00000)
 concurrent-mark-sweep perm gen total 22592K, used 22467K [0x00000000fae00000, 0x00000000fc410000, 0x0000000100000000)
}
Total time for which application threads were stopped: 0.0070357 seconds
{Heap before GC invocations=15 (full 0):
 par new generation   total 109248K, used 98739K [0x00000000dae00000, 0x00000000e2e00000, 0x00000000e2e00000)
  eden space 87424K, 100% used [0x00000000dae00000, 0x00000000e0360000, 0x00000000e0360000)
  from space 21824K,  51% used [0x00000000e18b0000, 0x00000000e23bcc80, 0x00000000e2e00000)
  to   space 21824K,   0% used [0x00000000e0360000, 0x00000000e0360000, 0x00000000e18b0000)
 concurrent mark-sweep generation total 393216K, used 12492K [0x00000000e2e00000, 0x00000000fae00000, 0x00000000fae00000)
 concurrent-mark-sweep perm gen total 22592K, used 22525K [0x00000000fae00000, 0x00000000fc410000, 0x0000000100000000)
2015-04-23T10:50:46.292-0400: 23.966: [GC 23.966: [ParNew
Desired survivor size 20112992 bytes, new threshold 8 (max 8)
- age   1:    2815696 bytes,    2815696 total
- age   2:     120560 bytes,    2936256 total
- age   3:      37912 bytes,    2974168 total
- age   4:      34024 bytes,    3008192 total
- age   5:      27848 bytes,    3036040 total
- age   6:      44864 bytes,    3080904 total
- age   7:    3949608 bytes,    7030512 total
- age   8:    3184048 bytes,   10214560 total
: 98739K->16455K(109248K), 0.0067829 secs] 111231K->29006K(502464K), 0.0068658 secs] [Times: user=0.06 sys=0.00, real=0.01 secs] 
Heap after GC invocations=16 (full 0):
 par new generation   total 109248K, used 16455K [0x00000000dae00000, 0x00000000e2e00000, 0x00000000e2e00000)
  eden space 87424K,   0% used [0x00000000dae00000, 0x00000000dae00000, 0x00000000e0360000)
  from space 21824K,  75% used [0x00000000e0360000, 0x00000000e1371c40, 0x00000000e18b0000)
  to   space 21824K,   0% used [0x00000000e18b0000, 0x00000000e18b0000, 0x00000000e2e00000)
 concurrent mark-sweep generation total 393216K, used 12551K [0x00000000e2e00000, 0x00000000fae00000, 0x00000000fae00000)
 concurrent-mark-sweep perm gen total 22592K, used 22525K [0x00000000fae00000, 0x00000000fc410000, 0x0000000100000000)
}
Total time for which application threads were stopped: 0.0072422 seconds
{Heap before GC invocations=16 (full 0):
 par new generation   total 109248K, used 103879K [0x00000000dae00000, 0x00000000e2e00000, 0x00000000e2e00000)
  eden space 87424K, 100% used [0x00000000dae00000, 0x00000000e0360000, 0x00000000e0360000)
  from space 21824K,  75% used [0x00000000e0360000, 0x00000000e1371c40, 0x00000000e18b0000)
  to   space 21824K,   0% used [0x00000000e18b0000, 0x00000000e18b0000, 0x00000000e2e00000)
 concurrent mark-sweep generation total 393216K, used 12551K [0x00000000e2e00000, 0x00000000fae00000, 0x00000000fae00000)
 concurrent-mark-sweep perm gen total 22592K, used 22537K [0x00000000fae00000, 0x00000000fc410000, 0x0000000100000000)
2015-04-23T10:50:46.352-0400: 24.025: [GC 24.025: [ParNew
Desired survivor size 20112992 bytes, new threshold 8 (max 8)
- age   1:    3633056 bytes,    3633056 total
- age   2:     147784 bytes,    3780840 total
- age   3:     120560 bytes,    3901400 total
- age   4:      37912 bytes,    3939312 total
- age   5:      34024 bytes,    3973336 total
- age   6:      27848 bytes,    4001184 total
- age   7:      44864 bytes,    4046048 total
- age   8:    3949608 bytes,    7995656 total
: 103879K->10238K(109248K), 0.0125683 secs] 116430K->25902K(502464K), 0.0126602 secs] [Times: user=0.08 sys=0.00, real=0.01 secs] 
Heap after GC invocations=17 (full 0):
 par new generation   total 109248K, used 10238K [0x00000000dae00000, 0x00000000e2e00000, 0x00000000e2e00000)
  eden space 87424K,   0% used [0x00000000dae00000, 0x00000000dae00000, 0x00000000e0360000)
  from space 21824K,  46% used [0x00000000e18b0000, 0x00000000e22afbe8, 0x00000000e2e00000)
  to   space 21824K,   0% used [0x00000000e0360000, 0x00000000e0360000, 0x00000000e18b0000)
 concurrent mark-sweep generation total 393216K, used 15663K [0x00000000e2e00000, 0x00000000fae00000, 0x00000000fae00000)
 concurrent-mark-sweep perm gen total 22592K, used 22537K [0x00000000fae00000, 0x00000000fc410000, 0x0000000100000000)
}
Total time for which application threads were stopped: 0.0129494 seconds
Total time for which application threads were stopped: 0.0003503 seconds
Total time for which application threads were stopped: 0.0000791 seconds
{Heap before GC invocations=17 (full 0):
 par new generation   total 109248K, used 97662K [0x00000000dae00000, 0x00000000e2e00000, 0x00000000e2e00000)
  eden space 87424K, 100% used [0x00000000dae00000, 0x00000000e0360000, 0x00000000e0360000)
  from space 21824K,  46% used [0x00000000e18b0000, 0x00000000e22afbe8, 0x00000000e2e00000)
  to   space 21824K,   0% used [0x00000000e0360000, 0x00000000e0360000, 0x00000000e18b0000)
 concurrent mark-sweep generation total 393216K, used 15663K [0x00000000e2e00000, 0x00000000fae00000, 0x00000000fae00000)
 concurrent-mark-sweep perm gen total 22592K, used 22556K [0x00000000fae00000, 0x00000000fc410000, 0x0000000100000000)
2015-04-23T10:50:46.422-0400: 24.089: [GC 24.089: [ParNew
Desired survivor size 20112992 bytes, new threshold 8 (max 8)
- age   1:    2035424 bytes,    2035424 total
- age   2:     120408 bytes,    2155832 total
- age   3:     147784 bytes,    2303616 total
- age   4:     120560 bytes,    2424176 total
- age   5:      37912 bytes,    2462088 total
- age   6:      34024 bytes,    2496112 total
- age   7:      27848 bytes,    2523960 total
- age   8:      44864 bytes,    2568824 total
: 97662K->4065K(109248K), 0.0081571 secs] 113326K->23589K(502464K), 0.0082474 secs] [Times: user=0.00 sys=0.00, real=0.00 secs] 
Heap after GC invocations=18 (full 0):
 par new generation   total 109248K, used 4065K [0x00000000dae00000, 0x00000000e2e00000, 0x00000000e2e00000)
  eden space 87424K,   0% used [0x00000000dae00000, 0x00000000dae00000, 0x00000000e0360000)
  from space 21824K,  18% used [0x00000000e0360000, 0x00000000e0758720, 0x00000000e18b0000)
  to   space 21824K,   0% used [0x00000000e18b0000, 0x00000000e18b0000, 0x00000000e2e00000)
 concurrent mark-sweep generation total 393216K, used 19523K [0x00000000e2e00000, 0x00000000fae00000, 0x00000000fae00000)
 concurrent-mark-sweep perm gen total 22592K, used 22556K [0x00000000fae00000, 0x00000000fc410000, 0x0000000100000000)
}
Total time for which application threads were stopped: 0.0085297 seconds
Total time for which application threads were stopped: 0.0001112 seconds
Total time for which application threads were stopped: 0.0002027 seconds
Total time for which application threads were stopped: 0.0000676 seconds
{Heap before GC invocations=18 (full 0):
 par new generation   total 109248K, used 91489K [0x00000000dae00000, 0x00000000e2e00000, 0x00000000e2e00000)
  eden space 87424K, 100% used [0x00000000dae00000, 0x00000000e0360000, 0x00000000e0360000)
  from space 21824K,  18% used [0x00000000e0360000, 0x00000000e0758720, 0x00000000e18b0000)
  to   space 21824K,   0% used [0x00000000e18b0000, 0x00000000e18b0000, 0x00000000e2e00000)
 concurrent mark-sweep generation total 393216K, used 19523K [0x00000000e2e00000, 0x00000000fae00000, 0x00000000fae00000)
 concurrent-mark-sweep perm gen total 22784K, used 22632K [0x00000000fae00000, 0x00000000fc440000, 0x0000000100000000)
2015-04-23T10:50:46.482-0400: 24.156: [GC 24.156: [ParNew
Desired survivor size 20112992 bytes, new threshold 8 (max 8)
- age   1:    1042688 bytes,    1042688 total
- age   2:      84944 bytes,    1127632 total
- age   3:     120408 bytes,    1248040 total
- age   4:     147784 bytes,    1395824 total
- age   5:     119104 bytes,    1514928 total
- age   6:      37912 bytes,    1552840 total
- age   7:      34024 bytes,    1586864 total
- age   8:      27848 bytes,    1614712 total
: 91489K->2054K(109248K), 0.0034419 secs] 111013K->21623K(502464K), 0.0035257 secs] [Times: user=0.00 sys=0.00, real=0.01 secs] 
Heap after GC invocations=19 (full 0):
 par new generation   total 109248K, used 2054K [0x00000000dae00000, 0x00000000e2e00000, 0x00000000e2e00000)
  eden space 87424K,   0% used [0x00000000dae00000, 0x00000000dae00000, 0x00000000e0360000)
  from space 21824K,   9% used [0x00000000e18b0000, 0x00000000e1ab19f8, 0x00000000e2e00000)
  to   space 21824K,   0% used [0x00000000e0360000, 0x00000000e0360000, 0x00000000e18b0000)
 concurrent mark-sweep generation total 393216K, used 19569K [0x00000000e2e00000, 0x00000000fae00000, 0x00000000fae00000)
 concurrent-mark-sweep perm gen total 22784K, used 22632K [0x00000000fae00000, 0x00000000fc440000, 0x0000000100000000)
}
Total time for which application threads were stopped: 0.0037965 seconds
Total time for which application threads were stopped: 0.0001861 seconds
Total time for which application threads were stopped: 0.0001074 seconds
Total time for which application threads were stopped: 0.0000954 seconds
{Heap before GC invocations=19 (full 0):
 par new generation   total 109248K, used 89453K [0x00000000dae00000, 0x00000000e2e00000, 0x00000000e2e00000)
  eden space 87424K,  99% used [0x00000000dae00000, 0x00000000e0359ce8, 0x00000000e0360000)
  from space 21824K,   9% used [0x00000000e18b0000, 0x00000000e1ab19f8, 0x00000000e2e00000)
  to   space 21824K,   0% used [0x00000000e0360000, 0x00000000e0360000, 0x00000000e18b0000)
 concurrent mark-sweep generation total 393216K, used 19569K [0x00000000e2e00000, 0x00000000fae00000, 0x00000000fae00000)
 concurrent-mark-sweep perm gen total 22784K, used 22761K [0x00000000fae00000, 0x00000000fc440000, 0x0000000100000000)
2015-04-23T10:50:46.552-0400: 24.222: [GC 24.222: [ParNew
Desired survivor size 20112992 bytes, new threshold 8 (max 8)
- age   1:    1362096 bytes,    1362096 total
- age   2:      59296 bytes,    1421392 total
- age   3:      84944 bytes,    1506336 total
- age   4:     120408 bytes,    1626744 total
- age   5:     147784 bytes,    1774528 total
- age   6:     119000 bytes,    1893528 total
- age   7:      35752 bytes,    1929280 total
- age   8:      34024 bytes,    1963304 total
: 89453K->2537K(109248K), 0.0034389 secs] 109023K->22135K(502464K), 0.0035056 secs] [Times: user=0.00 sys=0.00, real=0.00 secs] 
Heap after GC invocations=20 (full 0):
 par new generation   total 109248K, used 2537K [0x00000000dae00000, 0x00000000e2e00000, 0x00000000e2e00000)
  eden space 87424K,   0% used [0x00000000dae00000, 0x00000000dae00000, 0x00000000e0360000)
  from space 21824K,  11% used [0x00000000e0360000, 0x00000000e05da640, 0x00000000e18b0000)
  to   space 21824K,   0% used [0x00000000e18b0000, 0x00000000e18b0000, 0x00000000e2e00000)
 concurrent mark-sweep generation total 393216K, used 19598K [0x00000000e2e00000, 0x00000000fae00000, 0x00000000fae00000)
 concurrent-mark-sweep perm gen total 22784K, used 22761K [0x00000000fae00000, 0x00000000fc440000, 0x0000000100000000)
}
Total time for which application threads were stopped: 0.0037601 seconds
Total time for which application threads were stopped: 0.0001163 seconds
Total time for which application threads were stopped: 0.0002288 seconds
{Heap before GC invocations=20 (full 0):
 par new generation   total 109248K, used 89961K [0x00000000dae00000, 0x00000000e2e00000, 0x00000000e2e00000)
  eden space 87424K, 100% used [0x00000000dae00000, 0x00000000e0360000, 0x00000000e0360000)
  from space 21824K,  11% used [0x00000000e0360000, 0x00000000e05da640, 0x00000000e18b0000)
  to   space 21824K,   0% used [0x00000000e18b0000, 0x00000000e18b0000, 0x00000000e2e00000)
 concurrent mark-sweep generation total 393216K, used 19598K [0x00000000e2e00000, 0x00000000fae00000, 0x00000000fae00000)
 concurrent-mark-sweep perm gen total 23168K, used 23141K [0x00000000fae00000, 0x00000000fc4a0000, 0x0000000100000000)
2015-04-23T10:50:46.632-0400: 24.304: [GC 24.304: [ParNew
Desired survivor size 20112992 bytes, new threshold 8 (max 8)
- age   1:    1295816 bytes,    1295816 total
- age   2:     102152 bytes,    1397968 total
- age   3:      59296 bytes,    1457264 total
- age   4:      84944 bytes,    1542208 total
- age   5:     118848 bytes,    1661056 total
- age   6:     147784 bytes,    1808840 total
- age   7:     119024 bytes,    1927864 total
- age   8:      35752 bytes,    1963616 total
: 89961K->2186K(109248K), 0.0051075 secs] 109559K->21819K(502464K), 0.0051725 secs] [Times: user=0.08 sys=0.00, real=0.01 secs] 
Heap after GC invocations=21 (full 0):
 par new generation   total 109248K, used 2186K [0x00000000dae00000, 0x00000000e2e00000, 0x00000000e2e00000)
  eden space 87424K,   0% used [0x00000000dae00000, 0x00000000dae00000, 0x00000000e0360000)
  from space 21824K,  10% used [0x00000000e18b0000, 0x00000000e1ad29d8, 0x00000000e2e00000)
  to   space 21824K,   0% used [0x00000000e0360000, 0x00000000e0360000, 0x00000000e18b0000)
 concurrent mark-sweep generation total 393216K, used 19633K [0x00000000e2e00000, 0x00000000fae00000, 0x00000000fae00000)
 concurrent-mark-sweep perm gen total 23168K, used 23141K [0x00000000fae00000, 0x00000000fc4a0000, 0x0000000100000000)
}
Total time for which application threads were stopped: 0.0055040 seconds
Total time for which application threads were stopped: 0.0002524 seconds
Total time for which application threads were stopped: 0.0001540 seconds
Total time for which application threads were stopped: 0.0001784 seconds
Total time for which application threads were stopped: 0.0000847 seconds
Total time for which application threads were stopped: 0.0003140 seconds
Total time for which application threads were stopped: 0.0004128 seconds
Total time for which application threads were stopped: 0.0001292 seconds
Total time for which application threads were stopped: 0.0002036 seconds
Total time for which application threads were stopped: 0.0000915 seconds
Total time for which application threads were stopped: 0.0001206 seconds
Total time for which application threads were stopped: 0.0000654 seconds
Total time for which application threads were stopped: 0.0000817 seconds
Total time for which application threads were stopped: 0.0000500 seconds
Total time for which application threads were stopped: 0.0000607 seconds
Total time for which application threads were stopped: 0.0002062 seconds
Total time for which application threads were stopped: 0.0000723 seconds
Total time for which application threads were stopped: 0.0002729 seconds
Total time for which application threads were stopped: 0.0001258 seconds
Total time for which application threads were stopped: 0.0001510 seconds
Total time for which application threads were stopped: 0.0000894 seconds
Total time for which application threads were stopped: 0.0000723 seconds
Total time for which application threads were stopped: 0.0000761 seconds
Total time for which application threads were stopped: 0.0001236 seconds
Total time for which application threads were stopped: 0.0000954 seconds
Total time for which application threads were stopped: 0.0000860 seconds
Total time for which application threads were stopped: 0.0000894 seconds
Total time for which application threads were stopped: 0.0000642 seconds
Total time for which application threads were stopped: 0.0000821 seconds
Total time for which application threads were stopped: 0.0000582 seconds
Total time for which application threads were stopped: 0.0000595 seconds
Total time for which application threads were stopped: 0.0001082 seconds
Total time for which application threads were stopped: 0.0000937 seconds
Total time for which application threads were stopped: 0.0001865 seconds
Total time for which application threads were stopped: 0.0001078 seconds
Total time for which application threads were stopped: 0.0001245 seconds
Total time for which application threads were stopped: 0.0001488 seconds
Total time for which application threads were stopped: 0.0002725 seconds
Total time for which application threads were stopped: 0.0000757 seconds
Total time for which application threads were stopped: 0.0000509 seconds
Total time for which application threads were stopped: 0.0000719 seconds
Total time for which application threads were stopped: 0.0001202 seconds
Total time for which application threads were stopped: 0.0000804 seconds
Total time for which application threads were stopped: 0.0000727 seconds
Total time for which application threads were stopped: 0.0000791 seconds
Total time for which application threads were stopped: 0.0000860 seconds
Total time for which application threads were stopped: 0.0000787 seconds
Total time for which application threads were stopped: 0.0000573 seconds
Total time for which application threads were stopped: 0.0000868 seconds
{Heap before GC invocations=21 (full 0):
 par new generation   total 109248K, used 89610K [0x00000000dae00000, 0x00000000e2e00000, 0x00000000e2e00000)
  eden space 87424K, 100% used [0x00000000dae00000, 0x00000000e0360000, 0x00000000e0360000)
  from space 21824K,  10% used [0x00000000e18b0000, 0x00000000e1ad29d8, 0x00000000e2e00000)
  to   space 21824K,   0% used [0x00000000e0360000, 0x00000000e0360000, 0x00000000e18b0000)
 concurrent mark-sweep generation total 393216K, used 19633K [0x00000000e2e00000, 0x00000000fae00000, 0x00000000fae00000)
 concurrent-mark-sweep perm gen total 26240K, used 26115K [0x00000000fae00000, 0x00000000fc7a0000, 0x0000000100000000)
2015-04-23T10:50:47.362-0400: 25.030: [GC 25.030: [ParNew
Desired survivor size 20112992 bytes, new threshold 8 (max 8)
- age   1:    5893616 bytes,    5893616 total
- age   2:     497680 bytes,    6391296 total
- age   3:     102152 bytes,    6493448 total
- age   4:      59184 bytes,    6552632 total
- age   5:      84944 bytes,    6637576 total
- age   6:     118848 bytes,    6756424 total
- age   7:     147784 bytes,    6904208 total
- age   8:     119000 bytes,    7023208 total
: 89610K->7854K(109248K), 0.0086289 secs] 109243K->27524K(502464K), 0.0087136 secs] [Times: user=0.02 sys=0.00, real=0.01 secs] 
Heap after GC invocations=22 (full 0):
 par new generation   total 109248K, used 7854K [0x00000000dae00000, 0x00000000e2e00000, 0x00000000e2e00000)
  eden space 87424K,   0% used [0x00000000dae00000, 0x00000000dae00000, 0x00000000e0360000)
  from space 21824K,  35% used [0x00000000e0360000, 0x00000000e0b0b9b0, 0x00000000e18b0000)
  to   space 21824K,   0% used [0x00000000e18b0000, 0x00000000e18b0000, 0x00000000e2e00000)
 concurrent mark-sweep generation total 393216K, used 19669K [0x00000000e2e00000, 0x00000000fae00000, 0x00000000fae00000)
 concurrent-mark-sweep perm gen total 26240K, used 26115K [0x00000000fae00000, 0x00000000fc7a0000, 0x0000000100000000)
}
Total time for which application threads were stopped: 0.0090716 seconds
Total time for which application threads were stopped: 0.0036186 seconds
Total time for which application threads were stopped: 0.0003379 seconds
Total time for which application threads were stopped: 0.0005261 seconds
Total time for which application threads were stopped: 0.0002455 seconds
Total time for which application threads were stopped: 0.0001433 seconds
Total time for which application threads were stopped: 0.0001630 seconds
Total time for which application threads were stopped: 0.0002412 seconds
Total time for which application threads were stopped: 0.0000877 seconds
Total time for which application threads were stopped: 0.0001553 seconds
Total time for which application threads were stopped: 0.0001236 seconds
Total time for which application threads were stopped: 0.0001330 seconds
{Heap before GC invocations=22 (full 0):
 par new generation   total 109248K, used 95267K [0x00000000dae00000, 0x00000000e2e00000, 0x00000000e2e00000)
  eden space 87424K,  99% used [0x00000000dae00000, 0x00000000e035d398, 0x00000000e0360000)
  from space 21824K,  35% used [0x00000000e0360000, 0x00000000e0b0b9b0, 0x00000000e18b0000)
  to   space 21824K,   0% used [0x00000000e18b0000, 0x00000000e18b0000, 0x00000000e2e00000)
 concurrent mark-sweep generation total 393216K, used 19669K [0x00000000e2e00000, 0x00000000fae00000, 0x00000000fae00000)
 concurrent-mark-sweep perm gen total 28352K, used 28235K [0x00000000fae00000, 0x00000000fc9b0000, 0x0000000100000000)
2015-04-23T10:50:47.802-0400: 25.470: [GC 25.470: [ParNew
Desired survivor size 20112992 bytes, new threshold 8 (max 8)
- age   1:    7531944 bytes,    7531944 total
- age   2:    3853480 bytes,   11385424 total
- age   3:     497248 bytes,   11882672 total
- age   4:     101016 bytes,   11983688 total
- age   5:      59184 bytes,   12042872 total
- age   6:      84800 bytes,   12127672 total
- age   7:     118848 bytes,   12246520 total
- age   8:     147784 bytes,   12394304 total
: 95267K->15281K(109248K), 0.0117398 secs] 114937K->35069K(502464K), 0.0118390 secs] [Times: user=0.06 sys=0.00, real=0.01 secs] 
Heap after GC invocations=23 (full 0):
 par new generation   total 109248K, used 15281K [0x00000000dae00000, 0x00000000e2e00000, 0x00000000e2e00000)
  eden space 87424K,   0% used [0x00000000dae00000, 0x00000000dae00000, 0x00000000e0360000)
  from space 21824K,  70% used [0x00000000e18b0000, 0x00000000e279c498, 0x00000000e2e00000)
  to   space 21824K,   0% used [0x00000000e0360000, 0x00000000e0360000, 0x00000000e18b0000)
 concurrent mark-sweep generation total 393216K, used 19788K [0x00000000e2e00000, 0x00000000fae00000, 0x00000000fae00000)
 concurrent-mark-sweep perm gen total 28352K, used 28235K [0x00000000fae00000, 0x00000000fc9b0000, 0x0000000100000000)
}
Total time for which application threads were stopped: 0.0123643 seconds
Total time for which application threads were stopped: 0.0004624 seconds
Total time for which application threads were stopped: 0.0005736 seconds
Total time for which application threads were stopped: 0.0003041 seconds
Total time for which application threads were stopped: 0.0000830 seconds
Total time for which application threads were stopped: 0.0000693 seconds
Total time for which application threads were stopped: 0.0001741 seconds
Total time for which application threads were stopped: 0.0001125 seconds
Total time for which application threads were stopped: 0.0001185 seconds
Total time for which application threads were stopped: 0.0002802 seconds
Total time for which application threads were stopped: 0.0001014 seconds
Total time for which application threads were stopped: 0.0004478 seconds
Total time for which application threads were stopped: 0.0003850 seconds
Total time for which application threads were stopped: 0.0001873 seconds
Total time for which application threads were stopped: 0.0001330 seconds
Total time for which application threads were stopped: 0.0000372 seconds
Total time for which application threads were stopped: 0.0000736 seconds
Total time for which application threads were stopped: 0.0000958 seconds
Total time for which application threads were stopped: 0.0000834 seconds
Total time for which application threads were stopped: 0.0008247 seconds
Total time for which application threads were stopped: 0.0001031 seconds
Total time for which application threads were stopped: 0.0000924 seconds
Total time for which application threads were stopped: 0.0000838 seconds
Total time for which application threads were stopped: 0.0000766 seconds
Total time for which application threads were stopped: 0.0000873 seconds
Total time for which application threads were stopped: 0.0001018 seconds
Total time for which application threads were stopped: 0.0000689 seconds
Total time for which application threads were stopped: 0.0000873 seconds
Total time for which application threads were stopped: 0.0000616 seconds
Total time for which application threads were stopped: 0.0000684 seconds
Total time for which application threads were stopped: 0.0000693 seconds
Total time for which application threads were stopped: 0.0000445 seconds
Total time for which application threads were stopped: 0.0000552 seconds
Total time for which application threads were stopped: 0.0000496 seconds
Total time for which application threads were stopped: 0.0000547 seconds
Total time for which application threads were stopped: 0.0000509 seconds
Total time for which application threads were stopped: 0.0000518 seconds
Total time for which application threads were stopped: 0.0000539 seconds
Total time for which application threads were stopped: 0.0000860 seconds
Total time for which application threads were stopped: 0.0000470 seconds
Total time for which application threads were stopped: 0.0001275 seconds
Total time for which application threads were stopped: 0.0001039 seconds
Total time for which application threads were stopped: 0.0000890 seconds
Total time for which application threads were stopped: 0.0001091 seconds
Total time for which application threads were stopped: 0.0001172 seconds
Total time for which application threads were stopped: 0.0003413 seconds
Total time for which application threads were stopped: 0.0001095 seconds
Total time for which application threads were stopped: 0.0002216 seconds
Total time for which application threads were stopped: 0.0000885 seconds
Total time for which application threads were stopped: 0.0001116 seconds
Total time for which application threads were stopped: 0.0000719 seconds
Total time for which application threads were stopped: 0.0001099 seconds
Total time for which application threads were stopped: 0.0000697 seconds
Total time for which application threads were stopped: 0.0000967 seconds
Total time for which application threads were stopped: 0.0000864 seconds
Total time for which application threads were stopped: 0.0000766 seconds
Total time for which application threads were stopped: 0.0001882 seconds
Total time for which application threads were stopped: 0.0001185 seconds
Total time for which application threads were stopped: 0.0000766 seconds
Total time for which application threads were stopped: 0.0000770 seconds
Total time for which application threads were stopped: 0.0000851 seconds
Total time for which application threads were stopped: 0.0000714 seconds
Total time for which application threads were stopped: 0.0000740 seconds
Total time for which application threads were stopped: 0.0001305 seconds
Total time for which application threads were stopped: 0.0000714 seconds
Total time for which application threads were stopped: 0.0000890 seconds
Total time for which application threads were stopped: 0.0002113 seconds
Total time for which application threads were stopped: 0.0000783 seconds
Total time for which application threads were stopped: 0.0000659 seconds
Total time for which application threads were stopped: 0.0000535 seconds
Total time for which application threads were stopped: 0.0000453 seconds
Total time for which application threads were stopped: 0.0000761 seconds
Total time for which application threads were stopped: 0.0000796 seconds
Total time for which application threads were stopped: 0.0000975 seconds
Total time for which application threads were stopped: 0.0000667 seconds
Total time for which application threads were stopped: 0.0002267 seconds
Total time for which application threads were stopped: 0.0001330 seconds
Total time for which application threads were stopped: 0.0000573 seconds
Total time for which application threads were stopped: 0.0000826 seconds
Total time for which application threads were stopped: 0.0000676 seconds
Total time for which application threads were stopped: 0.0002293 seconds
Total time for which application threads were stopped: 0.0004346 seconds
Total time for which application threads were stopped: 0.0002352 seconds
Total time for which application threads were stopped: 0.0000483 seconds
Total time for which application threads were stopped: 0.0001407 seconds
Total time for which application threads were stopped: 0.0000749 seconds
Total time for which application threads were stopped: 0.0000637 seconds
Total time for which application threads were stopped: 0.0001711 seconds
Total time for which application threads were stopped: 0.0000796 seconds
Total time for which application threads were stopped: 0.0000860 seconds
Total time for which application threads were stopped: 0.0001125 seconds
Total time for which application threads were stopped: 0.0000796 seconds
Total time for which application threads were stopped: 0.0000505 seconds
Total time for which application threads were stopped: 0.0003529 seconds
Total time for which application threads were stopped: 0.0003067 seconds
Total time for which application threads were stopped: 0.0003640 seconds
Total time for which application threads were stopped: 0.0002926 seconds
Total time for which application threads were stopped: 0.0001382 seconds
Total time for which application threads were stopped: 0.0001275 seconds
Total time for which application threads were stopped: 0.0002318 seconds
Total time for which application threads were stopped: 0.0003071 seconds
Total time for which application threads were stopped: 0.0001745 seconds
Total time for which application threads were stopped: 0.0005158 seconds
{Heap before GC invocations=23 (full 0):
 par new generation   total 109248K, used 102705K [0x00000000dae00000, 0x00000000e2e00000, 0x00000000e2e00000)
  eden space 87424K, 100% used [0x00000000dae00000, 0x00000000e0360000, 0x00000000e0360000)
  from space 21824K,  70% used [0x00000000e18b0000, 0x00000000e279c498, 0x00000000e2e00000)
  to   space 21824K,   0% used [0x00000000e0360000, 0x00000000e0360000, 0x00000000e18b0000)
 concurrent mark-sweep generation total 393216K, used 19788K [0x00000000e2e00000, 0x00000000fae00000, 0x00000000fae00000)
 concurrent-mark-sweep perm gen total 31616K, used 31533K [0x00000000fae00000, 0x00000000fcce0000, 0x0000000100000000)
2015-04-23T10:51:33.892-0400: 71.561: [GC 71.561: [ParNew
Desired survivor size 20112992 bytes, new threshold 8 (max 8)
- age   1:    7345856 bytes,    7345856 total
- age   2:    4971192 bytes,   12317048 total
- age   3:    3817152 bytes,   16134200 total
- age   4:     497248 bytes,   16631448 total
- age   5:     101016 bytes,   16732464 total
- age   6:      58984 bytes,   16791448 total
- age   7:      84824 bytes,   16876272 total
- age   8:     118848 bytes,   16995120 total
: 102705K->21824K(109248K), 0.0181480 secs] 122493K->41758K(502464K), 0.0182771 secs] [Times: user=0.00 sys=0.00, real=0.02 secs] 
Heap after GC invocations=24 (full 0):
 par new generation   total 109248K, used 21824K [0x00000000dae00000, 0x00000000e2e00000, 0x00000000e2e00000)
  eden space 87424K,   0% used [0x00000000dae00000, 0x00000000dae00000, 0x00000000e0360000)
  from space 21824K, 100% used [0x00000000e0360000, 0x00000000e18b0000, 0x00000000e18b0000)
  to   space 21824K,   0% used [0x00000000e18b0000, 0x00000000e18b0000, 0x00000000e2e00000)
 concurrent mark-sweep generation total 393216K, used 19934K [0x00000000e2e00000, 0x00000000fae00000, 0x00000000fae00000)
 concurrent-mark-sweep perm gen total 31616K, used 31533K [0x00000000fae00000, 0x00000000fcce0000, 0x0000000100000000)
}
Total time for which application threads were stopped: 0.0185410 seconds
Total time for which application threads were stopped: 0.0001065 seconds
Total time for which application threads were stopped: 0.0000817 seconds
Total time for which application threads were stopped: 0.0001574 seconds
Total time for which application threads were stopped: 0.0001108 seconds
Total time for which application threads were stopped: 0.0001074 seconds
Total time for which application threads were stopped: 0.0000753 seconds
Total time for which application threads were stopped: 0.0000928 seconds
Total time for which application threads were stopped: 0.0000736 seconds
Total time for which application threads were stopped: 0.0002134 seconds
Total time for which application threads were stopped: 0.0002181 seconds
Total time for which application threads were stopped: 0.0001476 seconds
Total time for which application threads were stopped: 0.0000817 seconds
Total time for which application threads were stopped: 0.0001343 seconds
Total time for which application threads were stopped: 0.0001651 seconds
Total time for which application threads were stopped: 0.0001651 seconds
Total time for which application threads were stopped: 0.0001001 seconds
Total time for which application threads were stopped: 0.0000766 seconds
Total time for which application threads were stopped: 0.0000796 seconds
Total time for which application threads were stopped: 0.0000911 seconds
Total time for which application threads were stopped: 0.0002096 seconds
Total time for which application threads were stopped: 0.0001399 seconds
Total time for which application threads were stopped: 0.0001583 seconds
Total time for which application threads were stopped: 0.0001604 seconds
Total time for which application threads were stopped: 0.0001553 seconds
Total time for which application threads were stopped: 0.0001702 seconds
Total time for which application threads were stopped: 0.0000950 seconds
Total time for which application threads were stopped: 0.0000492 seconds
Total time for which application threads were stopped: 0.0001048 seconds
Total time for which application threads were stopped: 0.0000556 seconds
Total time for which application threads were stopped: 0.0000932 seconds
Total time for which application threads were stopped: 0.0005603 seconds
Total time for which application threads were stopped: 0.0001300 seconds
Total time for which application threads were stopped: 0.0002943 seconds
Total time for which application threads were stopped: 0.0003105 seconds
Total time for which application threads were stopped: 0.0000757 seconds
Total time for which application threads were stopped: 0.0000693 seconds
Total time for which application threads were stopped: 0.0000689 seconds
Total time for which application threads were stopped: 0.0000689 seconds
Total time for which application threads were stopped: 0.0000714 seconds
Total time for which application threads were stopped: 0.0000723 seconds
Total time for which application threads were stopped: 0.0000727 seconds
Total time for which application threads were stopped: 0.0000719 seconds
Total time for which application threads were stopped: 0.0000710 seconds
Total time for which application threads were stopped: 0.0000714 seconds
Total time for which application threads were stopped: 0.0002665 seconds
Total time for which application threads were stopped: 0.0002956 seconds
Total time for which application threads were stopped: 0.0004880 seconds
Total time for which application threads were stopped: 0.0002070 seconds
Total time for which application threads were stopped: 0.0001039 seconds
Total time for which application threads were stopped: 0.0002729 seconds
Total time for which application threads were stopped: 0.0002814 seconds
Total time for which application threads were stopped: 0.0000530 seconds
Total time for which application threads were stopped: 0.0003092 seconds
Total time for which application threads were stopped: 0.0001754 seconds
Total time for which application threads were stopped: 0.0001309 seconds
Total time for which application threads were stopped: 0.0000701 seconds
Total time for which application threads were stopped: 0.0003657 seconds
Total time for which application threads were stopped: 0.0000479 seconds
Total time for which application threads were stopped: 0.0003956 seconds
Total time for which application threads were stopped: 0.0000945 seconds
Total time for which application threads were stopped: 0.0002378 seconds
Total time for which application threads were stopped: 0.0004722 seconds
Total time for which application threads were stopped: 0.0002190 seconds
Total time for which application threads were stopped: 0.0000950 seconds
Total time for which application threads were stopped: 0.0005223 seconds
Total time for which application threads were stopped: 0.0000979 seconds
Total time for which application threads were stopped: 0.0005227 seconds
Total time for which application threads were stopped: 0.0001386 seconds
Total time for which application threads were stopped: 0.0000962 seconds
Total time for which application threads were stopped: 0.0001882 seconds
Total time for which application threads were stopped: 0.0001484 seconds
Total time for which application threads were stopped: 0.0000727 seconds
Total time for which application threads were stopped: 0.0009906 seconds
Total time for which application threads were stopped: 0.0003811 seconds
Total time for which application threads were stopped: 0.0000954 seconds
Total time for which application threads were stopped: 0.0085678 seconds
Total time for which application threads were stopped: 0.0001493 seconds
Total time for which application threads were stopped: 0.0204752 seconds
Total time for which application threads were stopped: 0.0001031 seconds
Total time for which application threads were stopped: 0.0146188 seconds
Total time for which application threads were stopped: 0.0001189 seconds
Total time for which application threads were stopped: 0.0001065 seconds
Total time for which application threads were stopped: 0.0001172 seconds
Total time for which application threads were stopped: 0.0000813 seconds
Total time for which application threads were stopped: 0.0001125 seconds
Total time for which application threads were stopped: 0.0000941 seconds
Total time for which application threads were stopped: 0.0001424 seconds
Total time for which application threads were stopped: 0.0000898 seconds
Total time for which application threads were stopped: 0.0000843 seconds
Total time for which application threads were stopped: 0.0000834 seconds
Total time for which application threads were stopped: 0.0001039 seconds
Total time for which application threads were stopped: 0.0000783 seconds
Total time for which application threads were stopped: 0.0001219 seconds
Total time for which application threads were stopped: 0.0000924 seconds
Total time for which application threads were stopped: 0.0001210 seconds
Total time for which application threads were stopped: 0.0000847 seconds
Total time for which application threads were stopped: 0.0001488 seconds
Total time for which application threads were stopped: 0.0004829 seconds
Total time for which application threads were stopped: 0.0000761 seconds
Total time for which application threads were stopped: 0.0000791 seconds
Total time for which application threads were stopped: 0.0000787 seconds
Total time for which application threads were stopped: 0.0000723 seconds
Total time for which application threads were stopped: 0.0000744 seconds
Total time for which application threads were stopped: 0.0000633 seconds
Total time for which application threads were stopped: 0.0001912 seconds
Total time for which application threads were stopped: 0.0000513 seconds
Total time for which application threads were stopped: 0.0000496 seconds
Total time for which application threads were stopped: 0.0004110 seconds
Total time for which application threads were stopped: 0.0000406 seconds
Total time for which application threads were stopped: 0.0000394 seconds
Total time for which application threads were stopped: 0.0001390 seconds
Total time for which application threads were stopped: 0.0001022 seconds
Total time for which application threads were stopped: 0.0000727 seconds
Total time for which application threads were stopped: 0.0000633 seconds
Total time for which application threads were stopped: 0.0000749 seconds
Total time for which application threads were stopped: 0.0001240 seconds
Total time for which application threads were stopped: 0.0000928 seconds
Total time for which application threads were stopped: 0.0000518 seconds
Total time for which application threads were stopped: 0.0000552 seconds
Total time for which application threads were stopped: 0.0003285 seconds
Total time for which application threads were stopped: 0.0199983 seconds
Total time for which application threads were stopped: 0.0002275 seconds
Total time for which application threads were stopped: 0.0000838 seconds
Total time for which application threads were stopped: 0.0000885 seconds
Total time for which application threads were stopped: 0.0000757 seconds
Total time for which application threads were stopped: 0.0000419 seconds
Total time for which application threads were stopped: 0.0001985 seconds
Total time for which application threads were stopped: 0.0003246 seconds
Total time for which application threads were stopped: 0.0001018 seconds
Total time for which application threads were stopped: 0.0001189 seconds
Total time for which application threads were stopped: 0.0000911 seconds
Total time for which application threads were stopped: 0.0001835 seconds
Total time for which application threads were stopped: 0.0001133 seconds
Total time for which application threads were stopped: 0.0001283 seconds
Total time for which application threads were stopped: 0.0001198 seconds
Total time for which application threads were stopped: 0.0003379 seconds
Total time for which application threads were stopped: 0.0002169 seconds
Total time for which application threads were stopped: 0.0000710 seconds
Total time for which application threads were stopped: 0.0000565 seconds
Total time for which application threads were stopped: 0.0000547 seconds
Total time for which application threads were stopped: 0.0003003 seconds
Total time for which application threads were stopped: 0.0003174 seconds
Total time for which application threads were stopped: 0.0001159 seconds
Total time for which application threads were stopped: 0.0003529 seconds
Total time for which application threads were stopped: 0.0000505 seconds
Total time for which application threads were stopped: 0.0000509 seconds
Total time for which application threads were stopped: 0.0001086 seconds
Total time for which application threads were stopped: 0.0001356 seconds
Total time for which application threads were stopped: 0.0001322 seconds
Total time for which application threads were stopped: 0.0000753 seconds
Total time for which application threads were stopped: 0.0004029 seconds
Total time for which application threads were stopped: 0.0000509 seconds
Total time for which application threads were stopped: 0.0000684 seconds
Total time for which application threads were stopped: 0.0001685 seconds
Total time for which application threads were stopped: 0.0000654 seconds
Total time for which application threads were stopped: 0.0001540 seconds
Total time for which application threads were stopped: 0.0000941 seconds
Total time for which application threads were stopped: 0.0002802 seconds
Total time for which application threads were stopped: 0.0001737 seconds
Total time for which application threads were stopped: 0.0001394 seconds
Total time for which application threads were stopped: 0.0000932 seconds
Total time for which application threads were stopped: 0.0000937 seconds
Total time for which application threads were stopped: 0.0000650 seconds
Total time for which application threads were stopped: 0.0000659 seconds
Total time for which application threads were stopped: 0.0000813 seconds
Total time for which application threads were stopped: 0.0000719 seconds
Total time for which application threads were stopped: 0.0001523 seconds
Total time for which application threads were stopped: 0.0000573 seconds
Total time for which application threads were stopped: 0.0000766 seconds
Total time for which application threads were stopped: 0.0000466 seconds
Total time for which application threads were stopped: 0.0000432 seconds
Total time for which application threads were stopped: 0.0001493 seconds
Total time for which application threads were stopped: 0.0000761 seconds
Total time for which application threads were stopped: 0.0000616 seconds
Total time for which application threads were stopped: 0.0000624 seconds
Total time for which application threads were stopped: 0.0000654 seconds
Total time for which application threads were stopped: 0.0000834 seconds
Total time for which application threads were stopped: 0.0000654 seconds
Total time for which application threads were stopped: 0.0000770 seconds
Total time for which application threads were stopped: 0.0000603 seconds
Total time for which application threads were stopped: 0.0000577 seconds
Total time for which application threads were stopped: 0.0000449 seconds
Total time for which application threads were stopped: 0.0000731 seconds
Total time for which application threads were stopped: 0.0001159 seconds
Total time for which application threads were stopped: 0.0000778 seconds
Total time for which application threads were stopped: 0.0000518 seconds
Total time for which application threads were stopped: 0.0000642 seconds
Total time for which application threads were stopped: 0.0000650 seconds
Total time for which application threads were stopped: 0.0000620 seconds
Total time for which application threads were stopped: 0.0000676 seconds
Total time for which application threads were stopped: 0.0001104 seconds
Total time for which application threads were stopped: 0.0000569 seconds
Total time for which application threads were stopped: 0.0000808 seconds
Total time for which application threads were stopped: 0.0000714 seconds
Total time for which application threads were stopped: 0.0000881 seconds
Total time for which application threads were stopped: 0.0000851 seconds
Total time for which application threads were stopped: 0.0000539 seconds
Total time for which application threads were stopped: 0.0001399 seconds
Total time for which application threads were stopped: 0.0000881 seconds
Total time for which application threads were stopped: 0.0000706 seconds
Total time for which application threads were stopped: 0.0000890 seconds
Total time for which application threads were stopped: 0.0000599 seconds
Total time for which application threads were stopped: 0.0000436 seconds
Total time for which application threads were stopped: 0.0000518 seconds
Total time for which application threads were stopped: 0.0001181 seconds
Total time for which application threads were stopped: 0.0001189 seconds
Total time for which application threads were stopped: 0.0000967 seconds
Total time for which application threads were stopped: 0.0000834 seconds
Total time for which application threads were stopped: 0.0001116 seconds
Total time for which application threads were stopped: 0.0002181 seconds
Total time for which application threads were stopped: 0.0001031 seconds
Total time for which application threads were stopped: 0.0000753 seconds
Total time for which application threads were stopped: 0.0001330 seconds
Total time for which application threads were stopped: 0.0000945 seconds
Total time for which application threads were stopped: 0.0000967 seconds
Total time for which application threads were stopped: 0.0000945 seconds
Total time for which application threads were stopped: 0.0000783 seconds
Total time for which application threads were stopped: 0.0000629 seconds
Total time for which application threads were stopped: 0.0000612 seconds
Total time for which application threads were stopped: 0.0001228 seconds
Total time for which application threads were stopped: 0.0001172 seconds
Total time for which application threads were stopped: 0.0000714 seconds
Total time for which application threads were stopped: 0.0000945 seconds
Total time for which application threads were stopped: 0.0000924 seconds
Total time for which application threads were stopped: 0.0000868 seconds
Total time for which application threads were stopped: 0.0000975 seconds
Total time for which application threads were stopped: 0.0004932 seconds
Total time for which application threads were stopped: 0.0000560 seconds
Total time for which application threads were stopped: 0.0000642 seconds
Total time for which application threads were stopped: 0.0001386 seconds
Total time for which application threads were stopped: 0.0001001 seconds
Total time for which application threads were stopped: 0.0001001 seconds
Total time for which application threads were stopped: 0.0001014 seconds
Total time for which application threads were stopped: 0.0000962 seconds
Total time for which application threads were stopped: 0.0001044 seconds
Total time for which application threads were stopped: 0.0000988 seconds
Total time for which application threads were stopped: 0.0000710 seconds
Total time for which application threads were stopped: 0.0000787 seconds
Total time for which application threads were stopped: 0.0000522 seconds
Total time for which application threads were stopped: 0.0000684 seconds
Total time for which application threads were stopped: 0.0000500 seconds
Total time for which application threads were stopped: 0.0000633 seconds
Total time for which application threads were stopped: 0.0000667 seconds
Total time for which application threads were stopped: 0.0004128 seconds
Total time for which application threads were stopped: 0.0000907 seconds
Total time for which application threads were stopped: 0.0000676 seconds
Total time for which application threads were stopped: 0.0000654 seconds
Total time for which application threads were stopped: 0.0000483 seconds
Total time for which application threads were stopped: 0.0000701 seconds
Total time for which application threads were stopped: 0.0000590 seconds
Total time for which application threads were stopped: 0.0000663 seconds
Total time for which application threads were stopped: 0.0001185 seconds
Total time for which application threads were stopped: 0.0000616 seconds
Total time for which application threads were stopped: 0.0000672 seconds
Total time for which application threads were stopped: 0.0000950 seconds
Total time for which application threads were stopped: 0.0003409 seconds
Total time for which application threads were stopped: 0.0000624 seconds
Total time for which application threads were stopped: 0.0002207 seconds
Total time for which application threads were stopped: 0.0000796 seconds
Total time for which application threads were stopped: 0.0000774 seconds
Total time for which application threads were stopped: 0.0001014 seconds
Total time for which application threads were stopped: 0.0000522 seconds
Total time for which application threads were stopped: 0.0000479 seconds
Total time for which application threads were stopped: 0.0003174 seconds
Total time for which application threads were stopped: 0.0001155 seconds
Total time for which application threads were stopped: 0.0000565 seconds
Total time for which application threads were stopped: 0.0002943 seconds
Total time for which application threads were stopped: 0.0002951 seconds
Total time for which application threads were stopped: 0.0000731 seconds
Total time for which application threads were stopped: 0.0000582 seconds
Total time for which application threads were stopped: 0.0000672 seconds
Total time for which application threads were stopped: 0.0005757 seconds
Total time for which application threads were stopped: 0.0005496 seconds
Total time for which application threads were stopped: 0.0003490 seconds
Total time for which application threads were stopped: 0.0003063 seconds
Total time for which application threads were stopped: 0.0005458 seconds
Total time for which application threads were stopped: 0.0000415 seconds
Total time for which application threads were stopped: 0.0000547 seconds
Total time for which application threads were stopped: 0.0004465 seconds
Total time for which application threads were stopped: 0.0000821 seconds
Total time for which application threads were stopped: 0.0000962 seconds
{Heap before GC invocations=24 (full 0):
 par new generation   total 109248K, used 109246K [0x00000000dae00000, 0x00000000e2e00000, 0x00000000e2e00000)
  eden space 87424K,  99% used [0x00000000dae00000, 0x00000000e035fbd8, 0x00000000e0360000)
  from space 21824K, 100% used [0x00000000e0360000, 0x00000000e18b0000, 0x00000000e18b0000)
  to   space 21824K,   0% used [0x00000000e18b0000, 0x00000000e18b0000, 0x00000000e2e00000)
 concurrent mark-sweep generation total 393216K, used 19934K [0x00000000e2e00000, 0x00000000fae00000, 0x00000000fae00000)
 concurrent-mark-sweep perm gen total 35072K, used 34831K [0x00000000fae00000, 0x00000000fd040000, 0x0000000100000000)
2015-04-23T11:44:40.233-0400: 3257.825: [GC 3257.825: [ParNew
Desired survivor size 20112992 bytes, new threshold 4 (max 8)
- age   1:    7548592 bytes,    7548592 total
- age   2:    4039144 bytes,   11587736 total
- age   3:    4956256 bytes,   16543992 total
- age   4:    3798656 bytes,   20342648 total
- age   5:     483088 bytes,   20825736 total
- age   6:     100856 bytes,   20926592 total
- age   7:      58856 bytes,   20985448 total
- age   8:      84800 bytes,   21070248 total
: 109246K->21824K(109248K), 0.0223705 secs] 129181K->42704K(502464K), 0.0224697 secs] [Times: user=0.06 sys=0.00, real=0.02 secs] 
Heap after GC invocations=25 (full 0):
 par new generation   total 109248K, used 21824K [0x00000000dae00000, 0x00000000e2e00000, 0x00000000e2e00000)
  eden space 87424K,   0% used [0x00000000dae00000, 0x00000000dae00000, 0x00000000e0360000)
  from space 21824K, 100% used [0x00000000e18b0000, 0x00000000e2e00000, 0x00000000e2e00000)
  to   space 21824K,   0% used [0x00000000e0360000, 0x00000000e0360000, 0x00000000e18b0000)
 concurrent mark-sweep generation total 393216K, used 20880K [0x00000000e2e00000, 0x00000000fae00000, 0x00000000fae00000)
 concurrent-mark-sweep perm gen total 35072K, used 34831K [0x00000000fae00000, 0x00000000fd040000, 0x0000000100000000)
}
Total time for which application threads were stopped: 0.0227511 seconds
Total time for which application threads were stopped: 0.0003533 seconds
Total time for which application threads were stopped: 0.0000462 seconds
Total time for which application threads were stopped: 0.0003015 seconds
Total time for which application threads were stopped: 0.0001061 seconds
Total time for which application threads were stopped: 0.0001300 seconds
Total time for which application threads were stopped: 0.0001305 seconds
Total time for which application threads were stopped: 0.0000573 seconds
Total time for which application threads were stopped: 0.0001176 seconds
Total time for which application threads were stopped: 0.0000642 seconds
Total time for which application threads were stopped: 0.0001112 seconds
Total time for which application threads were stopped: 0.0000847 seconds
Total time for which application threads were stopped: 0.0000543 seconds
Total time for which application threads were stopped: 0.0000804 seconds
Total time for which application threads were stopped: 0.0001245 seconds
Total time for which application threads were stopped: 0.0000560 seconds
Total time for which application threads were stopped: 0.0001480 seconds
Total time for which application threads were stopped: 0.0001309 seconds
Total time for which application threads were stopped: 0.0000620 seconds
Total time for which application threads were stopped: 0.0000821 seconds
Total time for which application threads were stopped: 0.0000962 seconds
Total time for which application threads were stopped: 0.0001287 seconds
Total time for which application threads were stopped: 0.0000723 seconds
Total time for which application threads were stopped: 0.0000838 seconds
Total time for which application threads were stopped: 0.0001035 seconds
Total time for which application threads were stopped: 0.0005607 seconds
Total time for which application threads were stopped: 0.0001031 seconds
Total time for which application threads were stopped: 0.0000582 seconds
Total time for which application threads were stopped: 0.0000744 seconds
Total time for which application threads were stopped: 0.0003648 seconds
Total time for which application threads were stopped: 0.0001112 seconds
Total time for which application threads were stopped: 0.0000565 seconds
Total time for which application threads were stopped: 0.0000565 seconds
Total time for which application threads were stopped: 0.0003696 seconds
Total time for which application threads were stopped: 0.0001116 seconds
Total time for which application threads were stopped: 0.0003003 seconds
Total time for which application threads were stopped: 0.0002836 seconds
Total time for which application threads were stopped: 0.0002601 seconds
Total time for which application threads were stopped: 0.0001245 seconds
Total time for which application threads were stopped: 0.0001027 seconds
Total time for which application threads were stopped: 0.0000629 seconds
Total time for which application threads were stopped: 0.0000663 seconds
Total time for which application threads were stopped: 0.0000714 seconds
Total time for which application threads were stopped: 0.0000569 seconds
Total time for which application threads were stopped: 0.0000744 seconds
Total time for which application threads were stopped: 0.0001099 seconds
Total time for which application threads were stopped: 0.0000654 seconds
Total time for which application threads were stopped: 0.0000539 seconds
Total time for which application threads were stopped: 0.0000915 seconds
Total time for which application threads were stopped: 0.0002404 seconds
Total time for which application threads were stopped: 0.0000513 seconds
Total time for which application threads were stopped: 0.0002639 seconds
Total time for which application threads were stopped: 0.0003447 seconds
Total time for which application threads were stopped: 0.0015214 seconds
Total time for which application threads were stopped: 0.0001373 seconds
Total time for which application threads were stopped: 0.0001749 seconds
Total time for which application threads were stopped: 0.0002549 seconds
Total time for which application threads were stopped: 0.0001347 seconds
Total time for which application threads were stopped: 0.0002909 seconds
Total time for which application threads were stopped: 0.0003832 seconds
Total time for which application threads were stopped: 0.0003221 seconds
Total time for which application threads were stopped: 0.0002904 seconds
Total time for which application threads were stopped: 0.0000616 seconds
Total time for which application threads were stopped: 0.0002840 seconds
Total time for which application threads were stopped: 0.0001446 seconds
Total time for which application threads were stopped: 0.0000783 seconds
Total time for which application threads were stopped: 0.0000778 seconds
Total time for which application threads were stopped: 0.0000749 seconds
Total time for which application threads were stopped: 0.0000830 seconds
Total time for which application threads were stopped: 0.0004192 seconds
Total time for which application threads were stopped: 0.0004410 seconds
Total time for which application threads were stopped: 0.0000757 seconds
Total time for which application threads were stopped: 0.0001634 seconds
Total time for which application threads were stopped: 0.0002096 seconds
Total time for which application threads were stopped: 0.0001561 seconds
Total time for which application threads were stopped: 0.0000894 seconds
Total time for which application threads were stopped: 0.0000826 seconds
Total time for which application threads were stopped: 0.0001352 seconds
Total time for which application threads were stopped: 0.0002447 seconds
Total time for which application threads were stopped: 0.0001553 seconds
Total time for which application threads were stopped: 0.0000492 seconds
Total time for which application threads were stopped: 0.0001258 seconds
Total time for which application threads were stopped: 0.0000817 seconds
Total time for which application threads were stopped: 0.0000826 seconds
Total time for which application threads were stopped: 0.0000992 seconds
Total time for which application threads were stopped: 0.0001441 seconds
Total time for which application threads were stopped: 0.0000885 seconds
Total time for which application threads were stopped: 0.0003661 seconds
Total time for which application threads were stopped: 0.0000800 seconds
Total time for which application threads were stopped: 0.0000774 seconds
Total time for which application threads were stopped: 0.0001364 seconds
Total time for which application threads were stopped: 0.0003187 seconds
Total time for which application threads were stopped: 0.0001210 seconds
Total time for which application threads were stopped: 0.0001270 seconds
Total time for which application threads were stopped: 0.0004128 seconds
Total time for which application threads were stopped: 0.0002981 seconds
Total time for which application threads were stopped: 0.0001095 seconds
Total time for which application threads were stopped: 0.0001548 seconds
Total time for which application threads were stopped: 0.0000911 seconds
Total time for which application threads were stopped: 0.0000997 seconds
Total time for which application threads were stopped: 0.0000774 seconds
Total time for which application threads were stopped: 0.0001356 seconds
Total time for which application threads were stopped: 0.0001155 seconds
Total time for which application threads were stopped: 0.0001574 seconds
Total time for which application threads were stopped: 0.0001219 seconds
Total time for which application threads were stopped: 0.0002729 seconds
Total time for which application threads were stopped: 0.0001219 seconds
Total time for which application threads were stopped: 0.0000466 seconds
Total time for which application threads were stopped: 0.0000458 seconds
Total time for which application threads were stopped: 0.0000449 seconds
Total time for which application threads were stopped: 0.0000466 seconds
Total time for which application threads were stopped: 0.0001613 seconds
Total time for which application threads were stopped: 0.0002673 seconds
Total time for which application threads were stopped: 0.0001882 seconds
Total time for which application threads were stopped: 0.0001031 seconds
Total time for which application threads were stopped: 0.0001360 seconds
Total time for which application threads were stopped: 0.0000920 seconds
Total time for which application threads were stopped: 0.0001039 seconds
Total time for which application threads were stopped: 0.0000937 seconds
Total time for which application threads were stopped: 0.0001313 seconds
Total time for which application threads were stopped: 0.0001018 seconds
Total time for which application threads were stopped: 0.0000941 seconds
Total time for which application threads were stopped: 0.0001022 seconds
Total time for which application threads were stopped: 0.0000659 seconds
Total time for which application threads were stopped: 0.0000654 seconds
Total time for which application threads were stopped: 0.0000654 seconds
Total time for which application threads were stopped: 0.0001159 seconds
Total time for which application threads were stopped: 0.0001009 seconds
Total time for which application threads were stopped: 0.0000684 seconds
Total time for which application threads were stopped: 0.0001223 seconds
Total time for which application threads were stopped: 0.0000535 seconds
Total time for which application threads were stopped: 0.0000684 seconds
Total time for which application threads were stopped: 0.0000565 seconds
Total time for which application threads were stopped: 0.0000890 seconds
Total time for which application threads were stopped: 0.0001193 seconds
Total time for which application threads were stopped: 0.0000445 seconds
Total time for which application threads were stopped: 0.0001296 seconds
Total time for which application threads were stopped: 0.0001959 seconds
Total time for which application threads were stopped: 0.0000522 seconds
Total time for which application threads were stopped: 0.0001394 seconds
Total time for which application threads were stopped: 0.0000719 seconds
Total time for which application threads were stopped: 0.0000620 seconds
Total time for which application threads were stopped: 0.0002515 seconds
Total time for which application threads were stopped: 0.0000543 seconds
Total time for which application threads were stopped: 0.0000522 seconds
Total time for which application threads were stopped: 0.0002579 seconds
Total time for which application threads were stopped: 0.0001275 seconds
Total time for which application threads were stopped: 0.0003978 seconds
Total time for which application threads were stopped: 0.0001279 seconds
{Heap before GC invocations=25 (full 0):
 par new generation   total 109248K, used 109248K [0x00000000dae00000, 0x00000000e2e00000, 0x00000000e2e00000)
  eden space 87424K, 100% used [0x00000000dae00000, 0x00000000e0360000, 0x00000000e0360000)
  from space 21824K, 100% used [0x00000000e18b0000, 0x00000000e2e00000, 0x00000000e2e00000)
  to   space 21824K,   0% used [0x00000000e0360000, 0x00000000e0360000, 0x00000000e18b0000)
 concurrent mark-sweep generation total 393216K, used 20880K [0x00000000e2e00000, 0x00000000fae00000, 0x00000000fae00000)
 concurrent-mark-sweep perm gen total 35456K, used 35309K [0x00000000fae00000, 0x00000000fd0a0000, 0x0000000100000000)
2015-04-23T11:45:01.318-0400: 3278.903: [GC 3278.903: [ParNew
Desired survivor size 20112992 bytes, new threshold 8 (max 8)
- age   1:    5156112 bytes,    5156112 total
- age   2:    5636248 bytes,   10792360 total
- age   3:    3876104 bytes,   14668464 total
- age   4:    4801328 bytes,   19469792 total
: 109248K->21824K(109248K), 0.0220510 secs] 130128K->47895K(502464K), 0.0221498 secs] [Times: user=0.11 sys=0.02, real=0.02 secs] 
Heap after GC invocations=26 (full 0):
 par new generation   total 109248K, used 21824K [0x00000000dae00000, 0x00000000e2e00000, 0x00000000e2e00000)
  eden space 87424K,   0% used [0x00000000dae00000, 0x00000000dae00000, 0x00000000e0360000)
  from space 21824K, 100% used [0x00000000e0360000, 0x00000000e18b0000, 0x00000000e18b0000)
  to   space 21824K,   0% used [0x00000000e18b0000, 0x00000000e18b0000, 0x00000000e2e00000)
 concurrent mark-sweep generation total 393216K, used 26071K [0x00000000e2e00000, 0x00000000fae00000, 0x00000000fae00000)
 concurrent-mark-sweep perm gen total 35456K, used 35309K [0x00000000fae00000, 0x00000000fd0a0000, 0x0000000100000000)
}
Total time for which application threads were stopped: 0.0224115 seconds
Total time for which application threads were stopped: 0.0001754 seconds
Total time for which application threads were stopped: 0.0002665 seconds
Total time for which application threads were stopped: 0.0003084 seconds
Total time for which application threads were stopped: 0.0001313 seconds
Total time for which application threads were stopped: 0.0006253 seconds
Total time for which application threads were stopped: 0.0002583 seconds
Total time for which application threads were stopped: 0.0002789 seconds
Total time for which application threads were stopped: 0.0002571 seconds
Total time for which application threads were stopped: 0.0003413 seconds
Total time for which application threads were stopped: 0.0002866 seconds
Total time for which application threads were stopped: 0.0002045 seconds
Total time for which application threads were stopped: 0.0002844 seconds
Total time for which application threads were stopped: 0.0001638 seconds
Total time for which application threads were stopped: 0.0003041 seconds
Total time for which application threads were stopped: 0.0002656 seconds
Total time for which application threads were stopped: 0.0000697 seconds
Total time for which application threads were stopped: 0.0001228 seconds
Total time for which application threads were stopped: 0.0000684 seconds
Total time for which application threads were stopped: 0.0001262 seconds
Total time for which application threads were stopped: 0.0001484 seconds
Total time for which application threads were stopped: 0.0002481 seconds
Total time for which application threads were stopped: 0.0001553 seconds
Total time for which application threads were stopped: 0.0001330 seconds
Total time for which application threads were stopped: 0.0001741 seconds
Total time for which application threads were stopped: 0.0000890 seconds
Total time for which application threads were stopped: 0.0000770 seconds
Total time for which application threads were stopped: 0.0003546 seconds
Total time for which application threads were stopped: 0.0001531 seconds
Total time for which application threads were stopped: 0.0001702 seconds
Total time for which application threads were stopped: 0.0000890 seconds
Total time for which application threads were stopped: 0.0000847 seconds
Total time for which application threads were stopped: 0.0001377 seconds
Total time for which application threads were stopped: 0.0001253 seconds
Total time for which application threads were stopped: 0.0000710 seconds
Total time for which application threads were stopped: 0.0000783 seconds
Total time for which application threads were stopped: 0.0001155 seconds
Total time for which application threads were stopped: 0.0001176 seconds
Total time for which application threads were stopped: 0.0003850 seconds
Total time for which application threads were stopped: 0.0001219 seconds
Total time for which application threads were stopped: 0.0004021 seconds
Total time for which application threads were stopped: 0.0004260 seconds
Total time for which application threads were stopped: 0.0000834 seconds
Total time for which application threads were stopped: 0.0000877 seconds
Total time for which application threads were stopped: 0.0001236 seconds
Total time for which application threads were stopped: 0.0000650 seconds
Total time for which application threads were stopped: 0.0002558 seconds
Total time for which application threads were stopped: 0.0001279 seconds
Total time for which application threads were stopped: 0.0001236 seconds
Total time for which application threads were stopped: 0.0000680 seconds
Total time for which application threads were stopped: 0.0002767 seconds
Total time for which application threads were stopped: 0.0006797 seconds
{Heap before GC invocations=26 (full 0):
 par new generation   total 109248K, used 109222K [0x00000000dae00000, 0x00000000e2e00000, 0x00000000e2e00000)
  eden space 87424K,  99% used [0x00000000dae00000, 0x00000000e0359878, 0x00000000e0360000)
  from space 21824K, 100% used [0x00000000e0360000, 0x00000000e18b0000, 0x00000000e18b0000)
  to   space 21824K,   0% used [0x00000000e18b0000, 0x00000000e18b0000, 0x00000000e2e00000)
 concurrent mark-sweep generation total 393216K, used 26071K [0x00000000e2e00000, 0x00000000fae00000, 0x00000000fae00000)
 concurrent-mark-sweep perm gen total 35456K, used 35359K [0x00000000fae00000, 0x00000000fd0a0000, 0x0000000100000000)
2015-04-23T11:45:26.095-0400: 3303.680: [GC 3303.680: [ParNew
Desired survivor size 20112992 bytes, new threshold 5 (max 8)
- age   1:    3849464 bytes,    3849464 total
- age   2:    2773288 bytes,    6622752 total
- age   3:    5585848 bytes,   12208600 total
- age   4:    3677960 bytes,   15886560 total
- age   5:    4794600 bytes,   20681160 total
: 109222K->21824K(109248K), 0.0161385 secs] 135293K->48396K(502464K), 0.0162506 secs] [Times: user=0.05 sys=0.02, real=0.02 secs] 
Heap after GC invocations=27 (full 0):
 par new generation   total 109248K, used 21824K [0x00000000dae00000, 0x00000000e2e00000, 0x00000000e2e00000)
  eden space 87424K,   0% used [0x00000000dae00000, 0x00000000dae00000, 0x00000000e0360000)
  from space 21824K, 100% used [0x00000000e18b0000, 0x00000000e2e00000, 0x00000000e2e00000)
  to   space 21824K,   0% used [0x00000000e0360000, 0x00000000e0360000, 0x00000000e18b0000)
 concurrent mark-sweep generation total 393216K, used 26572K [0x00000000e2e00000, 0x00000000fae00000, 0x00000000fae00000)
 concurrent-mark-sweep perm gen total 35456K, used 35359K [0x00000000fae00000, 0x00000000fd0a0000, 0x0000000100000000)
}
Total time for which application threads were stopped: 0.0165290 seconds
Total time for which application threads were stopped: 0.0002524 seconds
Total time for which application threads were stopped: 0.0002994 seconds
Total time for which application threads were stopped: 0.0001253 seconds
Total time for which application threads were stopped: 0.0001459 seconds
Total time for which application threads were stopped: 0.0001724 seconds
Total time for which application threads were stopped: 0.0146385 seconds
Total time for which application threads were stopped: 0.0006835 seconds
Total time for which application threads were stopped: 0.0001052 seconds
Total time for which application threads were stopped: 0.0000616 seconds
Total time for which application threads were stopped: 0.0000654 seconds
Total time for which application threads were stopped: 0.0000518 seconds
Total time for which application threads were stopped: 0.0000535 seconds
Total time for which application threads were stopped: 0.0004029 seconds
Total time for which application threads were stopped: 0.0000975 seconds
Total time for which application threads were stopped: 0.0000868 seconds
Total time for which application threads were stopped: 0.0001228 seconds
Total time for which application threads were stopped: 0.0000518 seconds
Total time for which application threads were stopped: 0.0000582 seconds
Total time for which application threads were stopped: 0.0003631 seconds
Total time for which application threads were stopped: 0.0000749 seconds
Total time for which application threads were stopped: 0.0000766 seconds
Total time for which application threads were stopped: 0.0000710 seconds
Total time for which application threads were stopped: 0.0000723 seconds
Total time for which application threads were stopped: 0.0001386 seconds
Total time for which application threads were stopped: 0.0000761 seconds
Total time for which application threads were stopped: 0.0001198 seconds
Total time for which application threads were stopped: 0.0000659 seconds
Total time for which application threads were stopped: 0.0003114 seconds
Total time for which application threads were stopped: 0.0002690 seconds
Total time for which application threads were stopped: 0.0002002 seconds
Total time for which application threads were stopped: 0.0002391 seconds
Total time for which application threads were stopped: 0.0001035 seconds
Total time for which application threads were stopped: 0.0001497 seconds
Total time for which application threads were stopped: 0.0002515 seconds
Total time for which application threads were stopped: 0.0001578 seconds
Total time for which application threads were stopped: 0.0001155 seconds
Total time for which application threads were stopped: 0.0001638 seconds
Total time for which application threads were stopped: 0.0006365 seconds
Total time for which application threads were stopped: 0.0001044 seconds
Total time for which application threads were stopped: 0.0000967 seconds
Total time for which application threads were stopped: 0.0000881 seconds
Total time for which application threads were stopped: 0.0001266 seconds
Total time for which application threads were stopped: 0.0000838 seconds
Total time for which application threads were stopped: 0.0005432 seconds
Total time for which application threads were stopped: 0.0000907 seconds
Total time for which application threads were stopped: 0.0000672 seconds
Total time for which application threads were stopped: 0.0001258 seconds
Total time for which application threads were stopped: 0.0001142 seconds
Total time for which application threads were stopped: 0.0000629 seconds
Total time for which application threads were stopped: 0.0001099 seconds
Total time for which application threads were stopped: 0.0000753 seconds
Total time for which application threads were stopped: 0.0000808 seconds
Total time for which application threads were stopped: 0.0000958 seconds
Total time for which application threads were stopped: 0.0000749 seconds
Total time for which application threads were stopped: 0.0000624 seconds
Total time for which application threads were stopped: 0.0000642 seconds
Total time for which application threads were stopped: 0.0004701 seconds
Total time for which application threads were stopped: 0.0002921 seconds
Total time for which application threads were stopped: 0.0005171 seconds
Total time for which application threads were stopped: 0.0000731 seconds
Total time for which application threads were stopped: 0.0000530 seconds
Total time for which application threads were stopped: 0.0000518 seconds
Total time for which application threads were stopped: 0.0000522 seconds
Total time for which application threads were stopped: 0.0000526 seconds
Total time for which application threads were stopped: 0.0000890 seconds
Total time for which application threads were stopped: 0.0000526 seconds
Total time for which application threads were stopped: 0.0004868 seconds
Total time for which application threads were stopped: 0.0000706 seconds
Total time for which application threads were stopped: 0.0000701 seconds
Total time for which application threads were stopped: 0.0000706 seconds
Total time for which application threads were stopped: 0.0000701 seconds
Total time for which application threads were stopped: 0.0000496 seconds
Total time for which application threads were stopped: 0.0000962 seconds
Total time for which application threads were stopped: 0.0000633 seconds
Total time for which application threads were stopped: 0.0001369 seconds
Total time for which application threads were stopped: 0.0000821 seconds
Total time for which application threads were stopped: 0.0000881 seconds
Total time for which application threads were stopped: 0.0000749 seconds
Total time for which application threads were stopped: 0.0002943 seconds
Total time for which application threads were stopped: 0.0000710 seconds
Total time for which application threads were stopped: 0.0000710 seconds
Total time for which application threads were stopped: 0.0000723 seconds
Total time for which application threads were stopped: 0.0000706 seconds
Total time for which application threads were stopped: 0.0000706 seconds
Total time for which application threads were stopped: 0.0000928 seconds
Total time for which application threads were stopped: 0.0001480 seconds
Total time for which application threads were stopped: 0.0000873 seconds
Total time for which application threads were stopped: 0.0005975 seconds
Total time for which application threads were stopped: 0.0000646 seconds
Total time for which application threads were stopped: 0.0001441 seconds
Total time for which application threads were stopped: 0.0003349 seconds
Total time for which application threads were stopped: 0.0005492 seconds
Total time for which application threads were stopped: 0.0001249 seconds
Total time for which application threads were stopped: 0.0001861 seconds
Total time for which application threads were stopped: 0.0001510 seconds
Total time for which application threads were stopped: 0.0002789 seconds
Total time for which application threads were stopped: 0.0000560 seconds
Total time for which application threads were stopped: 0.0000556 seconds
Total time for which application threads were stopped: 0.0001108 seconds
Total time for which application threads were stopped: 0.0001322 seconds
Total time for which application threads were stopped: 0.0000736 seconds
Total time for which application threads were stopped: 0.0003388 seconds
Total time for which application threads were stopped: 0.0003020 seconds
Total time for which application threads were stopped: 0.0001677 seconds
Total time for which application threads were stopped: 0.0000954 seconds
Total time for which application threads were stopped: 0.0002994 seconds
Total time for which application threads were stopped: 0.0003999 seconds
Total time for which application threads were stopped: 0.0000740 seconds
Total time for which application threads were stopped: 0.0000646 seconds
Total time for which application threads were stopped: 0.0000624 seconds
Total time for which application threads were stopped: 0.0003982 seconds
Total time for which application threads were stopped: 0.0000492 seconds
Total time for which application threads were stopped: 0.0002224 seconds
Total time for which application threads were stopped: 0.0000826 seconds
Total time for which application threads were stopped: 0.0001942 seconds
Total time for which application threads were stopped: 0.0001754 seconds
Total time for which application threads were stopped: 0.0000975 seconds
Total time for which application threads were stopped: 0.0002122 seconds
Total time for which application threads were stopped: 0.0002036 seconds
Total time for which application threads were stopped: 0.0001411 seconds
Total time for which application threads were stopped: 0.0001283 seconds
Total time for which application threads were stopped: 0.0012177 seconds
Total time for which application threads were stopped: 0.0001809 seconds
Total time for which application threads were stopped: 0.0001236 seconds
Total time for which application threads were stopped: 0.0001095 seconds
Total time for which application threads were stopped: 0.0007070 seconds
Total time for which application threads were stopped: 0.0003208 seconds
Total time for which application threads were stopped: 0.0000838 seconds
Total time for which application threads were stopped: 0.0000967 seconds
Total time for which application threads were stopped: 0.0000744 seconds
Total time for which application threads were stopped: 0.0000890 seconds
Total time for which application threads were stopped: 0.0003242 seconds
Total time for which application threads were stopped: 0.0000941 seconds
Total time for which application threads were stopped: 0.0000535 seconds
Total time for which application threads were stopped: 0.0004897 seconds
Total time for which application threads were stopped: 0.0001578 seconds
Total time for which application threads were stopped: 0.0001694 seconds
Total time for which application threads were stopped: 0.0001001 seconds
Total time for which application threads were stopped: 0.0000817 seconds
Total time for which application threads were stopped: 0.0001775 seconds
Total time for which application threads were stopped: 0.0000603 seconds
Total time for which application threads were stopped: 0.0001266 seconds
Total time for which application threads were stopped: 0.0000958 seconds
Total time for which application threads were stopped: 0.0000877 seconds
Total time for which application threads were stopped: 0.0000843 seconds
Total time for which application threads were stopped: 0.0000693 seconds
Total time for which application threads were stopped: 0.0001305 seconds
Total time for which application threads were stopped: 0.0000706 seconds
Total time for which application threads were stopped: 0.0000710 seconds
Total time for which application threads were stopped: 0.0003811 seconds
Total time for which application threads were stopped: 0.0002943 seconds
{Heap before GC invocations=27 (full 0):
 par new generation   total 109248K, used 109248K [0x00000000dae00000, 0x00000000e2e00000, 0x00000000e2e00000)
  eden space 87424K, 100% used [0x00000000dae00000, 0x00000000e0360000, 0x00000000e0360000)
  from space 21824K, 100% used [0x00000000e18b0000, 0x00000000e2e00000, 0x00000000e2e00000)
  to   space 21824K,   0% used [0x00000000e0360000, 0x00000000e0360000, 0x00000000e18b0000)
 concurrent mark-sweep generation total 393216K, used 26572K [0x00000000e2e00000, 0x00000000fae00000, 0x00000000fae00000)
 concurrent-mark-sweep perm gen total 35648K, used 35537K [0x00000000fae00000, 0x00000000fd0d0000, 0x0000000100000000)
2015-04-23T11:52:16.996-0400: 3714.571: [GC 3714.571: [ParNew
Desired survivor size 20112992 bytes, new threshold 8 (max 8)
- age   1:    3488968 bytes,    3488968 total
- age   2:    1025976 bytes,    4514944 total
- age   3:    2744184 bytes,    7259128 total
- age   4:    4995008 bytes,   12254136 total
- age   5:    3676584 bytes,   15930720 total
: 109248K->21824K(109248K), 0.0210184 secs] 135820K->53178K(502464K), 0.0211403 secs] [Times: user=0.08 sys=0.00, real=0.02 secs] 
Heap after GC invocations=28 (full 0):
 par new generation   total 109248K, used 21824K [0x00000000dae00000, 0x00000000e2e00000, 0x00000000e2e00000)
  eden space 87424K,   0% used [0x00000000dae00000, 0x00000000dae00000, 0x00000000e0360000)
  from space 21824K, 100% used [0x00000000e0360000, 0x00000000e18b0000, 0x00000000e18b0000)
  to   space 21824K,   0% used [0x00000000e18b0000, 0x00000000e18b0000, 0x00000000e2e00000)
 concurrent mark-sweep generation total 393216K, used 31354K [0x00000000e2e00000, 0x00000000fae00000, 0x00000000fae00000)
 concurrent-mark-sweep perm gen total 35648K, used 35537K [0x00000000fae00000, 0x00000000fd0d0000, 0x0000000100000000)
}
Total time for which application threads were stopped: 0.0217862 seconds
Total time for which application threads were stopped: 0.0003837 seconds
Total time for which application threads were stopped: 0.0001989 seconds
Total time for which application threads were stopped: 0.0004367 seconds
Total time for which application threads were stopped: 0.0000723 seconds
Total time for which application threads were stopped: 0.0001078 seconds
Total time for which application threads were stopped: 0.0001270 seconds
Total time for which application threads were stopped: 0.0006998 seconds
Total time for which application threads were stopped: 0.0004688 seconds
Total time for which application threads were stopped: 0.0000599 seconds
Total time for which application threads were stopped: 0.0000719 seconds
Total time for which application threads were stopped: 0.0002267 seconds
Total time for which application threads were stopped: 0.0001416 seconds
Total time for which application threads were stopped: 0.0002305 seconds
Total time for which application threads were stopped: 0.0000907 seconds
Total time for which application threads were stopped: 0.0000950 seconds
Total time for which application threads were stopped: 0.0001300 seconds
Total time for which application threads were stopped: 0.0001313 seconds
Total time for which application threads were stopped: 0.0000492 seconds
Total time for which application threads were stopped: 0.0000937 seconds
Total time for which application threads were stopped: 0.0001617 seconds
Total time for which application threads were stopped: 0.0000813 seconds
Total time for which application threads were stopped: 0.0000753 seconds
Total time for which application threads were stopped: 0.0000997 seconds
Total time for which application threads were stopped: 0.0000757 seconds
Total time for which application threads were stopped: 0.0000945 seconds
Total time for which application threads were stopped: 0.0000834 seconds
Total time for which application threads were stopped: 0.0000877 seconds
Total time for which application threads were stopped: 0.0000577 seconds
Total time for which application threads were stopped: 0.0000684 seconds
Total time for which application threads were stopped: 0.0000714 seconds
Total time for which application threads were stopped: 0.0000834 seconds
Total time for which application threads were stopped: 0.0000710 seconds
Total time for which application threads were stopped: 0.0000834 seconds
Total time for which application threads were stopped: 0.0000569 seconds
Total time for which application threads were stopped: 0.0001245 seconds
Total time for which application threads were stopped: 0.0001163 seconds
Total time for which application threads were stopped: 0.0001121 seconds
Total time for which application threads were stopped: 0.0001826 seconds
Total time for which application threads were stopped: 0.0000984 seconds
Total time for which application threads were stopped: 0.0000962 seconds
Total time for which application threads were stopped: 0.0001536 seconds
Total time for which application threads were stopped: 0.0000813 seconds
Total time for which application threads were stopped: 0.0000813 seconds
Total time for which application threads were stopped: 0.0000800 seconds
Total time for which application threads were stopped: 0.0000616 seconds
Total time for which application threads were stopped: 0.0000731 seconds
Total time for which application threads were stopped: 0.0000565 seconds
Total time for which application threads were stopped: 0.0001202 seconds
Total time for which application threads were stopped: 0.0001536 seconds
Total time for which application threads were stopped: 0.0000672 seconds
Total time for which application threads were stopped: 0.0001193 seconds
Total time for which application threads were stopped: 0.0002092 seconds
Total time for which application threads were stopped: 0.0002340 seconds
Total time for which application threads were stopped: 0.0000813 seconds
Total time for which application threads were stopped: 0.0001309 seconds
Total time for which application threads were stopped: 0.0001771 seconds
Total time for which application threads were stopped: 0.0001373 seconds
Total time for which application threads were stopped: 0.0001356 seconds
Total time for which application threads were stopped: 0.0002425 seconds
Total time for which application threads were stopped: 0.0001625 seconds
Total time for which application threads were stopped: 0.0000954 seconds
Total time for which application threads were stopped: 0.0000667 seconds
Total time for which application threads were stopped: 0.0001061 seconds
Total time for which application threads were stopped: 0.0003794 seconds
Total time for which application threads were stopped: 0.0001266 seconds
Total time for which application threads were stopped: 0.0000483 seconds
Total time for which application threads were stopped: 0.0003289 seconds
Total time for which application threads were stopped: 0.0002032 seconds
Total time for which application threads were stopped: 0.0004008 seconds
Total time for which application threads were stopped: 0.0001655 seconds
Total time for which application threads were stopped: 0.0001035 seconds
Total time for which application threads were stopped: 0.0004162 seconds
Total time for which application threads were stopped: 0.0000488 seconds
Total time for which application threads were stopped: 0.0001112 seconds
Total time for which application threads were stopped: 0.0000719 seconds
Total time for which application threads were stopped: 0.0000496 seconds
Total time for which application threads were stopped: 0.0003862 seconds
Total time for which application threads were stopped: 0.0002797 seconds
Total time for which application threads were stopped: 0.0001715 seconds
Total time for which application threads were stopped: 0.0000693 seconds
Total time for which application threads were stopped: 0.0000885 seconds
Total time for which application threads were stopped: 0.0000633 seconds
Total time for which application threads were stopped: 0.0000569 seconds
Total time for which application threads were stopped: 0.0000603 seconds
Total time for which application threads were stopped: 0.0000659 seconds
Total time for which application threads were stopped: 0.0000573 seconds
Total time for which application threads were stopped: 0.0000509 seconds
Total time for which application threads were stopped: 0.0000496 seconds
Total time for which application threads were stopped: 0.0000573 seconds
Total time for which application threads were stopped: 0.0000667 seconds
Total time for which application threads were stopped: 0.0000774 seconds
Total time for which application threads were stopped: 0.0000791 seconds
Total time for which application threads were stopped: 0.0000778 seconds
Total time for which application threads were stopped: 0.0002887 seconds
Total time for which application threads were stopped: 0.0000855 seconds
Total time for which application threads were stopped: 0.0001014 seconds
Total time for which application threads were stopped: 0.0002904 seconds
Total time for which application threads were stopped: 0.0000462 seconds
Total time for which application threads were stopped: 0.0003353 seconds
Total time for which application threads were stopped: 0.0000513 seconds
Total time for which application threads were stopped: 0.0001450 seconds
Total time for which application threads were stopped: 0.0001086 seconds
Total time for which application threads were stopped: 0.0002840 seconds
Total time for which application threads were stopped: 0.0001121 seconds
Total time for which application threads were stopped: 0.0003832 seconds
Total time for which application threads were stopped: 0.0000642 seconds
Total time for which application threads were stopped: 0.0001822 seconds
Total time for which application threads were stopped: 0.0000672 seconds
Total time for which application threads were stopped: 0.0001565 seconds
Total time for which application threads were stopped: 0.0001459 seconds
Total time for which application threads were stopped: 0.0000992 seconds
Total time for which application threads were stopped: 0.0002314 seconds
Total time for which application threads were stopped: 0.0001578 seconds
Total time for which application threads were stopped: 0.0000894 seconds
Total time for which application threads were stopped: 0.0000830 seconds
Total time for which application threads were stopped: 0.0000778 seconds
Total time for which application threads were stopped: 0.0000624 seconds
Total time for which application threads were stopped: 0.0000937 seconds
Total time for which application threads were stopped: 0.0000877 seconds
Total time for which application threads were stopped: 0.0000813 seconds
Total time for which application threads were stopped: 0.0000992 seconds
Total time for which application threads were stopped: 0.0001882 seconds
Total time for which application threads were stopped: 0.0000898 seconds
Total time for which application threads were stopped: 0.0000950 seconds
Total time for which application threads were stopped: 0.0001061 seconds
Total time for which application threads were stopped: 0.0000826 seconds
Total time for which application threads were stopped: 0.0004106 seconds
Total time for which application threads were stopped: 0.0000505 seconds
Total time for which application threads were stopped: 0.0000423 seconds
Total time for which application threads were stopped: 0.0001283 seconds
Total time for which application threads were stopped: 0.0000689 seconds
Total time for which application threads were stopped: 0.0000796 seconds
Total time for which application threads were stopped: 0.0000988 seconds
Total time for which application threads were stopped: 0.0000813 seconds
Total time for which application threads were stopped: 0.0000654 seconds
Total time for which application threads were stopped: 0.0001039 seconds
Total time for which application threads were stopped: 0.0000731 seconds
Total time for which application threads were stopped: 0.0000701 seconds
Total time for which application threads were stopped: 0.0001112 seconds
Total time for which application threads were stopped: 0.0000620 seconds
Total time for which application threads were stopped: 0.0000800 seconds
Total time for which application threads were stopped: 0.0002891 seconds
Total time for which application threads were stopped: 0.0000522 seconds
Total time for which application threads were stopped: 0.0001548 seconds
Total time for which application threads were stopped: 0.0001677 seconds
Total time for which application threads were stopped: 0.0001394 seconds
Total time for which application threads were stopped: 0.0000911 seconds
Total time for which application threads were stopped: 0.0001420 seconds
Total time for which application threads were stopped: 0.0001253 seconds
Total time for which application threads were stopped: 0.0000821 seconds
Total time for which application threads were stopped: 0.0003319 seconds
Total time for which application threads were stopped: 0.0001305 seconds
Total time for which application threads were stopped: 0.0000556 seconds
Total time for which application threads were stopped: 0.0000496 seconds
Total time for which application threads were stopped: 0.0000513 seconds
Total time for which application threads were stopped: 0.0000518 seconds
Total time for which application threads were stopped: 0.0000526 seconds
Total time for which application threads were stopped: 0.0000513 seconds
Total time for which application threads were stopped: 0.0003169 seconds
Total time for which application threads were stopped: 0.0000552 seconds
Total time for which application threads were stopped: 0.0002780 seconds
Total time for which application threads were stopped: 0.0001069 seconds
Total time for which application threads were stopped: 0.0006754 seconds
Total time for which application threads were stopped: 0.0000894 seconds
Total time for which application threads were stopped: 0.0011467 seconds
Total time for which application threads were stopped: 0.0000894 seconds
Total time for which application threads were stopped: 0.0006989 seconds
Total time for which application threads were stopped: 0.0000873 seconds
Total time for which application threads were stopped: 0.0006553 seconds
Total time for which application threads were stopped: 0.0001685 seconds
Total time for which application threads were stopped: 0.0002708 seconds
Total time for which application threads were stopped: 0.0001651 seconds
Total time for which application threads were stopped: 0.0001548 seconds
Total time for which application threads were stopped: 0.0011219 seconds
Total time for which application threads were stopped: 0.0003144 seconds
Total time for which application threads were stopped: 0.0000774 seconds
Total time for which application threads were stopped: 0.0000441 seconds
Total time for which application threads were stopped: 0.0001655 seconds
Total time for which application threads were stopped: 0.0000864 seconds
Total time for which application threads were stopped: 0.0000890 seconds
Total time for which application threads were stopped: 0.0000851 seconds
Total time for which application threads were stopped: 0.0001027 seconds
Total time for which application threads were stopped: 0.0002156 seconds
Total time for which application threads were stopped: 0.0000603 seconds
Total time for which application threads were stopped: 0.0000988 seconds
Total time for which application threads were stopped: 0.0000885 seconds
Total time for which application threads were stopped: 0.0004324 seconds
Total time for which application threads were stopped: 0.0003118 seconds
Total time for which application threads were stopped: 0.0002998 seconds
Total time for which application threads were stopped: 0.0000479 seconds
Total time for which application threads were stopped: 0.0001775 seconds
Total time for which application threads were stopped: 0.0001369 seconds
Total time for which application threads were stopped: 0.0007190 seconds
Total time for which application threads were stopped: 0.0002211 seconds
Total time for which application threads were stopped: 0.0000928 seconds
Total time for which application threads were stopped: 0.0000924 seconds
Total time for which application threads were stopped: 0.0000804 seconds
Total time for which application threads were stopped: 0.0000783 seconds
Total time for which application threads were stopped: 0.0001009 seconds
Total time for which application threads were stopped: 0.0000954 seconds
Total time for which application threads were stopped: 0.0000774 seconds
Total time for which application threads were stopped: 0.0000714 seconds
Total time for which application threads were stopped: 0.0000941 seconds
Total time for which application threads were stopped: 0.0000864 seconds
Total time for which application threads were stopped: 0.0001313 seconds
Total time for which application threads were stopped: 0.0000954 seconds
Total time for which application threads were stopped: 0.0000907 seconds
Total time for which application threads were stopped: 0.0001933 seconds
Total time for which application threads were stopped: 0.0008067 seconds
Total time for which application threads were stopped: 0.0008644 seconds
Total time for which application threads were stopped: 0.0009063 seconds
Total time for which application threads were stopped: 0.0001249 seconds
Total time for which application threads were stopped: 0.0000937 seconds
Total time for which application threads were stopped: 0.0001223 seconds
Total time for which application threads were stopped: 0.0001086 seconds
Total time for which application threads were stopped: 0.0001719 seconds
{Heap before GC invocations=28 (full 0):
 par new generation   total 109248K, used 109248K [0x00000000dae00000, 0x00000000e2e00000, 0x00000000e2e00000)
  eden space 87424K, 100% used [0x00000000dae00000, 0x00000000e0360000, 0x00000000e0360000)
  from space 21824K, 100% used [0x00000000e0360000, 0x00000000e18b0000, 0x00000000e18b0000)
  to   space 21824K,   0% used [0x00000000e18b0000, 0x00000000e18b0000, 0x00000000e2e00000)
 concurrent mark-sweep generation total 393216K, used 31354K [0x00000000e2e00000, 0x00000000fae00000, 0x00000000fae00000)
 concurrent-mark-sweep perm gen total 35840K, used 35601K [0x00000000fae00000, 0x00000000fd100000, 0x0000000100000000)
2015-04-23T12:09:41.218-0400: 4758.772: [GC 4758.772: [ParNew
Desired survivor size 20112992 bytes, new threshold 8 (max 8)
- age   1:    2781968 bytes,    2781968 total
- age   2:     818712 bytes,    3600680 total
- age   3:     562008 bytes,    4162688 total
- age   4:    2299648 bytes,    6462336 total
- age   5:    4750456 bytes,   11212792 total
- age   6:    3676336 bytes,   14889128 total
: 109248K->18833K(109248K), 0.0129370 secs] 140602K->50187K(502464K), 0.0130576 secs] [Times: user=0.08 sys=0.00, real=0.01 secs] 
Heap after GC invocations=29 (full 0):
 par new generation   total 109248K, used 18833K [0x00000000dae00000, 0x00000000e2e00000, 0x00000000e2e00000)
  eden space 87424K,   0% used [0x00000000dae00000, 0x00000000dae00000, 0x00000000e0360000)
  from space 21824K,  86% used [0x00000000e18b0000, 0x00000000e2b14750, 0x00000000e2e00000)
  to   space 21824K,   0% used [0x00000000e0360000, 0x00000000e0360000, 0x00000000e18b0000)
 concurrent mark-sweep generation total 393216K, used 31354K [0x00000000e2e00000, 0x00000000fae00000, 0x00000000fae00000)
 concurrent-mark-sweep perm gen total 35840K, used 35601K [0x00000000fae00000, 0x00000000fd100000, 0x0000000100000000)
}
Total time for which application threads were stopped: 0.0135516 seconds
Total time for which application threads were stopped: 0.0002708 seconds
Total time for which application threads were stopped: 0.0004170 seconds
Total time for which application threads were stopped: 0.0002199 seconds
Total time for which application threads were stopped: 0.0001506 seconds
Total time for which application threads were stopped: 0.0000967 seconds
Total time for which application threads were stopped: 0.0001638 seconds
Total time for which application threads were stopped: 0.0001189 seconds
Total time for which application threads were stopped: 0.0000659 seconds
Total time for which application threads were stopped: 0.0000518 seconds
Total time for which application threads were stopped: 0.0000847 seconds
Total time for which application threads were stopped: 0.0007053 seconds
Total time for which application threads were stopped: 0.0004230 seconds
Total time for which application threads were stopped: 0.0000800 seconds
Total time for which application threads were stopped: 0.0001903 seconds
Total time for which application threads were stopped: 0.0001300 seconds
Total time for which application threads were stopped: 0.0000873 seconds
Total time for which application threads were stopped: 0.0000663 seconds
Total time for which application threads were stopped: 0.0002943 seconds
Total time for which application threads were stopped: 0.0002870 seconds
Total time for which application threads were stopped: 0.0000479 seconds
Total time for which application threads were stopped: 0.0001570 seconds
Total time for which application threads were stopped: 0.0002305 seconds
Total time for which application threads were stopped: 0.0002032 seconds
Total time for which application threads were stopped: 0.0003764 seconds
Total time for which application threads were stopped: 0.0007246 seconds
Total time for which application threads were stopped: 0.0001463 seconds
Total time for which application threads were stopped: 0.0001300 seconds
Total time for which application threads were stopped: 0.0000924 seconds
Total time for which application threads were stopped: 0.0000701 seconds
Total time for which application threads were stopped: 0.0000954 seconds
Total time for which application threads were stopped: 0.0000907 seconds
Total time for which application threads were stopped: 0.0001018 seconds
Total time for which application threads were stopped: 0.0000843 seconds
Total time for which application threads were stopped: 0.0009243 seconds
Total time for which application threads were stopped: 0.0000868 seconds
Total time for which application threads were stopped: 0.0000851 seconds
Total time for which application threads were stopped: 0.0000992 seconds
Total time for which application threads were stopped: 0.0001514 seconds
Total time for which application threads were stopped: 0.0000650 seconds
Total time for which application threads were stopped: 0.0000706 seconds
Total time for which application threads were stopped: 0.0000672 seconds
Total time for which application threads were stopped: 0.0000778 seconds
Total time for which application threads were stopped: 0.0004491 seconds
Total time for which application threads were stopped: 0.0003122 seconds
Total time for which application threads were stopped: 0.0002216 seconds
Total time for which application threads were stopped: 0.0005612 seconds
Total time for which application threads were stopped: 0.0000791 seconds
Total time for which application threads were stopped: 0.0000962 seconds
Total time for which application threads were stopped: 0.0001625 seconds
Total time for which application threads were stopped: 0.0000813 seconds
Total time for which application threads were stopped: 0.0001707 seconds
Total time for which application threads were stopped: 0.0001732 seconds
Total time for which application threads were stopped: 0.0004354 seconds
Total time for which application threads were stopped: 0.0002678 seconds
Total time for which application threads were stopped: 0.0001920 seconds
Total time for which application threads were stopped: 0.0002797 seconds
Total time for which application threads were stopped: 0.0000851 seconds
Total time for which application threads were stopped: 0.0000518 seconds
Total time for which application threads were stopped: 0.0003563 seconds
Total time for which application threads were stopped: 0.0001048 seconds
Total time for which application threads were stopped: 0.0001309 seconds
Total time for which application threads were stopped: 0.0002045 seconds
Total time for which application threads were stopped: 0.0002263 seconds
Total time for which application threads were stopped: 0.0010890 seconds
Total time for which application threads were stopped: 0.0001373 seconds
Total time for which application threads were stopped: 0.0001647 seconds
Total time for which application threads were stopped: 0.0002164 seconds
Total time for which application threads were stopped: 0.0000830 seconds
Total time for which application threads were stopped: 0.0001061 seconds
Total time for which application threads were stopped: 0.0000967 seconds
Total time for which application threads were stopped: 0.0000971 seconds
Total time for which application threads were stopped: 0.0000924 seconds
Total time for which application threads were stopped: 0.0000817 seconds
Total time for which application threads were stopped: 0.0000689 seconds
Total time for which application threads were stopped: 0.0001433 seconds
Total time for which application threads were stopped: 0.0001454 seconds
Total time for which application threads were stopped: 0.0001240 seconds
Total time for which application threads were stopped: 0.0001625 seconds
Total time for which application threads were stopped: 0.0000774 seconds
{Heap before GC invocations=29 (full 0):
 par new generation   total 109248K, used 106257K [0x00000000dae00000, 0x00000000e2e00000, 0x00000000e2e00000)
  eden space 87424K, 100% used [0x00000000dae00000, 0x00000000e0360000, 0x00000000e0360000)
  from space 21824K,  86% used [0x00000000e18b0000, 0x00000000e2b14750, 0x00000000e2e00000)
  to   space 21824K,   0% used [0x00000000e0360000, 0x00000000e0360000, 0x00000000e18b0000)
 concurrent mark-sweep generation total 393216K, used 31354K [0x00000000e2e00000, 0x00000000fae00000, 0x00000000fae00000)
 concurrent-mark-sweep perm gen total 35840K, used 35664K [0x00000000fae00000, 0x00000000fd100000, 0x0000000100000000)
2015-04-23T12:12:50.950-0400: 4948.493: [GC 4948.493: [ParNew
Desired survivor size 20112992 bytes, new threshold 8 (max 8)
- age   1:    1469656 bytes,    1469656 total
- age   2:    1584840 bytes,    3054496 total
- age   3:     580248 bytes,    3634744 total
- age   4:     562008 bytes,    4196752 total
- age   5:    2298816 bytes,    6495568 total
- age   6:    4499824 bytes,   10995392 total
- age   7:    3672800 bytes,   14668192 total
: 106257K->18462K(109248K), 0.0125396 secs] 137611K->49816K(502464K), 0.0126534 secs] [Times: user=0.00 sys=0.00, real=0.01 secs] 
Heap after GC invocations=30 (full 0):
 par new generation   total 109248K, used 18462K [0x00000000dae00000, 0x00000000e2e00000, 0x00000000e2e00000)
  eden space 87424K,   0% used [0x00000000dae00000, 0x00000000dae00000, 0x00000000e0360000)
  from space 21824K,  84% used [0x00000000e0360000, 0x00000000e15678d0, 0x00000000e18b0000)
  to   space 21824K,   0% used [0x00000000e18b0000, 0x00000000e18b0000, 0x00000000e2e00000)
 concurrent mark-sweep generation total 393216K, used 31354K [0x00000000e2e00000, 0x00000000fae00000, 0x00000000fae00000)
 concurrent-mark-sweep perm gen total 35840K, used 35664K [0x00000000fae00000, 0x00000000fd100000, 0x0000000100000000)
}
Total time for which application threads were stopped: 0.0129875 seconds
Total time for which application threads were stopped: 0.0001262 seconds
Total time for which application threads were stopped: 0.0000920 seconds
Total time for which application threads were stopped: 0.0005150 seconds
Total time for which application threads were stopped: 0.0003003 seconds
Total time for which application threads were stopped: 0.0005347 seconds
Total time for which application threads were stopped: 0.0002797 seconds
Total time for which application threads were stopped: 0.0001091 seconds
Total time for which application threads were stopped: 0.0002254 seconds
Total time for which application threads were stopped: 0.0004979 seconds
Total time for which application threads were stopped: 0.0000907 seconds
Total time for which application threads were stopped: 0.0001232 seconds
Total time for which application threads were stopped: 0.0000932 seconds
Total time for which application threads were stopped: 0.0001240 seconds
Total time for which application threads were stopped: 0.0000971 seconds
Total time for which application threads were stopped: 0.0001198 seconds
Total time for which application threads were stopped: 0.0000962 seconds
Total time for which application threads were stopped: 0.0001364 seconds
Total time for which application threads were stopped: 0.0000723 seconds
Total time for which application threads were stopped: 0.0000954 seconds
Total time for which application threads were stopped: 0.0005689 seconds
Total time for which application threads were stopped: 0.0001809 seconds
Total time for which application threads were stopped: 0.0000560 seconds
Total time for which application threads were stopped: 0.0001377 seconds
Total time for which application threads were stopped: 0.0001420 seconds
Total time for which application threads were stopped: 0.0000637 seconds
Total time for which application threads were stopped: 0.0000599 seconds
Total time for which application threads were stopped: 0.0000791 seconds
Total time for which application threads were stopped: 0.0001322 seconds
Total time for which application threads were stopped: 0.0000633 seconds
Total time for which application threads were stopped: 0.0001086 seconds
Total time for which application threads were stopped: 0.0000449 seconds
Total time for which application threads were stopped: 0.0000582 seconds
Total time for which application threads were stopped: 0.0002917 seconds
Total time for which application threads were stopped: 0.0002049 seconds
Total time for which application threads were stopped: 0.0000505 seconds
Total time for which application threads were stopped: 0.0002228 seconds
Total time for which application threads were stopped: 0.0001570 seconds
Total time for which application threads were stopped: 0.0002720 seconds
Total time for which application threads were stopped: 0.0000975 seconds
Total time for which application threads were stopped: 0.0001142 seconds
Total time for which application threads were stopped: 0.0000838 seconds
Total time for which application threads were stopped: 0.0003721 seconds
Total time for which application threads were stopped: 0.0004102 seconds
Total time for which application threads were stopped: 0.0002485 seconds
Total time for which application threads were stopped: 0.0007387 seconds
Total time for which application threads were stopped: 0.0002883 seconds
Total time for which application threads were stopped: 0.0000505 seconds
Total time for which application threads were stopped: 0.0002263 seconds
Total time for which application threads were stopped: 0.0001035 seconds
Total time for which application threads were stopped: 0.0005599 seconds
Total time for which application threads were stopped: 0.0002173 seconds
Total time for which application threads were stopped: 0.0001031 seconds
Total time for which application threads were stopped: 0.0000821 seconds
Total time for which application threads were stopped: 0.0007425 seconds
Total time for which application threads were stopped: 0.0001279 seconds
Total time for which application threads were stopped: 0.0000851 seconds
Total time for which application threads were stopped: 0.0001035 seconds
Total time for which application threads were stopped: 0.0001027 seconds
Total time for which application threads were stopped: 0.0000992 seconds
Total time for which application threads were stopped: 0.0002635 seconds
Total time for which application threads were stopped: 0.0004585 seconds
Total time for which application threads were stopped: 0.0001416 seconds
Total time for which application threads were stopped: 0.0002395 seconds
Total time for which application threads were stopped: 0.0001664 seconds
Total time for which application threads were stopped: 0.0001172 seconds
Total time for which application threads were stopped: 0.0001707 seconds
Total time for which application threads were stopped: 0.0003678 seconds
Total time for which application threads were stopped: 0.0000843 seconds
Total time for which application threads were stopped: 0.0005488 seconds
Total time for which application threads were stopped: 0.0003088 seconds
Total time for which application threads were stopped: 0.0001236 seconds
Total time for which application threads were stopped: 0.0000560 seconds
Total time for which application threads were stopped: 0.0002879 seconds
Total time for which application threads were stopped: 0.0005706 seconds
{Heap before GC invocations=30 (full 0):
 par new generation   total 109248K, used 105886K [0x00000000dae00000, 0x00000000e2e00000, 0x00000000e2e00000)
  eden space 87424K, 100% used [0x00000000dae00000, 0x00000000e0360000, 0x00000000e0360000)
  from space 21824K,  84% used [0x00000000e0360000, 0x00000000e15678d0, 0x00000000e18b0000)
  to   space 21824K,   0% used [0x00000000e18b0000, 0x00000000e18b0000, 0x00000000e2e00000)
 concurrent mark-sweep generation total 393216K, used 31354K [0x00000000e2e00000, 0x00000000fae00000, 0x00000000fae00000)
 concurrent-mark-sweep perm gen total 35840K, used 35694K [0x00000000fae00000, 0x00000000fd100000, 0x0000000100000000)
2015-04-23T12:14:08.112-0400: 5025.654: [GC 5025.654: [ParNew
Desired survivor size 20112992 bytes, new threshold 8 (max 8)
- age   1:    1078256 bytes,    1078256 total
- age   2:     418616 bytes,    1496872 total
- age   3:    1558344 bytes,    3055216 total
- age   4:     573024 bytes,    3628240 total
- age   5:     562008 bytes,    4190248 total
- age   6:    2298816 bytes,    6489064 total
- age   7:    4497568 bytes,   10986632 total
- age   8:    3672672 bytes,   14659304 total
: 105886K->17006K(109248K), 0.0118206 secs] 137240K->48360K(502464K), 0.0120191 secs] [Times: user=0.00 sys=0.00, real=0.01 secs] 
Heap after GC invocations=31 (full 0):
 par new generation   total 109248K, used 17006K [0x00000000dae00000, 0x00000000e2e00000, 0x00000000e2e00000)
  eden space 87424K,   0% used [0x00000000dae00000, 0x00000000dae00000, 0x00000000e0360000)
  from space 21824K,  77% used [0x00000000e18b0000, 0x00000000e294bab8, 0x00000000e2e00000)
  to   space 21824K,   0% used [0x00000000e0360000, 0x00000000e0360000, 0x00000000e18b0000)
 concurrent mark-sweep generation total 393216K, used 31354K [0x00000000e2e00000, 0x00000000fae00000, 0x00000000fae00000)
 concurrent-mark-sweep perm gen total 35840K, used 35694K [0x00000000fae00000, 0x00000000fd100000, 0x0000000100000000)
}
Total time for which application threads were stopped: 0.0125567 seconds
Total time for which application threads were stopped: 0.0003516 seconds
Total time for which application threads were stopped: 0.0003563 seconds
Total time for which application threads were stopped: 0.0000500 seconds
Total time for which application threads were stopped: 0.0001497 seconds
{Heap before GC invocations=31 (full 0):
 par new generation   total 109248K, used 104430K [0x00000000dae00000, 0x00000000e2e00000, 0x00000000e2e00000)
  eden space 87424K, 100% used [0x00000000dae00000, 0x00000000e0360000, 0x00000000e0360000)
  from space 21824K,  77% used [0x00000000e18b0000, 0x00000000e294bab8, 0x00000000e2e00000)
  to   space 21824K,   0% used [0x00000000e0360000, 0x00000000e0360000, 0x00000000e18b0000)
 concurrent mark-sweep generation total 393216K, used 31354K [0x00000000e2e00000, 0x00000000fae00000, 0x00000000fae00000)
 concurrent-mark-sweep perm gen total 35840K, used 35705K [0x00000000fae00000, 0x00000000fd100000, 0x0000000100000000)
2015-04-23T12:14:28.917-0400: 5046.458: [GC 5046.458: [ParNew
Desired survivor size 20112992 bytes, new threshold 8 (max 8)
- age   1:     562784 bytes,     562784 total
- age   2:     518536 bytes,    1081320 total
- age   3:     400424 bytes,    1481744 total
- age   4:    1558168 bytes,    3039912 total
- age   5:     571768 bytes,    3611680 total
- age   6:     562008 bytes,    4173688 total
- age   7:    2298816 bytes,    6472504 total
- age   8:    4497088 bytes,   10969592 total
: 104430K->16128K(109248K), 0.0148002 secs] 135784K->51136K(502464K), 0.0149152 secs] [Times: user=0.05 sys=0.01, real=0.01 secs] 
Heap after GC invocations=32 (full 0):
 par new generation   total 109248K, used 16128K [0x00000000dae00000, 0x00000000e2e00000, 0x00000000e2e00000)
  eden space 87424K,   0% used [0x00000000dae00000, 0x00000000dae00000, 0x00000000e0360000)
  from space 21824K,  73% used [0x00000000e0360000, 0x00000000e13203f0, 0x00000000e18b0000)
  to   space 21824K,   0% used [0x00000000e18b0000, 0x00000000e18b0000, 0x00000000e2e00000)
 concurrent mark-sweep generation total 393216K, used 35007K [0x00000000e2e00000, 0x00000000fae00000, 0x00000000fae00000)
 concurrent-mark-sweep perm gen total 35840K, used 35705K [0x00000000fae00000, 0x00000000fd100000, 0x0000000100000000)
}
Total time for which application threads were stopped: 0.0155790 seconds
Total time for which application threads were stopped: 0.0002840 seconds
Total time for which application threads were stopped: 0.0002951 seconds
Total time for which application threads were stopped: 0.0000436 seconds
Total time for which application threads were stopped: 0.0002404 seconds
{Heap before GC invocations=32 (full 0):
 par new generation   total 109248K, used 103552K [0x00000000dae00000, 0x00000000e2e00000, 0x00000000e2e00000)
  eden space 87424K, 100% used [0x00000000dae00000, 0x00000000e0360000, 0x00000000e0360000)
  from space 21824K,  73% used [0x00000000e0360000, 0x00000000e13203f0, 0x00000000e18b0000)
  to   space 21824K,   0% used [0x00000000e18b0000, 0x00000000e18b0000, 0x00000000e2e00000)
 concurrent mark-sweep generation total 393216K, used 35007K [0x00000000e2e00000, 0x00000000fae00000, 0x00000000fae00000)
 concurrent-mark-sweep perm gen total 35840K, used 35708K [0x00000000fae00000, 0x00000000fd100000, 0x0000000100000000)
2015-04-23T12:14:57.814-0400: 5075.354: [GC 5075.354: [ParNew
Desired survivor size 20112992 bytes, new threshold 8 (max 8)
- age   1:     576480 bytes,     576480 total
- age   2:      22416 bytes,     598896 total
- age   3:     517896 bytes,    1116792 total
- age   4:     400424 bytes,    1517216 total
- age   5:    1557992 bytes,    3075208 total
- age   6:     569728 bytes,    3644936 total
- age   7:     562008 bytes,    4206944 total
- age   8:    2298816 bytes,    6505760 total
: 103552K->9390K(109248K), 0.0102154 secs] 138560K->48833K(502464K), 0.0103308 secs] [Times: user=0.00 sys=0.00, real=0.01 secs] 
Heap after GC invocations=33 (full 0):
 par new generation   total 109248K, used 9390K [0x00000000dae00000, 0x00000000e2e00000, 0x00000000e2e00000)
  eden space 87424K,   0% used [0x00000000dae00000, 0x00000000dae00000, 0x00000000e0360000)
  from space 21824K,  43% used [0x00000000e18b0000, 0x00000000e21dbbf8, 0x00000000e2e00000)
  to   space 21824K,   0% used [0x00000000e0360000, 0x00000000e0360000, 0x00000000e18b0000)
 concurrent mark-sweep generation total 393216K, used 39442K [0x00000000e2e00000, 0x00000000fae00000, 0x00000000fae00000)
 concurrent-mark-sweep perm gen total 35840K, used 35708K [0x00000000fae00000, 0x00000000fd100000, 0x0000000100000000)
}
Total time for which application threads were stopped: 0.0108163 seconds
Total time for which application threads were stopped: 0.0002909 seconds
Total time for which application threads were stopped: 0.0003306 seconds
Total time for which application threads were stopped: 0.0001056 seconds
Total time for which application threads were stopped: 0.0000565 seconds
Total time for which application threads were stopped: 0.0000547 seconds
Total time for which application threads were stopped: 0.0000505 seconds
Total time for which application threads were stopped: 0.0000586 seconds
Total time for which application threads were stopped: 0.0000565 seconds
Total time for which application threads were stopped: 0.0000573 seconds
Total time for which application threads were stopped: 0.0000483 seconds
Total time for which application threads were stopped: 0.0000744 seconds
Total time for which application threads were stopped: 0.0004140 seconds
Total time for which application threads were stopped: 0.0001215 seconds
Total time for which application threads were stopped: 0.0004316 seconds
Total time for which application threads were stopped: 0.0001069 seconds
Total time for which application threads were stopped: 0.0000838 seconds
Total time for which application threads were stopped: 0.0001099 seconds
Total time for which application threads were stopped: 0.0000731 seconds
Total time for which application threads were stopped: 0.0007729 seconds
Total time for which application threads were stopped: 0.0001159 seconds
Total time for which application threads were stopped: 0.0001690 seconds
Total time for which application threads were stopped: 0.0001788 seconds
Total time for which application threads were stopped: 0.0008157 seconds
Total time for which application threads were stopped: 0.0000676 seconds
Total time for which application threads were stopped: 0.0001861 seconds
Total time for which application threads were stopped: 0.0001548 seconds
Total time for which application threads were stopped: 0.0000851 seconds
Total time for which application threads were stopped: 0.0000616 seconds
Total time for which application threads were stopped: 0.0003614 seconds
Total time for which application threads were stopped: 0.0005013 seconds
Total time for which application threads were stopped: 0.0003777 seconds
Total time for which application threads were stopped: 0.0001270 seconds
Total time for which application threads were stopped: 0.0001138 seconds
Total time for which application threads were stopped: 0.0000684 seconds
Total time for which application threads were stopped: 0.0000629 seconds
Total time for which application threads were stopped: 0.0000757 seconds
Total time for which application threads were stopped: 0.0000509 seconds
Total time for which application threads were stopped: 0.0003306 seconds
Total time for which application threads were stopped: 0.0000684 seconds
Total time for which application threads were stopped: 0.0003268 seconds
Total time for which application threads were stopped: 0.0000907 seconds
Total time for which application threads were stopped: 0.0002417 seconds
Total time for which application threads were stopped: 0.0000620 seconds
Total time for which application threads were stopped: 0.0003212 seconds
Total time for which application threads were stopped: 0.0001138 seconds
Total time for which application threads were stopped: 0.0000680 seconds
Total time for which application threads were stopped: 0.0000663 seconds
Total time for which application threads were stopped: 0.0000855 seconds
Total time for which application threads were stopped: 0.0000941 seconds
Total time for which application threads were stopped: 0.0001493 seconds
Total time for which application threads were stopped: 0.0000924 seconds
Total time for which application threads were stopped: 0.0001270 seconds
Total time for which application threads were stopped: 0.0002143 seconds
Total time for which application threads were stopped: 0.0001313 seconds
Total time for which application threads were stopped: 0.0000932 seconds
Total time for which application threads were stopped: 0.0001236 seconds
Total time for which application threads were stopped: 0.0001048 seconds
Total time for which application threads were stopped: 0.0000744 seconds
Total time for which application threads were stopped: 0.0000684 seconds
Total time for which application threads were stopped: 0.0000915 seconds
Total time for which application threads were stopped: 0.0000650 seconds
Total time for which application threads were stopped: 0.0000620 seconds
Total time for which application threads were stopped: 0.0001258 seconds
Total time for which application threads were stopped: 0.0000736 seconds
Total time for which application threads were stopped: 0.0000838 seconds
Total time for which application threads were stopped: 0.0001407 seconds
Total time for which application threads were stopped: 0.0000992 seconds
Total time for which application threads were stopped: 0.0000701 seconds
Total time for which application threads were stopped: 0.0000744 seconds
Total time for which application threads were stopped: 0.0000774 seconds
Total time for which application threads were stopped: 0.0000633 seconds
Total time for which application threads were stopped: 0.0000731 seconds
Total time for which application threads were stopped: 0.0000547 seconds
Total time for which application threads were stopped: 0.0000530 seconds
Total time for which application threads were stopped: 0.0000624 seconds
Total time for which application threads were stopped: 0.0002973 seconds
Total time for which application threads were stopped: 0.0001617 seconds
Total time for which application threads were stopped: 0.0000624 seconds
Total time for which application threads were stopped: 0.0003028 seconds
Total time for which application threads were stopped: 0.0000509 seconds
Total time for which application threads were stopped: 0.0001031 seconds
Total time for which application threads were stopped: 0.0001104 seconds
Total time for which application threads were stopped: 0.0001831 seconds
Total time for which application threads were stopped: 0.0001249 seconds
Total time for which application threads were stopped: 0.0001206 seconds
Total time for which application threads were stopped: 0.0001279 seconds
Total time for which application threads were stopped: 0.0001181 seconds
Total time for which application threads were stopped: 0.0000518 seconds
Total time for which application threads were stopped: 0.0000753 seconds
Total time for which application threads were stopped: 0.0004363 seconds
Total time for which application threads were stopped: 0.0002002 seconds
Total time for which application threads were stopped: 0.0000979 seconds
Total time for which application threads were stopped: 0.0002002 seconds
Total time for which application threads were stopped: 0.0003777 seconds
Total time for which application threads were stopped: 0.0003199 seconds
Total time for which application threads were stopped: 0.0001009 seconds
Total time for which application threads were stopped: 0.0001249 seconds
Total time for which application threads were stopped: 0.0001364 seconds
Total time for which application threads were stopped: 0.0000518 seconds
Total time for which application threads were stopped: 0.0000492 seconds
Total time for which application threads were stopped: 0.0002819 seconds
Total time for which application threads were stopped: 0.0000684 seconds
Total time for which application threads were stopped: 0.0000646 seconds
Total time for which application threads were stopped: 0.0004068 seconds
Total time for which application threads were stopped: 0.0002669 seconds
Total time for which application threads were stopped: 0.0000650 seconds
Total time for which application threads were stopped: 0.0002639 seconds
Total time for which application threads were stopped: 0.0005146 seconds
Total time for which application threads were stopped: 0.0003512 seconds
Total time for which application threads were stopped: 0.0002660 seconds
Total time for which application threads were stopped: 0.0001275 seconds
Total time for which application threads were stopped: 0.0000436 seconds
Total time for which application threads were stopped: 0.0001146 seconds
Total time for which application threads were stopped: 0.0000513 seconds
Total time for which application threads were stopped: 0.0000496 seconds
Total time for which application threads were stopped: 0.0000483 seconds
Total time for which application threads were stopped: 0.0000488 seconds
Total time for which application threads were stopped: 0.0000483 seconds
Total time for which application threads were stopped: 0.0003341 seconds
Total time for which application threads were stopped: 0.0000445 seconds
Total time for which application threads were stopped: 0.0003242 seconds
Total time for which application threads were stopped: 0.0000650 seconds
Total time for which application threads were stopped: 0.0000612 seconds
Total time for which application threads were stopped: 0.0000586 seconds
Total time for which application threads were stopped: 0.0004406 seconds
Total time for which application threads were stopped: 0.0000453 seconds
Total time for which application threads were stopped: 0.0005492 seconds
Total time for which application threads were stopped: 0.0004132 seconds
Total time for which application threads were stopped: 0.0003619 seconds
Total time for which application threads were stopped: 0.0000915 seconds
Total time for which application threads were stopped: 0.0000753 seconds
Total time for which application threads were stopped: 0.0000898 seconds
Total time for which application threads were stopped: 0.0001279 seconds
Total time for which application threads were stopped: 0.0000774 seconds
Total time for which application threads were stopped: 0.0000761 seconds
Total time for which application threads were stopped: 0.0000667 seconds
Total time for which application threads were stopped: 0.0000920 seconds
Total time for which application threads were stopped: 0.0005868 seconds
Total time for which application threads were stopped: 0.0000582 seconds
Total time for which application threads were stopped: 0.0001061 seconds
Total time for which application threads were stopped: 0.0001129 seconds
Total time for which application threads were stopped: 0.0006715 seconds
Total time for which application threads were stopped: 0.0001514 seconds
{Heap before GC invocations=33 (full 0):
 par new generation   total 109248K, used 96814K [0x00000000dae00000, 0x00000000e2e00000, 0x00000000e2e00000)
  eden space 87424K, 100% used [0x00000000dae00000, 0x00000000e0360000, 0x00000000e0360000)
  from space 21824K,  43% used [0x00000000e18b0000, 0x00000000e21dbbf8, 0x00000000e2e00000)
  to   space 21824K,   0% used [0x00000000e0360000, 0x00000000e0360000, 0x00000000e18b0000)
 concurrent mark-sweep generation total 393216K, used 39442K [0x00000000e2e00000, 0x00000000fae00000, 0x00000000fae00000)
 concurrent-mark-sweep perm gen total 35840K, used 35720K [0x00000000fae00000, 0x00000000fd100000, 0x0000000100000000)
2015-04-23T12:40:02.068-0400: 6579.576: [GC 6579.576: [ParNew
Desired survivor size 20112992 bytes, new threshold 8 (max 8)
- age   1:    2710992 bytes,    2710992 total
- age   2:      16848 bytes,    2727840 total
- age   3:      13408 bytes,    2741248 total
- age   4:      78312 bytes,    2819560 total
- age   5:     389400 bytes,    3208960 total
- age   6:    1185272 bytes,    4394232 total
- age   7:     508064 bytes,    4902296 total
- age   8:     561376 bytes,    5463672 total
: 96814K->7448K(109248K), 0.0095464 secs] 136257K->49135K(502464K), 0.0096640 secs] [Times: user=0.00 sys=0.00, real=0.01 secs] 
Heap after GC invocations=34 (full 0):
 par new generation   total 109248K, used 7448K [0x00000000dae00000, 0x00000000e2e00000, 0x00000000e2e00000)
  eden space 87424K,   0% used [0x00000000dae00000, 0x00000000dae00000, 0x00000000e0360000)
  from space 21824K,  34% used [0x00000000e0360000, 0x00000000e0aa6080, 0x00000000e18b0000)
  to   space 21824K,   0% used [0x00000000e18b0000, 0x00000000e18b0000, 0x00000000e2e00000)
 concurrent mark-sweep generation total 393216K, used 41687K [0x00000000e2e00000, 0x00000000fae00000, 0x00000000fae00000)
 concurrent-mark-sweep perm gen total 35840K, used 35720K [0x00000000fae00000, 0x00000000fd100000, 0x0000000100000000)
}
Total time for which application threads were stopped: 0.0099793 seconds
Total time for which application threads were stopped: 0.0001441 seconds
Total time for which application threads were stopped: 0.0001005 seconds
Total time for which application threads were stopped: 0.0000654 seconds
Total time for which application threads were stopped: 0.0000847 seconds
Total time for which application threads were stopped: 0.0000864 seconds
Total time for which application threads were stopped: 0.0001561 seconds
Total time for which application threads were stopped: 0.0000838 seconds
Total time for which application threads were stopped: 0.0000984 seconds
Total time for which application threads were stopped: 0.0001360 seconds
Total time for which application threads were stopped: 0.0000971 seconds
Total time for which application threads were stopped: 0.0000543 seconds
Total time for which application threads were stopped: 0.0002425 seconds
Total time for which application threads were stopped: 0.0001565 seconds
Total time for which application threads were stopped: 0.0001258 seconds
Total time for which application threads were stopped: 0.0001317 seconds
Total time for which application threads were stopped: 0.0001660 seconds
Total time for which application threads were stopped: 0.0000941 seconds
Total time for which application threads were stopped: 0.0000928 seconds
Total time for which application threads were stopped: 0.0001181 seconds
Total time for which application threads were stopped: 0.0001155 seconds
Total time for which application threads were stopped: 0.0000774 seconds
Total time for which application threads were stopped: 0.0000967 seconds
Total time for which application threads were stopped: 0.0000920 seconds
Total time for which application threads were stopped: 0.0000945 seconds
Total time for which application threads were stopped: 0.0001390 seconds
Total time for which application threads were stopped: 0.0001317 seconds
Total time for which application threads were stopped: 0.0000855 seconds
Total time for which application threads were stopped: 0.0000847 seconds
Total time for which application threads were stopped: 0.0000911 seconds
Total time for which application threads were stopped: 0.0000757 seconds
Total time for which application threads were stopped: 0.0000903 seconds
Total time for which application threads were stopped: 0.0003683 seconds
Total time for which application threads were stopped: 0.0001719 seconds
Total time for which application threads were stopped: 0.0000556 seconds
Total time for which application threads were stopped: 0.0000526 seconds
Total time for which application threads were stopped: 0.0000731 seconds
Total time for which application threads were stopped: 0.0002960 seconds
Total time for which application threads were stopped: 0.0000445 seconds
Total time for which application threads were stopped: 0.0000642 seconds
Total time for which application threads were stopped: 0.0000731 seconds
Total time for which application threads were stopped: 0.0000731 seconds
Total time for which application threads were stopped: 0.0000659 seconds
Total time for which application threads were stopped: 0.0001009 seconds
Total time for which application threads were stopped: 0.0001403 seconds
Total time for which application threads were stopped: 0.0001005 seconds
Total time for which application threads were stopped: 0.0000778 seconds
Total time for which application threads were stopped: 0.0000796 seconds
Total time for which application threads were stopped: 0.0000616 seconds
Total time for which application threads were stopped: 0.0000808 seconds
Total time for which application threads were stopped: 0.0000676 seconds
Total time for which application threads were stopped: 0.0000672 seconds
Total time for which application threads were stopped: 0.0000535 seconds
Total time for which application threads were stopped: 0.0000826 seconds
Total time for which application threads were stopped: 0.0002062 seconds
Total time for which application threads were stopped: 0.0000740 seconds
Total time for which application threads were stopped: 0.0000834 seconds
Total time for which application threads were stopped: 0.0000847 seconds
Total time for which application threads were stopped: 0.0000595 seconds
Total time for which application threads were stopped: 0.0000577 seconds
Total time for which application threads were stopped: 0.0000505 seconds
Total time for which application threads were stopped: 0.0000543 seconds
Total time for which application threads were stopped: 0.0000642 seconds
Total time for which application threads were stopped: 0.0001980 seconds
Total time for which application threads were stopped: 0.0001459 seconds
Total time for which application threads were stopped: 0.0001206 seconds
Total time for which application threads were stopped: 0.0000650 seconds
Total time for which application threads were stopped: 0.0001775 seconds
Total time for which application threads were stopped: 0.0001279 seconds
Total time for which application threads were stopped: 0.0001078 seconds
Total time for which application threads were stopped: 0.0000817 seconds
Total time for which application threads were stopped: 0.0000663 seconds
Total time for which application threads were stopped: 0.0000749 seconds
Total time for which application threads were stopped: 0.0003251 seconds
Total time for which application threads were stopped: 0.0000458 seconds
Total time for which application threads were stopped: 0.0001617 seconds
Total time for which application threads were stopped: 0.0001578 seconds
Total time for which application threads were stopped: 0.0001228 seconds
Total time for which application threads were stopped: 0.0001005 seconds
Total time for which application threads were stopped: 0.0000979 seconds
Total time for which application threads were stopped: 0.0000950 seconds
Total time for which application threads were stopped: 0.0000877 seconds
Total time for which application threads were stopped: 0.0000535 seconds
Total time for which application threads were stopped: 0.0000736 seconds
Total time for which application threads were stopped: 0.0001364 seconds
Total time for which application threads were stopped: 0.0002062 seconds
Total time for which application threads were stopped: 0.0001240 seconds
Total time for which application threads were stopped: 0.0000488 seconds
Total time for which application threads were stopped: 0.0001091 seconds
Total time for which application threads were stopped: 0.0000851 seconds
Total time for which application threads were stopped: 0.0001724 seconds
Total time for which application threads were stopped: 0.0001086 seconds
Total time for which application threads were stopped: 0.0001181 seconds
Total time for which application threads were stopped: 0.0001382 seconds
Total time for which application threads were stopped: 0.0001420 seconds
Total time for which application threads were stopped: 0.0004461 seconds
Total time for which application threads were stopped: 0.0002725 seconds
Total time for which application threads were stopped: 0.0001899 seconds
Total time for which application threads were stopped: 0.0001805 seconds
Total time for which application threads were stopped: 0.0000834 seconds
Total time for which application threads were stopped: 0.0000761 seconds
Total time for which application threads were stopped: 0.0004063 seconds
Total time for which application threads were stopped: 0.0000556 seconds
Total time for which application threads were stopped: 0.0000518 seconds
Total time for which application threads were stopped: 0.0002896 seconds
Total time for which application threads were stopped: 0.0000838 seconds
Total time for which application threads were stopped: 0.0000817 seconds
Total time for which application threads were stopped: 0.0001518 seconds
Total time for which application threads were stopped: 0.0000992 seconds
Total time for which application threads were stopped: 0.0000714 seconds
Total time for which application threads were stopped: 0.0000706 seconds
Total time for which application threads were stopped: 0.0000500 seconds
Total time for which application threads were stopped: 0.0002720 seconds
Total time for which application threads were stopped: 0.0001125 seconds
Total time for which application threads were stopped: 0.0001369 seconds
Total time for which application threads were stopped: 0.0001086 seconds
Total time for which application threads were stopped: 0.0000830 seconds
Total time for which application threads were stopped: 0.0000680 seconds
Total time for which application threads were stopped: 0.0001506 seconds
Total time for which application threads were stopped: 0.0000753 seconds
Total time for which application threads were stopped: 0.0001843 seconds
Total time for which application threads were stopped: 0.0002789 seconds
Total time for which application threads were stopped: 0.0008332 seconds
Total time for which application threads were stopped: 0.0006010 seconds
Total time for which application threads were stopped: 0.0001228 seconds
Total time for which application threads were stopped: 0.0005287 seconds
Total time for which application threads were stopped: 0.0000924 seconds
Total time for which application threads were stopped: 0.0000744 seconds
Total time for which application threads were stopped: 0.0002066 seconds
Total time for which application threads were stopped: 0.0007113 seconds
Total time for which application threads were stopped: 0.0002181 seconds
Total time for which application threads were stopped: 0.0002156 seconds
Total time for which application threads were stopped: 0.0000624 seconds
Total time for which application threads were stopped: 0.0002382 seconds
Total time for which application threads were stopped: 0.0002344 seconds
Total time for which application threads were stopped: 0.0003614 seconds
Total time for which application threads were stopped: 0.0001193 seconds
Total time for which application threads were stopped: 0.0002122 seconds
Total time for which application threads were stopped: 0.0001176 seconds
Total time for which application threads were stopped: 0.0002083 seconds
Total time for which application threads were stopped: 0.0001463 seconds
Total time for which application threads were stopped: 0.0001702 seconds
Total time for which application threads were stopped: 0.0001514 seconds
Total time for which application threads were stopped: 0.0005560 seconds
Total time for which application threads were stopped: 0.0004239 seconds
Total time for which application threads were stopped: 0.0003422 seconds
Total time for which application threads were stopped: 0.0001493 seconds
Total time for which application threads were stopped: 0.0001707 seconds
Total time for which application threads were stopped: 0.0003238 seconds
Total time for which application threads were stopped: 0.0000415 seconds
Total time for which application threads were stopped: 0.0001185 seconds
Total time for which application threads were stopped: 0.0003725 seconds
Total time for which application threads were stopped: 0.0000547 seconds
Total time for which application threads were stopped: 0.0005180 seconds
Total time for which application threads were stopped: 0.0001642 seconds
Total time for which application threads were stopped: 0.0001262 seconds
Total time for which application threads were stopped: 0.0002224 seconds
Total time for which application threads were stopped: 0.0002874 seconds
Total time for which application threads were stopped: 0.0000894 seconds
Total time for which application threads were stopped: 0.0001895 seconds
Total time for which application threads were stopped: 0.0000791 seconds
Total time for which application threads were stopped: 0.0001514 seconds
Total time for which application threads were stopped: 0.0000783 seconds
Total time for which application threads were stopped: 0.0001724 seconds
Total time for which application threads were stopped: 0.0001185 seconds
Total time for which application threads were stopped: 0.0001044 seconds
Total time for which application threads were stopped: 0.0001129 seconds
Total time for which application threads were stopped: 0.0000731 seconds
Total time for which application threads were stopped: 0.0000796 seconds
Total time for which application threads were stopped: 0.0001292 seconds
Total time for which application threads were stopped: 0.0000565 seconds
Total time for which application threads were stopped: 0.0001082 seconds
Total time for which application threads were stopped: 0.0001018 seconds
Total time for which application threads were stopped: 0.0000958 seconds
Total time for which application threads were stopped: 0.0000992 seconds
Total time for which application threads were stopped: 0.0003328 seconds
Total time for which application threads were stopped: 0.0001317 seconds
Total time for which application threads were stopped: 0.0001082 seconds
Total time for which application threads were stopped: 0.0001501 seconds
Total time for which application threads were stopped: 0.0000945 seconds
Total time for which application threads were stopped: 0.0001488 seconds
Total time for which application threads were stopped: 0.0000928 seconds
Total time for which application threads were stopped: 0.0000804 seconds
Total time for which application threads were stopped: 0.0002844 seconds
Total time for which application threads were stopped: 0.0000522 seconds
Total time for which application threads were stopped: 0.0001989 seconds
Total time for which application threads were stopped: 0.0001818 seconds
Total time for which application threads were stopped: 0.0000761 seconds
Total time for which application threads were stopped: 0.0007224 seconds
Total time for which application threads were stopped: 0.0009714 seconds
Total time for which application threads were stopped: 0.0001364 seconds
Total time for which application threads were stopped: 0.0000967 seconds
Total time for which application threads were stopped: 0.0001151 seconds
Total time for which application threads were stopped: 0.0000684 seconds
Total time for which application threads were stopped: 0.0000962 seconds
Total time for which application threads were stopped: 0.0001822 seconds
Total time for which application threads were stopped: 0.0000689 seconds
Total time for which application threads were stopped: 0.0000552 seconds
Total time for which application threads were stopped: 0.0001835 seconds
Total time for which application threads were stopped: 0.0000761 seconds
Total time for which application threads were stopped: 0.0000817 seconds
Total time for which application threads were stopped: 0.0001245 seconds
Total time for which application threads were stopped: 0.0001347 seconds
Total time for which application threads were stopped: 0.0000915 seconds
Total time for which application threads were stopped: 0.0001253 seconds
Total time for which application threads were stopped: 0.0004966 seconds
Total time for which application threads were stopped: 0.0001339 seconds
Total time for which application threads were stopped: 0.0001856 seconds
Total time for which application threads were stopped: 0.0001655 seconds
Total time for which application threads were stopped: 0.0000997 seconds
{Heap before GC invocations=34 (full 0):
 par new generation   total 109248K, used 94872K [0x00000000dae00000, 0x00000000e2e00000, 0x00000000e2e00000)
  eden space 87424K, 100% used [0x00000000dae00000, 0x00000000e0360000, 0x00000000e0360000)
  from space 21824K,  34% used [0x00000000e0360000, 0x00000000e0aa6080, 0x00000000e18b0000)
  to   space 21824K,   0% used [0x00000000e18b0000, 0x00000000e18b0000, 0x00000000e2e00000)
 concurrent mark-sweep generation total 393216K, used 41687K [0x00000000e2e00000, 0x00000000fae00000, 0x00000000fae00000)
 concurrent-mark-sweep perm gen total 35840K, used 35767K [0x00000000fae00000, 0x00000000fd100000, 0x0000000100000000)
2015-04-23T12:45:28.265-0400: 6905.762: [GC 6905.762: [ParNew
Desired survivor size 20112992 bytes, new threshold 8 (max 8)
- age   1:    3093312 bytes,    3093312 total
- age   2:    1118784 bytes,    4212096 total
- age   3:      15328 bytes,    4227424 total
- age   4:      12032 bytes,    4239456 total
- age   5:      51344 bytes,    4290800 total
- age   6:     378088 bytes,    4668888 total
- age   7:     949136 bytes,    5618024 total
- age   8:     504048 bytes,    6122072 total
: 94872K->6596K(109248K), 0.0088890 secs] 136559K->48833K(502464K), 0.0090062 secs] [Times: user=0.00 sys=0.00, real=0.01 secs] 
Heap after GC invocations=35 (full 0):
 par new generation   total 109248K, used 6596K [0x00000000dae00000, 0x00000000e2e00000, 0x00000000e2e00000)
  eden space 87424K,   0% used [0x00000000dae00000, 0x00000000dae00000, 0x00000000e0360000)
  from space 21824K,  30% used [0x00000000e18b0000, 0x00000000e1f212e0, 0x00000000e2e00000)
  to   space 21824K,   0% used [0x00000000e0360000, 0x00000000e0360000, 0x00000000e18b0000)
 concurrent mark-sweep generation total 393216K, used 42236K [0x00000000e2e00000, 0x00000000fae00000, 0x00000000fae00000)
 concurrent-mark-sweep perm gen total 35840K, used 35767K [0x00000000fae00000, 0x00000000fd100000, 0x0000000100000000)
}
Total time for which application threads were stopped: 0.0095973 seconds
Total time for which application threads were stopped: 0.0003161 seconds
Total time for which application threads were stopped: 0.0000689 seconds
Total time for which application threads were stopped: 0.0001865 seconds
Total time for which application threads were stopped: 0.0000569 seconds
Total time for which application threads were stopped: 0.0000941 seconds
Total time for which application threads were stopped: 0.0001822 seconds
Total time for which application threads were stopped: 0.0002772 seconds
Total time for which application threads were stopped: 0.0003191 seconds
Total time for which application threads were stopped: 0.0001155 seconds
Total time for which application threads were stopped: 0.0000659 seconds
{Heap before GC invocations=35 (full 0):
 par new generation   total 109248K, used 94020K [0x00000000dae00000, 0x00000000e2e00000, 0x00000000e2e00000)
  eden space 87424K, 100% used [0x00000000dae00000, 0x00000000e0360000, 0x00000000e0360000)
  from space 21824K,  30% used [0x00000000e18b0000, 0x00000000e1f212e0, 0x00000000e2e00000)
  to   space 21824K,   0% used [0x00000000e0360000, 0x00000000e0360000, 0x00000000e18b0000)
 concurrent mark-sweep generation total 393216K, used 42236K [0x00000000e2e00000, 0x00000000fae00000, 0x00000000fae00000)
 concurrent-mark-sweep perm gen total 35840K, used 35774K [0x00000000fae00000, 0x00000000fd100000, 0x0000000100000000)
2015-04-23T12:46:02.655-0400: 6940.152: [GC 6940.152: [ParNew
Desired survivor size 20112992 bytes, new threshold 8 (max 8)
- age   1:     618632 bytes,     618632 total
- age   2:    2300064 bytes,    2918696 total
- age   3:     887440 bytes,    3806136 total
- age   4:      10968 bytes,    3817104 total
- age   5:       8408 bytes,    3825512 total
- age   6:      50400 bytes,    3875912 total
- age   7:     374992 bytes,    4250904 total
- age   8:     944208 bytes,    5195112 total
: 94020K->7824K(109248K), 0.0058654 secs] 136257K->50553K(502464K), 0.0059805 secs] [Times: user=0.05 sys=0.03, real=0.01 secs] 
Heap after GC invocations=36 (full 0):
 par new generation   total 109248K, used 7824K [0x00000000dae00000, 0x00000000e2e00000, 0x00000000e2e00000)
  eden space 87424K,   0% used [0x00000000dae00000, 0x00000000dae00000, 0x00000000e0360000)
  from space 21824K,  35% used [0x00000000e0360000, 0x00000000e0b04270, 0x00000000e18b0000)
  to   space 21824K,   0% used [0x00000000e18b0000, 0x00000000e18b0000, 0x00000000e2e00000)
 concurrent mark-sweep generation total 393216K, used 42729K [0x00000000e2e00000, 0x00000000fae00000, 0x00000000fae00000)
 concurrent-mark-sweep perm gen total 35840K, used 35774K [0x00000000fae00000, 0x00000000fd100000, 0x0000000100000000)
}
Total time for which application threads were stopped: 0.0063149 seconds
Total time for which application threads were stopped: 0.0004222 seconds
Total time for which application threads were stopped: 0.0007879 seconds
Total time for which application threads were stopped: 0.0004217 seconds
Total time for which application threads were stopped: 0.0000753 seconds
Total time for which application threads were stopped: 0.0005518 seconds
Total time for which application threads were stopped: 0.0001249 seconds
Total time for which application threads were stopped: 0.0000787 seconds
Total time for which application threads were stopped: 0.0001155 seconds
Total time for which application threads were stopped: 0.0008815 seconds
Total time for which application threads were stopped: 0.0001613 seconds
Total time for which application threads were stopped: 0.0001035 seconds
Total time for which application threads were stopped: 0.0001039 seconds
Total time for which application threads were stopped: 0.0001741 seconds
Total time for which application threads were stopped: 0.0004239 seconds
Total time for which application threads were stopped: 0.0000808 seconds
Total time for which application threads were stopped: 0.0000761 seconds
Total time for which application threads were stopped: 0.0000706 seconds
Total time for which application threads were stopped: 0.0001446 seconds
Total time for which application threads were stopped: 0.0001407 seconds
Total time for which application threads were stopped: 0.0001561 seconds
Total time for which application threads were stopped: 0.0001104 seconds
Total time for which application threads were stopped: 0.0001433 seconds
Total time for which application threads were stopped: 0.0005560 seconds
Total time for which application threads were stopped: 0.0000860 seconds
Total time for which application threads were stopped: 0.0000838 seconds
Total time for which application threads were stopped: 0.0000813 seconds
Total time for which application threads were stopped: 0.0003802 seconds
Total time for which application threads were stopped: 0.0001724 seconds
Total time for which application threads were stopped: 0.0001279 seconds
Total time for which application threads were stopped: 0.0003944 seconds
Total time for which application threads were stopped: 0.0001155 seconds
Total time for which application threads were stopped: 0.0000757 seconds
Total time for which application threads were stopped: 0.0001262 seconds
Total time for which application threads were stopped: 0.0000723 seconds
Total time for which application threads were stopped: 0.0000770 seconds
Total time for which application threads were stopped: 0.0000778 seconds
Total time for which application threads were stopped: 0.0000915 seconds
Total time for which application threads were stopped: 0.0000898 seconds
Total time for which application threads were stopped: 0.0000778 seconds
Total time for which application threads were stopped: 0.0000920 seconds
Total time for which application threads were stopped: 0.0000813 seconds
Total time for which application threads were stopped: 0.0000907 seconds
Total time for which application threads were stopped: 0.0000753 seconds
Total time for which application threads were stopped: 0.0001014 seconds
Total time for which application threads were stopped: 0.0001801 seconds
Total time for which application threads were stopped: 0.0000714 seconds
Total time for which application threads were stopped: 0.0004803 seconds
Total time for which application threads were stopped: 0.0000629 seconds
Total time for which application threads were stopped: 0.0000727 seconds
Total time for which application threads were stopped: 0.0001262 seconds
{Heap before GC invocations=36 (full 0):
 par new generation   total 109248K, used 95248K [0x00000000dae00000, 0x00000000e2e00000, 0x00000000e2e00000)
  eden space 87424K, 100% used [0x00000000dae00000, 0x00000000e0360000, 0x00000000e0360000)
  from space 21824K,  35% used [0x00000000e0360000, 0x00000000e0b04270, 0x00000000e18b0000)
  to   space 21824K,   0% used [0x00000000e18b0000, 0x00000000e18b0000, 0x00000000e2e00000)
 concurrent mark-sweep generation total 393216K, used 42729K [0x00000000e2e00000, 0x00000000fae00000, 0x00000000fae00000)
 concurrent-mark-sweep perm gen total 36032K, used 35803K [0x00000000fae00000, 0x00000000fd130000, 0x0000000100000000)
2015-04-23T13:58:02.699-0400: 11260.086: [GC 11260.086: [ParNew
Desired survivor size 20112992 bytes, new threshold 8 (max 8)
- age   1:     653448 bytes,     653448 total
- age   2:      33296 bytes,     686744 total
- age   3:    1811256 bytes,    2498000 total
- age   4:     743520 bytes,    3241520 total
- age   5:       7976 bytes,    3249496 total
- age   6:       6712 bytes,    3256208 total
- age   7:      43032 bytes,    3299240 total
- age   8:     369416 bytes,    3668656 total
: 95248K->4501K(109248K), 0.0059595 secs] 137977K->48147K(502464K), 0.0060476 secs] [Times: user=0.00 sys=0.00, real=0.00 secs] 
Heap after GC invocations=37 (full 0):
 par new generation   total 109248K, used 4501K [0x00000000dae00000, 0x00000000e2e00000, 0x00000000e2e00000)
  eden space 87424K,   0% used [0x00000000dae00000, 0x00000000dae00000, 0x00000000e0360000)
  from space 21824K,  20% used [0x00000000e18b0000, 0x00000000e1d156d8, 0x00000000e2e00000)
  to   space 21824K,   0% used [0x00000000e0360000, 0x00000000e0360000, 0x00000000e18b0000)
 concurrent mark-sweep generation total 393216K, used 43645K [0x00000000e2e00000, 0x00000000fae00000, 0x00000000fae00000)
 concurrent-mark-sweep perm gen total 36032K, used 35803K [0x00000000fae00000, 0x00000000fd130000, 0x0000000100000000)
}
Total time for which application threads were stopped: 0.0074356 seconds
Total time for which application threads were stopped: 0.0005920 seconds
Total time for which application threads were stopped: 0.0015745 seconds
Total time for which application threads were stopped: 0.0005894 seconds
Total time for which application threads were stopped: 0.0000783 seconds
Total time for which application threads were stopped: 0.0001279 seconds
Total time for which application threads were stopped: 0.0001215 seconds
Total time for which application threads were stopped: 0.0001617 seconds
Total time for which application threads were stopped: 0.0001121 seconds
Total time for which application threads were stopped: 0.0001275 seconds
Total time for which application threads were stopped: 0.0001313 seconds
Total time for which application threads were stopped: 0.0001976 seconds
Total time for which application threads were stopped: 0.0000975 seconds
Total time for which application threads were stopped: 0.0001048 seconds
Total time for which application threads were stopped: 0.0008229 seconds
Total time for which application threads were stopped: 0.0001018 seconds
Total time for which application threads were stopped: 0.0004277 seconds
Total time for which application threads were stopped: 0.0001069 seconds
Total time for which application threads were stopped: 0.0001202 seconds
Total time for which application threads were stopped: 0.0001091 seconds
Total time for which application threads were stopped: 0.0001116 seconds
Total time for which application threads were stopped: 0.0001985 seconds
Total time for which application threads were stopped: 0.0001185 seconds
Total time for which application threads were stopped: 0.0005911 seconds
Total time for which application threads were stopped: 0.0002224 seconds
Total time for which application threads were stopped: 0.0001364 seconds
Total time for which application threads were stopped: 0.0001326 seconds
Total time for which application threads were stopped: 0.0004465 seconds
Total time for which application threads were stopped: 0.0000843 seconds
Total time for which application threads were stopped: 0.0000740 seconds
Total time for which application threads were stopped: 0.0000984 seconds
Total time for which application threads were stopped: 0.0001878 seconds
Total time for which application threads were stopped: 0.0001048 seconds
Total time for which application threads were stopped: 0.0002344 seconds
Total time for which application threads were stopped: 0.0001463 seconds
Total time for which application threads were stopped: 0.0001591 seconds
Total time for which application threads were stopped: 0.0002023 seconds
Total time for which application threads were stopped: 0.0000744 seconds
Total time for which application threads were stopped: 0.0002083 seconds
Total time for which application threads were stopped: 0.0001181 seconds
Total time for which application threads were stopped: 0.0001202 seconds
Total time for which application threads were stopped: 0.0001377 seconds
Total time for which application threads were stopped: 0.0001441 seconds
Total time for which application threads were stopped: 0.0000979 seconds
Total time for which application threads were stopped: 0.0004585 seconds
Total time for which application threads were stopped: 0.0000877 seconds
Total time for which application threads were stopped: 0.0000783 seconds
Total time for which application threads were stopped: 0.0003678 seconds
Total time for which application threads were stopped: 0.0002652 seconds
Total time for which application threads were stopped: 0.0004106 seconds
Total time for which application threads were stopped: 0.0003815 seconds
Total time for which application threads were stopped: 0.0004089 seconds
Total time for which application threads were stopped: 0.0003465 seconds
Total time for which application threads were stopped: 0.0000928 seconds
Total time for which application threads were stopped: 0.0001963 seconds
Total time for which application threads were stopped: 0.0001377 seconds
Total time for which application threads were stopped: 0.0004906 seconds
Total time for which application threads were stopped: 0.0002378 seconds
Total time for which application threads were stopped: 0.0003683 seconds
Total time for which application threads were stopped: 0.0002986 seconds
Total time for which application threads were stopped: 0.0001245 seconds
Total time for which application threads were stopped: 0.0001116 seconds
Total time for which application threads were stopped: 0.0001518 seconds
Total time for which application threads were stopped: 0.0001121 seconds
Total time for which application threads were stopped: 0.0001219 seconds
Total time for which application threads were stopped: 0.0001300 seconds
Total time for which application threads were stopped: 0.0001022 seconds
Total time for which application threads were stopped: 0.0001262 seconds
Total time for which application threads were stopped: 0.0001647 seconds
Total time for which application threads were stopped: 0.0001202 seconds
Total time for which application threads were stopped: 0.0001360 seconds
Total time for which application threads were stopped: 0.0001347 seconds
Total time for which application threads were stopped: 0.0003785 seconds
Total time for which application threads were stopped: 0.0001172 seconds
Total time for which application threads were stopped: 0.0002254 seconds
Total time for which application threads were stopped: 0.0001416 seconds
Total time for which application threads were stopped: 0.0003328 seconds
Total time for which application threads were stopped: 0.0001809 seconds
Total time for which application threads were stopped: 0.0002070 seconds
Total time for which application threads were stopped: 0.0004085 seconds
Total time for which application threads were stopped: 0.0001411 seconds
Total time for which application threads were stopped: 0.0001240 seconds
Total time for which application threads were stopped: 0.0001206 seconds
Total time for which application threads were stopped: 0.0001193 seconds
Total time for which application threads were stopped: 0.0007588 seconds
Total time for which application threads were stopped: 0.0000783 seconds
Total time for which application threads were stopped: 0.0003293 seconds
Total time for which application threads were stopped: 0.0002019 seconds
Total time for which application threads were stopped: 0.0003050 seconds
Total time for which application threads were stopped: 0.0004645 seconds
Total time for which application threads were stopped: 0.0001450 seconds
Total time for which application threads were stopped: 0.0007211 seconds
Total time for which application threads were stopped: 0.0001968 seconds
Total time for which application threads were stopped: 0.0001215 seconds
Total time for which application threads were stopped: 0.0002074 seconds
Total time for which application threads were stopped: 0.0001493 seconds
Total time for which application threads were stopped: 0.0001330 seconds
Total time for which application threads were stopped: 0.0003978 seconds
Total time for which application threads were stopped: 0.0004102 seconds
Total time for which application threads were stopped: 0.0001223 seconds
Total time for which application threads were stopped: 0.0002489 seconds
Total time for which application threads were stopped: 0.0001296 seconds
{Heap before GC invocations=37 (full 0):
 par new generation   total 109248K, used 91925K [0x00000000dae00000, 0x00000000e2e00000, 0x00000000e2e00000)
  eden space 87424K, 100% used [0x00000000dae00000, 0x00000000e0360000, 0x00000000e0360000)
  from space 21824K,  20% used [0x00000000e18b0000, 0x00000000e1d156d8, 0x00000000e2e00000)
  to   space 21824K,   0% used [0x00000000e0360000, 0x00000000e0360000, 0x00000000e18b0000)
 concurrent mark-sweep generation total 393216K, used 43645K [0x00000000e2e00000, 0x00000000fae00000, 0x00000000fae00000)
 concurrent-mark-sweep perm gen total 36032K, used 35830K [0x00000000fae00000, 0x00000000fd130000, 0x0000000100000000)
2015-04-23T16:09:26.572-0400: 19143.760: [GC 19143.760: [ParNew
Desired survivor size 20112992 bytes, new threshold 8 (max 8)
- age   1:    1447808 bytes,    1447808 total
- age   2:      45160 bytes,    1492968 total
- age   3:      15432 bytes,    1508400 total
- age   4:    1696576 bytes,    3204976 total
- age   5:     723408 bytes,    3928384 total
- age   6:       7864 bytes,    3936248 total
- age   7:       6576 bytes,    3942824 total
- age   8:      42608 bytes,    3985432 total
: 91925K->5827K(109248K), 0.0067452 secs] 135571K->49831K(502464K), 0.0068154 secs]